Bounded worker iteration complete — one class-bound task taken, measured, verified, checkpointed, now exiting.

## Task taken (no inbox card existed for worker-068; self-selected successor to its own blocker)

**W068-FORM-POLARITY-11** — class `AF-WCC-VAC-GEN`, node `A1`, gate evidence for `G-CLASSBIND` (folded into G-AUDIT). Continuing `w068-pol10-12`: the WCC arm of the polarity probe was non-informative because live rev12 `cce9c60146d6` fails stage B `R03`, and the archived base `9a8bd4c96800` fails stage A `R22` under live `KEY_MANIFEST 014e2d301978`.

**Method:** fully pinned shadow pipeline (stage A `000e09e46b2f`, stage B `c79d8ab8440a`, rule spec `40f9bb9e657b`, KEY_MANIFEST rev27 `fce91948ba3a`, base `9a8bd4c96800`); 6 content-inversion probes (ops verbatim from polarity10 `7f1213ad18dd`), 5 conforming controls, 3 known-rejected liveness controls. Live canonical/KEY_MANIFEST hashes measured before/after as context only — **unchanged**, no canonical write.

## Result (valid=true, informative=true)

| metric | value |
|---|---|
| WCC probes escaping both stages | **5/6 (0.833)** — p1 inner negation, p2 outer negation, p3 NL negation, p5 `complete(I+_D)` negation, p6 visibility inversion |
| Caught | p4 `conclusion_type` token flip only, by R11 (vocabulary, not content) |
| Conforming controls | 5/5 accepted · liveness controls 3/3 rejected |
| Independently reproduced | read-only re-run of 14 fixtures: 0 verdict mismatches; all emitted hashes match disk |

## Required JSON (condensed; full 12 events in `comms/outbox/worker-068.jsonl`, 12 accepted / 0 rejected)

```json
{
  "event_id": "w068-pol11-09-claim",
  "event_type": "claim",
  "actor": "worker-068",
  "task_id": "W068-FORM-POLARITY-11",
  "node_id": "A1",
  "class_id": "AF-WCC-VAC-GEN",
  "conclusion_type": "numerical_evidence",
  "statement": "At pinned shadow inputs (A 000e09e46b2f, B c79d8ab8440a, spec 40f9bb9e657b, KEY_MANIFEST fce91948ba3a, base 9a8bd4c96800) the WCC arm is informative: 5/6 conclusion-polarity/content probes escape both stages; only the conclusion_type token flip is caught (R11). Neither stage compares conclusion statement content against the frozen conclusion, so the FORM-POLARITY-10 content blind spot is class-general across WCC/C2/C0.",
  "evidence_refs": [
    "artifacts/worker-068/polarity11/report.json#sha256:c7d8556a62dd",
    "artifacts/worker-068/polarity11/raw_verdicts.json#sha256:0850d9a3a2a6",
    "artifacts/worker-068/polarity11/manifest.json#sha256:61597e6a6e0f",
    "artifacts/worker-068/polarity11/checkpoint.json#sha256:e33d3ae739dd"
  ],
  "falsifier": "Any drift in a pinned shadow input; a fixture hash mismatch; identity control rejected (arm non-informative); a probe verdict differing from raw_verdicts.json on re-run; or a claim that this speaks about live rev12 rather than the pinned archived base.",
  "next_falsifier": "Independent executor (not worker-068) re-runs the pinned shadow; a pin-aware stage revision that compares conclusion content catches an escaping probe; or F1 R03 is repaired and the arm is re-measured on live rev12."
}
```

**Blocker emitted:** `w068-pol11-10-blocker-wcc-content` — needs lead adjudication: add a negation-aware conclusion-content check to stage A/B, or record the content axis as an explicit machine-unchecked blind spot; live R03 (`w004-semct-blocker-f1-r03`) must be repaired before re-measurement on live bytes.

## Checkpoint

- Worker: `artifacts/worker-068/polarity11/checkpoint.json#e33d3ae739dd`, mirrored to `runtime/state/w068_polarity11_checkpoint.json`, appended to `runtime/state/w068_checkpoints.jsonl`.
- Global: `ckpt-20260912-004518` (`map_validator: VALID`); 12/12 pol11 events in `research_map/events.jsonl`, 0 in `rejected.jsonl`.
- No node completion, `validation_status=passed`, or gate verdict claimed. Worker exits.
