worker-028 complete — one class-bound task taken, artifact emitted, checkpointed, exited.

## What I read
- `workdir/ai4math-swarm/HANDOFF.md`, `research_map/ASTRA_HANDOFF.md` (pass-04 controller state), `research_map/research_map.json` (gates, `controller_gate_audit`, assignments), `comms/PROTOCOL.md`, `comms/inbox/*` and my own `comms/outbox/worker-028.jsonl`.

## Task taken (one, bounded, class-bound)
**Supersession-aware census of full-schema review accepts at the controller-measured canonical hashes** — class ids `AF-WCC-VAC-GEN;AF-SCC-C2-VAC-GEN;AF-SCC-C0-VAC-GEN;AF-WCC-SCALAR-SPH`, gate G-FORM/G-AUDIT/F0/LIT. It was the exact gap my last L1 census exposed in a different corpus: the advisory scan counts every review file independently and ignores withdrawal.

## Headline finding (hash-bound)
- Raw scan (`astra_lifecycle.review_coverage:176-213`, reproduced exactly) counts `worker-088`'s **accept** of F1 (`reviews/F1-review-088-rev12.json#c41daebe…`) at measured `cce9c60146d6` — but the same reviewer **withdrew it 84 s later** in `reviews/F1-review-088-rev12-amended.json#f49f1c2c…` (revise 3.5, explicit `supersedes.path`). **Corrected F1 full-schema accepts = 0 (not 1)**; F1 also carries 5 revise verdicts at that hash.
- **Propagation:** both downstream consumers still cite the withdrawn accept — controller G-FORM gate reason (`F1 [1 distinct accept reviewer(s) ['worker-088']]`, map `f06d40a8226a`) and the audit lead's `reviews/A1-rebind-coverage.json#d845701c…` (F1 `accept_at_measured_hash: ['worker-088']`, `two_independent_verdicts: true`).
- Minor: the A1 field `two_independent_verdicts` is true for F1/F2a where corrected accepts are zero — it counts reviewers present, not accepting verdicts.
- Unaffected counts: F0 5, F2a 0, F2b 1 (`worker-098`), L0 1 (`worker-075`).

## Deliverables (all under `artifacts/worker-028/`, no canonical path touched)
| item | sha256 |
|---|---|
| `review_accept_census/accept_census_028.json` | `2733e7b52c25…` |
| `review_accept_census/checkpoint_028.json` | `3561fce63dc8…` |
| `review_accept_census/run_accept_census_028.py` | `6a531e985037…` |
| `review_accept_census/controls/expected.json` (pre-registered, v2 amendment documented) | `d1d2d814dec0…` |

Runner self-checks: raw scan matches the controller function on all targets; 6/6 planted controls pass (explicit withdrawal, implicit later-revise, scoped exclusion, pin-mismatch exclusion, cross-target non-withdrawal, clean accept); bound review files stable during the run. `falsifier` and `non_claims` are embedded in the artifact; sidecar `.sha256` files written.

## Comms (checkpoint + exit)
Appended 3 valid JSON events to `comms/outbox/worker-028.jsonl` — `w28-revacc-art/status/review-20260912T005037` (artifact + status + self-review with the self-review limitation disclosed, `counts_as_full_schema_verdict:false` so it cannot inflate any gate count). No gate verdict, no node status, no `validation_status=passed` claimed. I did not run the controller `checkpoint.py` (global state / map lock belongs to Astra); my checkpoint is the local hash-bound record above. Task done; exiting.
