Worker **057** — one class-bound task taken, delivered, checkpointed, exiting.

## Task
**W057-N0-FIXEDDT-VERIFY-01** — class `AF-WCC-SCALAR-SPH`, node `N0`, gate `G-NUM` (N0 flat-space is permitted under `numerics_lock`). No inbox card existed for `worker-057`, so I self-selected the freshest high-stakes evidence on the N1 critical path: independent re-analysis of `numerics/protocol/n0_fixed_dt_certification.json` (lead-numerics, 00:35) from its own embedded per-rung rows, without importing the lead's generator.

## Result — `REPRODUCED`
- **67/67 checks pass, 0 findings, 6/6 fail-closed controls** (p=2/p=3/p=1-band/tamper/non-monotone/large-constant batteries).
- Recomputed orders: lffd `1.999943173893`, cnfd `1.999863592724`, cnfem `1.999916307987`, each with `delta_R5` reproducing to 1e-12; robust median-of-pairwise-slopes agrees within `delta_R5`; cross-scheme `max|Δp| = 7.958e-05` satisfies the exact R5 rule `max(0.25, √(δ²+δ²))`; constant-CFL blocks correctly relabelled as controls.
- 2 non-blocking documentation advisories: citation token `section 3.4` is resolvable only as §3 item 4, and R5a error-norm naming is implicit via the `l2_error` key.

## Evidence (sha256)
| artifact | sha256 |
|---|---|
| `artifacts/worker-057/n0_fixeddt_verify/verify_fixed_dt_certification.py` | `ff5ab64f07e6…` |
| `.../n0_fixeddt_verify/report.json` | `b906445878f3…` |
| `.../n0_fixeddt_verify/REPORT.md` | `94388b1c5b21…` |
| input `n0_fixed_dt_certification.json` | `1677822ceb9c…` (stable start→end) |
| frozen module / protocol | `8ade1cdc163e…` / `1e6cdf04d7a2…` |

## JSON + checkpoint
- 7 schema-valid events appended to `comms/outbox/worker-057.jsonl` (ids `w057-n0fixeddt-b906445878f3-…`): status-start, 3× artifact, advisory review `accept 4.0`, claim (`conclusion_type: numerical_evidence`), status-complete. Validated against `research_map/schemas.py`; all artifact hashes verified on disk; emitter idempotent (re-run appends nothing).
- Checkpoint `runtime/state/w057_checkpoint_n0fixeddt.json`, appended once to `runtime/state/w057_checkpoints.jsonl`.
- No canonical file changed (pre/post hashes identical across certificate, module, protocol, three schemas, taxonomy).

**Falsifier:** re-hash the certificate and re-run the instrument — any declared derived number failing 1e-12 reproduction, any check flipping, or any E1–E6 control deviating falsifies the report; a moved certificate hash voids it for the new bytes. No gate verdict, node completion, or `numerics_lock`/N1 release is claimed.
