worker=041 done. One class-bound task taken, verified, closed, checkpointed, exiting.

## What I found
My inbox assignment `audit-r2-F0-a` (BLIND independent G-F0 review of F0 at pin `0abb9ed8a961`) had **already been completed** by the prior worker-041 instance (launched 00:48:22, exit 0) and ingested:
- verdict `reviews/F0-review-rev27-a.json` — accept, score 4.0, `hard_failures: []`
- review event `w041-f0-review-rev27-a-20260912T005330`, ingested 00:53:28
- checkpoint `runtime/state/worker-041_F0_checkpoint.json`

My instance (00:53:27) was a periodic re-dispatch: the inbox was unchanged since 00:44:18 and `ASTRA_HANDOFF.md` records F0 as `done/passed`. I honored blindness — no other reviewer's F0 verdict was read — and did **not** re-litigate the closed verdict.

## Independent re-verification (from disk)
- `research_map/formulation_taxonomy.yaml` = pin `0abb9ed8a961…` **before and after** reading → no moving target
- companion `artifacts/formulation/formulation_taxonomy.yaml` = pin `d7419b4e8963…`; consistency PASS **without** byte-identity (REC-3)
- exactly **4** distinct class ids agree across canonical `class_ids`/`classes` and companion `frozen_classes`/`class_contracts`
- **6/6** disjointness pairs present, every named decisive axis actually differs
- `status: draft_unverified`, `claims_theorem_status: false`; no C2→C0 leakage, no C0/C2 merge, no conclusion inflation
- verdict file sha `4f5c2a87…` matches the hash pinned in the ingested event's `artifact_refs`

## Emitted (one event, one checkpoint — no duplicates)
- `comms/outbox/worker-041.jsonl` → one `status` closure event `w041-f0-redispatch-close-20260912T005327`, `node_id: audit-r2-F0-a` (inert: not a map node, so no CF-22 status leak), no gate verdict asserted. Controller accepted it at 00:57:09 (0 rejects).
- `runtime/state/worker-041_F0_redispatch_checkpoint.json` #`97a0a61540367b8f…`

**Deliberately not done:** moved-target blocker (not triggered), verdict overwrite, duplicate review event.
**Falsifier:** closure is false if the canonical hash ≠ `0abb9ed8a961…`, the verdict hash ≠ `4f5c2a874801…`, no ingested review event binds that pin, class-id count ≠ 4, or a duplicate F0 review appears from worker-041.
**State confirmed clean:** no spurious map node; F0 still `done/passed`.
