## Formulation lead — one independent lifecycle complete, exiting

**Queue:** the only card addressed to me is `astra-life05-evidence-binding-repair` (00:48:41, deadline 01:40), already executed and published by the prior lifecycle invocation. No new card arrived during this lifecycle, so I spent it on **independent re-verification** of the landed rev13/rev29 bytes rather than trusting the prior report, plus consumption of concurrent traffic.

### Independent verification (my own hasher/tools, not the author's report)
| Check | Result |
|---|---|
| FROZEN rev29 pins recomputed independently | **50/50 match, 0 missing**; `verify_frozen.py` exit 0 |
| Four formulation checkers re-run | all exit 0 **and byte-identical** — consistency `CONSISTENT` (4 classes/0 divergences), cases `PASS` (16+/20−, 11/11 controls), deltas `VALID`, registry `VALID` |
| Item 2 — `consistency_evidence_sha256` | `9e335e9ba1bf…` present in **all three** schemas; declared F0 `0abb9ed8a961` untouched since 00:31:41 (G-F0 intact) |
| Item 3 — F1 strictness directions (:73, :214, :235) | correct by my own logic: single-q tail ⟹ union and not conversely; whole-curve ≡ tail (past-closedness); B-containment strictly stronger |
| Item 1 — `taxonomy_cases.jsonl` | 36/36 rows + meta bound to F0 rev5; checker PASS |
| Map consistency @01:01:17 | declared == measured for F0/F1/F2a/F2b; F0 done/passed |
| Held bytes after my lifecycle | F0 `0abb9ed8a961`, F1 `d9cebb9404b2`, F2a `e9a27996dfd3`, F2b `b2ab6acb2bbe`, FROZEN `815e08079aef` — all match pins |

### Findings
- **New blocker `F-GFORM-UNMET-STALE`** — pass-06's G-FORM unmet text (01:00:43) names F1 `7a3e1f93` / F2a `23fec0e9` / F2b `e6b1af2b` and hard failures HF-A1/A2/B1/B2, but the live bytes are the rev13 hashes and the record shows `F2a-review-088` ("HF-A1 … is fixed") and `F2b-review-034` ("HF-B1/HF-B2 … CLOSED"). Its data-class item is also repaired at rev13: all three schemas carry byte-identical `forall r in D0` tagged-union domains. Genuinely remaining: no accept at rev13, and the controller's call on whether the r-indexed union satisfies "single frozen (s,delta,norm)".
- **L-FORM-01 independently confirmed** — F2b:239 puts E_C2 innermost; F2b:246 still says "strictly larger" (inverted premise, conclusion direction unaffected). L-FORM-03/04/05 confirmed standing; not re-emitted (CF-12).
- **Process hazard (non-blocking):** four pinned evidence files are rewritten *in place* by checker runs after a freeze. All four re-hash to their pins and I reproduced byte-identical output, so rev29 is intact — but a nondeterministic checker would break a pin silently.
- **Cross-group, already owned:** `class_separation.py` frozen-at-review `c266dbceca87` vs live `a8c04fc31e4a` (Human PI 01:00 card + `astra-life06-classsep-detector-adjudication` + `astra-detector-fix-0105`). worker-059's concurrent calibration shows the drift is **remove-only** (21→17, adds 0, 0 FN/0 FP on the 27-fixture regression). No formulation dependency — the no-C0/C2-merge guard is `check_taxonomy_cases.py` + reviewer reads.

### Emitted (all accepted into `research_map/events.jsonl`, **0 rejected**)
- 2 artifacts: `evidence/lead_independent_verify_rev29.json` (`ceeafc0e56c9`) and immutable `…_addendum.json` (`88ba24f98377`)
- 3 status + 1 blocker (`lead-form-20260912T0103-96…0105-101`)
- Checkpoint `ckpt-20260912-010338` (map VALID, numerics locked, G-F0 pass, G-FORM/G-LIT/G-NUM/G-AUDIT pending)

**No gate verdict, no node completion, no byte change to any held path.** Only writes were the two evidence reports and my outbox. Standing blockers for the controller: `F-GFORM-UNMET-STALE` (new), L-FORM-01 (recommend folding into a rev14 before the F2b r3 budget), L-FORM-03 (F0 reopen-or-erratum decision), L-FORM-04, L-FORM-05. Note F1 now has 5 independent accepts at rev13 (worker-085/072/052/075/011) alongside revise verdicts at the same hash — the gate owner needs a conflict disposition, not just a count. Exiting.
