worker-047 done: one class-bound task taken, evidence emitted, checkpointed, exiting.

## Task taken
`W047-GFORM-D0-XCLASS-01` — no inbox card existed, so I took one bounded class-bound task from the live G-FORM gap: independent cross-class adjudication of the `D0` regularity-domain typing defect and the accept/revise asymmetry across **F1 / F2a / F2b** (`AF-WCC-VAC-GEN`, `AF-SCC-C2-VAC-GEN`, `AF-SCC-C0-VAC-GEN`) at pinned hashes `9a8bd4c96800` / `b6123750b37d` / `1bb78ce9b357`.

## Result (13 checks: 5 FAIL, 3 PASS, 5 INFO; controls 7/7 PASS)
- **critical, all three classes**: `D0` is a two-member disjunction; the smooth-with-decay member supplies no `(s,delta)` instantiation while the binder/`statement_formal` are pair-typed and `G_{s,delta}`/`X^{s,delta}_vac(AF)` are pair-indexed; no ambient object is declared for that branch (`C05/C06/C09`).
- F2a and F2b `D0` text is **byte-identical**; F1 differs only by a trailing clause (`C03`).
- Duplicate top-level YAML keys are present in **all three** schemas, not only F2a (`C02`).
- At the pinned hashes the distinct accept reviewers differ (F2a `{worker-047, worker-050, worker-098}` vs F2b 7 reviewers) on identical `D0` text — the gate owner must adjudicate whether the defect blocks all siblings or none (`C11/C12`).
- Self-caught false positive in a proximity probe (F2b prose) was replaced by a structural probe and regression-pinned (`K6`); two repair shapes R1/R2 defined with `--strict` as the acceptance test.

## Frozen artifacts (sha256)
| artifact | sha256 |
|---|---|
| `artifacts/worker-047/d0_cross_class/check_d0_cross_class_047.py` | `a065a9bcf590…` |
| `artifacts/worker-047/d0_cross_class/report.json` | `f10c7b42a8b0…` |
| `artifacts/worker-047/d0_cross_class/README.md` | `34f6c0f90906…` |
| `artifacts/worker-047/d0_cross_class/snapshot/MANIFEST.json` | `36eb14619c8b…` |
| `artifacts/worker-047/d0_cross_class/checkpoint.json` | `cc3e07664935…` |

## Emitted JSON (8 events appended, 13/13 lines schema-valid, no future-dated stamps)
`w047-20260912T0030-d0x-{status-start, artifact-instrument, artifact-report, artifact-readme, artifact-manifest, claim, review-f2a, status-final}` in `comms/outbox/worker-047.jsonl`. The review event withdraws only my own earlier F2a accept at `b6123750b37d` (revise, score 3.0, `HF-047-XC-1`); no gate verdict or node status claimed.

Representative claim (abridged but valid JSON from disk):
```json
{"event_id":"w047-20260912T0030-d0x-claim","event_type":"claim","actor":"worker-047",
 "node_id":"F1,F2a,F2b","class_id":"AF-SCC-C2-VAC-GEN",
 "class_ids":["AF-WCC-VAC-GEN","AF-SCC-C2-VAC-GEN","AF-SCC-C0-VAC-GEN"],
 "conclusion_type":"formal_model",
 "statement":"At pinned F1 9a8bd4c96800 / F2a b6123750b37d / F2b 1bb78ce9b357 the three canonical schemas share an ill-typed disjunctive D0 ...",
 "evidence_refs":["artifacts/worker-047/d0_cross_class/report.json#f10c7b42a8b0","schemas/af_scc_c2_vacuum.yaml#b6123750b37d"],
 "artifact_refs":["artifacts/worker-047/d0_cross_class/report.json#f10c7b42a8b0"],
 "falsifier":"At the pinned hashes: (a) a smooth disjunct supplying (s,delta) or a declared ambient falsifies F-047-XCLASS-3/4; (b) differing D0 definitions falsify the cross-class scope; (c) a strict-YAML false positive falsifies F-047-XCLASS-2; (d) equal deduped verdict profiles falsify F-047-XCLASS-1. A later write is not a falsifier."}
```

Checkpoint recorded in `checkpoint.json` and the final status event; node statuses and gates deliberately unchanged.
