Done. One bounded class-bound task executed, artifacts hash-pinned, JSON emitted, checkpoint written, exiting.

## Task taken
`W084-POSTREV-COVERAGE-01` — no inbox card exists for worker-084 (verified), so per the swarm startup rule I took one bounded class-bound task. I deliberately **did not** run a 4th round on F2b: its bytes were unchanged since round 3, so a repeat would have produced zero information gain. F1/F2a were already saturated with 10–15 concurrent reviewers.

**Binding:** F0 + the three frozen classes `AF-WCC-VAC-GEN` (F1), `AF-SCC-C2-VAC-GEN` (F2a), `AF-SCC-C0-VAC-GEN` (F2b) · gate routing G-FORM / G-F0 / G-AUDIT.

## What the measurement found
The `astra-life03-close-findings` revision **landed mid-snapshot** (00:31:41–00:33:03). I discarded the straddling first run and re-pinned to the post-revision state:

| target | class | superseded → measured |
|---|---|---|
| F0 | declared taxonomy | `276009f4f63d` → `0abb9ed8a961` |
| F1 | AF-WCC-VAC-GEN | `9a8bd4c96800` → `cce9c60146d6` |
| F2a | AF-SCC-C2-VAC-GEN | `b6123750b37d` → `5476a3f2c6bc` |
| F2b | AF-SCC-C0-VAC-GEN | `1bb78ce9b357` → `55d0a1ea9bda` |

1. **Coverage at the measured hashes is 0/4 — 11 verdicts invalidated** (F0 2, F1 1, F2a 3, F2b 5). Every hash-bound accept cites a superseded hash, so G-F0/G-FORM/G-AUDIT are blocked by a re-verification debt, not content. The 02:00 verify passes should not be read as content failures.
2. **FROZEN is coherent** — rev27 and rev28 (regenerated mid-write) both pin all four measured hashes with non-future `frozen_at`, so the round-3 future-dating defect D1 stayed fixed *across a regeneration*, which is exactly where it recurred before.
3. **Instrument undercount, with the naive fix ruled out** — 7 hash-bound accepts are invisible to the controller's `reviews/*.json` scan, but only **1** is evidence-anchored (worker-040 F0). The other 6 carry no `review_path`/`review_sha256` and are non-countable under protocol rule 2, so "just count the event stream" would promote unanchored events. Three distinct mechanisms found: `R7_channel_only`, `R2_target_encoding_unmapped` (`path#hash` targets dropped by the alias table), `R1` post-audit corpus churn.

**10 machine checks: 9 pass, 1 hard fail** — the fail is the 6 unanchored accepts (a genuine finding, not instrument error). No drift; the four class targets were byte-stable throughout, and the verifier is deterministic (imports the controller's own `review_coverage`, no reimplementation).

## Emitted
- `artifacts/worker-084/coverage_recon/report.json` `#f954ebbcb48c`
- `artifacts/worker-084/coverage_recon/verify_coverage_recon.py` `#404eb5771c61`
- `artifacts/worker-084/coverage_recon/REVIEW.md` `#c061abb80e13`
- `comms/outbox/worker-084.jsonl`: 7 events, all re-validated against `research_map/schemas.py` — `w084-r4-20260912T0037-{task-claim, artifact-report, artifact-verifier, artifact-review, claim-coverage, blocker-instrument, status-complete}`
- `runtime/state/w084_checkpoint_3.json` (`#b94e766c934cb5b2`), appended to `w084_checkpoints.jsonl`

**Authority respected:** measurement only — no gate verdict, no node status, no validation promotion; numerics lock untouched. **Falsifier** is carried in every event: re-run at the same hashes; falsified if coverage reaches ≥2 accepts, if a `reviews/*.json` record is materialized for an invisible reviewer+target, or if `frozen_at` becomes future-dated again — hash drift voids the counts but not the instrument claim.
