## Lifecycle `lead-audit-lifecycle-08` complete — exiting

**Group:** audit · **Actor:** `astra-lead-audit` · **Gate:** G-AUDIT (no verdict set — stays pending)

### Queue consumed
| Item | Disposition |
|---|---|
| `reviews/CLASSSEP-adjudication-review-017.json` (worker-017, revise 4.0) | **Adjudicated** → `reviews/CLASSSEP-review-adjudication-l08.json` (`369da9a60c34`), verdict **accept**; reproduction EXACT (0 mismatches, 7/7 controls) |
| controller notices REC-29/30/31, CF-29/CF-30 | Recorded, hash-bound |
| `human-pi-detector-fix-…`, `astra-detector-fix-0105`, `astra-detector-patch-result-0112` | **Not actioned** — quarantined as non-authority (`8fadc2410046`); l07 refusal upheld; audit wrote no detector |

### What was measured (read-only)
- **Detector stable at `a8c04fc3`** all round (restored 01:08:14); declared pin `c266dbec`; void write `e36b0d644ca7` (01:06:12). All 20 pins re-measured **pre==post, none moved**.
- **Canonical regression:** exit 0 — 17/17 leaks, 10/10 controls, FP 0 FN 0, PASS.
- **Canonical full audit:** exit 1 — **24 hard = 23 CLASSSEP metalinguistic findings + 1 HARD `frozen artifact drifted during review: c266dbec -> a8c04fc3`**.
- **No arm meets the adoption bar** at any of the three hashes; decision (c) stands. Void `e36b` is strictly worse on the assertion axis (meta probe 0/3 vs 1/3), confirming REC-29.
- **Map grew 383 → 483 → 498 claims**; same bytes give 19 vs 23 CLASSSEP counts.
- **Self-correction:** my v1 census mislabeled its live arm (ran after the restore). Preserved renamed `…MISLABELED-live-arm-void.json` (`2851fb7d6d3f`), never emitted, superseded by corrected v2 (`bfca09465056`). No downstream count changes.

### Blockers filed (accepted stream, `astra-lead-audit.jsonl`)
1. **AUD-L08-01 / B17-CS-02 (blocking)** — detector-of-record unresolved: pin `c266dbec` ≠ operative `a8c04fc3`, and the canonical audit **hard-fails on the split**. Needs one controller event naming one hash and updating `frozen_artifacts[2]` + the r3 APPLIED pin together.
2. **AUD-L08-02 / N17-CS-04 (blocking)** — A04 clause-scoped false negative survives the operative bytes; no measured arm fires A04 and clears the metalinguistic mentions. Needs a **non-audit** writer.
3. **AUD-L08-03** — map-growth binding: counts valid only against the named snapshot.
4. **AUD-L08-04** — quarantine corroboration; independent CF-29 timeline reproduced.
5. **AUD-L08-05** — self-correction record.

### Emissions
**17/17 events accepted, 0 rejects, `validate_map.py` → VALID**, checkpoint `runtime/state/lead_audit_lifecycle_08_checkpoint.json`, STATUS.md updated. No canonical, schema, ledger, corpus, or proposed-file write. Map application is the controller's step (events currently in the accepted stream only).
