worker-005 done — one class-bound task taken, evidence emitted, checkpointed, exiting.

## Task taken
`astra-adj1-05-assignment` (F2, classes `AF-SCC-C2-VAC-GEN;AF-SCC-C0-VAC-GEN`, gate G-FORM): independent re-bind + class-separation audit of `schemas/af_scc_regularities.yaml`, consuming worker-06 rules and the frozen binding gate.

## Deliverables (`artifacts/worker-005/f2_rebind/`)
| artifact | sha256 |
|---|---|
| `check_f2_rebind.py` (independent impl; selftest PASS: null control clean, 6/6 mutants) | `54ef51657fee…` |
| `report.json` (re-bind @00:30:52) | `2bcd5db7fda8…` |
| `report_drift_guarded.json` (drift @00:33:03, stable window) | `cb5c5265ff81…` |
| `drift_guard.json` (hash_before == hash_after, stable=true) | — |
| `selftest.json`, `fixtures_run.json` (10/10, both null controls) | — |
| `SCAN.md`, `SCAN_DRIFT_ADDENDUM.md` | — |

## Findings
- **Separation: pass.** Exactly two class ids once each, no joined id, no composite regularity, no conclusion object/extension statement in the index; both components pass the frozen gate at the re-bind instant; fixtures 10/10; author lint and my independent checker agree.
- **Then rev12 landed** (00:31:41/00:32:02, after my measurement) → **drift**:
  1. Index `94562101` still pins pre-rev12 hashes (`b6123750`/`1bb78ce9`) while disk holds `5476a3f2`/`55d0a1ea` → index invalidated per SEP-6.
  2. Both rev12 components **fail frozen gate R22** (unknown keys `revision_history`, `class_contract_supplement_pointer`, `consistency_evidence_sha256`, `index/at/notes`); gate tool unchanged since 23:50, so it's a schema regression.
  3. Pointer repair confirmed (canonical `classes` pointer, F0 binding refreshed to `0abb9ed8`) and component duplicate `revised_at` fixed; index still has `revised_at` ×4 with future `00:40`.
- Disposition: **N** on class semantics, **B** on evidence binding, plus the R22 hard failure.

## Emitted (not ingested — controller-owned)
16 valid JSONL events appended to `comms/outbox/worker-005.jsonl` (23 lines total, all parse, required fields present, ids unique): 5 artifacts, 2 claims, 3 reviews, 2 blockers, 3 status, 1 final checkpoint-status — each with `event_id`, evidence `path#sha256-prefix`, and falsifier. The 8 re-bind-era refs to pre-rev12 hashes are historical by design and explicitly superseded by the drift claim.

## Checkpoints
- `runtime/state/worker-005_f2_rebind_checkpoint.json` (`cde4a0c10383…`)
- `runtime/state/worker-005_f2_rebind_drift_checkpoint.json` (`037989e16744…`, lists all 7 drift events, stable guard, next falsifier)

No ingest run, no gate verdicts claimed, no files outside `artifacts/worker-005/`, `runtime/state/worker-005_*`, and my outbox were touched.
