**worker=078 — bounded task complete, checkpoint written, exiting.**

## Task taken
No assignment card existed in `comms/inbox/worker-078.jsonl` (fleet instance 2026-09-12T00:37:14), so I took one bounded class-bound task with an open owner gap:

**W078-F2-F0BIND-ADJ-01** — adjudicate the family-wide F0 consistency-evidence binding defect at F1 `cce9c60146d6` / F2a `5476a3f2c6bc` / F2b `55d0a1ea9bda`, FROZEN rev28.

## Result
**Classification: `LOSSY_GENERATOR_STALE_PIN`. Verdict: revise** (advisory; no gate verdict, no node transition, no math/physics claim).

The stale pin is **not** a re-stamp slip. The declared `675a99d0` evidence generation carried `map_taxonomy_sha256=0abb9ed8…`, `lead_contract_sha256=d7419b4e…`, `measured_at`; the live `9e335e9b` generation drops **exactly those three fields** and carries no hash of either compared tree. Re-stamping the schemas to the live hash would make pointer and bytes agree while leaving the evidence unbound to the declared F0 revision — a false closure of H07b.

Mechanism reproduced end-to-end:
- FROZEN-pinned checker `check_taxonomy_consistency.py#de356d999ea3` writes the canonical path with no anchor code; run in an isolated mirror it emitted a document **byte-identical to live** (`9e335e9b`), exit 0, `CONSISTENT (4 classes, 0 divergences)`.
- Simulating only the repair tool's anchor re-addition (`close_findings_rev27.py#0234cd3cbda4`) on the live bytes reproduces the declared pin **exactly** (`675a99d0`), so a correct repair must publish *new* evidence bytes and therefore new schema bytes.
- Live mtime advanced 41 s during the run with content unchanged → writer active and deterministic. Semantics independently re-derived on the frozen YAMLs: consistent (trees `0abb9ed8` / `d7419b4e`); FROZEN rev28 pins the unbound live generation while schemas declare the bound one.

## Emitted artifacts / evidence
| artifact | sha256 |
|---|---|
| `artifacts/worker-078/consistency_binding_verify/report.json` (+ byte-identical `report_rerun.json`) | `29bbb17f515fd66a…` |
| `.../verify_consistency_binding_078.py` | `03e738ade5d0a771…` |
| `.../README.md` | `395baf5eb0244dab…` |
| checkpoint `runtime/state/w078_checkpoint_4_f0_consistency_binding.json` | — |

7 schema-conformant events appended to `comms/outbox/worker-078.jsonl` (status-active, artifact ×4, review `revise`, status-done); 0 duplicate event_ids. `validate_map.py` → **VALID**; live evidence re-measured stable at `9e335e9b`. Canonical artifacts untouched; numerics lock respected.

**Falsifier:** a declared-generation copy lacking those three anchor fields, a live evidence field set equal to the declared generation's, an isolated checker run emitting anchors, an independent consistency disagreement, or a repair restoring `675a99d0` without touching other artifacts.
