dsh: reasoning:
I need to understand the task. Let me look at the workspace, handoff/map, and comms.
dsh: reasoning:
I need to find "handoff/map" and "comms". Likely under workdir or somewhere. Let me search for "handoff" directories.
dsh: reasoning:
The task says "Read handoff/map and comms." Likely in /data3/guoshaoyang/workdir/ai4math-swarm. Let me look there.
dsh: reasoning:
Let me read HANDOFF.md, README.md, and the research_map/comm files. Also check comms dir.
dsh: reasoning:
There's a worker-089.jsonl in the inbox already. Let me read PROTOCOL.md, the worker-089 inbox file, and the assignments directory. Also check the research_map (map).
dsh: reasoning:
The task: Independent blind G-AUDIT review of A0 (evaluation_rubric.yaml) at pin d748a9e3574ebe0c34c22b608ba0bf018d525a644ebff815371c6dcfca055885. Write reviews/A0-review-worker-089.json. Then emit one review event and one checkpoint, and exit.

Let me read the research_map (map) and ASTRA_HANDOFF.md. Also read the evaluation_rubric.yaml. The artifact pin should be verified by sha256.

Constraints: I may NOT read other reviewers' verdicts for this target before writing mine (reviews/*A0* off-limits until my file is written). I also may not edit the artifact.

Let me first check research_map.json, ASTRA_HANDOFF.md, and the rubric YAML. Also check the schema for review verdicts maybe in schemas/ dir.

Note: worker events cannot move gates or status. So I write only the three files: review file, outbox review event, checkpoint.

Let me read the required docs.
dsh: reasoning:
Now let me read the evaluation_rubric.yaml (A0) — it's the artifact under review. It's 13969 bytes. Also I need to check the schemas for what a review verdict file should contain. Let me look at an existing review verdict file format... but wait: "you may NOT read any other reviewer's verdict for this target before writing yours (reviews/*A0* are off-limits until your file is written)". So I must NOT read A0-review-21.json, A0-review-22.json, A0-review-lead-audit-r2.json. I can read reviews of other targets to learn the schema (e.g., F0-review-*), though perhaps better to use the assignment's instructions. Let's read a non-A0 review file for structure, e.g., reviews/F0-review-025.json or N0... Actually careful: the assignment says reviews/*A0* off-limits. Other reviews are fine.

Let me now read the rubric YAML fully. Also check if there's a review schema in schemas/.

Also the assignment mentions the three on-disk verdicts are revises with hash-bound findings:
(a) HF-01 conformance reads claim.artifact_refs which is absent from ledger rows;
(b) G-FORM genericity vocabulary excludes residual_comeager;
(c) conclusion_primary=future_asymptotic_predictability promotes an equivalence F1 marks UNVERIFIED;
(d) validation.last_run=null.

I need to state for EACH finding whether resolved, unresolved, or out of scope, with line numbers. But note: I am blind — I may not read the other reviewers' verdicts. The findings are summarized in my assignment, which is fine. I need to verify them against the artifact (rubric) itself, using line numbers.

The rubric is a YAML file. Note (d) validation.last_run=null — but the hash of the rubric is pinned d748a9e... and HANDOFF says A0 d748a9e3574e. Let me read it.

Let me look at the schemas dir and reviews of other targets to understand expected review JSON format. Also read the evaluation_rubric.yaml.
dsh: reasoning:
Good. Now I have the rubric at the pinned hash. The four findings to adjudicate:

(a) HF-01 conformance reads `claim.artifact_refs` which is absent from ledger rows.
- Look at HF-01 detector (line 174): `claim.conclusion_type == theorem AND (no artifact_refs OR artifact missing OR hash mismatch)`. The finding: conformance/hard-failure detector HF-01 as written reads `claim.artifact_refs`, but ledger rows (theorems.jsonl) apparently don't have `artifact_refs` field — so the detector would fire on every theorem claim (or be inapplicable). Is this resolved? Looking at the rubric at pinned hash: HF-01 still says `claim.artifact_refs`. So unresolved in the artifact text — unless the claim schema elsewhere defines artifact_refs. Hmm, but is it a defect of the rubric? The finding claims HF-01 conformance reads claim.artifact_refs which is absent from ledger rows. At the pinned hash, HF-01 still reads `claim.artifact_refs` (line 174). Need to check ledger rows to see if the field is present: ledger/theorems.jsonl. Let me check.

(b) G-FORM genericity vocabulary excludes `residual_comeager`.
- G-FORM criteria (line 128): "genericity type named: one of {comeager, full_measure, open_dense, codim_ge_1, non_generic_excluded}". And verifiers.schema_formulation.checks (line 21) says "genericity kind + topology". The F1 schema apparently uses a genericity value `residual_comeager`, which isn't in the allowed set. So the rubric's vocabulary (line 128) excludes residual_comeager. Unresolved at pinned hash unless the set includes it — it doesn't. So unresolved. Though one could argue residual_comeager is a synonym of comeager — in a comeager/residual sense, "residual" = comeager. The rubric says "one of {comeager, ...}" — an exact enum, so `residual_comeager` is not literally in the set; strict machine check would fail. Need to check the F1 schema to see whether "residual_comeager" appears. Let me grep.

(c) `conclusion_primary=future_asymptotic_predictability` promotes an equivalence F1 marks UNVERIFIED.
- For AF-WCC-VAC-GEN (line 63) and AF-WCC-SCALAR-SPH (line 113), conclusion_primary is future_asymptotic_predictability, and conclusion_implied includes completeness_of_I_plus, no_naked_singularity_from_I_plus. Finding: F1 marks the equivalence (between future asymptotic predictability and completeness of I+ / no naked singularity) as UNVERIFIED, but the rubric promotes it as conclusion_primary/implied. Is it a defect? The rubric line 64 `conclusion_implied: [completeness_of_I_plus, no_naked_singularity_from_I_plus]` and line 129-130 requires "implied conclusions carry an implication note". Since WCC's statement is usually "future asymptotic predictability" and it's an equivalence with "no naked singularity" only under certain conditions. If F1 marks the equivalence UNVERIFIED, the rubric listing them as implied conclusions without an implication note is potentially conclusion inflation. At pinned hash: is there an implication_note for WCC classes? AF-SCC-C2-VAC-GEN has `implication_note` (line 85), AF-SCC-C0 has `status_risk` (line 100). AF-WCC-VAC-GEN has neither — just conclusion_implied. So unresolved at the pinned hash. Let's verify F1's marking with grep for UNVERIFIED in schemas/af_wcc_vacuum.yaml.

(d) validation.last_run=null.
- Lines 45-50: validation block with last_run: null, last_run_result: null, report_sha256: null. Resolved would require an actual run recorded. At pinned hash it's null → unresolved. But note the comment says "Filled by artifacts/audit/audit_run.py; a rubric with no passing self-test is not a gate." Is there an artifacts/audit/audit_run.py? Let me check. And is the null a defect? It means the rubric's own self-test never ran; the rubric itself says a rubric with no passing self-test is not a gate. So it is a self-declared blocker for G-AUDIT promotion. Since I cannot edit the artifact, unresolved.

Now, my verdict: I'm the blind independent reviewer. Score 0-5. Likely verdict revise (since findings unresolved). But I must actually check each finding against disk evidence rather than just take the assignment's word. The assignment says the three on-disk verdicts are revises with hash-bound findings (a)-(d). My job: state for EACH finding whether it is resolved, unresolved, or out of scope, with line numbers.

Also required checks per acceptance: (2) read the artifact from disk and check class leakage, conclusion inflation, assumption completeness, decidable falsifier, and any field two careful readers would disagree on.

Also (1) sha256 before and after reading; if differs from pin, STOP and emit blocker. Since hash matches both times, no blocker.

(3) Write ONLY the JSON verdict file named reviews/A0-review-worker-089.json, then emit ONE review event to my outbox comms/outbox/worker-089.jsonl with target_id, reviewer=worker-089, verdict, score 0-5, hard_failures[], findings, reviewed_sha256.

(4) Write one checkpoint under runtime/state/worker-089_A0_checkpoint.json (format `runtime/state/<you>_<target>_checkpoint.json`).

(5) Exit. Do not set gate verdicts. Do not edit the rubric.

Budget: 1.0 agent-hour; deadline 02:15.

Let me gather evidence:
- Check ledger/theorems.jsonl rows for artifact_refs.
- Check schemas/af_wcc_vacuum.yaml for "residual_comeager" and UNVERIFIED equivalence.
- Check artifacts/audit/audit_run.py existence.
- Check research_map.json for A0 entry (artifact_sha256_measured etc.)? The map is authoritative global state; the acceptance mentions class leakage (C2 statement smuggled into C0, or C0/C2 merge), conclusion inflation, etc. Let me inspect the map for A0-relevant fields (gates, claims). But careful about reading time; it's 3.6 MB. Let me grep specific fields.

Also note: the review file must be valid JSON. Need a format. Let me look at a non-A0 review verdict file for the schema convention (e.g. reviews/F0-review-025.json or F0-review-19.json). That's allowed (not A0). Let me read one, plus maybe the checkpoint format from an existing checkpoint (e.g. runtime/state/w003_checkpoint_*.json).

Wait — careful about "you may NOT read any other reviewer's verdict for this target before writing yours (reviews/*A0* are off-limits until your file is written)". So I can read other reviews for schema, but not A0 ones. Actually, could reading a non-A0 review's structure be OK? Yes.

Let me now do the checks.
dsh: reasoning:
Excellent. The evidence lines:
- F1 af_wcc_vacuum.yaml line 248: `status: "claimed equivalence, UNVERIFIED; ..."` and line 323: "the equivalence to future asymptotic predictability is UNVERIFIED". So finding (c) confirmed.
- `residual_comeager` used in schemas; rubric's G-FORM vocabulary at line 128 only allows {comeager, full_measure, open_dense, codim_ge_1, non_generic_excluded}. So finding (b) confirmed at pinned hash.
- F1-AMB-10 says the conflict is "resolved_by_vocab_aliases" externally via artifacts/formulation/VOCAB_ALIASES.json — but the rubric's own G-FORM criterion remains strict. So finding (b) is unresolved in the rubric text; the resolution route exists externally but the rubric at the pin still excludes the token. Note the distinction: the finding as stated is about the rubric's genericity vocabulary. At the pin, line 128 still lists only those five, so unresolved in-artifact; with a possible "out of scope" nuance if the alias file is accepted. Let me check the existence of artifacts/formulation/VOCAB_ALIASES.json to see if there's a legitimate external resolution.

- HF-01 detector at line 174: `claim.conclusion_type == theorem AND (no artifact_refs OR artifact missing OR hash mismatch)`. Ledger theorems.jsonl has 0 occurrences of artifact_refs (need to verify the grep -c returned 0 because file exists; it printed 0). Let me check whether ledger rows use a different field, e.g. evidence_refs, artifact_sha256, or artifact path. Also check class-related claim schema. Let me grep for "artifact" in ledger/theorems.jsonl.

Actually grep -c 'artifact_refs' returned 0. Let me check what fields exist, and whether conclusion_type == "theorem" rows exist.

- validation.last_run: null at lines 48-50. Need to check if artifacts/audit/audit_run.py has since recorded a run elsewhere (e.g. reports/). The rubric's validation block is at the pinned hash so textually null; whether finding (d) is "resolved" could depend on external run report existing (artifacts/audit/reports/). The finding says "validation.last_run=null" as a defect. Is it resolved? The rubric text still says null. If the self-test has since been run, the finding would be resolved-in-substance but not in-artifact. Let me check artifacts/audit/reports/ and audit_run.py's behavior: does it write back to the rubric or to a report? The comment in the rubric says "Filled by artifacts/audit/audit_run.py". Let me look.

Also the review file format. Let me read a non-A0 review file and an existing checkpoint. Also check the map for A0 node and gate audit reasons to understand G-AUDIT criteria context. And check whether my assignment is in the map (assignments).

Let me also be careful with timing: budget 1 agent-hour. Fine.

Let me collect: 
1. ledger fields & theorem rows (finding a).
2. audit_run.py validation behavior + artifacts/audit/reports (finding d).
3. VOCAB_ALIASES.json existence (finding b context).
4. A sample non-A0 review JSON structure.
5. A sample checkpoint structure.
dsh: reasoning:
Findings:
(a) Ledger rows have no `artifact_refs` key at all (0 artifact-ish keys), and 30 rows are conclusion_type=theorem. Per HF-01 detector at line 174, all 30 theorem rows would be flagged as fluent_text_promotion (critical) since `no artifact_refs` is true. That's a false-positive detector, not a defect in the ledger? The finding was "HF-01 conformance reads claim.artifact_refs which is absent from ledger rows". Is it resolved at the pinned hash? The rubric still reads `claim.artifact_refs` at line 174; the ledger still lacks the field. However, PROTOCOL.md line 24 says claim messages require artifact_refs for theorem; the ledger's rows use `source_ids`, `evidence_level`. So the mismatch persists. Unresolved.

Wait, but should I consider HF-01's detector semantics: "claim.conclusion_type == theorem AND (no artifact_refs OR ...)". If a claim has no artifact_refs field, the detector fires → every theorem ledger row becomes a critical hard failure. That is a misfire. But careful: ledger rows are not "claims" in the map; the map's claims records may have artifact_refs. Let me check research_map.json claims for artifact_refs. The finding says "HF-01 conformance reads claim.artifact_refs which is absent from ledger rows". If the rubric's HF-01 applies to map claims rather than ledger rows, one could argue out of scope... But the audit (A0) is the rubric for the swarm, and the ledger is the literature artifact. Let me check map claims: do they have artifact_refs? Let me grep in research_map.json for "artifact_refs".

Also check the audit_run.py / audit_lib.py implementation of HF-01 to see which field it reads. That's the "conformance" implementation — the finding says "HF-01 conformance reads claim.artifact_refs which is absent from ledger rows". So maybe the conformance checker (audit_lib.py) evaluates HF-01 against ledger rows and thus flags. Let me grep audit_lib.py for artifact_refs and HF-01.

(b) confirmed: rubric line 128 enum excludes residual_comeager. But there's an external alias file VOCAB_ALIASES.json — let me read it to see whether it's frozen and referenced. The finding's status could be "resolved" if an alias file legitimately maps residual_comeager → comeager and the rubric permits aliases. But the rubric's line 128 says "genericity type named: one of {comeager, full_measure, open_dense, codim_ge_1, non_generic_excluded}" — no alias allowance. So strictly unresolved at the pin. However the F1 artifact self-reports resolved_by_vocab_aliases. Two careful readers could disagree → I should mention this as a field where readers disagree. The verdict likely revise with this finding unresolved (rubric vocabulary must be updated or explicitly reference alias file).

(c) confirmed unresolved: line 63-64 conclusion_primary + conclusion_implied; F1 line 248 says UNVERIFIED equivalence; line 323 lists it as unresolved. Also G-FORM criterion line 129-130 says "conclusion_primary chosen from the class' allowed set; implied conclusions carry an implication note" — there's no implication_note for the WCC classes (AF-WCC-VAC-GEN lines 63-68; AF-WCC-SCALAR-SPH lines 113-118). Meanwhile SCC-C2 has implication_note (line 85). So conclusion inflation persists at the pin.

(d) confirmed: lines 48-50 null. Also audit_run.py writes artifact event to evaluation_rubric.yaml with validation_status passed/unverified, but the rubric's own `validation.last_run` isn't filled — line 46 comment says "Filled by artifacts/audit/audit_run.py". Let me check whether audit_run.py actually writes into the rubric file or emits a separate event; if it writes to artifacts/audit/evaluation_rubric.yaml (symlink!) — the symlink at artifacts/audit/evaluation_rubric.yaml -> ../../evaluation_rubric.yaml points to the real rubric. Hmm! If audit_run.py tried to write validation fields into that symlink, it would modify the canonical artifact. But it apparently doesn't (last_run still null). Let me inspect audit_run.py lines around 150-220 to understand.

Note the danger: I must not edit the artifact. Running audit_run.py could potentially edit the rubric (if it writes). I should NOT run it. Just read it.

Let me check:
- research_map.json claims artifact_refs presence and A0 node/gate info.
- audit_lib.py HF-01 implementation.
- audit_run.py validation write behavior.
- read VOCAB_ALIASES.json.
- read a non-A0 review file for JSON schema.

Let me also verify the rubric hash again after reads (must be unchanged).
dsh: reasoning:
Great. Evidence:

(a) `audit_lib.py:189-191` implements HF-01: `elif ct == "theorem" and not claim.get("artifact_refs")`. The ledger rows have `conclusion_type: theorem` (30 rows) and no `artifact_refs` key at all (0 artifact-ish keys). So the conformance checker (which scans `ledger`) will emit HF-01 critical on all 30 theorem rows. Also map claims have artifact_refs on 223 of 269, but no theorem conclusion_type. So finding (a) is unresolved and confirmed with line numbers: rubric line 174 (detector), audit_lib.py:189-191 (implementation), ledger/theorems.jsonl rows lacking the field.

Hmm, but is (a) a defect in the rubric or in the conformance implementation? The reviewer finding is against A0 rubric. The rubric's HF-01 detector names `claim.artifact_refs`; the ledger schema doesn't have that field. The rubric could be fixed by naming the ledger's actual field (e.g. source_ids/evidence_refs) or by defining a claim schema that includes artifact_refs. Since the ledger is the literature artifact and its theorem rows have no artifact, HF-01 should arguably apply, but the ledger uses `review_status`/`verification_status`. Let me check ledger rows' verification_status to see if they're marked appropriately (e.g. not "accepted"). The concern is that the detector cannot be satisfied because the field is absent — a conformance false positive making hard_failure_rate meaningless. Unresolved at pin.

Also I should check: does the rubric define "claim" schema anywhere with artifact_refs? The frozen classes section, hard failures, metrics. No schema for claim objects. PROTOCOL.md defines claim requiring artifact_refs for theorem. So the rubric defers to protocol. But the ledger rows are "theorem ledger" not claim events — mismatch remains. I'll state it as unresolved-in-artifact with the distinction noted: it's decidable only if the ledger is out of HF-01 scope, which the rubric does not say (scope not stated). Two readers disagree → the rubric should state the scope of "claim".

(b) `residual_comeager` is the canonical token per VOCAB_ALIASES.json and is used in schemas/af_scc_c0_vacuum.yaml:158, etc. The rubric line 128 permits only {comeager, full_measure, open_dense, codim_ge_1, non_generic_excluded} and line 21 "genericity kind + topology". "comeager" is one of the aliases of residual_comeager in the alias file (genericity_kind.residual_comeager aliases include "comeager"), but reverse direction: the canonical artifact field value is `residual_comeager`, which is NOT one of the rubric's enum tokens. So an F1 schema that uses the frozen canonical token fails a literal check against the rubric. Unresolved at pin; the alias map is external to A0 and not referenced in A0 either. Actually another nuance: the rubric enum says "one of {comeager, ...}" — arguably residual_comeager is a synonym and the check could accept it via the alias map, but the rubric doesn't cite the alias map. Also "codim_ge_1" vs "finite_codimension_complement", "open_dense" vs "open_dense_escape", "non_generic_excluded" vs "none". So there's a genuine vocabulary mismatch between A0's G-FORM criterion and the frozen formulation vocabulary. Good — this is more than the single token; the finding mentions residual_comeager specifically. State unresolved; note the alias file exists but A0 does not bind it, and the mismatch extends to other tokens.

(c) confirmed: rubric lines 63-64 (AF-WCC-VAC-GEN) and 113-114 (AF-WCC-SCALAR-SPH) assert conclusion_implied completeness_of_I_plus + no_naked_singularity_from_I_plus under conclusion_primary future_asymptotic_predictability without an implication_note (contrast line 85 for SCC-C2). F1 schemas/af_wcc_vacuum.yaml:248 says "claimed equivalence, UNVERIFIED" and :323 lists "the equivalence to future asymptotic predictability is UNVERIFIED"; :311 records it as unresolved. G-FORM criterion line 129-130 requires implied conclusions carry an implication note, and line 22 check "conclusion type vs class". So the rubric both requires an implication note and itself omits one for WCC classes, while promoting an unverified equivalence. Unresolved; it's a conclusion-inflation/hard-failure (HF-02 conclusion_type not allowed for class? Well, conclusion_primary is from class allowed set... the implied list is the issue).

Also check whether the F1 schema has `conclusion.equivalent_standard_formulation` and whether its status says UNVERIFIED. Yes at line 248.

(d) validation.last_run null at lines 48-50. audit_run.py emits an `artifact` event for A0 with validation_status passed/unverified and report path, but does not write the rubric's validation block (grep found no `last_run` writes in audit_run.py — only lines 182-185). So the rubric's self-declared validation requirement is unmet at the pinned bytes. The comment line 46 says "a rubric with no passing self-test is not a gate". Unresolved in-artifact. Note: an external run report may exist (artifacts/audit/reports/audit-*.json), and audit_run emits an artifact event; so the substantive self-test may have run, but A0's own validation block still declares null. Since promotion requires artifact+review evidence and the pin is the artifact bytes, it's unresolved at the pin.

Now, are any findings out of scope? Consider (a): "HF-01 conformance reads claim.artifact_refs which is absent from ledger rows" — is the ledger in scope for A0's HF-01? The rubric's hard_failures apply to claims/artifacts; ledger rows are literature artifacts, so a defensible reading is that HF-01's "claim" is the map claim object (PROTOCOL claim requires artifact_refs for theorem), not ledger rows. But the audit conformance implementation scans ledger (audit_run.py default --scan includes "ledger"). So it's in scope for the implementation, and the rubric doesn't disambiguate. I'll mark unresolved (scope of "claim" not defined in A0), not out of scope. Hmm, the assignment says state each as resolved/unresolved/out of scope. I'll adjudicate each carefully:

- (a) unresolved — A0:174 still keys on artifact_refs; ledger rows (30 theorem rows) lack the field; audit_lib.py:189-191 fires critical; A0 has no claim-object schema or scope note defining which record type HF-01 applies to.
- (b) unresolved — A0:21,128 enum; canonical token residual_comeager used in F1 schemas; external VOCAB_ALIASES.json exists but A0 doesn't bind it. Mismatch extends to open_dense_escape vs open_dense, finite_codimension_complement vs codim_ge_1, none vs non_generic_excluded.
- (c) unresolved — A0:63-64,113-114 vs F1:248,311,323; no implication_note for WCC classes though A0:129-130 requires one; promotes equivalence F1 marks UNVERIFIED.
- (d) unresolved — A0:48-50 null; audit_run.py doesn't write it back.

All four unresolved → verdict "revise" (can't accept). Score: The assignment says three on-disk verdicts are revises. A revise verdict score maybe 2 or 3. Let me check what scores existing revises give (non-A0). Let me look at a review file for format and scoring conventions. Let me read reviews/F0-review-19.json (11534 bytes) — it's a revise probably. Also read a checkpoint example to match schema (runtime/state/w003_checkpoint_...json). And check the review event schema in research_map/schemas.py to make sure my outbox event validates (event_id, event_type, created_at, actor, target_id, reviewer, verdict, score, hard_failures, findings, reviewed_sha256 + evidence_refs).

Let me read schemas.py and an example review.
dsh: reasoning:
Now I understand the conventions. Let me check the event schema (schemas.py validate_event) for review events so my outbox event validates. Also check `comms.py ingest` behavior for review events — I don't run ingest (controller does), but the event should validate.

Let me read research_map/schemas.py.

Also I should check the assignment in the map (node A0) and G-AUDIT criteria for the review: the acceptance mentions checking class leakage, conclusion inflation, assumption completeness, decidable falsifier, fields two readers disagree on. Let me structure my verdict JSON accordingly with checklist.

Also, one more check: are there additional independent defects in A0 that I should find as the blind reviewer? Let me aim for a genuine review, not just adjudicating the four findings. Potential issues:

1. HF-01 detector key mismatch (finding a).
2. G-FORM genericity vocabulary (finding b).
3. conclusion_primary/implied for WCC classes vs F1 UNVERIFIED equivalence (finding c).
4. validation.last_run null (finding d).
5. Rubric immutability: the assignment pins hash d748...; check that A0's own status line says "draft-for-gate (NOT self-promoted; requires A1 review)" (line 2) — fine.
6. HF-05 detector says `node.status == done AND declared artifact does not exist / hash not recorded` — fine.
7. `metrics.citation_support` definition: "sum(weight(status))/n_citations, weights ... contradicted=-1.0, capped at 0" — target 1.0. Fine, maybe ambiguity: with contradicted=-1.0 and capped at 0, a single contradicted citation can zero the metric while many verified can still... it's fine.
8. G-AUDIT criteria "hard_failure_rate <= 0.10" vs metrics.hard_failure_rate definition "claims/artifacts with >=1 critical HF divided by reviewed claims/artifacts" — consistent.
9. G-AUDIT "reviewer agreement kappa >= 0.60 on a >= 20% blind sample, or the review is re-run with a third reviewer" vs review_protocol.sampling ">= 20% of accepted claims, blind to author identity where the harness allows" — consistent.
10. HF-13 cross-project contamination is a rubric item that references the base repo's previous project in its own text (Erdos problem 64 / cap-set...) — that's an evidence field, arguably fine (the detector necessarily names tokens). But note HF-13's detector names 'cubic graph', 'minimum degree', '2^k cycle', 'cap set' — metalinguistic mention. The evidence audit found 10 hard CLASSSEP findings all "CF-16 metalinguistic-mention pattern" (from ASTRA_HANDOFF). Not A0's issue.
11. `no_universal_scalar_score` is declared TRUE by construction (line 10-13) — self-declared; is there a decidable check? A0 has `metrics` that are reported per task type. Two readers might disagree whether `novel_accepted_coverage` (number of frozen classes with >=1 newly accepted artifact / 4) is a universal scalar score. Interesting: line 282-283 defines novel_accepted_coverage as a scalar aggregate across classes, contradicting "no single number that ranks a schema, a theorem ledger, a numerical calibration and a formalization"? Not exactly — novel_accepted_coverage is a portfolio metric, not a ranking of task types. Hmm. It's per-portfolio, not per-task-type; arguably a scalar across task types. But is it a "score that ranks" artifacts? It ranks coverage. Weak finding; maybe mention as soft/field-two-readers-disagree.

Actually, let me focus. A genuine additional defect I can check: `verifiers.schema_formulation.checks` includes "genericity kind + topology" (line 21) while G-FORM criterion line 128 names the genericity type but not the topology requirement explicitly — line 128 "genericity type named: one of {...}". The verifier checks list includes topology; the gate criteria omit "topology". Two readers would disagree whether G-FORM requires naming genericity topology. Also "I+/visibility role by family" in the verifier checks (line 21) vs G-FORM criteria (lines 125-133) has no I+/visibility criterion. So the verifier's checks and the gate's criteria are not aligned: several verifier checks (I+/visibility role by family, extension regularity xor, non-vacuity, weighted data class, topology block) are absent from G-FORM criteria, and the gate criteria add "artifact exists and sha256 recorded" (line 133) which the verifier checks lack. That's a real consistency defect worth reporting as an additional finding (soft/moderate). Let me verify by re-reading lines 125-133 and 20-22. Yes:
- checks line 20-22: [frozen class id, single-class binding, exact quantifier order, topology block, weighted data class, genericity kind + topology, I+/visibility role by family, extension regularity xor, conclusion type vs class, falsifier tiering, non-vacuity]
- G-FORM criteria lines 125-133: [exactly one class_id, exact quantifier prefix, data space named with topology+regularity+decay+constraint+end structure, genericity type named {…}, conclusion_primary from allowed set + implication note, falsifier finite checkable, no cross-class evidence without transfer_argument, artifact exists and sha256 recorded]
Mapping: "topology block" and "weighted data class" → line 127 roughly; "I+/visibility role by family" → absent; "extension regularity xor" → absent; "non-vacuity" → absent; "falsifier tiering" → line 131 only "finite, checkable in stated topology" (no tiering); "genericity kind + topology" → line 128 only type; "single-class binding" → line 125.

So the G-FORM gate criteria and the schema_formulation verifier checks diverge. Which governs? G-AUDIT criteria line 148-153 are about artifacts/sha256/HF rate/dup/kappa/replication. The rubric doesn't say whether gate criteria or verifier checks are binding. A machine linter keyed to `verifiers.schema_formulation.checks` passes F1 artifacts that G-FORM criteria don't check and vice versa. That's a legitimate finding (moderate) — field two readers disagree on: binding set.

Another: `numerics` verifier checks (lines 35-36) vs G-NUM criteria (lines 158-163): G-NUM adds "G-FORM and G-AUDIT passed" (line 158) not in verifier checks; numerics verifier has "seeds recorded" (line 36) absent from G-NUM criteria; G-NUM has "invariant diagnostics (constraint residuals, mass/charge conservation) reported" vs verifier "invariant residuals". Minor drift. Also `formalization` (future) has no gate in `gates:`. That's labeled future, fine.

Another possible: HF-09 detector line 213: "reported score is a max/best over < 8 seeds, or best-seed reported without mean and sd" and review_protocol.seeds_rule line 291: "max-statistics require >= 8 seeds". Consistent.

HF-01's detector: "claim.conclusion_type == theorem AND (no artifact_refs OR artifact missing OR hash mismatch)". Note: if `artifact_refs` exists but the artifact hash is not in artifact_refs (e.g., refs lack sha256), the detector can't detect it — the detector says "hash mismatch" but doesn't require the hash to be present. Also PROTOCOL.md rule 1 says theorem without artifact_refs is auto-rejected. Fine.

Another: `validation.validator: artifacts/audit/audit_run.py` — but audit_run.py scans and emits an artifact event with path `artifacts/audit/evaluation_rubric.yaml` (a symlink to `../../evaluation_rubric.yaml`). Does writing... no, it doesn't write. But the artifact event's path is the symlink path, whose sha256 would be the target's hash. Fine, though "one canonical path, one owner" (CF-12) would prefer canonical path. Minor.

Another: A0 `created_at` 2026-09-11T23:20, but `VOCAB_ALIASES.json` created 23:32 — after A0, and A0's genericity enum (line 128) is inconsistent with the later-frozen alias canonical tokens. That's finding (b) context.

Another: The rubric's `frozen_classes` list has 4 classes; `metrics.novel_accepted_coverage` divides by 4 hard-coded (line 283) rather than denominator len(frozen_classes). Minor robustness: if a class is added the metric silently wrong. Worth a soft finding? It's a real field two readers might disagree on ("/4" literal vs count). Could report as soft.

Another: `hard_failure_rate` target "<= 0.10" and G-AUDIT "hard_failure_rate <= 0.10" consistent.

Another: HF-02 detector "unknown class_id | disjunction of class_ids | ... | conclusion_type not allowed for class". For the WCC classes, `conclusion_primary` future_asymptotic_predictability is claimed as an equivalence — but the rubric doesn't define the allowed set per class; it just specifies conclusion_primary fields. G-FORM criterion line 129 says "conclusion_primary chosen from the class' allowed set" but the allowed set is not enumerated anywhere in A0 (the frozen_classes entries define a single conclusion_primary per class — that is the set, maybe). Two readers could disagree about whether the allowed set is the singleton {declared conclusion_primary} or something wider. Hmm, it's arguably self-evident. Skip or mention as soft under fields-disagree.

Let me now also check whether A0 rubric is listed among `frozen_artifacts` in map and its measured hash, plus the map's review coverage for A0 (without reading A0 review files; map may contain review summaries though — ha, reading map.reviews entries for A0 could count as reading other reviewers' verdicts. The acceptance says reviews/*A0* files are off-limits. The map's reviews list may summarize A0 verdicts. To be safe, I should NOT inspect map reviews for A0 — I'll avoid querying A0 review entries in the map. I already know from the assignment that three on-disk verdicts are revises with the four findings. That's enough.

Hmm — but should I be careful that reading the assignment text itself (which states the findings) compromises "blind"? The assignment explicitly provides those findings for adjudication, so it's intended.

Let me now check schemas.py for the review event schema and then write the deliverables.

Also I need to write a checkpoint under runtime/state/worker-089_A0_checkpoint.json. The assignment says "Write one checkpoint under runtime/state/<you>_<target>_checkpoint.json". So path: runtime/state/worker-089_A0_checkpoint.json. Some workers wrote .jsonl too; the assignment says one checkpoint file. I'll write the single JSON file (maybe also no jsonl to keep to "one checkpoint"). Keep it simple: one JSON file.

The review event: to comms/outbox/worker-089.jsonl, ONE review event with target_id, reviewer=worker-089, verdict, score 0-5, hard_failures[], findings, reviewed_sha256. Must include event_id, event_type, created_at, actor per protocol. Let me check schemas.py to ensure fields validate.

Then also PROTOCOL says a node is done only when artifact exists etc. Worker events cannot move gates or status. Good.

Let me read schemas.py.
dsh: reasoning:
The map doesn't seem to have a frozen_artifacts entry printed for A0 (nothing printed for the KEY search). Not critical.

Now let me verify the rubric hash again (after all reads) and also verify my key evidence facts with exact line numbers captured. Let me also grab a couple more checks for the review checklist:

- class leakage: A0 frozen_classes has 4 separate class ids; G-FORM criterion line 125 requires exactly one class_id; HF-02 line 176-179 detects leakage. Check: do any lines in A0 merge C0/C2? Line 82-84 (C2 forbidden_evidence: formulation == SCC-C0 ... C0 is STRONGER than C2) and line 95 (C0 conclusion_implied C2) — that's a legitimate implication, not leakage; line 85 implication_note "SCC-C0 implies SCC-C2; the converse does not hold." Line 152-153 G-AUDIT criteria mentions... no. A0 doesn't disjoin classes. But wait: finding (c) is a class-level issue: WCC conclusion_implied includes completeness_of_I_plus and no_naked_singularity_from_I_plus; the F1 marks the equivalence UNVERIFIED. That's conclusion inflation risk.

Also check "C2 statement smuggled into C0, or C0/C2 merge": AF-SCC-C0's `conclusion_implied: [C2_inextendibility...]` is correct direction (C0 ⟹ C2). AF-SCC-C2's forbidden_evidence line 82-83 correctly forbids C0 as evidence without transfer. So class separation passes.

- assumption completeness: frozen_classes have forbidden_evidence lists; but there's no `assumptions` field in frozen_classes; assumptions live in schemas. G-FORM criterion line 127 requires data space named with topology+regularity+decay+constraint+end structure — that's data-space completeness. HF-06 assumption_smuggling detector. For A0 as a rubric, "assumption completeness" is a checklist item; status pass_with_findings.

- decidable falsifier: A0's own falsifier? The assignment's falsifier: "A verdict without a cited hash, an accept that leaves any prior finding unadjudicated, or a rubric edit during the round." Hmm, that's the falsifier of my review task, not of A0. For A0 as an artifact: does it have a falsifier? A0 doesn't declare a falsifier for itself. Hmm — the checklist item "decidable falsifier" likely refers to whether the rubric requires/defines decidable falsifiers for claims (G-FORM line 131 "falsifier is a finite, checkable procedure in the stated topology"; HF taxonomy). I can state: A0's G-FORM/G-LIT criteria require falsifiers/locators; G-LIT line 138-139. But A0 itself carries no machine self-test falsifier beyond validation.run — which is null. So decidable falsifier status: pass_with_findings (the rubric requires them of others; its own validation is not run).

Let me now decide verdict and score. All four prior findings unresolved at the pin → verdict `revise`. Score: The rubric is substantially complete structurally but has a critical conformance mismatch (HF-01 key), a live vocabulary conflict, an unadjudicated conclusion-inflation finding affecting both WCC classes, and a self-validation block still null. A revise score convention: looking at F0-review-19 accept=4.0. The on-disk A0 verdicts are revises (score unknown to me, and I must not read them). For a revise with four unresolved findings, I'd give 2.0 or 2.5. Consider: three "revises" already. The artifact is a draft-for-gate; it's usable but cannot be accepted at this hash. I'll set score 2.0, with hard_failures: for the review event, `hard_failures[]` should list HF codes. Which HFs are actually triggered?

- Finding (c) conclusion inflation: HF-02 (conclusion_type not allowed for class)? The class's conclusion_primary is future_asymptotic_predictability, and the implied list includes completeness_of_I_plus/no_naked_singularity — the F1 marks the equivalence unverified. Under HF-02 detector "conclusion_type not allowed for class" — is completeness_of_I_plus an allowed conclusion for AF-WCC-VAC-GEN? Not enumerated. Hmm. Alternatively HF-01? No. HF-06 assumption smuggling? The equivalence needs assumptions (e.g., predictability ⟺ no naked singularity requires suitable conditions) absent from the schema. I'd say HF-02 (conclusion not allowed / conclusion inflation) is the closest, but I must be careful: the rubric itself (the artifact under review) has this defect, and hard_failures in my review event should be the HF ids that apply to the artifact. The audit rubric's HF taxonomy is used to score claims/artifacts. For an artifact-level review, listing HF-02 would signal conclusion inflation. Let me think about whether to put hard_failures non-empty.

The acceptance check (2) explicitly asks to check class leakage, conclusion inflation, assumption completeness, decidable falsifier. The prior findings include (a) HF-01 conformance key mismatch, which is really an HF-01 detector defect (the rubric's own detector is ill-posed against the ledger). Does the artifact itself commit fluent-text promotion? No. But the detector would produce false criticals — that breaks G-AUDIT's hard_failure_rate criterion (line 149) by making it uncomputable/misleading. I'd call that a critical defect in the rubric, mapped loosely to HF-01 (the rubric's HF-01 rule is not satisfiable/consistent with the ledger schema). Should hard_failures contain "HF-01"? The event schema just requires a list; no validation of values. Being precise matters here. I'll list hard_failures as [] if no HF is genuinely triggered on the artifact... but then "accept that leaves any prior finding unadjudicated" is the falsifier — I'm revising, so fine.

Hmm. Let me consider: is A0's (c) actually a hard failure of A0? A0 itself is a rubric, not a claim. The conclusion_implied list states implications of WCC; the F1 says the equivalence is UNVERIFIED. A0 line 129-130 requires implied conclusions carry an implication note — A0's own class table violates its own criterion for two classes (no implication_note). That's internally inconsistent. It's a real defect. Whether it's "HF-02" for A0 is a stretch. I'll put hard_failures: [] and mark the findings with severities, or put ["HF-02"] for the conclusion-inflation one? The prior verdicts are revises with hash-bound findings; the review event's hard_failures field likely lists HFs found. To be conservative and defensible, I'll set hard_failures: ["HF-02"] only if I can defend it: HF-02's detector includes "conclusion_type not allowed for class"; A0's AF-WCC-* entries assert implied conclusions (completeness_of_I_plus, no_naked_singularity_from_I_plus) as promoted while F1 marks the equivalence UNVERIFIED — i.e., conclusion inflation. Hmm, but the detector's condition is about evidence metadata violating forbidden_evidence. F1's forbidden_evidence for WCC classes doesn't list predictability equivalence.

Alternatively, one could frame (c) as an assumption-completeness issue (HF-06): the implication from future asymptotic predictability to completeness of I+ requires assumptions not recorded. HF-06 detector: "statement requires smallness/symmetry/regularity/measure condition present in the cited theorem but absent from the schema's assumptions (or vice versa)". The unverified equivalence is about global structure, not smallness/symmetry. So HF-06 is also a stretch.

I think the honest approach: hard_failures: [] for A0 itself, and state in findings that no HF is established against A0 as an artifact, but the four prior findings remain unresolved and two of them (HF-01 key mismatch; conclusion promotion) block acceptance. Hmm, but the F0-review-19 accept had hard_failures: [] with moderate findings. A revise with hard_failures [] is acceptable.

Wait, but the review event's hard_failures field — the assignment says "emit ONE review event ... with target_id, reviewer, verdict, score 0-5, hard_failures[], findings, reviewed_sha256". So include as I judge.

Actually, let me reconsider the HF-01 finding: The rubric's HF-01 detector reads `claim.artifact_refs`. Is that actually wrong? PROTOCOL.md claim messages require artifact_refs for theorem; the map claims have artifact_refs (223/269). The ledger rows are a different record type (theorem ledger) with `theorem_id`, `conclusion_type: theorem`, no artifact_refs. The audit implementation scans `ledger` and applies HF-01 to the ledger rows, producing 30 criticals. So the mismatch is between A0's HF-01 (as implemented by the lead-audit's own audit_lib.py scanning the ledger) and the ledger schema. The finding is that A0's HF-01 conformance reads a field absent from ledger rows. As the reviewer of A0, I can say: unresolved; A0 does not define the record types to which HF-01 applies, and its own audit implementation (artifacts/audit/audit_lib.py:189-191) applies it to ledger rows that lack the field, so the detector fires on all 30 theorem rows — a systematic false critical that also breaks G-AUDIT criterion line 149 (hard_failure_rate <= 0.10). This is a critical conformance defect of the rubric. I'll mark severity critical but hard_failures [] since the HF taxonomy applies to claims/artifacts, and A0 is a rubric. Hmm, but should I list "HF-01" in hard_failures to signal the rubric's HF-01 rule is broken? The field is `hard_failures[]` — in other reviews it lists HF ids found in the target. Let me check one revise review to see how they fill hard_failures. Let me grep a few review files for `"verdict": "revise"` and their hard_failures. That's allowed (non-A0). Let me do that quickly.

Also need to double check: are there any A0 review files I might accidentally read? I'll grep only over specific other files.

Let me check F0-review-025.json and F0-review-18.json (revise?) for the hard_failures convention. Actually F0-review-19 was accept with []. Let me grep hard_failures across reviews excluding A0.
dsh: reasoning:
Those have different structure (coverage reports). Let me check A2-review-022.json and F0-review-025.json structures briefly.

Actually, I have enough. The exact structure of my verdict file should follow the F0-review-19 style but adapted. The essential content:
- review_id, event_id, target_id A0, artifact evaluation_rubric.yaml, artifact_type evaluation_rubric, artifact_sha256 (full), artifact_sha256_prefix d748a9e3574e, reviewer worker-089, reviewer_role, assignment_ref audit-r2-A0, assignment_pinned_sha256, artifact_revision (schema_version 0.1; no revision field — note), class_ids (GLOBAL), verdict revise, score, hard_failures [], findings [...] with per-finding adjudication (resolved/unresolved/out of scope + line numbers), checklist {class_leakage, conclusion_inflation, assumption_completeness, decidable_falsifier, fields_two_readers_disagree_on}, falsifier (assignment falsifier), falsifier_status, prior_findings_adjudication (a)-(d), evidence_refs, independence, scope_limits, pin_check before/after hashes.

Let me also capture exact evidence line numbers for each finding:

(a) HF-01:
- A0 lines: 171-174 (HF-01 block), detector line 174.
- audit_lib.py lines 189-191 (`elif ct == "theorem" and not claim.get("artifact_refs")`).
- ledger/theorems.jsonl: 62 rows; 30 with conclusion_type "theorem"; keys list contains no artifact_refs (verified by python: keys sorted list; `artifact-ish keys: []`).
- PROTOCOL.md line 24 (claim event requires artifact_refs for theorem) — the only place artifact_refs is defined; the ledger row schema differs.
Adjudication: unresolved. Line refs [171, 172, 173, 174] + audit_lib.py:189-191 + ledger/theorems.jsonl (all rows).

(b) genericity vocabulary:
- A0 line 21 (checks: "genericity kind + topology"), line 128 (enum {comeager, full_measure, open_dense, codim_ge_1, non_generic_excluded}).
- F1 schemas/af_wcc_vacuum.yaml? Let me check what genericity kind F1 uses. Earlier grep showed residual_comeager in af_scc_c0_vacuum.yaml:158 and sem05 fixture; F1-AMB-10 references af_wcc_vacuum genericity.kind = "residual_comeager". Let me verify af_wcc_vacuum.yaml's genericity kind line number. grep 'kind:' in schemas/af_wcc_vacuum.yaml. Also check af_scc_c2_vacuum.yaml. Let me get exact line numbers.
- VOCAB_ALIASES.json (owner astra-lead-formulation, created 23:32) maps canonical residual_comeager with aliases including comeager.
Adjudication: unresolved at pin: A0's enum lacks residual_comeager and the other frozen canonical tokens (open_dense_escape, finite_codimension_complement, none); A0 does not reference VOCAB_ALIASES.json; strict linter rejects the frozen canonical token, and the alias mapping direction is canonical→aliases (the rubric token "comeager" is an alias, so canonical artifact values fail). Also note "codim_ge_1" isn't even an alias of finite_codimension_complement in the alias map — no bridge at all.

Let me check the vocab alias for finite_codimension_complement: the alias file genericity_kind has residual_comeager, open_dense_escape, full_measure, none — no finite_codimension_complement, no codim_ge_1. So A0's {codim_ge_1, non_generic_excluded} have no mapping at all. Strong.

(c) conclusion promotion:
- A0 lines 63-64 (AF-WCC-VAC-GEN conclusion_primary + conclusion_implied), 113-114 (AF-WCC-SCALAR-SPH), 85 (C2 implication_note as contrast), 129-130 (G-FORM criterion requiring implication note for implied conclusions).
- F1 schemas/af_wcc_vacuum.yaml lines 182 (F1-AMB-15 equivalence test), 246-248 (equivalent_standard_formulation status UNVERIFIED), 311 (unresolved registry), 316, 321-323.
Adjudication: unresolved.

(d) validation.last_run null:
- A0 lines 45-50 (validation block: validator line 47, last_run 48, last_run_result 49, report_sha256 50), comment line 46.
- audit_run.py: does not write the validation block; emits artifact event lines ~181-186 with path artifacts/audit/evaluation_rubric.yaml and validation_status derived.
- VOCAB... no.
Adjudication: unresolved in-artifact; note external reports exist (artifacts/audit/reports/audit-*.json) and audit_run.py emits an artifact event, so a self-test may exist externally, but A0 at the pin declares null and its own comment says "a rubric with no passing self-test is not a gate" (line 46).

Additional findings I found (new, independent):
(e) verifiers.schema_formulation.checks (lines 20-22) vs G-FORM criteria (lines 125-133) not aligned: I+/visibility role by family, extension regularity xor, non-vacuity, falsifier tiering, genericity topology appear in the verifier checks but not in the G-FORM criteria; conversely G-FORM adds "artifact exists and sha256 recorded" (line 133). Also for numerics: verifier checks line 35-36 include "seeds recorded" absent from G-NUM criteria lines 158-163, while G-NUM adds "G-FORM and G-AUDIT passed" (line 158) absent from verifier checks. A linter keyed to one passes what the other fails. Severity: moderate. This is exactly "any field two careful readers would disagree on".
(f) metrics.novel_accepted_coverage line 283 hard-codes "/ 4" instead of len(frozen_classes); adding/removing a class silently misreports coverage. Severity: soft.
(g) no_universal_scalar_score (lines 10-13) declared TRUE by construction while the metrics block defines a portfolio-level scalar `novel_accepted_coverage` (line 282-283) and multiple targets; hmm, that's not really a contradiction of "no universal scalar score across task types". I'd drop it, or mention as out of scope/not a defect. Better not to pad.

Another genuine check: the assignment acceptance mentions "hard_failure_rate <= 0.10" etc. Check the HF taxonomy completeness: HF-01..HF-14 present, ids sequential? Let me verify no duplicate/missing ids. Lines 171-252. HF-01..HF-14 yes.
Check severity values are in {critical, major, minor}: yes.
Check G-AUDIT criteria "reviewer agreement kappa >= 0.60" — but metrics block has no kappa metric defined; `effective_sample_size` covers ESS. Not a defect per se.
Check `frozen_classes[*].forbidden_evidence` for AF-WCC-SCALAR-SPH missing dimension etc? It has all three. AF-WCC-VAC-GEN has 3. Fine.
Check the class AF-SCC-C2-VAC-GEN label says "C2 inextendibility" fine.

One more: A0 line 2 says "requires A1 review" but the gate scope for G-AUDIT is [A1] (line 146) and the assignment is reviewing A0 under G-AUDIT. Not a defect.

Another: HF-05 detector (line 194) "node.status == done AND declared artifact does not exist / hash not recorded" — but there's no detection of hash mismatch; minor.
Another: HF-01 vs PROTOCOL rule 2: PROTOCOL says `conclusion_type: theorem` without artifact_refs is auto-rejected (protocol rule 1). A0's HF-01 matches. The ledger uses conclusion_type "theorem" for literature entries with `author_asserts_supports` and `review_status`; so maybe the ledger's conclusion_type vocabulary reuses "theorem" in a different sense — that's the same class-vocabulary conflict as (a). Good: I can frame (a) as field-scope/vocabulary conflict between A0 HF-01 and the ledger schema. That's a legitimate critical defect: A0's hard-failure detector cannot be applied to 30/62 ledger rows without flagging them all.

Let me get exact line numbers for genericity kind in af_wcc_vacuum.yaml and af_scc_c2_vacuum.yaml. And check `theorem_id` example for evidence reference (e.g., first theorem row id). Also verify the count of artifact_refs=0 and 30 theorem rows (done). Let me capture a machine check output to cite: write a tiny probe script? The acceptance says don't edit the artifact; writing an artifact of my own is allowed (evidence). I could write artifacts/worker-089/a0_conformance_probe.py + report.json to make my claims reproducible. The assignment says write ONLY the JSON verdict file... Let me re-read: "(3) Write ONLY the JSON verdict file named below, then emit ONE review event ... (4) Write one checkpoint ... (5) Exit." Hmm, "Write ONLY the JSON verdict file" likely means among review outputs — don't write other review verdicts. But it might be read strictly: only the verdict file. However, the checkpoint (4) is also a file, so "ONLY the JSON verdict file" refers to the verdict output of step 3 (i.e., don't edit the artifact, don't write extra analysis files in reviews/). To be safe and compliant with stop rule "one verdict file + one review event + one checkpoint, then exit", I should write exactly those three files and nothing else. I can run read-only python probes via bash without persisting them. That's what I've done. Good — no extra artifacts.

But my review cites machine checks; I can cite commands I ran (read-only) with their output in evidence. That's fine — F0-review-19 cited a probe artifact, but I don't need to.

Hmm, one consideration: writing the review file — should `score` be a float. Yes.

Now let me gather the remaining exact line refs. Then write files.

Also, I must re-hash evaluation_rubric.yaml immediately BEFORE and AFTER reading it (done once at start: d748... matches). Let me hash again now (after reads) and also after writing my files to prove no edit. The requirement: sha256 immediately before and after reading. I'll compute before writing and after writing, plus review file records both.

Let me gather genericity kind line numbers.
dsh: reasoning:
All evidence captured. Now I need to decide the verdict content and write the files.

Key facts:
- Pin verified twice: d748a9e3574ebe0c34c22b608ba0bf018d525a644ebff815371c6dcfca055885 (before/after reading) = assignment pin. No moving target.
- Findings adjudication:
  (a) HF-01 key mismatch: UNRESOLVED. A0:174 (detector), PROTOCOL.md:24 (artifact_refs required for theorem claims), ledger/theorems.jsonl 0/62 rows have artifact_refs, 30 rows conclusion_type=theorem (T-101...), audit_lib.py:189-191 applies HF-01 to ledger rows because audit_run.py:216 default scan includes ledger → 30 false criticals; G-AUDIT criterion A0:149 hard_failure_rate ≤ 0.10 is therefore not computable as intended. Also the rubric never defines the record types HF-01 applies to.
  Hmm wait, is it a false critical? The ledger theorem rows are indeed theorem-type statements without artifact refs, but they are literature ledger entries, not claims promoted by the swarm. If HF-01's intent is "no theorem promoted without an artifact", then the ledger rows should not be conclusion_type "theorem" or should carry artifact refs. Either way there's a schema mismatch between A0's HF-01 and the ledger's vocabulary — unresolved.
  (b) genericity vocabulary: UNRESOLVED. A0:21, A0:128 enum {comeager, full_measure, open_dense, codim_ge_1, non_generic_excluded}; canonical frozen token is residual_comeager in schemas/af_wcc_vacuum.yaml:141, af_scc_c2_vacuum.yaml:156, af_scc_c0_vacuum.yaml:158, and VOCAB_ALIASES.json 23:32 maps residual_comeager→aliases including comeager. A0 doesn't bind VOCAB_ALIASES.json; two of A0's tokens (codim_ge_1, non_generic_excluded) have no alias entry at all; the alias direction is canonical→alias, so the frozen canonical value fails A0's literal check. Also F1-AMB-10 (schemas/f1_falsifier_tests.jsonl) records the conflict and calls it resolved only via the external alias map.
  (c) conclusion promotion: UNRESOLVED. A0:63-64 and A0:113-114 declare conclusion_primary future_asymptotic_predictability with implied [completeness_of_I_plus, no_naked_singularity_from_I_plus]; A0:129-130 requires implied conclusions carry an implication note, but neither WCC class has one (contrast AF-SCC-C2 at A0:85); F1 schemas/af_wcc_vacuum.yaml:248 status "claimed equivalence, UNVERIFIED", :311 unresolved registry (conclusion.equivalent_standard_formulation), :316, :323 explicitly "the equivalence to future asymptotic predictability is UNVERIFIED".
  (d) validation.last_run: UNRESOLVED. A0:45-50, comment A0:46 "a rubric with no passing self-test is not a gate"; last_run/last_run_result/report_sha256 all null; audit_run.py does not write the validation block (no last_run write; it emits an artifact event at audit_run.py:181-186 with path artifacts/audit/evaluation_rubric.yaml, validation_status passed/unverified). External reports exist in artifacts/audit/reports/ but the pinned artifact still declares null → the self-test is not bound to the pin.

- New findings:
  (e) moderate: verifier checks vs gate criteria drift. A0:20-22 vs A0:125-133 (I+/visibility role by family, extension regularity xor, non-vacuity, falsifier tiering, genericity topology appear only in verifier checks; "artifact exists and sha256 recorded" only in G-FORM criteria). Same for numerics: A0:35-36 vs A0:158-163 ("seeds recorded" only in verifier checks; "G-FORM and G-AUDIT passed" only in G-NUM criteria). A0 does not state which list is binding for a linter. Two readers disagree.
  (f) soft: A0:283 `novel_accepted_coverage: number of frozen classes with >=1 newly accepted artifact / 4` hard-codes 4 while the class list A0:55-118 is the source of truth; if the frozen set changes, denominator silently wrong. Remedy: len(frozen_classes).

- Checklist:
  class_leakage: pass — A0 has 4 disjoint frozen class IDs (A0:55,69,86,105); G-FORM requires exactly one class_id (A0:125); HF-02 (A0:175-179) forbids unknown/disjoined ids; the C0→C2 implication is recorded with a directional note (A0:82-85,95) and not a merge; no statement disjoins C0/C2. Verified no class-id aliasing in A0 (grep: only the 4 ids).
  Let me verify grep for class ids in A0: AF-WCC-VAC-GEN (line 55), AF-SCC-C2-VAC-GEN (69), AF-SCC-C0-VAC-GEN (86), AF-WCC-SCALAR-SPH (105), plus scope refs [F1,F2],[L0,L1],[A1],[N0,N1]. Fine — I did read the whole file.
  conclusion_inflation: fail_with_findings — finding (c) unresolved: two WCC classes promote implied conclusions whose equivalence F1 marks UNVERIFIED, without the implication note A0 itself requires.
  Actually "fail_with_findings" as a status string? In F0 review they used pass/pass_with_findings/findings_reported. I'll use "confirmed_defect" or "unresolved". Let me use statuses: "pass", "pass_with_findings", "unresolved_findings" — better to stay consistent with established vocabulary: "pass", "pass_with_findings", "fail_with_findings". I'll use those.
  assumption_completeness: pass_with_findings — frozen classes carry forbidden_evidence lists and HF-06; the residual issue is that the WCC implication's missing hypotheses are exactly finding (c).
  decidable_falsifier: pass_with_findings — A0 requires finite checkable falsifiers (A0:131) and defines hard-failure detectors; but its own validation isn't run (finding d), and HF-01's detector is not decidable against the ledger schema (finding a).
  fields_two_readers_disagree_on: findings reported — (a),(b),(c),(e),(f).

- Falsifier of my review (from assignment): "A verdict without a cited hash, an accept that leaves any prior finding unadjudicated, or a rubric edit during the round." → falsifier_status: not_triggered. Also note the assignment's falsifier is stated for the review, not the artifact. I'll also carry the artifact-level falsifier? Not needed.

- Hard failures: [] — no HF-01..HF-14 established against A0 as an artifact; the four prior findings are unresolved defects at the pin, which is why the verdict is revise. Hmm, let me reconsider whether to list HF-02 for finding (c). The HF taxonomy is for claims/artifacts; A0 is a rubric. The review event's hard_failures[] in other reviews lists HF ids found in the target. Given finding (c) is "conclusion inflation", HF-02's name is class_leakage (detector includes conclusion_type not allowed for class). The prior verdicts (per assignment) treated it as a finding, not necessarily a hard failure. Since I can't read their hard_failures, I'll go with [] and explain. That's honest: no HF is established against A0 itself.

Actually wait — is that right? The rubric is an artifact of the swarm, and G-AUDIT criteria (A0:148-153) are used to certify other artifacts. The audit's HF-01 misfire is a defect of the audit tool, not necessarily of A0. But (a) is explicitly a finding against A0 (the pin), per my assignment. The adjudication "unresolved" doesn't require classifying as an HF. Fine: hard_failures [].

- Score: 2.0. Justification: 4 prior findings unresolved (two blocking: conformance key and conclusion promotion), plus 2 new findings; the rubric is structurally sound (class separation passes) but not acceptable at this pin. A score of 2 = revise. Maybe 2.5? The scale: accept=4-5, revise=2-3, reject=0-1. Given four unresolved findings including a critical conformance defect and an unadjudicated conclusion-inflation finding, I'll say 2.0. Keep it.

- Verdict: revise.

Now the outbox event. One line JSON to comms/outbox/worker-089.jsonl. Fields: event_id, event_type "review", created_at, actor, target_id "A0", reviewer "worker-089", verdict "revise", score 2.0, hard_failures [], findings [list of short strings], reviewed_sha256, evidence_refs, node_id? The schema requires only target_id, reviewer, verdict, score, hard_failures, findings (+ the 4 base fields). The assignment explicitly requires reviewed_sha256 (extra field, allowed). I'll include evidence_refs too. Keep findings concise strings (findings in the verdict file are objects; the event findings should be strings per PROTOCOL example style "findings"). Let me use short strings referencing IDs A0-089-01..06.

- Checkpoint: runtime/state/worker-089_A0_checkpoint.json. Contents: checkpoint_id, created_at, worker worker-089, task_id "audit-r2-A0", node_id A0, gate G-AUDIT, class_ids ["GLOBAL"], map_sha256_measured (measure research_map.json hash now), artifacts {evaluation_rubric.yaml: d748..., reviews/A0-review-worker-089.json: hash, comms/outbox/worker-089.jsonl: hash}, reviewed_sha256, pin_check before/after, findings adjudication summary, verdict/score, checks, next_falsifier, global_checkpoint maybe not needed (worker cannot create global checkpoint). Keep to one file. Note: the assignment says checkpoint under runtime/state/<you>_<target>_checkpoint.json → runtime/state/worker-089_A0_checkpoint.json. Good.

Need map_sha256_measured: hash research_map.json at checkpoint time (read-only). Also, is there an existing worker-089 checkpoint? The assignment says write one; check if file exists — no. Also note the inbox worker-089.jsonl was sent at 00:44; there may be a previous checkpoint from an earlier round of worker-089? Let me check runtime/state for worker-089 files. Also check comms/outbox/worker-089.jsonl exists (maybe from earlier work) — if it exists, I must append (one line) rather than overwrite. Let me check.

Important: the assignment says "emit ONE review event to your own outbox". If the outbox file already exists with content (e.g., status events from this worker earlier), appending one line keeps it one event from this round. Let me check.

Also need JSON validity of the verdict file: I'll write with python json.dump to guarantee validity, or write tool with careful JSON. Better: use write tool for the file (readable), then validate with python. Since the write tool writes literal content, I must ensure valid JSON. I'll construct it via python for safety? The instruction says use write tool to create files. I can use write and then validate. I'll write the JSON content carefully.

Let me first check existing files.
dsh: reasoning:
comms/outbox/worker-089.jsonl already exists (43493 bytes) — from earlier rounds. I must APPEND my one review event, not overwrite. The write tool fully replaces files, and edit requires reading first. Better to append with bash `cat >>` or python. The instruction says use write tool to create files or completely replace; for appending, bash is appropriate. But careful: file writes with bash are allowed under workspace-write. The sandbox note says "landlock-run: partial enforcement" — earlier commands wrote nothing. Let me test appending.

Actually, to be safe and to guarantee JSON validity, I'll write the event line to a temp file... but "Write ONLY the JSON verdict file" — hmm. The stop rule: one verdict file + one review event + one checkpoint. Creating a temp file then deleting is fine but adds churn. I can generate the event JSON via python inline and append directly:

python3 - <<'EOF'
import json
ev = {...}
with open('comms/outbox/worker-089.jsonl','a') as f:
    f.write(json.dumps(ev, sort_keys=True)+"\n")
EOF

That both validates and appends. But must ensure the file ends with newline; check tail. Let me check the last byte of the outbox file. If it ends with newline, append is clean.

Also I should check what's in the existing worker-089 outbox to avoid duplicating/conflicting ids and to see prior task context (this is my own agent id's file, not other reviewers' verdicts for A0). But careful: the outbox may contain A0-related content? It's worker-089's own prior output — if worker-089 previously reviewed A0 (this file's existence and the assignment r2 suggests round 1 assignments), then reading it might expose "another reviewer's verdict for this target"? No — it's my own agent's prior output; but the acceptance says "you may NOT read any other reviewer's verdict for this target". If worker-089 already wrote an A0 verdict in round 1, that's my own predecessor (same agent id), not another reviewer. But the assignment says "The three on-disk verdicts are revises" and lists reviews/A0-review-21.json, A0-review-22.json, A0-review-lead-audit-r2.json — those are the three. So worker-089's outbox is probably round-1 work on something else. Reading it could still bias but it's my own log; safer to just check the last line's target ids and event ids to avoid collision without reading A0 verdict text. Let me grep the existing worker-089 outbox for target_id values only, to see whether any A0 review exists there. If it does, I still must write my own verdict (the assignment explicitly says reviews/A0-review-worker-089.json must be written; if it existed, ls showed it doesn't). Fine.

Let me check: grep -o '"target_id": "[^"]*"' | sort -u, and last line tail. This avoids reading verdict content.

Then write the three files.

Order per assignment:
1. Write reviews/A0-review-worker-089.json (verdict file).
2. Emit one review event to outbox (append).
3. Write checkpoint runtime/state/worker-089_A0_checkpoint.json (include hash of verdict and outbox event line? The checkpoint should pin the verdict file sha256; the outbox event line's hash can't be in the event itself — circular. I can include it in the checkpoint, computed after appending).
4. Re-hash evaluation_rubric.yaml after writing to prove no edit, and include in checkpoint.

Also the checkpoint should include the "artifact hashes" of my outputs.

Let me think about the verdict JSON content carefully.

```json
{
  "review_id": "A0-review-worker-089-20260912T0051",
  "event_id": "worker-089-A0-review-20260912T0051",
  "target_id": "A0",
  "artifact": "evaluation_rubric.yaml",
  "artifact_type": "evaluation_rubric",
  "artifact_sha256": "d748a9e3574ebe0c34c22b608ba0bf018d525a644ebff815371c6dcfca055885",
  "artifact_sha256_prefix": "d748a9e3574e",
  "reviewed_sha256": "d748...",
  "pin_check": {
    "assignment_pin": "d748...",
    "measured_before_read": "d748...",
    "measured_after_read": "d748...",
    "measured_after_verdict_written": "d748...",
    "match": true
  },
  "artifact_revision_note": "no revision field in A0; schema_version 0.1 (line 5); controller pass-04 records A0 at d748a9e3574e",
  "reviewer": "worker-089",
  "reviewer_role": "blind independent G-AUDIT reviewer; not an author of A0",
  "assignment_ref": "audit-r2-A0 (comms/inbox/worker-089.jsonl, created 2026-09-12T00:44:18+08:00)",
  "assignment_pinned_sha256": "d748...",
  "class_ids": ["GLOBAL"],
  "verdict": "revise",
  "score": 2.0,
  "hard_failures": [],
  "prior_findings_adjudication": [ four entries ],
  "findings": [ six entries ],
  "checklist": {...},
  "falsifier": "...",
  "falsifier_status": "not_triggered",
  "evidence_refs": [...],
  "independence": {...},
  "scope_limits": "..."
}
```

The prior findings adjudication entries:
1. id "A0-089-A", prior_finding_id "HF-01-conformance-artifact_refs", status "unresolved", severity "critical", line_refs [171,174], evidence/why, remedy.
2. id "A0-089-B", "G-FORM-genericity-vocabulary", status "unresolved", severity "critical"? The prior verdicts treated as revise finding. Is it critical? A strict linter would reject every frozen schema whose genericity kind is the canonical residual_comeager — that blocks G-FORM. I'd call it major/critical. Let me set severity "major" (vocabulary mismatch; resolvable by referencing alias map) — hmm, it does block gate conformance. But the finding's status "unresolved" is what matters. I'll use "major" for B, "critical" for A and C, "major" for D (self-test null blocks promotion).
   Actually, be careful: severity inflation. A (HF-01 key) = critical: systematic false criticals break the G-AUDIT metric. B = major. C = critical (conclusion promotion of an equivalence F1 marks UNVERIFIED). D = major (validation null: A0's own comment says not a gate).
3. C: "conclusion_primary-promotes-unverified-equivalence" unresolved.
4. D: "validation-last_run-null" unresolved.

New findings:
5. A0-089-E moderate: verifier checks vs gate criteria binding ambiguity.
6. A0-089-F soft: novel_accepted_coverage hard-codes /4.

For each finding include: id, severity, field, line_refs, finding, evidence, remedy.

Evidence refs list:
- "evaluation_rubric.yaml#sha256:d748a9e3574e"
- "comms/PROTOCOL.md#sha256:..." need protocol hash? ASTRA_HANDOFF says protocol 1e6cdf04d7a2. Let me compute sha256 of comms/PROTOCOL.md — hmm, the map says protocol hash 1e6cdf04d7a2 (prefix). I can compute it myself. Let me do it and also ledger/theorems.jsonl hash? Not needed; cite path:line and counts.
- "ledger/theorems.jsonl:row-T-101..T-201 (30 of 62 rows conclusion_type=theorem; 0 rows carry artifact_refs)" — cite as path + line numbers? The file is JSONL; reading line numbers: row 1 is T-101? Let me compute line numbers of theorem rows: I can get actual line numbers for a couple of examples. Not strictly needed, but good evidence. Let me compute the line numbers of the first and last theorem rows.
- "artifacts/audit/audit_lib.py:189-191"
- "artifacts/audit/audit_run.py:216 (default --scan includes ledger), 181-186 (artifact event for A0)"
- "schemas/af_wcc_vacuum.yaml:141, 248, 311, 316, 323"
- "schemas/af_scc_c2_vacuum.yaml:156"
- "schemas/af_scc_c0_vacuum.yaml:158"
- "artifacts/formulation/VOCAB_ALIASES.json (genericity_kind map; created 2026-09-11T23:32:53)"
- "schemas/f1_falsifier_tests.jsonl:10 (F1-AMB-10)"
- "comms/PROTOCOL.md:24,46"

Also the machine checks I ran (read-only): rubric sha256 before/after; python field census on ledger; grep census. Cite as "read-only probe (worker-089, no artifact written)".

Independence: author_of_target false; prior_verdicts_read: "none — reviews/A0-review-21.json, A0-review-22.json, reviews/A0-review-lead-audit-r2.json were not opened; the four findings adjudicated here were supplied inside the assignment card comms/inbox/worker-089.jsonl"; input_hashes_read: rubric, F1 schemas, ledger, audit_lib/audit_run, PROTOCOL, VOCAB_ALIASES (all pinned by hash where cited).

scope_limits: verdict binds only evaluation_rubric.yaml at d748...; does not edit the rubric; does not set gate verdicts or node status; advisory if hash moves; GLOBAL class_id because asset is cross-class.

Now, the checklist.

class_leakage:
 status "pass"
 evidence: "A0 defines exactly 4 class ids (lines 55, 69, 86, 105); G-FORM requires exactly one class_id (line 125); HF-02 (lines 175-179) forbids unknown/disjoined class ids and conclusion_type not allowed for class; the only C0/C2 co-occurrence is a directional implication with an explicit note (lines 82-85, 95), not a merged statement. Read-only grep over A0: only the 4 frozen ids appear."

conclusion_inflation:
 status "fail_with_findings"
 evidence: "Finding A0-089-C: A0:63-64/113-114 promote [completeness_of_I_plus, no_naked_singularity_from_I_plus] under conclusion_primary future_asymptotic_predictability with no implication_note, while F1 af_wcc_vacuum.yaml:248 marks the equivalence 'claimed equivalence, UNVERIFIED' and lines 311/316/323 register it unresolved; A0:129-130 requires an implication note for implied conclusions (present for SCC-C2 at A0:85 only)."

assumption_completeness:
 status "pass_with_findings"
 evidence: "Each frozen class carries forbidden_evidence (A0:65-68, 79-84, 96-99, 115-118); HF-06 (A0:195-199) covers assumption smuggling. The residual gap is the unverified equivalence in finding C whose hypotheses are not recorded; no class axis value is contradicted."

decidable_falsifier:
 status "pass_with_findings"
 evidence: "A0 requires a finite, checkable falsifier in the stated topology (line 131) and defines 14 binary HF detectors (171-252). At this pin two detector-level defects make conformance not decidable as written: HF-01 keys on claim.artifact_refs, absent from all 62 ledger rows including the 30 theorem rows (finding A), and A0's own validation run is null (finding D)."

fields_two_readers_disagree_on:
 status "findings_reported"
 evidence: "A (HF-01 record-type scope), B (genericity enum vs canonical frozen token set), E (verifier checks vs gate criteria binding list), F (/4 denominator vs frozen_classes cardinality)."

Now the verdict file must be valid JSON. I'll write it with the write tool, then validate with python -m json.tool. Since it's long, careful with quotes.

Also: score 2.0 — verdict revise.

For the outbox event findings strings, keep concise:
["A0-089-A unresolved: HF-01 conformance reads claim.artifact_refs absent from all 62 ledger rows (30 theorem rows) -> audit_lib.py:189-191 fires critical on all of them (A0:174).",
 "A0-089-B unresolved: G-FORM genericity enum (A0:128) excludes canonical frozen token residual_comeager (af_wcc_vacuum.yaml:141); alias map VOCAB_ALIASES.json not bound by A0.",
 "A0-089-C unresolved: A0:63-64/113-114 promote completeness_of_I_plus + no_naked_singularity_from_I_plus while F1:248/323 marks the predictability equivalence UNVERIFIED; no implication_note though A0:129-130 requires one.",
 "A0-089-D unresolved: validation.last_run/last_run_result/report_sha256 null (A0:48-50).",
 "A0-089-E moderate: verifier checks (A0:20-22,35-36) and gate criteria (A0:125-133,158-163) diverge; no binding list stated.",
 "A0-089-F soft: novel_accepted_coverage hard-codes /4 (A0:283) instead of len(frozen_classes)."]

Include reviewed_sha256 in the event. Also event_id unique: "w089-a0-r2-20260912T005200+0800-review".

Let me check the tail of the existing outbox file ends with newline. And get the last event id to avoid collision.

Also, the checkpoint: created after the event so it can include the outbox line hash? The event's sha256: I can hash the last line. Simpler: checkpoint includes my outputs' sha256 (verdict file) and the outbox file line count + last event id. Fine.

Let me also get the line numbers of theorem rows in ledger for citation. And PROTOCOL.md sha256.

Let's go.
dsh: reasoning:
Good. My prior outbox has no A0 review targets, so no conflict, and no prior A0 verdict from me. The file ends with a newline.

Now write the verdict JSON. Let me build it carefully.

Line refs for HF-01 block: lines 171-174. Let me confirm: 171 `- id: HF-01`, 172 name, 173 severity, 174 detector. Yes.

Genericity: A0 line 21 (checks list with "genericity kind + topology" spanning lines 20-22), line 128 enum.
WCC classes: 63-64 (AF-WCC-VAC-GEN), 113-114 (SCALAR-SPH), 85 (C2 implication_note), 129-130 (G-FORM criterion).
Validation: 45-50.
Verifier vs gate drift: 20-22 vs 125-133; 35-36 vs 158-163.
novel_accepted_coverage: 282-283.
HF taxonomy: 170-252.

F1 evidence: schemas/af_wcc_vacuum.yaml:141 (genericity kind residual_comeager), 246-248 (equivalent_standard_formulation + status), 311 (unresolved list entry), 316, 321-323.
Actually line 311 is `- {concept: "definition of future asymptotic predictability and its relation to this schema's conclusion", identifier: null, status: unresolved, needed_for: "conclusion.equivalent_standard_formulation"}`. Line 316 is `- "equivalence with future asymptotic predictability"` within a list. Lines 321-323 are unresolved bullet items. Good.

C2: schemas/af_scc_c2_vacuum.yaml:156. C0: schemas/af_scc_c0_vacuum.yaml:158.
VOCAB_ALIASES.json: file created 23:32:53 by astra-lead-formulation; genericity_kind.residual_comeager aliases [baire_residual, provisional_baire_residual, residual, comeager]; contains no entry for codim_ge_1 or non_generic_excluded; has no finite_codimension_complement key.

F1-AMB-10 at schemas/f1_falsifier_tests.jsonl:10.

audit_lib.py:189-191; audit_run.py:216 default scan; audit_run.py:181-186 artifact event for A0 (from the earlier sed output, lines 181-186 are events.append artifact rubric — let me be precise: the sed showed lines 150-220; the artifact append was around line 180-186. Let me verify exact lines.

Let me quickly grep -n for 'audit-artifact-rubric' and 'default=["artifacts"'.

Then write files.
dsh: reasoning:
Now I'll write the verdict file. Let me construct the JSON carefully. I'll use the write tool.

One thing to double check: reviews/A0-review-worker-089.json — the assignment says that exact path. Good.

Let me compose the JSON.

Also note "artifact_sha256_prefix" convention is 12 hex chars: d748a9e3574e. Good.

Verdict file content:

{
 "review_id": "A0-review-worker-089-20260912T0053",
 "event_id": "w089-a0-r2-20260912T0053-review",
 "target_id": "A0",
 "artifact": "evaluation_rubric.yaml",
 "artifact_type": "evaluation_rubric",
 "artifact_sha256": "d748a9e3574ebe0c34c22b608ba0bf018d525a644ebff815371c6dcfca055885",
 "artifact_sha256_prefix": "d748a9e3574e",
 "reviewed_sha256": "d748a9e3574ebe0c34c22b608ba0bf018d525a644ebff815371c6dcfca055885",
 "pin_check": {
   "assignment_pin": "d748a9e3574ebe0c34c22b608ba0bf018d525a644ebff815371c6dcfca055885",
   "measured_before_read": "d748...",
   "measured_after_read": "d748...",
   "measured_after_outputs": "d748...",
   "match": true,
   "note": "artifact not edited by this review; rubric has no revision field, schema_version 0.1 (line 5)"
 },
 "reviewer": "worker-089",
 "reviewer_role": "blind independent G-AUDIT reviewer; not an author of A0",
 "assignment_ref": "audit-r2-A0 (comms/inbox/worker-089.jsonl, created_at 2026-09-12T00:44:18+08:00)",
 "assignment_pinned_sha256": "d748...",
 "class_ids": ["GLOBAL"],
 "verdict": "revise",
 "score": 2.0,
 "hard_failures": [],
 "prior_findings_adjudication": [...],
 "findings": [...],
 ...
}

For prior_findings_adjudication, each entry:
{
 "finding_ref": "prior-(a)",
 "finding": "HF-01 conformance reads claim.artifact_refs which is absent from ledger rows",
 "status": "unresolved",
 "severity": "critical",
 "line_refs": {"evaluation_rubric.yaml": [171,172,173,174], "ledger/theorems.jsonl": [7,8,11,62], "artifacts/audit/audit_lib.py": [189,190,191], "artifacts/audit/audit_run.py": [216], "comms/PROTOCOL.md": [24]},
 "why": "...",
 "remedy": "..."
}

Careful about backticks etc. JSON strings fine.

Let me be precise about the ledger claim: "0 of 62 rows carry artifact_refs; 30 of 62 rows declare conclusion_type: theorem (first at line 7 T-101, last at line 62 T-529)". Good.

For (b): "unresolved". Evidence: A0:21, A0:128; F1 schemas/af_wcc_vacuum.yaml:141; C2:156; C0:158; VOCAB_ALIASES.json (genericity_kind; astra-lead-formulation, created 23:32:53); F1-AMB-10 schemas/f1_falsifier_tests.jsonl:10. Why: canonical token used by all three frozen schemas is residual_comeager; A0's enum has neither it nor the other canonical tokens open_dense_escape/finite_codimension_complement/none; VOCAB_ALIASES maps canonical→aliases (comeager is an alias of residual_comeager) so an artifact carrying the canonical value fails A0's literal check; A0 does not cite the alias file; codim_ge_1 and non_generic_excluded have no alias entry at all. Remedy: import the canonical vocabulary from the frozen alias map, enumerate canonical tokens + alias policy, and cite VOCAB_ALIASES.json#sha256.

(c): unresolved, critical. Evidence: A0:63,64,113,114,85,129,130; F1 248,311,316,321,322,323. Why: A0 promotes implied conclusions that depend on an equivalence F1 marks UNVERIFIED; A0's own criterion requires implication notes for implied conclusions but only SCC-C2 has one; G-FORM acceptance of F1 as written would bless unverified equivalence at the class level. Remedy: add implication_note recording the equivalence status UNVERIFIED and the L1 dependency, or drop the implied conclusions.

(d): unresolved, major. Evidence: A0:45,46,47,48,49,50; audit_run.py:180,185 (emits artifact event, not the validation block; grep 'last_run' has no write). Why: A0's comment line 46 says a rubric with no passing self-test is not a gate; last_run/last_run_result/report_sha256 null at pin; external reports exist but are not bound to the pin. Remedy: run artifacts/audit/audit_run.py, record last_run/last_run_result/report_sha256 at the pinned bytes (via artifact event, not mutation after freeze — actually remedy should say: record the run in the validation block before the next freeze).

New findings:
(e) moderate: field "verifiers.*.checks vs gates.*.criteria". line refs A0 [20,21,22,35,36,125,126,...,133,158,...,163]. Why: two non-identical binding lists; A0 never says which governs; checkers keyed to one pass what the other rejects. remedy: state binding set / derive gate criteria from verifier checks.
(f) soft: field "metrics.novel_accepted_coverage.definition". line refs [282,283,55,69,86,105]. Why hard-coded /4. remedy len(frozen_classes).

Checklist entries as above.

falsifier: "A verdict without a cited hash, an accept that leaves any prior finding unadjudicated, or a rubric edit during the round." (assignment falsifier). falsifier_status: "not_triggered" with note: all four prior findings adjudicated with line refs; hash cited and re-measured unchanged.

evidence_refs: list.

independence: author_of_target false; prior_verdicts_read: "none: reviews/A0-review-21.json, reviews/A0-review-22.json and reviews/A0-review-lead-audit-r2.json were not opened before this verdict was written; all four adjudicated findings were supplied in the assignment card"; artifacts_read list.

scope_limits: text.

I'll now write it. Note the JSON must not contain literal newlines inside strings; write tool content will have proper JSON with newlines between tokens only. I'll write it as pretty JSON.

Also add "machine_checks" describing the read-only probes (hash + census) since that's my evidence generation.

Let me write the file.
dsh: reasoning:
Now validate the JSON and hash it. Then append the review event to the outbox. Then write the checkpoint.

Note: I should double check the claim "223/269 records" for map claims artifact_refs — I did compute that earlier: claims with artifact_refs: 223, n=269. Good.

Also check "grep for last_run in audit_run.py returns no write site" — I ran `grep -n 'last_run' artifacts/audit/audit_run.py` and it returned nothing (the output showed only lines 180/185 for the first grep; the second grep printed nothing). Good.

Now validate JSON.
dsh: reasoning:
Now append the review event to comms/outbox/worker-089.jsonl. Build with python to guarantee validity, and validate with schemas.validate_event before appending. Let me include the required review fields + reviewed_sha256 + evidence_refs.

Event:
{
 "event_id": "w089-a0-r2-20260912T0053-review",
 "event_type": "review",
 "created_at": "2026-09-12T00:53:00+08:00",
 "actor": "worker-089",
 "target_id": "A0",
 "reviewer": "worker-089",
 "verdict": "revise",
 "score": 2.0,
 "hard_failures": [],
 "findings": [6 strings],
 "reviewed_sha256": "d748...",
 "artifact": "evaluation_rubric.yaml",
 "node_id": "A0",
 "gate": "G-AUDIT",
 "class_id": "GLOBAL",
 "evidence_refs": ["reviews/A0-review-worker-089.json#sha256:9cade89e600c", "evaluation_rubric.yaml#sha256:d748a9e3574e"]
}

The schema validator requires target_id, reviewer, verdict, score, hard_failures, findings. Fine. Time: current time is ~00:53. Use actual current time. I'll generate with date to be accurate.

Then append. Then compute the last line hash and line count for the checkpoint.

Wait: created_at should reflect now. Let me get it in the python script.

Then the checkpoint file: runtime/state/worker-089_A0_checkpoint.json with:
- checkpoint_id: "w089-a0-ckpt-<stamp>"
- created_at
- worker worker-089
- task_id audit-r2-A0
- node_id A0
- gate G-AUDIT
- class_ids ["GLOBAL"]
- map_sha256_measured f06d40a8... (measure fresh at checkpoint time)
- reviewed_sha256 d748...
- pin_check {before, after, match}
- verdict revise, score 2.0
- findings: statuses summary
- artifacts {reviews/A0-review-worker-089.json: hash, comms/outbox/worker-089.jsonl: hash of file after append? better hash of the appended line? I'll include both: outbox_line_sha256 and outbox_file_sha256}
- events [the one review event id]
- checks summary
- result
- next_falsifier
- authority note: no gate/node verdict claimed

Then final: re-hash rubric + verify no other files touched. Also verify with `git status --short` maybe to show only intended changes (repo is git). Could be noisy. Let me do git status on those paths only. Actually the workspace has many concurrent writers; git status will be noisy. Just verify my three files and the rubric hash.

Let me append the event and capture the line.
dsh: reasoning:
Event appended and validated. Now write the checkpoint file. Include the outbox line sha256 and file sha256, plus the verdict file sha256, the pin re-measured, map sha256 measured.

Let me compute the map hash fresh at checkpoint and write the checkpoint with python (to guarantee JSON). But the instructions say use write tool for files — I've used write for the verdict; for the checkpoint, using python is also a file creation. The instruction says "Use the write tool to create files or completely replace file contents." Better to use the write tool for the checkpoint too. But the checkpoint contains hashes that I have: verdict 9cade89e..., outbox line 297563e9..., outbox file 4f5b5709..., map f06d40a8... — I should re-measure map hash at checkpoint time to be accurate. Let me measure then write.

Also the checkpoint content should be a valid record; let me include everything important.

Let me measure the map hash and rubric hash one more time, then write.
dsh: reasoning:
Map hash moved (f06d40a8 → ed28b714) because other agents are actively writing events. That's fine; note that map is live. For the checkpoint, record map_sha256_measured = ed28b714... with a note that the map is live and the A0 pin d748 is the binding artifact.

Now write the checkpoint file via write tool.

Content:
{
 "checkpoint_id": "w089-a0-r2-ckpt-20260912T0054",
 "created_at": "2026-09-12T00:54:00+08:00" (I'll use the actual time; approximate is fine but let me use current),
 "worker": "worker-089",
 "task_id": "audit-r2-A0",
 "node_id": "A0",
 "gate": "G-AUDIT",
 "class_ids": ["GLOBAL"],
 "assignment_ref": "comms/inbox/worker-089.jsonl (audit-r2-A0, created 2026-09-12T00:44:18+08:00)",
 "reviewed_artifact": "evaluation_rubric.yaml",
 "reviewed_sha256": "d748...",
 "pin_check": {...},
 "verdict": "revise",
 "score": 2.0,
 "hard_failures": [],
 "findings_status": {"prior-(a)": "unresolved", ...},
 "artifacts": { "reviews/A0-review-worker-089.json": "9cade...", "comms/outbox/worker-089.jsonl": "4f5b..." },
 "outbox_event": {"event_id": ..., "line_sha256": "2975...", "file_lines": 33},
 "map_sha256_measured": "ed28b714...",
 "map_note": "live map; hash re-measured at checkpoint time; A0 pin d748 is the binding review target",
 "probes": [...],
 "result": "...",
 "next_falsifier": "...",
 "authority": "worker event only; no gate verdict, node status, or validation_status claimed; artifact not edited"
}

Then final verification: re-hash rubric (should be d748), validate checkpoint JSON, confirm the three files exist, confirm no edits to the rubric. Then exit — final message with summary.

Let me get current time for created_at. It's about 00:54. I'll run date and use it. Let me write the checkpoint with a bash-generated timestamp? The write tool needs literal content. I'll use the time from the last command ~00:54; let me just use "2026-09-12T00:54:30+08:00". Actually accuracy: run date -Is now.
dsh: reasoning:
Now final verification:
1. Validate checkpoint JSON.
2. Confirm the three outputs exist with hashes.
3. Re-hash rubric (must be d748, unchanged).
4. Confirm I didn't read A0 review files (I didn't).
5. Ensure outbox has exactly one new review event for A0 from me (grep count target_id A0 in last line... the earlier grep showed no A0 targets before; now 1).
6. Confirm no extra files created (reviews dir only A0-review-worker-089.json new; runtime/state only worker-089_A0_checkpoint.json new).

Then final answer summary.
dsh: reasoning:
All deliverables done:
1. reviews/A0-review-worker-089.json — valid JSON, sha256 9cade89e...
2. comms/outbox/worker-089.jsonl — one appended review event (target A0, revise, score 2.0, reviewed_sha256), validated against schemas.py.
3. runtime/state/worker-089_A0_checkpoint.json — valid JSON, sha256 9c693b9f...

Rubric unchanged at pin d748a9e3574e. Prior A0 review files untouched (not read). Exit.

Final answer: concise summary with the required elements (IDs, evidence hash, falsifier), noting checkpoint and exit. Keep it short since this is a bounded worker task.
