Bounded worker lifecycle complete — **worker-082**, one class-bound task, checkpointed, exiting.

## Task taken
No inbox card existed for worker-082 (`comms/inbox/worker-082.jsonl` absent), so I inspected the live map/gates and took **one** bounded class-bound task:

- **task_id:** `W082-A1-XTARGET-INDEP-CENSUS-01`
- **node/gate:** `A1` / `G-AUDIT`
- **classes:** `AF-WCC-VAC-GEN` (F1), `AF-SCC-C2-VAC-GEN` (F2a), `AF-SCC-C0-VAC-GEN` (F2b)
- **question:** at the live post-repair bytes (now FROZEN rev29 pins), which reviewer verdicts actually *bind* those bytes, how many are independent after channel-copy collapse, same-text dedup (Jaccard ≥ 0.50), author exclusion, and does the A1 "two independent full-schema verdicts" criterion hold?

## Result (snapshot 01:10:18–01:12:08 +08:00, drift = False)
| target | measured canonical sha256 | binding accepts | criterion |
|---|---|---|---|
| F1 | `d9cebb9404b2e79ef9…` | 9 components, 2 full-schema flags | **accept 4.0** |
| F2a | `e9a27996dfd308bd6d05…` | 3 components, 3 full-schema flags | **accept 4.0** |
| F2b | `b2ab6acb2bbe7f8690…` | 6 components, 2 full-schema flags | **accept 4.0** |

FROZEN rev29 (`815e08079aef…`) pins all three measured hashes; no schema or manifest drift during the window. These are worker coverage verdicts only — not gate verdicts, node status, or validation.

## Evidence (hash-pinned)
- `artifacts/worker-082/a1_xtarget_census/report.json` — `9651c42845c0e6d1d26e6f3d0a67234d5ccc42f2ed2d03d39bba8fa4dea4fcc5`
- `artifacts/worker-082/a1_xtarget_census/REVIEW-A1-XTARGET-082.json` — `be66be532602554c7787305adf0126f5c2d0959131ceb5b55623b561adf40178`
- instrument (frozen, cited sha matches disk) — `2e3d12aa0bb6f2440c288ff17bc9cc138c9ec35aec3d0f91acb3660477de1c18`
- snapshots under `…/snapshots/` re-hash to the three pins; manifest `SNAPSHOT_MANIFEST.json`
- 10 outbox events, all schema-valid: `w082-a1xt-9651c42845c0-*` (status ×2, artifacts ×3, reviews ×3, claim, erratum)

## Falsifier
Re-run `harvest_a1_xtarget_census.py` against the archived snapshots: the record is void if a primary-hash-bound verdict is missed, two accepting reviewers at the same measured sha256 reach Jaccard ≥ 0.50, an accepting reviewer is an author, or schema bytes drift.

## Checkpoint
`runtime/state/w082_a1_xtarget_checkpoint.json` (`w082-a1xt-ckpt-20260912T0112080800`, result `{F1: accept, F2a: accept, F2b: accept}`) + append-only log `w082_a1_xtarget_checkpoints.jsonl`.

## Erratum emitted (self-caught defects)
Two earlier batches were already ingested and are explicitly superseded by `w082-a1xt-9651c42845c0-erratum-stale-set` (19 stale ids): batch A counted worker-074's `w074selftest_*` synthetic fixtures (worker-900…906 plus a fake author accept); batch B had correct measurement but its review ids lacked the report digest and were deduped away. The final instrument fixes fixture-path exclusion, non-protocol verdict handling, drift comparison, and content-keyed event ids. Exiting now.
