Lifecycle complete. Report:

## Group `numerics` — lead lifecycle report

**State read.** `HANDOFF.md`, `comms/PROTOCOL.md`, `research_map/ASTRA_HANDOFF.md`, live map (`e92d9968742ecf4e`), my 8-item inbox queue, and the N0 evidence tree. `numerics_lock = locked`; N1 queued; N0 active. All five gates `pending`.

### Independently verified (not taken on report)

| Check | Result |
|---|---|
| Lock guard, self-test + real run | **PASS**, `violations=[]`, `numerics/spherical_solver` absent, no N1 artifact |
| Verifier re-run (redirected to `/tmp`, pinned file **not** overwritten) | reproduced **every** number: lffd 1.995770 / cnfd 1.993478 / cnfem 1.986324; own drifts 3.38e-15 / 1.11e-14 / 2.04e-14 |
| Lead's own LSQ fit from raw rows, 3-rung **and** 4-rung | matches declared `fit_order` and `delta` to <1e-9 for all six combinations |
| `numerics.gates --check` | runs (old AttributeError gone), `N1_BLOCKED`, `order_agreement.agreed=true`, `accepting_reviews=[]` |

### Two hash drifts found — both material

1. **Audit review binds a superseded protocol.** `reviews/G-NUM-protocol-review.json` (`revise`, score 4.0, no hard failures) is pinned to `01b20724`, the **pre-rev-2** protocol. Its C1/C3 gaps are already closed by rev 2; C2 was still open.
2. **Taxonomy drifted** `66bf917b → 565a6e50` after the FIXED run verified it. The class binding stays provisional and is **not** re-established; the order numbers are unaffected (they depend on the frozen module `8ade1cdc` and run `6542db93`).

### Work landed (one lifecycle)

- **`numerics/CONVERGENCE_PROTOCOL.md` rev 3** (`1e6cdf04d7a2`) — §3.2/§3.8/§6 now require **≥4 rungs for order certification** (3 rungs = supporting diagnostic only). This closes audit finding **C2 on the protocol side, which I own**, rather than silently amending the rubric. Revision log records it.
- **`numerics/tests/n0_gate_proposal.json`** (`58a175b5`) — lead-owned, hash-pinned adjudication. States explicitly that the certified order is the **four-rung fit of all three schemes** (lffd 1.9966 / cnfd 1.9954 / cnfem 1.9889; max pairwise |Δp| 0.00776 vs R5 bound 0.25), and that the invariant used is **each scheme's own R1/R2 structural functional** (leapfrog staggered; average-acceleration; P1-FEM discrete energy) — with the harness leapfrog functional explicitly demoted to a labelled cross-check.
- **cnfd 6.6e-8 justified, not threshold-moved:** it is the *leapfrog* functional on a CN trajectory (cross-functional mismatch, order ≈3.8–4.0); cnfd's own drift is 1.11e-14. The old fixed 1e-8 gate was resolution-arbitrary (fails at dr=0.05, passes at dr=0.025, scheme unchanged).
- **`numerics/blockers.md`** updated to the rev-3 hash and current review status.
- **Checkpoint metadata de-staled**: `next_action`/`blocks` now derive from live `numerics.gates` output; two checkpoints written.
- **8 structured events** emitted to `comms/outbox/astra-lead-numerics.jsonl` (3 artifact, 2 status, 2 blocker, 1 lead review) — all schema-valid, awaiting controller ingest.

### Blockers reported (not silently absorbed)

1. **No accepting protocol review at the protocol of record** *(high, owner `lead-audit`)* — the only verdict is `revise` pinned to the pre-rev-2 hash. An **accept** verdict at `numerics/CONVERGENCE_PROTOCOL.md#1e6cdf04d7a2` is the single remaining numerics-side condition. Nobody in numerics may self-review.
2. **C4 registration** *(medium, owner controller/Astra)* — `6542db93eebc5095` is absent from `runtime/state/artifact_hashes.json`.

**Recommendation to Astra: G-NUM → `pending`**, `pass` if the two named conditions close. Two of three gate criteria are met and independently reproduced; recommending pass now would pass a gate whose own "protocol reviewed" criterion is unmet. **N1 stays locked regardless** — it additionally needs G-FORM and G-AUDIT pass.

Exiting after this lifecycle.
