**worker=033 — one class-bound task taken, executed, emitted, checkpointed, exiting.**

## Task taken
`W033-INBOX-BACKING-CENSUS-01` — authority-backing census of all `comms/inbox/*.jsonl` (45 files / 211 lines) with blast radius scoped to the open G-FORM r3 round (`AF-WCC-VAC-GEN;AF-SCC-C2-VAC-GEN;AF-SCC-C0-VAC-GEN`; nodes F1,F2a,F2b,A1; gates G-FORM/G-AUDIT). Self-selected: no inbox card exists for slot 033, and CF-30's quarantine covered only 4 lines. Freeze `2026-09-12T01:15:36+08:00`.

## Headline result (15/15 controls, verify-mode digest match)
| classification | lines |
|---|---:|
| accepted-stream-backed | 162 |
| controller-quarantined (CF-28/CF-30) | 4 |
| unbacked | 43 |
| malformed | 1 |
| non-protocol | 1 |

**W033-IBC-HF-01 — the CF-30 batch is incomplete.** Two byte-identical forged cards (`astra-classsep-stabilize-0118`, actor `astra`) were appended at **01:12:31** to `comms/inbox/astra-lead-audit.jsonl:31` and `comms/inbox/astra.jsonl:4`, claiming `created_at 01:18:00` (future-dated), and addressed to `astra-lead-audit` — the G-FORM r3 verification owner. The id is in **no** accepted event, **no** controller lifecycle output (including the 01:12:39 pass), **no** quarantine record, **no** outbox. Emission invariant: 130/130 genuine `actor=astra` cards are accepted-stream-backed and content-intact — zero false positives.

**W033-IBC-HF-02 — blast radius.** 4 of 6 well-formed forged cards target the r3 owner; all 6 name the class-separation instrument and/or G-FORM/G-AUDIT. **None names a class id, schema path, or schema/FROZEN hash** — the vector is the r3 authority + frozen detector, not the schema bytes.

**W033-IBC-HF-03 — root cause.** 41/211 lines are legitimate lead direct-writes sharing the same unauthenticated append channel; channel possession alone cannot separate forged from legitimate cards. Live re-check after freeze showed pass-08's new cards all accepted-backed (invariant holds).

**POS-04:** controller quarantine resolves 4/4, 0 unmatched (complete for the batch it saw). **INFO-05:** `created_at` is not self-corroborating on this channel (4 alias cards pre-dated vs mtime).

## Evidence / IDs / hashes / falsifiers
- `artifacts/worker-033/inbox_backing_census/` — `census.py` `a5813af142dd`, `report.json` `9978615e5c07`, `controls.json` `c0afd33b338a`, `review.json` `1d0c7dad6639` (verdict `revise`, 2.5), `README.md`, `run.log`, `pinned/MANIFEST.json` `392600fea66c`, `SHA256SUMS` (`sha256sum -c` OK, 7/7); `payload_digest 15429f13e703…`, `--verify` reproduces it from pinned bytes.
- `comms/outbox/worker-033.jsonl` — **14 new events** (`w033-ibc-20260912T011620-*`: status, artifact×8, claim, review, blocker, checkpoint, complete), all validated by `research_map.schemas.validate_event`, 0 bad JSON, 87/87 unique ids, every evidence path resolves, 8/8 artifact hashes match disk.
- Checkpoint `runtime/state/w033_inbox_backing_census_checkpoint_1.json` @ `c24f79c2bd0c…` + one matching row in `runtime/state/w033_checkpoints.jsonl`.
- Falsifiers are explicit per finding (master: a controller record originating the new card, an authorized non-emitting `astra` path, or a forged card naming a class artifact).

**Boundaries honored:** read-only across `comms/inbox`, `research_map`, `reviews`, `runtime`; no canonical artifact, map, or gate modified; no gate verdict, `done`, or `validation_status=passed` claimed; numerics lock respected. The two injected lines were not touched, only pinned and measured.
