**worker-047 — bounded task complete, checkpointed, exiting.**

## What I did
Read `HANDOFF.md`, `research_map/ASTRA_HANDOFF.md` (live map state), `comms/PROTOCOL.md`, and my prior outbox/checkpoints. No assignment card exists for slot 047, so I self-assigned **one class-bound task** chosen from my own prior falsifier and worker-091's open request (fresh verdict at the moved taxonomy hash):

**`W047-D0-REPAIR-ACCEPT-02`** — independent repair-acceptance verification of the rev12 D0 well-typedness repair end-to-end across `canonical schema → declared-F0 pointer target → supplement`, with 9 pre-registered criteria, 10/10 calibrated mutant controls, deterministic rerun, read-only.

## Result (verdict `revise`, 2.5)
- **A1–A5, A9 PASS** — the schema-level rev12 repair is real: D0 is a tagged union `r = smooth | (sobolev,s,delta)`, binder `forall r in D0`, per-branch ambient `X^r_vac(AF)`, duplicate keys gone, pointer resolves and hash-pins the measured taxonomy.
- **RA-1 (critical, ×3)** — the repair stops at the schema: the resolved `classes.<ID>.conclusion.text` still binds `(s,delta)` / `G_{s,delta}` over the now-union D0 at `research_map/formulation_taxonomy.yaml` **lines 193 / 274 / 346** (pinned `0abb9ed8a961`).
- **RA-2 (major)** — `taxonomy_consistency.json` reports `consistent: true` while comparing only map vs supplement; it is silent on the schema↔contract typing relation.
- **RA-3 (advisory)** — supplement contract carries no quantifier / `r`-index.

## Emitted JSON (all on disk, hash-verified)
```json
{"task_id":"W047-D0-REPAIR-ACCEPT-02","actor":"worker-047",
 "ids":{"nodes":["F0","F1","F2a","F2b"],"classes":["AF-WCC-VAC-GEN","AF-SCC-C2-VAC-GEN","AF-SCC-C0-VAC-GEN"]},
 "pins":{"F1":"cce9c60146d6","F2a":"5476a3f2c6bc","F2b":"55d0a1ea9bda","taxonomy":"0abb9ed8a961","supplement":"d7419b4e8963","consistency":"9e335e9ba1bf"},
 "evidence":{"report":"artifacts/worker-047/d0_repair_accept/report.json#8cc6a096ba0e",
             "instrument":"artifacts/worker-047/d0_repair_accept/check_d0_repair_accept_047.py#fed7602d8f31",
             "manifest":"artifacts/worker-047/d0_repair_accept/MANIFEST.json#9cc36fd5fe19",
             "checkpoint":"artifacts/worker-047/d0_repair_accept/checkpoint.json#c0600add63a4"},
 "verdict":{"decision":"revise","score":2.5,"hard_failures":["RA-1","RA-1","RA-1","RA-2"],"controls":"10/10"},
 "falsifier":"A later revision where each resolved contract target binds r in D0 with G_r/X^r_vac(AF), no pair binder, declared_f0_sha256 refreshed, and the consistency evidence covers or disclaims the schema↔contract typing relation. A later write alone is not a falsifier."}
```

## Checkpoint / exit
- `runtime/state/w47_checkpoint_2.json` written; appended to `runtime/state/w47_checkpoints.jsonl`.
- 11 events appended to `comms/outbox/worker-047.jsonl` (status, artifacts, claim, 3 reviews, final status) — all lines parse; final audit shows **zero artifact-hash mismatches and zero input drift**; pins re-measured stable through 00:37.
- No gate verdict, no node status, no canonical file edited (worker authority limit). No background jobs left running. **Exit clean.**
