{
  "artifact": "artifacts/worker-099/scalar_locator_readiness/readiness.json",
  "sha256": "297477689ec69d4d75ca644d9b5503a58331923c7c3a42a4e7e140bd1a041ea8",
  "ledger_drift": false,
  "aggregate": {
    "rows": 10,
    "direct_rows": 2,
    "weak_rows": 8,
    "direct_ok": 2,
    "repair_proposed": 8,
    "repair_confirmed": 8,
    "failed": 0,
    "unverified": 0,
    "stable_rows": 10,
    "strict_reading_unmet_cells_at_pin": 8,
    "strict_reading_status": "UNMET for 8/10 pure-class exact_locator cells at 315c19145065; each carries a confirmed single-record replacement proposal"
  },
  "controls_all_pass": true,
  "requests_made": 28
}
