  PASS  A: class_ids are exactly the four frozen classes
  PASS  A: classes keys are exactly the four frozen classes
  PASS  B[AF-WCC-VAC-GEN]: axes present and non-empty
  PASS  B[AF-WCC-VAC-GEN]: hypotheses present and non-empty
  PASS  B[AF-WCC-VAC-GEN]: exclusions present and non-empty
  PASS  B[AF-WCC-VAC-GEN]: conclusion present and non-empty
  PASS  B[AF-WCC-VAC-GEN]: test_cases present and non-empty
  PASS  B[AF-WCC-VAC-GEN]: provenance present and non-empty
  PASS  B[AF-WCC-VAC-GEN]: conclusion.type matches axes.conclusion_type
  PASS  B[AF-WCC-VAC-GEN]: has one positive and one negative test case
  PASS  C[AF-WCC-VAC-GEN]: WCC carries no regularity token
  PASS  B[AF-WCC-VAC-GEN]: hypothesis has id/text
  PASS  B[AF-WCC-VAC-GEN]: hypothesis has id/text
  PASS  B[AF-WCC-VAC-GEN]: hypothesis has id/text
  PASS  B[AF-WCC-VAC-GEN]: hypothesis has id/text
  PASS  B[AF-WCC-VAC-GEN]: hypothesis has id/text
  PASS  B[AF-SCC-C2-VAC-GEN]: axes present and non-empty
  PASS  B[AF-SCC-C2-VAC-GEN]: hypotheses present and non-empty
  PASS  B[AF-SCC-C2-VAC-GEN]: exclusions present and non-empty
  PASS  B[AF-SCC-C2-VAC-GEN]: conclusion present and non-empty
  PASS  B[AF-SCC-C2-VAC-GEN]: test_cases present and non-empty
  PASS  B[AF-SCC-C2-VAC-GEN]: provenance present and non-empty
  PASS  B[AF-SCC-C2-VAC-GEN]: conclusion.type matches axes.conclusion_type
  PASS  B[AF-SCC-C2-VAC-GEN]: has one positive and one negative test case
  PASS  C[AF-SCC-C2-VAC-GEN]: SCC carries exactly one token in {C0,C2}
  PASS  C[AF-SCC-C2-VAC-GEN]: regularity_token matches the token in the class id
  PASS  C[AF-SCC-C2-VAC-GEN]: conclusion_type matches the class id token
  PASS  B[AF-SCC-C2-VAC-GEN]: hypothesis has id/text
  PASS  B[AF-SCC-C2-VAC-GEN]: hypothesis has id/text
  PASS  B[AF-SCC-C2-VAC-GEN]: hypothesis has id/text
  PASS  B[AF-SCC-C2-VAC-GEN]: hypothesis has id/text
  PASS  B[AF-SCC-C0-VAC-GEN]: axes present and non-empty
  PASS  B[AF-SCC-C0-VAC-GEN]: hypotheses present and non-empty
  PASS  B[AF-SCC-C0-VAC-GEN]: exclusions present and non-empty
  PASS  B[AF-SCC-C0-VAC-GEN]: conclusion present and non-empty
  PASS  B[AF-SCC-C0-VAC-GEN]: test_cases present and non-empty
  PASS  B[AF-SCC-C0-VAC-GEN]: provenance present and non-empty
  PASS  B[AF-SCC-C0-VAC-GEN]: conclusion.type matches axes.conclusion_type
  PASS  B[AF-SCC-C0-VAC-GEN]: has one positive and one negative test case
  PASS  C[AF-SCC-C0-VAC-GEN]: SCC carries exactly one token in {C0,C2}
  PASS  C[AF-SCC-C0-VAC-GEN]: regularity_token matches the token in the class id
  PASS  C[AF-SCC-C0-VAC-GEN]: conclusion_type matches the class id token
  PASS  B[AF-SCC-C0-VAC-GEN]: hypothesis has id/text
  PASS  B[AF-SCC-C0-VAC-GEN]: hypothesis has id/text
  PASS  B[AF-SCC-C0-VAC-GEN]: hypothesis has id/text
  PASS  B[AF-SCC-C0-VAC-GEN]: hypothesis has id/text
  PASS  B[AF-WCC-SCALAR-SPH]: axes present and non-empty
  PASS  B[AF-WCC-SCALAR-SPH]: hypotheses present and non-empty
  PASS  B[AF-WCC-SCALAR-SPH]: exclusions present and non-empty
  PASS  B[AF-WCC-SCALAR-SPH]: conclusion present and non-empty
  PASS  B[AF-WCC-SCALAR-SPH]: test_cases present and non-empty
  PASS  B[AF-WCC-SCALAR-SPH]: provenance present and non-empty
  PASS  B[AF-WCC-SCALAR-SPH]: conclusion.type matches axes.conclusion_type
  PASS  B[AF-WCC-SCALAR-SPH]: has one positive and one negative test case
  PASS  C[AF-WCC-SCALAR-SPH]: WCC carries no regularity token
  PASS  B[AF-WCC-SCALAR-SPH]: hypothesis has id/text
  PASS  B[AF-WCC-SCALAR-SPH]: hypothesis has id/text
  PASS  B[AF-WCC-SCALAR-SPH]: hypothesis has id/text
  PASS  B[AF-WCC-SCALAR-SPH]: hypothesis has id/text
  PASS  D: disjointness covers all 6 pairs
  PASS  D[AF-WCC-VAC-GEN,AF-SCC-C2-VAC-GEN]: decisive_axes are non-empty known axis names
  PASS  D[AF-WCC-VAC-GEN,AF-SCC-C2-VAC-GEN]: named decisive axes actually differ
  PASS  D[AF-WCC-VAC-GEN,AF-SCC-C0-VAC-GEN]: decisive_axes are non-empty known axis names
  PASS  D[AF-WCC-VAC-GEN,AF-SCC-C0-VAC-GEN]: named decisive axes actually differ
  PASS  D[AF-WCC-VAC-GEN,AF-WCC-SCALAR-SPH]: decisive_axes are non-empty known axis names
  PASS  D[AF-WCC-VAC-GEN,AF-WCC-SCALAR-SPH]: named decisive axes actually differ
  PASS  D[AF-SCC-C2-VAC-GEN,AF-SCC-C0-VAC-GEN]: decisive_axes are non-empty known axis names
  PASS  D[AF-SCC-C2-VAC-GEN,AF-SCC-C0-VAC-GEN]: named decisive axes actually differ
  PASS  D[AF-SCC-C2-VAC-GEN,AF-WCC-SCALAR-SPH]: decisive_axes are non-empty known axis names
  PASS  D[AF-SCC-C2-VAC-GEN,AF-WCC-SCALAR-SPH]: named decisive axes actually differ
  PASS  D[AF-SCC-C0-VAC-GEN,AF-WCC-SCALAR-SPH]: decisive_axes are non-empty known axis names
  PASS  D[AF-SCC-C0-VAC-GEN,AF-WCC-SCALAR-SPH]: named decisive axes actually differ
  PASS  E: only C0->C2 strengthening is allowed
  PASS  E: allowed transfer T1 declares guards
  PASS  E: forbidden transfer covers conclusion_inflation
  PASS  E: forbidden transfer covers matter_leakage
  PASS  E: forbidden transfer covers symmetry_release
  PASS  E: forbidden transfer covers conclusion_family_leakage
  PASS  E: forbidden transfer covers class_merge
  PASS  J: disjointness_scope states the table is descriptor-level
  PASS  J: disjointness_overlap_note documents that data sets may overlap
  PASS  F: no merged regularity string in class content (G3, plain or braced/superscript)
  PASS  G: claims_theorem_status is false
  PASS  G: no class carries conclusion_type 'theorem' in an unverified draft
  PASS  I[F0-P1]: decisive hypotheses exist in AF-WCC-VAC-GEN
  PASS  I[F0-P1]: positive case classifies in AF-WCC-VAC-GEN
  PASS  I[F0-N1]: decisive hypotheses exist in AF-WCC-VAC-GEN
  PASS  I[F0-N1]: negative case names a frozen class or an explicit reason
  PASS  I[F0-N1]: negative case does not classify in its source class
  PASS  I[F0-N2]: decisive hypotheses exist in AF-WCC-VAC-GEN
  PASS  I[F0-N2]: negative case names a frozen class or an explicit reason
  PASS  I[F0-P2]: decisive hypotheses exist in AF-SCC-C2-VAC-GEN
  PASS  I[F0-P2]: positive case classifies in AF-SCC-C2-VAC-GEN
  PASS  I[F0-N3]: decisive hypotheses exist in AF-SCC-C2-VAC-GEN
  PASS  I[F0-N3]: negative case names a frozen class or an explicit reason
  PASS  I[F0-N4]: decisive hypotheses exist in AF-SCC-C2-VAC-GEN
  PASS  I[F0-N4]: negative case names a frozen class or an explicit reason
  PASS  I[F0-P3]: decisive hypotheses exist in AF-SCC-C0-VAC-GEN
  PASS  I[F0-P3]: positive case classifies in AF-SCC-C0-VAC-GEN
  PASS  I[F0-N5]: decisive hypotheses exist in AF-SCC-C0-VAC-GEN
  PASS  I[F0-N5]: negative case names a frozen class or an explicit reason
  PASS  I[F0-N5]: negative case does not classify in its source class
  PASS  I[F0-N6]: decisive hypotheses exist in AF-SCC-C0-VAC-GEN
  PASS  I[F0-N6]: negative case names a frozen class or an explicit reason
  PASS  I[F0-P4]: decisive hypotheses exist in AF-WCC-SCALAR-SPH
  PASS  I[F0-P4]: positive case classifies in AF-WCC-SCALAR-SPH
  PASS  I[F0-N7]: decisive hypotheses exist in AF-WCC-SCALAR-SPH
  PASS  I[F0-N7]: negative case names a frozen class or an explicit reason
  PASS  I[F0-N7]: negative case does not classify in its source class
  PASS  I[F0-N8]: decisive hypotheses exist in AF-WCC-SCALAR-SPH
  PASS  I[F0-N8]: negative case names a frozen class or an explicit reason
  PASS  H: cases file has case rows
  PASS  H: meta counts match actual polarity counts
  PASS  H[TC-F0-P01]: filed class id is in the frozen set
  PASS  H[TC-F0-P01]: positive expected_classification is a frozen class
  PASS  H[TC-F0-P01]: hypothesis ref AF-WCC-VAC-GEN:H2 resolves in the taxonomy
  PASS  H[TC-F0-P02]: filed class id is in the frozen set
  PASS  H[TC-F0-P02]: positive expected_classification is a frozen class
  PASS  H[TC-F0-P02]: hypothesis ref AF-WCC-VAC-GEN:H1 resolves in the taxonomy
  PASS  H[TC-F0-P03]: filed class id is in the frozen set
  PASS  H[TC-F0-P03]: positive expected_classification is a frozen class
  PASS  H[TC-F0-P03]: hypothesis ref AF-WCC-VAC-GEN:H2 resolves in the taxonomy
  PASS  H[TC-F0-P04]: filed class id is in the frozen set
  PASS  H[TC-F0-P04]: positive expected_classification is a frozen class
  PASS  H[TC-F0-P04]: hypothesis ref AF-WCC-VAC-GEN:H4 resolves in the taxonomy
  PASS  H[TC-F0-P05]: filed class id is in the frozen set
  PASS  H[TC-F0-P05]: positive expected_classification is a frozen class
  PASS  H[TC-F0-P05]: hypothesis ref AF-SCC-C2-VAC-GEN:H2 resolves in the taxonomy
  PASS  H[TC-F0-P06]: filed class id is in the frozen set
  PASS  H[TC-F0-P06]: positive expected_classification is a frozen class
  PASS  H[TC-F0-P06]: hypothesis ref AF-SCC-C2-VAC-GEN:H3 resolves in the taxonomy
  PASS  H[TC-F0-P07]: filed class id is in the frozen set
  PASS  H[TC-F0-P07]: positive expected_classification is a frozen class
  PASS  H[TC-F0-P07]: hypothesis ref AF-SCC-C2-VAC-GEN:H2 resolves in the taxonomy
  PASS  H[TC-F0-P08]: filed class id is in the frozen set
  PASS  H[TC-F0-P08]: positive expected_classification is a frozen class
  PASS  H[TC-F0-P09]: filed class id is in the frozen set
  PASS  H[TC-F0-P09]: positive expected_classification is a frozen class
  PASS  H[TC-F0-P09]: hypothesis ref AF-SCC-C0-VAC-GEN:H3 resolves in the taxonomy
  PASS  H[TC-F0-P10]: filed class id is in the frozen set
  PASS  H[TC-F0-P10]: positive expected_classification is a frozen class
  PASS  H[TC-F0-P10]: hypothesis ref AF-SCC-C0-VAC-GEN:H4 resolves in the taxonomy
  PASS  H[TC-F0-P11]: filed class id is in the frozen set
  PASS  H[TC-F0-P11]: positive expected_classification is a frozen class
  PASS  H[TC-F0-P11]: hypothesis ref AF-SCC-C0-VAC-GEN:H3 resolves in the taxonomy
  PASS  H[TC-F0-P12]: filed class id is in the frozen set
  PASS  H[TC-F0-P12]: positive expected_classification is a frozen class
  PASS  H[TC-F0-P12]: hypothesis ref AF-SCC-C0-VAC-GEN:H4 resolves in the taxonomy
  PASS  H[TC-F0-P13]: filed class id is in the frozen set
  PASS  H[TC-F0-P13]: positive expected_classification is a frozen class
  PASS  H[TC-F0-P13]: hypothesis ref AF-WCC-SCALAR-SPH:H1 resolves in the taxonomy
  PASS  H[TC-F0-P14]: filed class id is in the frozen set
  PASS  H[TC-F0-P14]: positive expected_classification is a frozen class
  PASS  H[TC-F0-P14]: hypothesis ref AF-WCC-SCALAR-SPH:H2 resolves in the taxonomy
  PASS  H[TC-F0-P15]: filed class id is in the frozen set
  PASS  H[TC-F0-P15]: positive expected_classification is a frozen class
  PASS  H[TC-F0-P15]: hypothesis ref AF-WCC-SCALAR-SPH:H1 resolves in the taxonomy
  PASS  H[TC-F0-P16]: filed class id is in the frozen set
  PASS  H[TC-F0-P16]: positive expected_classification is a frozen class
  PASS  H[TC-F0-P16]: hypothesis ref AF-WCC-SCALAR-SPH:H2 resolves in the taxonomy
  PASS  H[TC-F0-N01]: filed class id is in the frozen set
  PASS  H[TC-F0-N01]: negative case expects reject
  PASS  H[TC-F0-N01]: negative expected_classification is a class or explicit sentinel
  PASS  H[TC-F0-N01]: hypothesis ref AF-WCC-VAC-GEN:H2 resolves in the taxonomy
  PASS  H[TC-F0-N01]: leak rule G5-MATTER-SWAP resolves to a taxonomy id
  PASS  H[TC-F0-N02]: filed class id is in the frozen set
  PASS  H[TC-F0-N02]: negative case expects reject
  PASS  H[TC-F0-N02]: negative expected_classification is a class or explicit sentinel
  PASS  H[TC-F0-N02]: hypothesis ref AF-WCC-VAC-GEN:H5 resolves in the taxonomy
  PASS  H[TC-F0-N02]: leak rule G4-SYMMETRY-RELEASE resolves to a taxonomy id
  PASS  H[TC-F0-N03]: filed class id is in the frozen set
  PASS  H[TC-F0-N03]: negative case expects reject
  PASS  H[TC-F0-N03]: negative expected_classification is a class or explicit sentinel
  PASS  H[TC-F0-N03]: leak rule G6-CONCLUSION-INFLATION-WCC-AS-SCC resolves to a taxonomy id
  PASS  H[TC-F0-N04]: filed class id is in the frozen set
  PASS  H[TC-F0-N04]: negative case expects reject
  PASS  H[TC-F0-N04]: negative expected_classification is a class or explicit sentinel
  PASS  H[TC-F0-N04]: hypothesis ref AF-SCC-C2-VAC-GEN:H1 resolves in the taxonomy
  PASS  H[TC-F0-N04]: leak rule G5-MATTER-SWAP resolves to a taxonomy id
  PASS  H[TC-F0-N05]: filed class id is in the frozen set
  PASS  H[TC-F0-N05]: negative case expects reject
  PASS  H[TC-F0-N05]: negative expected_classification is a class or explicit sentinel
  PASS  H[TC-F0-N05]: leak rule G7-THEOREM-WITHOUT-ARTIFACT resolves to a taxonomy id
  PASS  H[TC-F0-N06]: filed class id is in the frozen set
  PASS  H[TC-F0-N06]: negative case expects reject
  PASS  H[TC-F0-N06]: negative expected_classification is a class or explicit sentinel
  PASS  H[TC-F0-N06]: hypothesis ref AF-SCC-C2-VAC-GEN:H3 resolves in the taxonomy
  PASS  H[TC-F0-N06]: leak rule GENERICITY-MEASURE-TRANSFER is an external catalog rule (not taxonomy-namespaced)
  PASS  H[TC-F0-N07]: filed class id is in the frozen set
  PASS  H[TC-F0-N07]: negative case expects reject
  PASS  H[TC-F0-N07]: negative expected_classification is a class or explicit sentinel
  PASS  H[TC-F0-N07]: hypothesis ref AF-SCC-C0-VAC-GEN:H4 resolves in the taxonomy
  PASS  H[TC-F0-N07]: leak rule G6-CONCLUSION-INFLATION-C2-AS-C0 resolves to a taxonomy id
  PASS  H[TC-F0-N08]: filed class id is in the frozen set
  PASS  H[TC-F0-N08]: negative case expects reject
  PASS  H[TC-F0-N08]: negative expected_classification is a class or explicit sentinel
  PASS  H[TC-F0-N08]: hypothesis ref AF-SCC-C0-VAC-GEN:H4 resolves in the taxonomy
  PASS  H[TC-F0-N08]: leak rule X4-FAMILY-LEAK-COMPOSITE resolves to a taxonomy id
  PASS  H[TC-F0-N09]: filed class id is in the frozen set
  PASS  H[TC-F0-N09]: negative case expects reject
  PASS  H[TC-F0-N09]: negative expected_classification is a class or explicit sentinel
  PASS  H[TC-F0-N09]: hypothesis ref AF-SCC-C0-VAC-GEN:H1 resolves in the taxonomy
  PASS  H[TC-F0-N09]: leak rule G4-SYMMETRY-RELEASE resolves to a taxonomy id
  PASS  H[TC-F0-N10]: filed class id is in the frozen set
  PASS  H[TC-F0-N10]: negative case expects reject
  PASS  H[TC-F0-N10]: negative expected_classification is a class or explicit sentinel
  PASS  H[TC-F0-N10]: hypothesis ref AF-WCC-SCALAR-SPH:H2 resolves in the taxonomy
  PASS  H[TC-F0-N10]: leak rule CG2-SYMMETRY-RELEASE-NEW-CLASS resolves to a taxonomy id
  PASS  H[TC-F0-N11]: filed class id is in the frozen set
  PASS  H[TC-F0-N11]: negative case expects reject
  PASS  H[TC-F0-N11]: negative expected_classification is a class or explicit sentinel
  PASS  H[TC-F0-N11]: hypothesis ref AF-WCC-SCALAR-SPH:H1 resolves in the taxonomy
  PASS  H[TC-F0-N11]: leak rule G5-MATTER-SWAP resolves to a taxonomy id
  PASS  H[TC-F0-N12]: filed class id is in the frozen set
  PASS  H[TC-F0-N12]: negative case expects reject
  PASS  H[TC-F0-N12]: negative expected_classification is a class or explicit sentinel
  PASS  H[TC-F0-N12]: hypothesis ref AF-WCC-SCALAR-SPH:H4 resolves in the taxonomy
  PASS  H[TC-F0-N12]: leak rule Q1-GENERICITY-UNNAMED resolves to a taxonomy id
  PASS  H[TC-F0-N13]: non-frozen filed class id is a planted negative defect
  PASS  H[TC-F0-N13]: negative case expects reject
  PASS  H[TC-F0-N13]: negative expected_classification is a class or explicit sentinel
  PASS  H[TC-F0-N13]: leak rule G3-MERGED-REG-LITERAL resolves to a taxonomy id
  PASS  H[TC-F0-N14]: non-frozen filed class id is a planted negative defect
  PASS  H[TC-F0-N14]: negative case expects reject
  PASS  H[TC-F0-N14]: negative expected_classification is a class or explicit sentinel
  PASS  H[TC-F0-N14]: leak rule G3-MERGED-REG-PARAPHRASE resolves to a taxonomy id
  PASS  H[TC-F0-N15]: non-frozen filed class id is a planted negative defect
  PASS  H[TC-F0-N15]: negative case expects reject
  PASS  H[TC-F0-N15]: negative expected_classification is a class or explicit sentinel
  PASS  H[TC-F0-N15]: leak rule X4-FAMILY-LEAK-COMPOSITE resolves to a taxonomy id
  PASS  H[TC-F0-N16]: filed class id is in the frozen set
  PASS  H[TC-F0-N16]: negative case expects reject
  PASS  H[TC-F0-N16]: negative expected_classification is a class or explicit sentinel
  PASS  H[TC-F0-N16]: hypothesis ref AF-SCC-C0-VAC-GEN:H1 resolves in the taxonomy
  PASS  H[TC-F0-N16]: leak rule CG2-OUT-OF-SCOPE-ASYMPTOTICS resolves to a taxonomy id
  PASS  H[TC-F0-N17]: filed class id is in the frozen set
  PASS  H[TC-F0-N17]: negative case expects reject
  PASS  H[TC-F0-N17]: negative expected_classification is a class or explicit sentinel
  PASS  H[TC-F0-N17]: leak rule NONVACUITY-MISSING is an external catalog rule (not taxonomy-namespaced)
  PASS  H[TC-F0-N18]: filed class id is in the frozen set
  PASS  H[TC-F0-N18]: negative case expects reject
  PASS  H[TC-F0-N18]: negative expected_classification is a class or explicit sentinel
  PASS  H[TC-F0-N18]: leak rule G6-CONCLUSION-DOWNGRADE-C0-AS-C2 resolves to a taxonomy id
  PASS  H[TC-F0-N19]: filed class id is in the frozen set
  PASS  H[TC-F0-N19]: negative case expects reject
  PASS  H[TC-F0-N19]: negative expected_classification is a class or explicit sentinel
  PASS  H[TC-F0-N19]: hypothesis ref AF-SCC-C2-VAC-GEN:H4 resolves in the taxonomy
  PASS  H[TC-F0-N19]: leak rule REGULARITY-SMUGGLE-EXT-CLASS is an external catalog rule (not taxonomy-namespaced)
  PASS  H[TC-F0-N20]: filed class id is in the frozen set
  PASS  H[TC-F0-N20]: negative case expects reject
  PASS  H[TC-F0-N20]: negative expected_classification is a class or explicit sentinel
  PASS  H[TC-F0-N20]: hypothesis ref AF-SCC-C2-VAC-GEN:H4 resolves in the taxonomy
  PASS  H[TC-F0-N20]: leak rule REGULARITY-SMUGGLE-EXT-CLASS is an external catalog rule (not taxonomy-namespaced)
{"checks_passed": 253, "checks_failed": 0, "cases_checked": 37, "verdict": "pass"}
wrote artifacts/worker-038/f0_conformance/worker01_validation_rev5_probe.json
