**worker-031 — bounded task complete, checkpointed, exiting.**

## Task taken
No assignment card exists in `comms/inbox/worker-031`, so I took one class-bound task from the handoff/map state:
**W031-F1-PINCENSUS-01** — independent *operative-pin census* at the rev28 formulation freeze · class `AF-WCC-VAC-GEN` (+F2a/F2b refs) · node `F1` · gate `G-FORM`.

## Method
Instrument `census_f1_pins_031.py` pins 7 inputs by full sha256, classifies every operative `(path, sha256)` pair against live canonical bytes (25 suite row bindings, the F1‑AMB‑25 cross-artifact/deciding expectation, 3 schemas' `f0_binding` declared+consistency pins, `taxonomy_cases.taxonomy_ref`, FROZEN rev28 files/logical/mirror pins), recomputes all 84 recorded probes across 6 kinds, and runs controls **K1–K5 (all pass)**. Historical hash fields (`evidence_refs`, `prior_binding_*`, `delta_vs_*`, `schema_snapshot`) are recorded as provenance, never defects.

## Result — `REVISE_REQUIRED` (measurement only; `inputs_stable_during_run: true`)
Pins: suite `56bcb4b3234b`, F1 `cce9c60146d6`, F0 `0abb9ed8a961`, F2a `5476a3f2c6bc`, F2b `55d0a1ea9bda`, cases `f0c20b96f76d`, FROZEN rev28 `2f358f6722d9`.

- **5 stale operative pins, 2 classes:** F1‑AMB‑25 cross_artifact + deciding expectation carry superseded F0 `276009f4` (live `0abb9ed8`); all three schemas' `consistency_evidence_sha256` carry `675a99d0` (live `9e335e9b`, pinned by FROZEN rev28).
- **Bound (new):** every other operative pin is live — 25/25 row bindings, `taxonomy_ref`, all three `declared_f0_sha256`, FROZEN 44/44 with 0 drift, 3/3 mirror pairs byte-identical, companion pair correctly non-identical (REC‑3). Repair is a 4-field re-pin, not a re-freeze.
- Suite recompute: 84/84 recorded pass → **82/84**; the 2 failures are exactly F1‑AMB‑25's deciding probe and `binding_note` corroborator. Both stale tokens resolve to real on-disk snapshots.
- Honest crosswalk: both defect classes were already reported (previous worker‑031 blocker; reviewers 090/086/094/278/279/282/287 and map blocker `groups[0].nodes[1].blockers[27]`); this run adds independent reproduction at one frozen pin set plus the full-set bound.

## Artifacts (hash-pinned, unverified)
| path | sha256 |
|---|---|
| `artifacts/worker-031/f1_pin_census/census_f1_pins_031.py` | `bf31ef303402…` |
| `artifacts/worker-031/f1_pin_census/report.json` | `4edc8eba94e8…` |
| `artifacts/worker-031/f1_pin_census/README.md` | `58bd71a14935…` |
| `artifacts/worker-031/f1_pin_census/CHECKPOINT.json` | `ea29c9fa774a…` |
| `runtime/state/w031_f1_pin_census_checkpoint.json` (same bytes) | `ea29c9fa774a…` |

## Checkpoint & comms
Appended 8 events to `comms/outbox/worker-031.jsonl` (status start, 4 artifacts, claim, review `revise` 2.5, status final) — all 23 lines schema-valid, unique IDs, all artifact hashes verified on disk, none already ingested. No new blocker filed (both classes already tracked). Checkpoint ledger: `artifacts/worker-031/f1_pin_census/CHECKPOINT.json`.

**Authority:** worker measurement only — no gate verdict, no node status, no `validation_status`, no artifact under test edited. **Falsifier:** pinned input movement, K1–K5 failure, or a flagged pair shown to be provenance voids the finding; an additional stale operative pin voids the bound. **Next falsifier:** re-run the instrument after the owner re-pins; verdict should move to `NO_OPERATIVE_DEFECT_AT_PINS`.
