Worker **059** — bounded task complete, checkpointed, exiting.

## Task taken (one, class-bound)
**W059-F2B-REV12-VERDICT-01** — independent full-schema verification of **F2b** (`AF-SCC-C0-VAC-GEN`) at pinned `sha256 55d0a1ea9bda96b80235294cf67079904e066c6d0fef28e14bd2eef38f8945e6`. No inbox card existed for worker-059; I read `HANDOFF.md`, `research_map/ASTRA_HANDOFF.md`, the map, and comms before taking it. No node completion or gate verdict claimed.

## Result
- Verdict **revise 4.0**; content semantics green (34 checks, 31 pass; 24/24 single-defect mutants detected), canonical gates corroborate (`check_class_schema` pass 0 rules, `classsep_regression` 17/17 + 10/10 FP/FN 0, `validate_map` VALID).
- **HF-059-F2B-01 (binding, blocking):** `f0_binding.consistency_evidence_sha256=675a99d0…` is worker-086's out-of-tree enriched pin; the declared canonical path and FROZEN rev28 pin measure `9e335e9b…`. Independent sandbox re-run of the canonical tool on current trees reproduces `9e335e9b` **byte-identically** and prints `CONSISTENT (4 classes, 0 divergences)` → declaration is content-true, path-unbound.
- **HF-059-F2B-02 (registry conflict, blocking pending ruling):** canonical F0 rev5 stores conclusion token alias `strong_cosmic_censorship_C0` while FROZEN-pinned `VOCAB_ALIASES.json` declares `scc_c0_future_inextendibility` canonical and forbids aliases in new canonical artifacts; F2b uses the canonical token (same defect as my F2a HF-01).
- Prior defect classes independently confirmed resolved: duplicate keys, future `revised_at`, cross-tree pointer, stale F0 hash, D0 tagged-union typing, clause (f) interior requirement, mirror divergence, FROZEN staleness. Advisories: ledger `l1_status=accepted` vs `abstract-read`, unused out-of-order history row 9.

## Hash-bound evidence
| artifact | sha256 (prefix) |
|---|---|
| `snapshot/f2b.55d0a1ea9bda.yaml` | `55d0a1ea9bda` |
| `independent_evidence.json` | `a7622dbe298a` |
| `check_f2b_rev12.py` | `cedf64d9f70b` |
| `consistency_adjudication.json` | `eee0347c787b` |
| `review_F2b_55d0a1ea_v2.json` (supersedes v1 `b3ccf5e4`) | `01e78b8c603a` |
| `checkpoint_w059_f2b_rev12.json` | `d98136082097` |
| `postrun_annex.json` (no drift) | `bdf19f098f07` |

**Falsifier:** a F2b revision/ruling where the declared consistency-evidence hash equals the canonical path bytes = FROZEN pin and embeds `map_taxonomy_sha256=0abb9ed8` + `lead_contract_sha256=d7419b4e`, and one governing token registry is designated; hash drift of `schemas/af_scc_c0_vacuum.yaml` voids the verdict (pinned `55d0a1ea9bda`).

## Comms/checkpoint
11 schema-valid append-only events emitted to `comms/outbox/worker-059.jsonl` (25→36 lines): task claim, 5 artifacts, review (v1 + superseding v2), blocker, checkpoint status, drift annex; event IDs `w059-f2b-rev12-20260912T004317+0800-*`. All referenced paths re-hash to their declared `sha256`; canonical files unchanged at finalize (`F2b 55d0a1ea`, `F0 0abb9ed8`, evidence `9e335e9b`, FROZEN rev28 `2f358f67`). No global state mutated. Exiting.
