Done. One bounded class-bound task taken, executed, emitted, checkpointed, exiting.

## Task taken
**W019-L0-HF14-MATRIX-01** — node **L0** / gate **G-LIT**, class-bound to `AF-WCC-VAC-GEN;AF-SCC-C2-VAC-GEN;AF-SCC-C0-VAC-GEN;AF-WCC-SCALAR-SPH` (chosen after checking the map, the L0 verdict split, and prior worker-019 work — class-token census, F2a review, rev13 preflight, A2 review — to avoid duplication).

**Why this one:** L0 currently splits 2 accept vs 5 revise; worker-011 reports 60/62 self-supporting rows, worker-079 reports 0/62. The dispute is a *reading* of rubric HF-14, but neither count was reproduced from a single row-level matrix at pinned hashes.

## Result (all inputs hash-pinned, 0 drift)
| HF-14 reading | trigger |
|---|---|
| L — literal keys `status=accepted / validation_status=passed / supports_claim=true` | **0/62** (reproduces worker-079) |
| S — `author_asserts_supports=true`, no reviewer-verdict field, no artifact-hash field | **60/62** (reproduces worker-011) |
| V — `content_status=verified`, same absence conditions | **50/62** |

Shared measured facts: 0/62 carry the literal keys, 0/62 carry any reviewer-verdict or artifact-hash field, 62/62 `review_status=not_independently_reviewed`, 34/62 carry ≥1 frozen class id (42 occurrences; 28 empty; 8 dual-bound rows D-004, D-005, T-303, T-305, T-402, T-515, T-526, T-528). So both reviewers' numbers are correct under named readings; the residual question is the adjudicator's reading, not a counting error.

## Emitted (validated against `research_map/schemas.py`)
4 schema-valid events appended to `comms/outbox/worker-019.jsonl` (18 lines total, whole file re-parses):
- artifact `w019-hf14-art-runner-20260912T011646` → `artifacts/worker-019/l0_hf14_matrix/run_hf14_matrix.py` `b69103d76dec`
- artifact `w019-hf14-art-matrix-20260912T011646` → `…/matrix.json` `0a839a52ae42`
- claim `w019-hf14-claim-20260912T011646` (`conclusion_type=stability_result`, assumptions, `artifact_refs`, falsifier, authority note)
- status `w019-hf14-status-20260912T011646` (`status=active`, hours, summary, next falsifier)

Evidence refs: `ledger/theorems.jsonl#a1674f094979`, `evaluation_rubric.yaml#d748a9e3574e`, `research_map/formulation_taxonomy.yaml#0abb9ed8a961` + both artifact hashes. No gate verdict, no node status, no canonical/shared file written; ingest left to the controller.

## Checkpoint
- `runtime/state/worker-019_hf14_checkpoint_20260912T011646.json`
- `artifacts/worker-019/worker019_checkpoint_20260912T011646.json` (inputs, outputs, readings, events, falsifier)

**Falsifier:** re-run `run_hf14_matrix.py` at the pinned sha256s; any changed census/trigger set/per-class count falsifies the matrix, any input hash move voids it. The reading choice remains a gate adjudication, not a measurement.
