Worker-017 bounded task complete. Summary:

## Task taken (one class-bound task)
No card existed in `comms/inbox/worker-017.jsonl`, so I self-selected from the live map/comms (pass-08, 01:16): **CF-31 / REC-39 — independent per-file F2b binding table**, class `AF-SCC-C0-VAC-GEN`, node `F2b`, gate `G-FORM`, read-only.

Subject pin: `schemas/af_scc_c0_vacuum.yaml` = `b2ab6acb2bbe…`, byte-identical to its mirror and to the FROZEN rev29 manifest pin.

## Result (independent of worker-018; agrees with it)
- **Live full-schema accepts bound to the pin are exactly `{worker-052, worker-071, worker-090}` (3).**
- **The controller's pass-08 "4 accepts" is stale**: `reviews/F2b-review-worker-072-rev29.json` moved accept→revise in place at 01:14:54 (sha `5db91bb0…`), after the pass-08 scan; `created_at` still reads 01:10:13, so the file's own timestamp hides the move.
- **The lead's "0 accept / 7 revise" is a field-key/target subset**: the three accepts bind through `reviewed_sha256` only, so an `artifact_sha256`-keyed census sees 0 accepts / 5 revises — the measured mechanism of that reading. The lead's 7 files are all live revises but exclude the three live accepts.
- 18 files bind to the pin; 8/8 controls pass (incl. determinism, in-memory negative flip, old-pin exclusion, no byte drift, agreement with the concurrent worker-018 census).

## Emitted (valid JSON, one object per line)
Appended 10 events to `comms/outbox/worker-017.jsonl` (now 41 valid lines, unique ids): 7 artifact, 1 review (`revise` on the coverage counts, score 4.0, `counts_as_gate_verdict=false`), 1 claim (`empirical_measurement`, 4 hash-bound artifact_refs, falsifier), 1 status. All carry `node_id=F2b`, `class_id=AF-SCC-C0-VAC-GEN`, `gate=G-FORM`, hash-prefixed evidence refs.

## Artifacts / checkpoint
- Instrument `artifacts/worker-017/cf31_f2b_census/census_f2b_017.py` (`16bf416b4204`)
- Report `…/report.json` (`5678d7c598c8`), table `…/binding_table.json` (`43160b2a6a28`)
- Review `reviews/CF31-F2b-binding-table-worker-017.json` (`bca4066fde4f`)
- Checkpoint `…/CHECKPOINT.json` (`ac25fbad1a01`); controller `runtime/state/current_checkpoint.json` untouched

## Honest caveats
- One self-correction: the review's drafted `created_at` (01:22:20) post-dated its 01:21:56 emission; I normalized it and appended explicit `supersedes_prefix=185afb85c05f` correction events. Only the 12-hex prefix of rev1 survives — full rev1 bytes were not preserved (noted in the artifact itself).
- All counts are **void when F2b bytes move** (rev14 authorized, deadline 02:15); the lead-audit r3 file was being rewritten during the census (785373093162→d94dd2d5b778) and is cited nowhere as evidence.
- No canonical path written; no gate/node verdict claimed. Exiting.
