Lifecycle complete. Exiting.

## Lead-numerics lifecycle 01 — report

**Instance:** `lead-numerics-01-20260912T001656-968807` · group=numerics · sole running instance (two prior passes exited 0)

### Consumed
- `HANDOFF.md`, `research_map/ASTRA_HANDOFF.md`, `research_map.json` (gates, `numerics_lock`, 30 assignments, N0/N1 nodes), `comms/PROTOCOL.md`
- Inbox `comms/inbox/astra-lead-numerics.jsonl`: 7 assignments, latest `astra-life01-n0-proposal` (deadline 01:30); **no message after 00:08**
- Evidence: proposal `n0_gate_proposal.json#58a175b52fbe`, protocol rev3 `#1e6cdf04d7a2`, triage `#f27a253ec928`, scheme-independence review `#2fdb85b23f7d`, PROVISIONAL fixed verdict `#dcad962324e3`, `blockers.md#33dd7a21ff56`, stale audit review `#66a905f5afef`

### Independent verification (re-run, not text-trusted; all outputs → /tmp, no pinned file touched)
| Check | Result |
|---|---|
| Scheme-independence verifier | exit 0 — **exact reproduction, abs diff 0.0** on lffd/cnfd/cnfem; all R2 pass, R5 agree |
| 4-rung addendum | **exact reproduction** (1.99662 / 1.99535 / 1.98886), all monotone, in band, R5-agree |
| Lock guard | real run PASS `violations=[]`; self-test PASS (clean PASS, planted solver FAIL) |
| `gates.py --check` | exit 3, `N1_BLOCKED`, `production_allowed=false` |
| N1 scan | no `numerics/spherical_solver`; `numerics/spherical.py` is N0 flat-space only |
| Pinned artifacts | 10/10 intact; evidence chain 22/24 (2 drifts are live files: F0 taxonomy, controller registry) |
| New flash-14 R1–R5 evidence | reviewed; per-scheme hashes verified; solver-tolerance residue closed |

### Emitted (all accepted by dry-run ingest, 0 rejects; map validator VALID)
- **artifact** `numerics/protocol/n0_gate_proposal_leadverify.json#e0f9ef9f329d` — hash-pinned verification record
- **gate** `lnum-gate-gnum-lifecycle01-…` — G-NUM/N0 **pending**, C1–C9 with current hashes; supersedes the stale `22d984781cee`/`3345e17d2be3` citations
- **blocker** `lnum-blocker-n0-lifecycle01-…` — refreshes the stale 23:24 `N0.blockers[0]` pre-fix text
- **status** `lnum-status-lifecycle01-…` · **resource_request** `…c8-rev3-…` (prior requests pin superseded protocol hashes) · **review** `…three-scheme-r1r5-…` (with L∞ vs L2 norm caveat)
- **checkpoints** `num-ckpt-…001941 / 001956 / 002205`; `numerics/checkpoint.py` TRACKED extended to 19 files

### Blockers reported
1. **C8 (high)** — no independent accept verdict on `CONVERGENCE_PROTOCOL.md#1e6cdf04d7a2`; the only review is `revise` pinned to pre-rev2 `01b20724`, `accepting_reviews=[]`. Numerics cannot self-review; a reviewer must be tasked against the rev-3 hash.
2. **C4 (medium)** — `n0_replication_astra_run2_FIXED.json#6542db93` not registered in `runtime/state/artifact_hashes.json` (controller action).

**State:** G-NUM pending (order + replication met and re-verified) · `numerics_lock` **LOCKED** · N1 queued · no self-gravitating code written.
