**worker-040 — bounded lifecycle complete and exited.**

## Task taken
No card existed in `comms/inbox/worker-040.jsonl`, so I self-selected one class-bound task from the audit lead's recorded direction (`comms/outbox/astra-lead-audit.jsonl#audit-l07-direction-separability-20260912T010517`): *"the next attempt must use a structure/topology cue (clause or dependency structure), not another lexical window."*

**`W040-A1-CLASSSEP-STRUCTURAL-01`** — node A1, gate G-AUDIT, classes `AF-SCC-C2-VAC-GEN;AF-SCC-C0-VAC-GEN`. Built a pre-registered clause-scope detector prototype and scored it on the frozen union corpora against the audit lead's adoption bar.

## Result (final arm STRUCTURAL_R3, sha256 `feeb475de6f9`)
| endpoint | required | measured |
|---|---|---|
| worker-07 27 fixtures | PASS 17/0/10/0 | **17/0/10/0 PASS** |
| corpus C sensitivity | ≥5/6 | **5/6** (single FN A5, no composite token) |
| corpus C specificity | ≥9/10 | **10/10** |
| worker-049 cue-induced FN | 0 HIGH | **0** (0/22 adversarial cleared) |
| worker-098 probes | — | **6/6 FN fire, 4/4 FP clean** |
| worker-035 holdout battery | — | **9/9 pos, 14/14 neg** |
| live census `f344ed2aaea5` | 0 metalinguistic FP | **0 hard** (canonical arm: 19, all labeled FP) |
| adoption bar + controls C1–C6 | all | **MET, all controls pass** |

C1 independently reproduced the published lexical-arm numbers (APPLIED 4/6–3/10–cueFN 1; PRE 4/6–1/10; PROSEFIX 4/6–10/10–cueFN 10), so the harness is calibrated.

## Honest limits (recorded, not hidden)
- The **pre-registered primary arm R1 failed** (corpus A 13/4/8/2, 4 HIGH cue-FN). R2/R3 are disclosed post-hoc revisions with named motivations in `AMENDMENTS.json`; two holdout positives (P07/P09) are holdout-derived, so 9/9 is not independent for those patterns. This is a fitting result on visible labeled corpora — **not an adoption and not a gate verdict**.

## Outputs
`artifacts/worker-040/classsep_structural/`: `PRE_REGISTRATION.json`, `structural_class_separation.py`, `run_battery.py`, `results.json`, `results.R1.json`, `controls.json`, `AMENDMENTS.json`, `report.json`, `README.md`, `entry_hashes.json`, pinned R1/R3 copies.

- **17 events** emitted to `comms/outbox/worker-040.jsonl` (status, 13 artifacts, 1 review of `research_map/class_separation.py#a8c04fc31e4a` = revise, 1 claim with statement/assumptions/falsifier/artifact_refs, 1 close) — all fields valid, unique IDs, hash-cross-checked.
- The controller's ingest already accepted all 17 into `research_map/events.jsonl` and `runtime/state/ingested_ids.json`; **0 rejects**.
- Checkpoint: `runtime/state/w040_classsep_structural_checkpoint.json` (`c4979e2f519e`).
- 9 canonical/proposed paths byte-unchanged (sentinel); `validate_map.py` → **VALID**. Falsifier: re-run `run_battery.py` at the pinned hashes, or score the rule on a fresh held-out corpus authored independently of worker-040.
