Worker-010 bounded task complete. Checkpoint written, valid JSON emitted, exiting.

## Task taken
**W010-L1-REAUDIT-03** — class `AF-SCC-C2-VAC-GEN` (node L1, gate G-LIT). The WCC and C0 cells of the conformance series had rev12 re-audits; the C2 cell did not. Its only audit was bound to F2a rev9 `8dae50da1ab5` / ledger `ce42d205e761`, both superseded by rev12 `5476a3f2c6bc` / ledger `a1674f094979`.

## Result
- **Step drift rev9→rev12**: only `statement_formal` differs beyond `revision` — parameter renaming `(s,delta)` → `r`, identical comeager quantifier structure (same rename found independently in the C0 addendum). Whether it is semantic is F1/A1's call, not recorded as mine.
- **Re-run at rev12 / ledger `a1674f094979`**: `n_bound=10`, `n_discharging=0`, class state `open_problem`.
- **Sharper than the prior readings**: `D2_conclusion` actually *holds* for T-305/T-526/T-527 (they do conclude C2/C^{0,1}_loc-inextendibility); `D1_data_class` and `D3_evidence` fail for all 10. D3 fails mechanically for 10/10 because the legacy `status: accepted` field the driver tests **no longer exists anywhere in the 62-entry ledger** (migrated to `content_status`), plus open `unresolved` items.
- Rev9 report preserved byte-identical (`7e2dba3f1376`); re-run reproduced with identical classification blocks; all inputs stable during the run.

## Emitted (all schema-validated, 0 rejected)
| event_id | path | sha256 |
|---|---|---|
| `flash-10-artifact-c2-reaudit-rev12-20260912T004356` | `artifacts/flash-10/l1_class_coverage/c2_class_conformance_audit.5476a3f2c6bc.json` | `37df765cc1cf` |
| `flash-10-artifact-c2-reaudit-rev12-driver-20260912T004356` | `.../c2_reaudit_rev12.py` | `c6f6f565b7bc` |
| `flash-10-claim-c2-reaudit-rev12-20260912T004356` | — | `conclusion_type: open_problem` |
| `flash-10-status-c2-reaudit-rev12-20260912T004356` | — | — |

Pins: `schemas/af_scc_c2_vacuum.yaml#5476a3f2c6bc`, `ledger/theorems.jsonl#a1674f094979`, driver `#cebbf53a05d2`, snapshot `#8dae50da1ab5`.

**Falsifier**: a later F2a revision changing `statement_formal`/`epistemic_status`/genericity/`extension_regularity`; `class_definition` sha ≠ measured canonical sha; **n_discharging ≥ 1** (accepted generic AF vacuum entry concluding future C2-inextendibility, peer-reviewed, no open items); a formulation-lead ruling that the rename is substantive; or an L0 decision reinstating/renaming the `status` field the D3 test reads.

## Checkpoint
`ckpt-20260912-004415` (label `w010-c2-reaudit-rev12`), map `VALID`, all five gates `pending`, `numerics_lock=locked`, 4/4 events emitted, 0 rejected — `checkpoint_c2_reaudit_rev12_20260912T004415.json#60e4c68a79bd`.

**Caveats**: artifacts are `validation_status: unverified`, `claims_completion: false` — no node completion, validation pass, or gate verdict claimed. One fix worth flagging: the rev9 driver's embedded self-hash is stale after the addendum rewrite, so the wrapper records the honest post-rewrite driver pin (the C0 report does not need this because its driver file was never rewritten).
