Bounded task complete. Summary of the run:

## What I read
- `workdir/ai4math-swarm/HANDOFF.md`, `research_map/ASTRA_HANDOFF.md`, `comms/PROTOCOL.md`, `research_map/research_map.json`, and the live comms channels.
- No inbox card exists for `worker-098`; I continued the open blocker from my prior task `W098-CLASSSEP-PROSE-SHADOW-01` (checkpoint 2).

## One class-bound task taken
**`W098-CLASSSEP-MENTION-SCOPE-01`** — node `A1`, gate `G-AUDIT`, classes `AF-WCC-VAC-GEN; AF-SCC-C2-VAC-GEN; AF-SCC-C0-VAC-GEN`. Pre-registered in `artifacts/worker-098/classsep_mention_scope/pre_registration.json` (controls, acceptance A1–A9, falsifier) before measuring.

**Deliverable:** a prose-only, clause-scoped, insertion-only repair candidate for `research_map/class_separation.py#a8c04fc31e4a`, measured across 4 arms against the 27-fixture worker-07 corpus, 8 mandatory-clean prose controls, 2 TP controls, 12 mandatory-fire genuine-merge controls, 5 growth probes, 10 declaration-parity controls, and the live map.

## Measured result

| arm | corpus | FP clean | genuine merges | growth | live-map hard |
|---|---|---|---|---|---|
| live `a8c04fc31e4a` | PASS | 7/8 fire | 11/12 | 5/5 | 17 |
| staged `e2d24b927ee8` | PASS | 8/8 fire | 12/12 | 5/5 | 22 |
| v1 `d88eb425d9a0` | PASS | 1/8 fire | 10/12 | 1/5 | 5 |
| v2 `3bd684035fc1` | PASS | 0/8 fire | 11/12 | 0/5 | 2 |
| **v3 `6f1a24c441fb`** | **PASS 17/0/10/0** | **0/8 fire** | **12/12** | **0/5** | **0** |

v3 passes all nine pre-registered criteria (including 10/10 declaration parity and insertion-only `+109/−0` provenance). Also measured: the live detector over-suppresses a genuine assertion (`detector flags … are one class`, 11/12) — a real defect v3 fixes. Post-hoc liveness at map `f344ed2aaea5` (383 claims) shows **1 new growth-family residual** (claims[327], worker-049), i.e. the instrument is battery-clean and pinned-map-clean but **not closed** under new detector-discussion traffic.

## Emitted (valid JSON, ingest-verified)
`comms/outbox/worker-098.jsonl` — 21 events: artifact pins, a `claim` (`conclusion_type: numerical_evidence`; `instrument_finding` is auto-rejected by `schemas.py`, which is why my prior claim had been rejected), a `review` (accept, 4.5, evidence + falsifier), a `blocker`, statuses, and an attribution-correction event. Dry-run: **0 rejects**; 20 in `events.jsonl`, 1 correction pending next cycle.

## Checkpoint
`runtime/state/w098_classsep_mention_scope_checkpoint_3.json` (final; 1 and 2 frozen) + `…checkpoints.jsonl`. Controller's `current_checkpoint.json`, the map, and canonical files were never written; detector still `a8c04fc31e4a`; `validate_map.py` → **VALID**; `numerics_lock` respected.

**Falsifier:** any of the 12 genuine-merge controls producing 0 findings, any of the 8 clean controls firing, corpus not PASS, parity < 10/10, a removed line in the v3 diff, or drift of `class_separation.py`/map off the recorded hashes — plus independent re-run and owner adoption decision, which remain with the controller/lead.
