Worker 087 — bounded task complete, checkpointed, exited.

## What I read
`workdir/ai4math-swarm/HANDOFF.md`, `README.md`, `research_map/ASTRA_HANDOFF.md`, `comms/PROTOCOL.md`, `research_map/research_map.json`, `research_map/events.jsonl`, `comms/inbox/`+`outbox/`, prior `worker-087` artifacts. No inbox card for worker-087 → self-assigned one class-bound task from the live G-FORM coverage gap (`astra-life05-verify-gform-r3`).

## Task taken: W087-GFORM-INDEP-05
**Node/gate:** F1, F2a, F2b / `G-FORM` · **Classes:** `AF-WCC-VAC-GEN`, `AF-SCC-C2-VAC-GEN`, `AF-SCC-C0-VAC-GEN`
Re-measured effective independent full-schema accept coverage at the post-repair pins (schemas rev 13, FROZEN rev 29). Live runs gave three different digests (corpus grows every few seconds), so I froze a hash-pinned 636-file corpus snapshot first, then ran the byte-identical INDEP-04 instrument 3× on it.

## Result (evidence)
- **Pins:** F1 `schemas/af_wcc_vacuum.yaml#d9cebb9404b2`, F2a `…c2…#e9a27996dfd3`, F2b `…c0…#b2ab6acb2bbe`, `FROZEN.json#815e08079aef` (rev 29), evidence `taxonomy_consistency.json#9e335e9ba1bf`.
- **Freeze:** `REPINNED_AND_ANNOUNCED` — 0 manifest mismatches, mirrors aligned, f0_binding pins refreshed, 3/3 owner announcements (`lead-form20260912T005743-00/-01/-02`) → INDEP-04 announcement blocker closed.
- **Coverage:** F1 **5** clusters (052,072,075,080,085,089) met · F2a **3** clusters (017,034,072) met · F2b **1** cluster (worker-061 only; 17 bound records, accept 1 / inconclusive 1 / revise 9) **not met**.
- **Gate level: criterion not met at rev 13; F2b is the sole gap** — needs one more independent full-schema accept bound to `b2ab6acb2bbe`.
- Controls 8/8; three runs on the snapshot identical digest `8c118404480640296a30d5fa9a3ad9a07cdc06673f4bc557fd805d844913bf45`.
- **Addendum finding:** live `schemas/af_scc_c0_vacuum.yaml.sha256` (mtime 00:19:14) still advertises revoked `1bb78ce9` while canonical/FROZEN rev 29 are `b2ab6acb2bbe`; 7 reviewers hold F2b accepts bound to the revoked hash (6 full-schema). F1/F2a have no sidecar. Live binding trap at the canonical path.

## Artifacts (all with sha256 sidecars)
`artifacts/worker-087/gform_independence_r2/`: `snapshot/MANIFEST.json` (digest `58db6f6ffb73…`), `snapshot_run3/report.json`, `summary.json`, `addendum_f2b_sidecar.json`, `README.md`, `CHECKPOINT.json`, `events_emitted.json` (plus frozen instrument, snapshot builder, summarizer/emitter).

## Emitted JSON (12 valid events, `comms/outbox/worker-087.jsonl`, validated with `research_map/schemas.validate_event`)
`w087-20260912T0108-…` artifact-instrument/-snapshot/-report/-summary, claim-f1f2a-met, claim-f2b-gap, blocker-f2b, artifact-checkpoint(-state), status-exit; `w087-20260912T0112-artifact-addendum-sidecar`, `…-claim-sidecar-trap`. Status `active` (worker cannot set `done`/gate verdicts).

## Checkpoint
`artifacts/worker-087/gform_independence_r2/CHECKPOINT.json` ≡ `runtime/state/worker-087_checkpoint_gform_indep_05.json` (verdict `GATE_CRITERION_NOT_MET_AT_REV13`, task complete unreviewed).

**Falsifiers:** a non-worker-061 full-schema accept bound to `b2ab6acb2bbe` in a separate cluster; any pin move / FROZEN ≠ rev 29; two counted clusters sharing text/instrument/doc; or a snapshot re-run with a different verdict digest.
