dsh: reasoning:
No handoff dir at top level. Let me search for "handoff" and "comms" directories.
dsh: reasoning:
Found /data3/guoshaoyang/workdir/ai4math-swarm/comms. Let me explore that.
dsh: reasoning:
This is the ai4math-swarm. I need to read HANDOFF.md, comms/PROTOCOL.md, and find my assignment for worker=030.

Let me read the key files.
dsh: reasoning:
Now, I am worker=030. Let me look for my assignment. Check comms/inbox and comms/outbox/assignments, and runtime/instances.

The prompt says: "Read handoff/map and comms. Take one class-bound task, emit valid JSON with IDs evidence hash falsifier, checkpoint, then exit. worker=030"

Let me look at the inbox and assignments.
dsh: reasoning:
There's no worker-030.jsonl yet. Let me look at what worker-030 has done before (runtime/instances/worker-030-*). Also there's no assignment file for worker 030. Let me check the research_map to see current tasks/classes, and look at worker-030 instance dirs for context.

The task says "Take one class-bound task". So there's a set of "classes" (class_id) in the research map. Let me read the research map.

Let me check:
1. research_map/research_map.json
2. runtime/instances/worker-030-*/ content
3. reviews/ 
4. ledger/

Let me be efficient.
dsh: reasoning:
Let me look at my latest prompt.txt in runtime/instances/worker-030 to see what the assigned task was, and my stdout.log to see what I did before. This is a repeated worker pattern (worker=030 has run before multiple times).

Let me check the latest prompt and stdout for worker-030.
dsh: reasoning:
Now I have context. This is a well-established pattern. worker-030 has run several times, each taking a class-bound task, emitting JSON events, artifacts, and a checkpoint.

The current instance (worker-030-20260912T005952-968807) is the one I'm in (started 00:59:52) — actually the latest one, or maybe the one at 00:59:52 is me. Wait, my session started... Let me check whether it's my instance. The prompt is identical. The runtime time reported by files is 00:59-01:00. I'm likely worker-030-20260912T005952-968807.

Let me now:
1. Check my outbox worker-030.jsonl (what I already emitted).
2. Check the latest reviews/events to find what's open.
3. Check the state dir, checkpoints.
4. Find one class-bound task that isn't claimed yet.

Let me look at the ASTRA_HANDOFF.md which might describe current state and open work, plus the latest lifecycle events (astra_lifecycle_05_events.py / astra_lifecycle.py). And check recent reviews.

Let me first check my outbox and the state dir.
dsh: reasoning:
The ASTRA_HANDOFF.md is at pass 05 (00:51). But events continue. Time now is ~01:00+. Let me check for newer controller state, specifically pass 06 (lead_audit_lifecycle_06_checkpoint.json exists at 00:59). Let me check the latest controller verification dir and recent events.

Also check my inbox: comms/inbox/worker-030.jsonl does not exist (I saw the listing - no worker-030). Let me confirm and look for the newest decisions (pass 06?).

Let me look at:
- runtime/state/controller_verification/ newest files
- runtime/state/checkpoints/ newest
- recent reviews for pass 05/06
- the tail of supervisor.log

Let me also check the open assignment cards mentioned: astra-life05-evidence-binding-repair (deadline 01:40), astra-life05-verify-gform-r3 (02:45). Current time ~01:00.

The task for worker-030: "Take one class-bound task, emit valid JSON with IDs evidence hash falsifier, checkpoint, then exit."

The pattern from the prior two instances: they took self-generated class-bound verification tasks (preflight verification of evidence binding/repair). The most natural next task: verify the rev13 evidence-binding repair landed (the previous run found F1 blocker: frozen repair report not regenerable by pinned tool; and F2 observed/repaired). Or take a new distinct class-bound task.

Let me look at what happened after 00:59:13 (my last emitted events). Check the latest controller activity and the formulation repair status. Let me check the FROZEN rev29/rev30 and schemas.

Let me gather current state efficiently:
1. Check controller_verification newest
2. Check the formulation dir for latest revision
3. Check reviews newest
4. grep events.jsonl tail for the latest accepted events

Let's do it.
dsh: reasoning:
The schemas in artifacts/formulation/schemas/ have mtime 00:53 (rev13). FROZEN.json at 00:57 (rev29).

Now, what new class-bound task should I take? Let me look at recent controller decisions after pass 05, and the newest lifecycle_20260912-005513.json. Also let me check reviews/ for newest reviews (glob by mtime) and my prior blocker concerning F1 (frozen repair report not regenerable).

Let me also check events.jsonl for the latest events around 01:00 to see what's active, and check the lead-audit-06 checkpoint.

The pattern: worker-030 takes an independent verification/preflight task bound to classes. The previous one left an open F1 blocker: the FROZEN-pinned repair report #3379bcfb contains `after_pre_binding_fix`, but its co-pinned generator #2f6c4f7d cannot emit that key.

Actually wait — the 005125 stdout said F2 was "observed, repaired at 00:57:26" — rev29 re-issued in place keeping revision 29. But then my last run (005125) already covered that.

Now at 00:59:52 I started. What's the current open question? Let me check:
1. The gh latest reviews (00:58-01:00).
2. lead_audit_lifecycle_06_checkpoint.json (00:59).
3. Recent accepted events in events.jsonl.

Let me look at the tail of the checkpoint_log and the newest files in reviews.
dsh: reasoning:
Lots of parallel traffic. I need to pick a class-bound task that:
- Is not already claimed by another worker
- Is decidable and verifiable with a hash
- Fits the bounded worker lifecycle

The pattern worker-030 established: independent verification of evidence binding, preflight checks, byte-level diff classification, hash integrity. My prior open blocker W030C-F1: the FROZEN rev29 repair report is not regenerable by its pinned generator.

Now the current live state (01:00): schemas mtime 00:53, FROZEN.json 00:57, and many workers are reviewing rev13/rev29. There is a lot of concurrent traffic about F1/F2a/F2b revision 13 and FROZEN rev29, plus workers 078, 073, 080, 16, 015, 019, 085, 075, 047, 001, 090, 029, 066 etc.

To avoid duplicating, I should take a task that is distinct and useful. The most self-consistent choice for worker-030, given the handoff's "class separation" theme and CF-16 metalinguistic-mention false-positive pattern, plus the CLASSSEP calibration adjudication just landed at 00:58-00:59...

Actually, let me think about what's genuinely needed. The task says: "Take one class-bound task, emit valid JSON with IDs evidence hash falsifier, checkpoint, then exit." The prior instances did independent verification of the most recent critical-path repair. The critical path is G-FORM: rev13 schemas + case corpus + FROZEN rev29 → r3 re-review by lead-audit (deadline 02:45).

My previous blocker (F1: frozen repair report not regenerable by pinned tool) is still open. I could check whether it still holds for the current FROZEN (rev29 at 00:57:51, 50 files, report pin 3379bcfb). But that was already emitted by a prior instance — repeating it is not new.

Better: Look at what's newly landed at 00:53 (rev13 schemas) and the still-open item: case corpus rebinding. The handoff said "case corpus rebound in flight". worker-16 at 01:00:11 emitted W16-REV29-CORPUS-REBIND-01. So corpus rebind is being handled.

Alternatively — a strong candidate: independent verification of the *rev13→rev12 masked leaf diff* was done by my predecessor. What about "F1 schema strictness corrected to EQUIVALENT/strictly WEAKER"? Also done.

Let me check the reviews that just landed — especially F1-review-rev13-085.json, W078-REC12-acceptance-078.json, W019-rev13-preflight-review.json — to see what independent verification is already in flight and what gaps remain. Since many workers are covering the rev13 freeze, duplicating would be wasteful.

A distinct, class-bound task that fits the "verification layer" mission and is likely not claimed: cross-check that the *class separation* between AF-WCC-VAC-GEN, AF-SCC-C2-VAC-GEN, AF-SCC-C0-VAC-GEN holds in the rev13 schemas — i.e., no class leakage between the three classes, verified by an independent mechanism (not the class_separation.py tool which is itself under audit). But CLASSSEP-calibration-adjudication just landed covering the detector calibration.

Hmm. Let me look for genuinely open gaps. Let me read the latest lifecycle report (lifecycle_20260912-005513.json) — the pass-05-final2 — for open findings/next actions. Also the decisions REC-11..REC-21.

Actually, an important thing: I should check whether there is an actual assignment card for worker-030 anywhere (inbox). There isn't one. The handoff says "Your assignment is in comms/inbox/<your-agent-id>.jsonl" — there's no worker-030 inbox file. Let me double check with a find for *030* in inbox.

Let me also check the newest reviews to avoid duplication and find open falsifiers.

Let me read the pass-05 decisions and the newest lifecycle report's pending items.
dsh: reasoning:
No worker-030 inbox card, so like my predecessors, I choose my own class-bound task. I need to pick something non-duplicative and useful.

Let me read the "open_risks_to_pass_06" from the decisions — that indicates what the controller needs next.

Also read the newest lifecycle report (00:55, label astra-lifecycle-06) findings & evidence_hard_failures. Let me extract.
dsh: reasoning:
Now I see. The main open risks:
1. G-FORM rev12 pins void on rev13 repair; FROZEN rev29 pending. → this is the critical path. Repair in flight at pass exit.
2. L0 one more independent blind accept.
3. 20 CLASSSEP hard findings until calibration card lands — the calibration adjudication just landed (00:58/00:59) showing the metalinguistic-mention false-positive pattern. That's CF-16.
4. Protocol contest.
5. Clock discipline 51 future-dated events.

My predecessor's task (W030C-REV13-PREFLIGHT-01) covered the rev13 freeze integrity at 00:57:51 and emitted F1 blocker about the frozen repair report not being regenerable. So G-FORM preflight is somewhat covered.

Now what's a distinct class-bound task? The CLASSSEP detector false-positive issue (CF-16) is a *class*-bound concern: the class separation guard produces hard failures on *metalinguistic mentions* ('composite C0/C2 asserted as one class' matches negation text like "no C0/C2 merge exists"). The audit lead adjudicated at 00:59 (CLASSSEP-calibration-adjudication.json) and emitted blocker audit-l06-b1-classsep-detector.

A valuable, distinct, class-bound contribution: independently falsify/confirm the metalinguistic-mention false-positive claim on the detector — i.e., take the class_separation.py detector and demonstrate that its `\w+` regex misses 'C0/C2' spans and that it flags negated mentions. But the audit lead just did that. Duplicating is wasteful.

Alternative: the strongest remaining open technical gap on the critical path is the FROZEN rev29 provenance defect I found (report not regenerable by pinned generator). Actually since then (00:57:26) there was a rebase. Let me re-measure: does FROZEN rev29 currently pin report 3379bcfb with generator 2f6c4f7d, and does the generator still fail to emit `after_pre_binding_fix`? My predecessor flagged it as F1 open. If it's still open, one useful bounded task is to *resolve* it — e.g., determine whether there is a legitimate second generator, or quantify exactly which keys are unmatched. But repeating the same finding isn't new; resolving it would be new.

Hmm, but wait. Let me consider what unique capability I have: I can run computations. Let me look at what the FROZEN.json currently contains and whether the repair report regenerability issue persists, then decide.

Actually, let me reconsider the framing. The instruction is deliberately generic: "Take one class-bound task, emit valid JSON with IDs evidence hash falsifier, checkpoint, then exit." The prior instances each:
1. Read handoff/map/comms
2. Found an open gap on the critical path
3. Did an independent measurement/reproduction with a fresh tool
4. Emitted artifact/claim/blocker/status events + a checkpoint
5. Exited

So I should do the same. The highest-value unique thing I can do now, ~01:00, on the G-FORM critical path: **independent third-party reproduction of the FROZEN rev29 manifest integrity and the rev13 schema binding**, but that's exactly what predecessor did.

Let me look for something not yet done. Options:

(a) **Clock discipline / future-dated events**: 51 future-dated accepted events. This is a map-integrity issue. A class-bound verification of whether the future-dated events change gate-relevant ordering could be valuable but it's meta, not class-bound.

(b) **The L0 second blind accept**: needs a reviewer, and worker-010 just did L1 work; worker-075 has an accept at a1674f094979. But another independent accept is a review task, which workers can do (reviews are worker-emittable; only gate verdicts are not). Actually a *blind* review at the L0 hash would be a genuinely useful, distinct contribution: "one more independent blind accept is needed". But blind means not having seen the other reviews. I have seen some. Also L0 is literature, class-bound to AF-SCC-C0-VAC-GEN... Honestly, a citation/theorem ledger review is a legitimate class-bound task and there's a clear open need: "L0 now has 1 accept (worker-075) at a1674f094979; one more independent blind accept is needed."

Hmm, but the risk: I'm a bounded worker with limited context; a full L0 review could be large. Let me look at the size/nature of L0 artifacts to judge feasibility.

(c) **G-FORM r3 pre-review**: lead-audit has the card `astra-life05-verify-gform-r3` (deadline 02:45). As a worker I could provide *independent evidence* the lead can use. The predecessor already did rev13 byte verification. What remains unverified: the *case corpus rebind* to `ccf7041b` (rows rebound to rev5 F0 0abb9ed8). worker-16 did W16-REV29-CORPUS-REBIND-01 at 01:00:11. Hmm.

(d) **Cross-class leakage check on the actual rev13 schema *conclusions*** — i.e., verify that the three class schemas don't assert each other's conclusions (class separation at the schema level), which is the core of G-FORM. The class_separation.py detector is under CF-16 (false-positive pattern). An independent, semantically-grounded check (not regex) would be novel and directly useful: parse the three YAML schemas, extract each schema's class_id/definitions/conclusion_type, and check for forbidden cross-class content (e.g., C0 schema asserting C2 or WCC content). My predecessors' tools (run_preflight.py) did leaf diffs; a *semantic* cross-class check is different.

Wait — actually let me check what the F1 blocker said and whether FROZEN rev29 pins are still consistent. If a rev30 or newer FROZEN exists, the situation changed. Let me measure now.

Let me first check the current state of FROZEN.json, schema hashes, and whether the report #3379bcfb / generator #2f6c4f7d issue persists. That determines what's live.

Also check whether my prior artifact dir exists: artifacts/worker-030/rev13_preflight/.

Let me do a quick measurement.
dsh: reasoning:
Current state: FROZEN rev29 at 00:57:26, 50 files, self-hash 815e08079aef. Schemas rev13: d9cebb94 (F1), e9a27996 (F2a), b2ab6acb (F2b). Same as my predecessor measured. So no new freeze since. My predecessor's finding remains live/current.

Now let me pick a NEW class-bound task that adds value beyond what's done. Let me survey what reviewers found in the last ~5 minutes about rev13 — specifically F1-review-rev13-085.json (00:59/01:00), F1-review-worker-045.json, F2a-review-rev13-047.json, W019-rev13-preflight-review.json, W078-REC12-acceptance-078.json. If reviews are already covering rev13 semantics, then my unique contribution should be something orthogonal.

Let me think about what's structurally missing. Key insight: FROZEN rev29 is the freeze of record for G-FORM r3. My predecessor found the F1 provenance defect (report 3379bcfb includes `after_pre_binding_fix` but generator 2f6c4f7d can't emit it).

But wait — FROZEN rev29 was "re-issued in place keeping revision 29" at 00:57:26 with 48→50 files. That's a *freeze-protocol* anomaly: a FROZEN revision was mutated in place. The predecessor recorded it (F2 observed/repaired). Whether this violates the freeze protocol's own change_protocol is a legitimate audit question. Let me look at FROZEN.json's `change_protocol` and `self_reference` — if the protocol forbids in-place mutation of a revision, then the freeze-of-record is procedurally invalid, which matters a lot for G-FORM r3.

That could be a strong, distinct, class-bound task: **audit the FROZEN rev29 in-place mutation against the FROZEN.json's own declared change_protocol, and quantify whether any pinned artifact predates the mutation with mismatched bytes**. My predecessor touched on it (F2) but focused on the repair report. Hmm.

Alternatively, a cleaner distinct task: **verify the 50 FROZEN rev29 pins yourself from disk, and additionally verify that every pinned path's *content semantics* still binds to the claimed class** — no.

Let me step back and consider the *class-bound* aspect: The task must be bound to a class (class_id like AF-WCC-VAC-GEN / AF-SCC-C2-VAC-GEN / AF-SCC-C0-VAC-GEN). The most on-mission contribution for a "verification layer" project: an independent check of **class separation in the rev13 schemas** — i.e., that F1 (WCC) schema does not contain SCC/C0/C2 conclusions and vice versa. This is *the* G-FORM question (the whole point of splitting classes). The canonical detector (class_separation.py) has CF-16 false positives and is under calibration. An independent semantic check would be new evidence and directly serves the r3 review.

Let me look at the schemas' structure to see feasibility. Let me peek at the rev13 schema keys and any conclusion/class assertions. Also let me check the predecessor's preflight report to see what checks it already ran (so I don't duplicate).

Let me read the predecessor's report.json structure (top-level keys) and the README.

Actually, let me reconsider once more. There's an important open item in the decisions: "case corpus rows are already rebound to bound_taxonomy_sha_0abb9ed8a961 (ccf7041b), schemas and FROZEN rev29 still pending" — at pass exit. Since then rev13 + rev29 landed. So the critical path now is the *r3 re-review* by lead-audit. Any independent evidence that helps r3 is valuable.

Given my predecessor did byte-level masking of rev12→rev13, the complementary check is **behavioral/semantic**: does the rev13 schema set still satisfy the class-separation contract and the REC-12 items, verified by a method independent of the predecessor's byte-diff and independent of the canonical class_separation.py? That's a genuine independent-verification contribution.

Let me look at the schemas. Let me check their structure and what "conclusion_type" / "class_id" they declare, and whether there are cross-class mentions.

Let me read the predecessor README first for a quick summary of what was verified, then inspect schema structure.
dsh: reasoning:
Excellent. My predecessor did a thorough byte/semantic-authorization preflight. Two open findings:
- F1: frozen repair report not regenerable by co-pinned generator (traceability)
- F2: FROZEN rev29 in-place re-issue (two byte-different manifests share revision number 29)

Both "reported, not adjudicated."

Now, what's the *next* unclaimed class-bound task? Let me consider the strongest option: the F1 falsifier — "exhibit a version of `evidence_binding_repair_rev29.py` at the pinned hash `2f6c4f7d` that emits `after_pre_binding_fix`, or a pinned instrument that does."

Actually — I have a genuinely valuable, distinct, and bounded task available: **resolve W030C-F1 by locating the instrument that actually produced the frozen report.** The predecessor said the pinned generator can't emit `after_pre_binding_fix`. But maybe there's a *different* generator on disk (e.g., `evidence_binding_repair.py`, a second tool, or a later version) whose output matches the report — or maybe the report was produced by an inline heredoc. If I can find the actual producer (or prove none exists on disk), that either closes F1 (traceability restored, possibly needing a re-pin) or strengthens it to "provenance unverifiable". That's a decidable, bounded forensic task bound to the same classes and gate. And it's exactly the falsifier I myself declared — following up my own falsifier is the correct lifecycle.

But careful: is that "one class-bound task"? Yes: F1/F2a/F2b, G-FORM, classes AF-WCC-VAC-GEN etc. And it's evidence-focused, the project's moat.

However, there's a risk: the report may have been generated by the formulation lead's tool that has since been overwritten. Let me quickly probe: search artifacts/formulation/tools/ for generators and check which emits `after_pre_binding_fix`. That's cheap and decisive. Let me do that first — if there's an obvious producer, the task is small and I can finish it with strong evidence.

Alternative candidate task: independently verify the *semantic* class separation of rev13 schemas (not regex-based). Let me hold that as backup.

Let me probe the tools directory now.
dsh: reasoning:
Confirmed: `after_pre_binding_fix` appears only in the report itself — no tool on disk can emit it. So the report is not reproducible from any pinned instrument.

Now, is there a *different* way to resolve F1? Options:
1. Prove no instrument on disk emits it (done in ~1 command — strengthens F1, but it's basically re-confirming).
2. Find a legitimate explanation: maybe the report was written by an ad-hoc inline script (heredoc) by the formulation lead. That would be "not regenerable by a pinned tool" but perhaps acceptable if the lead re-pins or declares it.

The more valuable and *novel* contribution: **independently recompute the report's semantic content from first principles and check whether the report's claims are TRUE of the live bytes** — i.e., decouple "traceability of the record" from "truth of the record". The predecessor checked `report.files[*].after` matches live paths (check G: report_pins_all_ok). But what about `after_pre_binding_fix` = bf0c28fa673e…? Is that value *correct* — i.e., does the live F1 schema exhibit a pre-binding-fix hash bf0c28fa? If the report's extra key carries a value I can independently derive (e.g., the hash of the schema bytes *before* the f0_binding refresh, or of the schema with the binding field stripped), then the record is semantically verifiable even if not byte-reproducible. That would *downgrade* F1 from "unverifiable provenance" to "verifiable content, unpinned instrument" — a genuinely useful adjudication input for the r3 reviewer.

Let me look at the report and the generator to understand what `after_pre_binding_fix` means. Let me read the report and the generator.

Actually, let me first check: what does the report contain? Let me dump its structure. And read the generator tool source to see what keys it emits. Then I can test whether bf0c28fa is derivable from live bytes (e.g., sha256 of F1 schema with `consistency_evidence_sha256` reverted to the declared 675a99d0, or with the f0_binding block removed, etc.).

This is a nice bounded forensic task: "independently determine the semantics of the unpinned key and test whether its value is derivable/true of the frozen bytes; produce a verdict that either closes or sharpens W030C-F1."

Let me do that. First, read the report structure + the relevant part of the generator.
dsh: reasoning:
The report's `correction` field explains the tool bug: "the F1 branch applied repair_f1 but not repair_binding, so F1 f0_binding still declared 675a99d0 at the first apply; f..." — let me read the full correction text. That's the key: `after_pre_binding_fix` = bf0c28fa… is presumably the intermediate hash after repair_f1 but BEFORE repair_binding was applied. That is: the first-apply bytes of F1 (repair_f1 applied, f0_binding still 675a99d0) hashed to bf0c28fa.

If true, then the unpinned key is *derivable*: apply repair_f1 only → bf0c28fa. That would explain why the overwritten generator can't emit it: the tool was fixed after the fact (bug fixed → key removed from the corrected generator), so the pinned generator is post-fix and doesn't produce the intermediate state.

Wait — the pinned generator source contains 0 occurrences of the key. But the report was produced by the pre-fix version of the tool; the tool was then corrected (bug fixed) and the *corrected* tool is what got pinned. That's a coherent explanation. But then the frozen report is not byte-reproducible from the corrected tool — yet its content may still be independently verifiable: I can reconstruct the intermediate state (repair_f1 only, binding unfixed) and check sha256 == bf0c28fa.

That's exactly the resolution! This is a decidable, bounded, high-value forensic task:
1. Read the generator's repair_f1 and repair_binding functions.
2. Reconstruct the intermediate F1 schema: apply repair_f1 to the rev12 bytes WITHOUT repair_binding.
3. sha256 → compare to bf0c28fa673e5bd5d82d03ab93059b99580af0f3f65a81d4924e0bc8e74a6226.
4. If it matches: F1 is RESOLVED as "record content independently reproducible; the pin gap is explained by a post-hoc tool correction, not by an unverifiable record." The reviewer then needs the *correction* disclosed in FROZEN (the report's `correction` field does disclose it).

If it doesn't match, F1 sharpens (value underivable).

This is ideal: it follows my own declared falsifier, it's class-bound (F1 WCC / G-FORM), it's a fresh independent instrument, it produces a hash + falsifier, and it directly serves the r3 review.

Let me read the generator source to extract repair_f1/repair_binding.
dsh: reasoning:
This is exactly it. Line 288:

```python
new = repair_f1(text, now) if cid == "AF-WCC-VAC-GEN" else repair_binding(text, now)
```

The bug: for F1 (AF-WCC-VAC-GEN), only `repair_f1` was applied, not `repair_binding`. The corrected tool presumably now does `repair_f1` + `repair_binding` for F1. Let me read lines 180-320 to see the full logic.

Then I reconstruct: rev12 bytes → repair_f1 only (with `now` timestamp from the first apply) → sha256 should equal bf0c28fa...

But careful: `repair_f1(text, now)` takes `now` — the timestamp of the apply. The report's `at` is 00:53:20, but the first apply happened at some time; the pre-fix run's `now` matters if the repair stamps text with `now`. Let me read the functions.

Let me read the file section.
dsh: reasoning:
Now I understand the mechanism completely. The pinned *corrected* tool at line 288 does `repair_f1` only for F1 — it still doesn't do `repair_binding` for F1! So the "corrected" tool as pinned does repair_f1 only for F1 and repair_binding only for F2a/F2b. Hmm, then where does the fixed F1's binding come from? Let me check: does `repair_f1` include a binding fix? F1_REV_NOTE maybe mentions it, but the binding replacement is in `repair_binding` only.

Wait — but the live rev13 F1 schema (d9cebb94) has `consistency_evidence_sha256 = 9e335e9b` per the predecessor's check B. And the pinned tool applies only repair_f1 to F1... so the pinned tool, applied to rev12 F1 bytes, would produce bytes whose binding still says 675a99d0 → sha bf0c28fa? That is EXACTLY the `after_pre_binding_fix` hash! 

So actually: `after_pre_binding_fix` = the hash of repair_f1(text) — which is precisely what the pinned tool would emit (and it's recorded as an intermediate key in the report). The report's key name says "after pre-binding fix", i.e., the state after repair_f1 but before repair_binding. That state was produced by the pre-fix tool, and the report records it. Then a separate step applied repair_binding to F1 (maybe manually or by another invocation).

So the pinned generator *can* produce the intermediate value bf0c28fa — not by emitting the key, but by applying repair_f1 to rev12 F1 bytes. The key isn't in the generator because the generator only writes 4 keys per file; the extra key was added by a later manual step or by a different version. But the *value* is reproducible: apply repair_f1(rev12_F1, now) and hash.

Critical subtlety: `now` — the timestamp. `repair_f1` calls `bump_header(text, now, ...)` which restamps `revised_at: "<now>"` and inserts a revision_history entry with `at: "<now>"`. So the hash depends on the exact `now` string. The report's `at` is "2026-09-12T00:53:20+08:00". If the first apply used `--at 2026-09-12T00:53:20+08:00`, then repair_f1(rev12_bytes, that) should hash to bf0c28fa.

But wait: the live F1 rev13 mtime is 00:53 and its `revised_at`... the predecessor said "report `at` 00:53:20 vs F1's final mtime 00:53:41". So the first apply at 00:53:20 produced bf0c28fa (repair_f1 only), then at 00:53:41 the binding fix was applied producing d9cebb94. The final live F1 has revised_at probably 00:53:41 or later.

Hmm, but if repair_binding were applied to the bf0c28fa bytes, it would call bump_header AGAIN (adding a second revision_history entry and restamping revised_at) — making two rev13 notes. Let me check the live F1 schema's revision_history for a double entry. Actually the report's `correction` says: "tool bug caught by post-write validation: the F1 branch applied repair_f1 but not repair_binding, so F1 f0_binding still declared 675a99d0 at the first apply; f..." — let me read the full correction text (line ~60-70 of the report JSON).

So the question is resolvable by direct reconstruction:
- Get rev12 F1 bytes. Where? The report has `before` = cce9c60146d6…. Is that available? FROZEN rev28 pinned it presumably; maybe artifacts/formulation/evidence has a copy, or the variants dir, or git history. Let me check git — the repo has .git. `git show HEAD:artifacts/formulation/schemas/af_wcc_vacuum.yaml` maybe. Or FROZEN rev28's pinned copy may exist in the sandbox/tmp dirs.

Actually, simpler: the tool only needs the *current* file to be rev12. But the current file is rev13. Can I reconstruct rev12 by inverting repair_f1? The repairs are `sub_once` replacements — invertible: replace F1_EQUIV_NEW→F1_EQUIV_OLD, etc., remove the appended revision_history entry, restore revised_at, revision 13→12. But that's reconstruction of rev12 by inversion, which introduces its own assumptions. Better to find the actual rev12 bytes.

Options to get rev12 F1 bytes:
1. git history in artifacts/formulation (is it a git repo? The swarm root is a git repo). Let me check `git log --oneline -- artifacts/formulation/schemas/af_wcc_vacuum.yaml`.
2. FROZEN rev28 pinned hash cce9c60146d6 — maybe there's a backup copy in tmp/ or in evidence.
3. The predecessor's sandbox_consistency may have rev12 copies.

Let me check git and search for files whose sha256 == cce9c60146d6.

This is a well-scoped forensic task. Let me now be careful about the checkpoint/emit requirements and time. Total budget: bounded worker. Let me proceed efficiently.

Plan:
1. Locate rev12 F1 bytes (by hash cce9c60146d6a907082ade91c67c8ac658bd796d1241f9bb8965c3d2aa69daa3).
2. Independently reconstruct: import the pinned tool's repair_f1 with now="2026-09-12T00:53:20+08:00" on rev12 bytes → sha256 → compare bf0c28fa.
3. Also verify the *final* live F1 d9cebb94 = repair_binding(bf0c28fa bytes, now=00:53:41?) — or whatever transformation. If I can chain it, then the whole frozen report is semantically reproducible and F1 is resolved (the pin gap is explained: the report key records an intermediate state, and the pinned generator at 2f6c4f7d *can* produce that intermediate value, just doesn't name the key).
   - Even better: check whether applying repair_binding to repair_f1 output reproduces the live bytes d9cebb94 with a specific timestamp.
4. Write instrument + report + checkpoint + events.

Let me first find rev12 bytes. Search by hash.
dsh: reasoning:
The git log for the file is empty (repo may not track artifacts). Let me find rev12 F1 bytes by hash cce9c601 directly using the hash prefix search across the whole tree. The listing above didn't show cce9c601 in the candidates with names *af_wcc_vacuum* (it was sorted and truncated at head -40 — actually sorted by hash hex; cce9... would appear later). Let me grep the full output for cce9.

Actually better: search whole workspace for files whose sha256 prefix is cce9c601 — but that's expensive (many files). Focus: it's the rev12 F1 schema; likely present in a worker sandbox copy. Let me use the find + sha approach but filter by name pattern and grep cce9. Let me rerun with grep.

Also, important: the report's `files` has `before: cce9c601...` for F1 (canonical path). So rev12 bytes existed at 00:53:20. Many workers have snapshots. Let me search.

Note also: I can reconstruct rev12 from rev13 by inverting the two repairs — but let's first look for the actual bytes.

Let me search all files named *af_wcc_vacuum*.yaml (not .json) for hash cce9c601, and also broader: any file under artifacts/**/ whose sha is cce9c601 — but limit to yaml files.
dsh: reasoning:
rev12 F1 bytes are widely available. I have my own copy too (artifacts/worker-030/frozen_transition/snapshot/f1.cce9c601.yaml) — good, I'll use my own snapshot for independence, cross-checked against other copies.

Now the core reconstruction. I'll write a fresh instrument that:
1. Loads rev12 F1 bytes from my own snapshot + verifies sha256 == cce9c601.
2. Imports `repair_f1` from the pinned tool (careful: importing the tool runs module-level code; it only defines functions and main() guarded by __main__, so import is safe — but it may have module-level PINS/ROOT constants. Fine.)
3. Applies `repair_f1(text, "2026-09-12T00:53:20+08:00")` → sha256 → compare to bf0c28fa673e5bd5d82d03ab93059b99580af0f3f65a81d4924e0bc8e74a6226.
4. Then applies `repair_binding(intermediate, "2026-09-12T00:53:41+08:00")` → compare to live d9cebb94. But wait: the correction says "composing the binding refresh into the same rev13 (no header bump, revision_history rev13 note extended)". So the final live bytes are NOT repair_binding(intermediate) since that would bump the header again. So step 4 will likely fail by design; the correction explicitly says no header bump. I should instead model the corrected composition: apply repair_f1's text edits + binding edit within one header bump. I can replicate that by taking repair_binding's *content edits* without the header bump.

Let me check: what does the live F1 rev13 look like vs intermediate? Difference should be: consistency_evidence_sha256 675a99d0→9e335e9b, checked_at restamped, binding_note extended, plus the rev13 note extended (notes list gets an extra line?), and no extra revision_history entry / no revised_at change from 00:53:20? Hmm.

Actually let me just empirically compute:
- t0 = "2026-09-12T00:53:20+08:00" (first apply)
- mid = repair_f1(rev12, t0); sha(mid) =? bf0c28fa
- Then to get live: need to apply binding edits to mid without header bump. repair_binding(mid, t1) does: sub consistency hash; restamp checked_at to t1; sub binding_note; then bump_header (which would restamp revised_at to t1 and add ANOTHER revision_history entry) — so repair_binding(mid,t1) ≠ live.

To replicate "composing the binding refresh into the same rev13 (no header bump, revision_history rev13 note extended)": the final live should equal mid with binding edits applied AND the rev13 note line extended (i.e., the notes list of the existing rev13 entry modified). So I can construct candidate = apply binding content edits to mid + replace the rev13 note content with the extended note; leaving revised_at and index unchanged.

But the simplest decisive test — the part that actually resolves F1 — is step 3: does repair_f1(rev12, t0) == bf0c28fa? If yes, the unpinned key is *reproducible*: it names the F1 first-apply state, and the pinned tool at 2f6c4f7d can generate exactly that byte sequence (it just doesn't label it). That converts F1 from "unverifiable provenance" into "explained: intermediate state recorded out-of-band by the pre-fix tool, value reproducible from the pinned generator + rev12 bytes".

The timestamp is the key unknown. Let me test t0 = report's `at` = 00:53:20. If the hash matches, done. If not, I can search timestamps — but careful: timestamps could be many. Actually the F1 schema mtime was reported as 00:53:41 (final), and the report at 00:53:20. The first apply probably used --at 00:53:20 (since report at == now at first apply, and REPORT.write_text happens at end of first apply). Then repair_f1 was called with now=00:53:20. But wait: if the first apply wrote the schema at ~00:53:20, then the corrected composition at 00:53:41 produced the final. The intermediate bytes may no longer exist on disk, but their hash is recorded.

Caveat: the intermediate file was written to disk at 00:53:20 with revised_at=00:53:20. Then at 00:53:41 the binding refresh composed in. Live F1 revised_at might be 00:53:20 (no header bump) — let me check live F1's revised_at. If live revised_at == 00:53:20, that supports the model.

Let me now write the instrument. But first a quick interactive test to confirm the hypothesis before building the full artifact.

Let me write a small probe script in my artifact dir (I'll make the official one after confirming). Actually, just run inline python to check quickly (not an artifact yet). Time matters but correctness matters more.

Let me do the probe.
dsh: reasoning:
CONFIRMED. `repair_f1(rev12_F1, "2026-09-12T00:53:20+08:00")` = `bf0c28fa673e5bd5d82d03ab93059b99580af0f3f65a81d4924e0bc8e74a6226` — exactly the report's unpinned `after_pre_binding_fix` value.

So F1 is RESOLVED (down to "explained, value reproducible"): the frozen report key records the F1 first-apply intermediate state, whose bytes are reproducible from (a) the rev12 pinned bytes + (b) the pinned tool's `repair_f1` + (c) the report's own `at` timestamp. The reason the pinned tool source contains 0 literal occurrences of the key is that the key was added to the report by the pre-fix invocation; but the *value* is deterministic given the pinned inputs. So provenance is restored in the "content-addressable, independently recomputable" sense.

Now, let me complete the chain: can I also reproduce the final live d9cebb94 by composing the binding refresh into the same rev13 without a header bump, using only pinned inputs + timestamps?

Model: live = compose(repair_f1 edits + repair_binding edits, single header bump at t0 or t1?) with the rev13 note extended.

Let me figure out empirically:
- mid = repair_f1(rev12, t0)
- The correction says the binding refresh was composed into the same rev13: consistency hash replaced, checked_at restamped, binding_note extended, and the rev13 revision_history note extended. No header bump → revised_at stays as in mid (t0=00:53:20).
- What's the extended rev13 note? Probably F1_REV_NOTE + something about the binding refresh. Let's look at live F1 vs mid to see exact textual differences. Let me diff them.

This will let me reproduce live bytes exactly, closing the whole chain: rev12 + pinned tool + report timestamps + correction semantics → live d9cebb94. If I can do that, my claim is strong: "the frozen repair record is fully regenerable from pinned inputs; the defect was only that the key name/tool version was not pinned."

Let me diff mid vs live.
dsh: reasoning:
The diff shows the two exact changes between the first-apply intermediate and the live final:
1. The rev13 note extended with " Same revision also refreshed f0_binding.consistency_evidence_sha256 675a99d0d25b -> 9e335e9ba1bf in all three class schemas."
2. The f0_binding line: consistency_evidence_sha256 675a99d0→9e335e9b, checked_at restamped, binding_note extended.

Let me write the full composition and verify it reproduces d9cebb94 exactly. The BINDING_NOTE_ADD and REV_NOTE_COMMON constants are in the tool. The correction says the rev13 note extension is "Same revision also refreshed ... in all three class schemas." — that's probably REV_NOTE_COMMON or part of it. Let me check the tool's constants at the top (lines 1-140) to get REV_NOTE_COMMON and BINDING_NOTE_ADD.

Then compose:
- text = repair_f1(rev12, t0)
- replace consistency hash old→new
- restamp checked_at → t1 (00:53:41)
- replace "never conflated\"}" → "never conflated." + BINDING_NOTE_ADD + "\"}"
- extend the rev13 note: replace F1_REV_NOTE → F1_REV_NOTE + REV_NOTE_COMMON? (Need to see exact strings.)

Then sha256 should == d9cebb94.

Let me read the constants.
dsh: reasoning:
Now I have everything. The rev13 note extension in live was: " Same revision also refreshed f0_binding.consistency_evidence_sha256 675a99d0d25b -> 9e335e9ba1bf in all three class schemas." That's a *different* string from REV_NOTE_COMMON (which starts "rev13 delta (astra-life05-evidence-binding-repair): f0_binding.consistency_evidence_sha256 refreshed ..."). The correction says the rev13 note was "extended", so the lead appended a custom sentence.

Let me now write the composition:
- mid = repair_f1(rev12, t0=00:53:20)
- text = mid with:
  a. rev13 note extended: F1_REV_NOTE → F1_REV_NOTE + " Same revision also refreshed f0_binding.consistency_evidence_sha256 675a99d0d25b -> 9e335e9ba1bf in all three class schemas."
  b. consistency_evidence_sha256 675a99d0→9e335e9b
  c. checked_at: 00:31:41 → 00:53:41
  d. binding_note: 'never conflated"}' → 'never conflated.' + BINDING_NOTE_ADD + '"}'
- sha256 == d9cebb94?

Note the order of edits in repair_binding: hash sub, checked_at restamp, binding_note sub. And the header note extension. Let me test empirically. The exact appended sentence I can take from the live diff. To keep it *independent*, I should derive it from the live bytes (which is fine — I'm testing reproducibility of the final from the intermediate + declared correction semantics).

Actually, the cleanest framing: my instrument reconstructs the *intermediate* state from pinned inputs (rev12 + pinned tool + report timestamp) and then verifies that the *final live* state differs from it by exactly the two edits declared in `correction` (note extension + binding refresh), with no other difference. That's a strong, decidable claim: it closes the loop on the frozen record.

So two checks:
- C1: sha256(repair_f1(rev12, report.at)) == report.files[F1].after_pre_binding_fix (the unpinned key) ✓
- C2: the live d9cebb94 bytes = intermediate + exactly the two declared binding-refresh edits; verify by constructing the composed candidate and comparing sha256, AND by asserting the unmasked diff is exactly the declared edit set.

Let me test C2 construction now.

For the note extension, I'll use the literal sentence observed in the live text. But to make it principled, I'll extract the delta programmatically: the revision_history line index 11 note in live minus mid = " Same revision also refreshed ...". I'll assert the delta is exactly the expected sentence, then apply it. Hmm — but that's circular if I take the sentence from live. Better: the sentence is *specified* by the `correction` field semantics ("composing the binding refresh into the same rev13 (no header bump, revision_history rev13 note extended)"). The exact wording isn't in the correction. To avoid circularity, I'll verify C2 as: "live minus intermediate == a header-note extension + the three binding-refresh substitutions; the note extension text is recorded verbatim" and independently verify that the three binding substitutions match exactly the `repair_binding` function constants. That's clean: the *set of edits* is what's checked, not the wording origin.

Even cleaner and fully non-circular for the key claim:
- Check C2a: apply only the three repair_binding content edits to mid (no header bump) → sha256 should equal d9cebb94 IF the note extension is the only other change... no, it won't match because the note extension changes bytes too.

So: C2 = compose all 4 edits → compare sha256 to live. The note text comes from the live file (observed), so I'll report it as "the extension recorded in the frozen bytes". The material claim is: **no other differences** — i.e., the full edit set is exactly {rev13 note extension, consistency hash, checked_at, binding_note}. I'll verify by a leaf-level diff that the composed candidate is byte-identical to live (sha256 equality implies that).

Let me test now.
dsh: reasoning:
The full chain is reproduced byte-exactly:

rev12 (cce9c601) + pinned tool `repair_f1` at t0=00:53:20 → bf0c28fa (`after_pre_binding_fix`)
bf0c28fa + the declared correction composition (note extension + binding refresh at t1=00:53:41) → d9cebb94 (live rev13 F1)

This RESOLVES my predecessor's F1 finding: the frozen repair report key `after_pre_binding_fix` is NOT an unexplained orphan — it is the deterministic output of the pinned generator's `repair_f1` on the pinned rev12 bytes, and the final live bytes are exactly that intermediate plus the declared correction. The provenance gap is closed at the content level; the only residual is a *record-keeping* gap: the pre-fix tool version (which emitted the extra key) is not itself pinned — but its behavior is fully reconstructible from the pinned post-fix tool + the report's own `at` field.

Now I should:
1. Check the same for F2a/F2b (their `after` = repair_binding(rev12, t1)? Let me check: for F2a/F2b, repair_binding(rev12_bytes, now) → should equal live e9a27996 / b2ab6acb. What timestamp? t1=00:53:41 presumably. Let me verify — that would make the whole three-class repair chain reproducible.)
2. Run a control: apply repair_f1 with wrong timestamp → different hash (already have a503f2ea, showing the value is timestamp-sensitive → the match is non-trivial).
3. Also verify the *other* direction: repair_binding applied to mid (with header bump) ≠ live (proving the "no header bump" claim is material) — good control.
4. Build the artifact: instrument `run_f1_provenance_closure.py`, report.json, README.md, checkpoint, outbox events.

Let me quickly verify F2a/F2b and the controls.

For F2a: rev12 = 5476a3f2c6bc...; repair_binding applied at some t. The live F2a = e9a27996 and F2b = b2ab6acb. Try t1=00:53:41.

Wait, but for F2a/F2b the report says `after` = e9a27996/b2ab6acb directly from the apply. The apply's `now` was t0=00:53:20 (report at). Hmm, but F2a/F2b may have been written at t0 and not touched at t1. Let me test both timestamps.

Let me run the check.
dsh: reasoning:
I have my own rev12 snapshots for all three classes (taken at 00:33, before the repair). Now verify F2a/F2b with repair_binding at both timestamps.

Then the controls. Let me do a comprehensive check.
dsh: reasoning:
Excellent results:
- F2a: repair_binding(rev12, T0=00:53:20) = e9a27996 = live ✓
- F2b: repair_binding(rev12, T0=00:53:20) = b2ab6acb = live ✓
- F1: repair_f1(rev12, T0) = bf0c28fa (report's after_pre_binding_fix); then composed with binding refresh → d9cebb94 = live ✓
- Control C1: wrong timestamp → different hash (a503f2ea) ✓ (non-triviality)
- Control C2 crashed with expected ASSERT (repair_binding on mid fails because revision is already 13, expected 12) — that's actually a meaningful control: it proves the "no header bump" claim is *required*, since repair_binding cannot even be applied to the intermediate (it is fail-closed on a non-rev12 header). Exit code 1 from the assert. I should handle that gracefully in my instrument (catch SystemExit) and report it as a control that demonstrates why the correction had to compose the edits without calling repair_binding.

So the full chain is now closed across all three classes:
- rev12 pinned bytes + pinned tool at pinned timestamp → live rev13 bytes, byte-exact, for F1 (via documented composition), F2a, F2b (direct).
- The report's unpinned `after_pre_binding_fix` = the deterministic intermediate state for F1.

This directly answers the predecessor's F1 falsifier: "exhibit a version of evidence_binding_repair_rev29.py at the pinned hash 2f6c4f7d that emits after_pre_binding_fix, or a pinned instrument that does." I can't exhibit a *version* that emits the key, but I can exhibit that the pinned instrument at 2f6c4f7d *produces the value* for the F1 branch — the key labels an intermediate state the pinned tool computes. So the provenance defect downgrades from "unverifiable record" to "record-keeping gap: an unpinned pre-fix wrapper added one intermediate key; its value is independently reproduced from pinned inputs."

Let me confirm the pinned tool hash is 2f6c4f7d.

Also, I should double check the D5/line-72 etc. are irrelevant. And verify one more thing: the report's `files` entry for F1 `after` = d9cebb94 matches live; `before` = cce9c601 matches rev12. And the whole-class chain: what about the claim that the F1 intermediate was *written* at 00:53:20? The hash match proves the *value*, and the timestamp dependency proves the `now` used was exactly the report's `at`. 

Now let me also check whether the pinned tool hash matches and get exact hashes for evidence refs. Then build the artifact.

One more consideration — is this task already done by another worker? Let me check quickly: has anyone else published "after_pre_binding_fix" resolution? grep reviews/ and outbox for `after_pre_binding_fix`. Earlier grep showed only the report file in artifacts/formulation. Let me grep the whole workspace for `after_pre_binding_fix` to see if another worker already resolved it.

Let me do that + hash confirmation.
dsh: reasoning:
Confirmed:
- The pinned tool hash is 2f6c4f7d8f30... — exactly the co-pinned generator.
- Only my own predecessor's artifacts + copies mention `after_pre_binding_fix`; no other worker has resolved it. worker-044, worker-16, worker-042 have copies of the report but nothing resolving the key.

So my task is novel: **W030D-F1-PROVENANCE-CLOSURE-01**.

Now let me build the artifact properly:
1. Directory: `artifacts/worker-030/f1_provenance_closure/`
2. Instrument: `run_closure.py` — self-contained, read-only, fresh (does not import my predecessor's tool), recomputes:
   - C1: F1 intermediate reproduction: repair_f1(rev12, report.at) → bf0c28fa == report.files[F1].after_pre_binding_fix
   - C2: F1 final reproduction: composed correction → d9cebb94 == live
   - C3: F2a direct: repair_binding(rev12, report.at) → e9a27996 == live
   - C4: F2b direct: repair_binding(rev12, report.at) → b2ab6acb == live
   - C5: live == canonical mirror for all three
   - C6: report before/after fields == rev12 pin / live
   - C7: FROZEN rev29 pins the report 3379bcfb and tool 2f6c4f7d
   - C8: control — wrong timestamp changes hash (non-triviality)
   - C9: control — repair_binding on intermediate fails closed (SystemExit "revision is 13, expected 12") → documents why composition was needed
   - C10: mirror byte-identity for F1 (canonical vs authoring)
   - C11: read-only guarantee: input hashes unchanged before/after
   - Also: all timestamps derived only from the report's own `at` field (no live-clock dependence) → reproducible.
3. Report JSON.
4. README.md.
5. Checkpoint `runtime/state/w030_checkpoint_6.json`.
6. Outbox events (artifact ×N, claim, status) with event_id/event_type/created_at/actor, evidence_refs with sha256, falsifier.

Design decision for independence: rather than importing the pinned tool (which would make my check merely "rerun the same code"), I should implement the repair semantics *independently* from the constants. Hmm — the strongest form of verification is an independent reimplementation. But the constants themselves (F1_EQUIV_OLD/NEW etc.) are inside the pinned tool; an independent reimplementation would still need those literals. The meaningful independence: reimplement `bump_header` + substitution logic from scratch and verify the resulting bytes match, rather than calling the tool's functions. That guards against the tool's functions doing something else (e.g., non-determinism, hidden state).

That's worth doing: my instrument will implement its own `bump_header_v2` (regex-based) and its own substitution, using literals extracted by parsing the pinned tool source with `ast` (so data comes from the pinned bytes, logic is mine). Then compare to the report/live hashes. If my independent reimplementation reproduces both bf0c28fa and d9cebb94, that's a genuinely strong result.

Extracting constants via AST from the pinned source is elegant: it proves the literals come from the pinned artifact and my code is independent of the tool's functions.

Let me design `run_closure.py`:

```python
- load pinned tool source bytes, assert sha256 == 2f6c4f7d...
- AST-parse and extract assignments: F1_EQUIV_OLD, F1_EQUIV_NEW, F1_MISCLASS_OLD, F1_MISCLASS_NEW, F1_SET_OLD, F1_SET_NEW, F1_REV_NOTE, BINDING_NOTE_ADD, CONSISTENCY_SHA
  (use ast.literal_eval on the assigned value node)
- independent bump_header(text, now, rev_note): regex restamp revised_at, revision 12->13, find last "- {index:" line with "unused:", insert new entry after it with next index
- repair_f1_indep(text, now) = 3 substitutions + bump_header
- binding_edits_indep(text, now) = 3 substitutions (hash, checked_at, binding note)
- compose = binding_edits_indep(repair_f1_indep(rev12, T0) + note extension, T1)
```

Wait — the note extension: my instrument composes it from the *live bytes delta*? To stay principled, I'll define the extension sentence as a literal derived from the correction semantics and verify it appears exactly once. But the exact wording came from live. Alternative: derive the extension by *difference* (live note line minus mid note line) and assert the difference equals the declared extension. Then the composition check becomes: candidate = binding_edits(mid_with_extension). If candidate == live, then the *only* other edit needed is the note extension. That's still a valid "exactly these edits" claim, and it's honest.

Cleaner formulation: 
- Claim: live == binding_edits(mid + EXT) where EXT is the single sentence delta observed in the rev13 note.
- Plus: the *set* of unmasked edits between mid and live is exactly {note extension, hash, checked_at, binding_note}.

I'll implement the diff-classification: compute a line-level diff mid→live, assert exactly 2 changed regions, and classify each. This is independent of my composition and directly falsifiable.

Let me also produce a leaf-level classification for the composed candidate (byte equality is even stronger).

OK. Let me write the instrument now. I'll use the template style of the repo (JSON report with checks dict, verdict string, falsifiers).

Also need `sandbox` behavior: read-only on guarded inputs; write only under its own dir. I'll snapshot input hashes before/after.

For the "wrong timestamp" control, also add "wrong rev12 source" control? Maybe test that a different rev12 snapshot in the tree (another worker's copy) gives the same result — that's a cross-source consistency check. Good: use 2 independent rev12 sources (mine + worker-033/... or worker-086's) and both must reproduce. That guards against my snapshot being subtly altered.

Let me now write the script. I'll be careful about:
- The `_data`? no.
- Python version: 3.
- Keep runtime short.

Constants extraction: The F1_SET_OLD/NEW strings use escaped quotes; ast.literal_eval handles them.

Number of substitutions: sub_once semantics require exactly 1 occurrence. I'll implement assert count==1.

Let me write it.

Also the revision_history insertion: need to find "last line that lstrip().startswith('- {index:') and 'unused:' in ln" and next index = 1+max index among lines up to last. Implement independently.

Note: the pinned tool's bump_header searches `^revision: (\d+)\n` and asserts 12. My independent version does the same.

One subtlety: `revised_at: "[^"]+"\n` replace. My independent version should do the same.

Let me write the file and run it.

Time check: it's probably ~01:0x now. I should be efficient. Let me write the instrument in one go, run it, then emit.

For the outbox events, I must follow PROTOCOL: event needs event_id, event_type, created_at, actor. Types: artifact, claim, status (and optionally blocker). Worker events cannot set status=done. I'll emit:
- 3× artifact (instrument, report, README)
- 1× claim (conclusion_type: formal_model — non-theorem, but I have artifact_refs anyway)
- 1× status (status=active)
- maybe 1× blocker documenting the residual record-keeping gap (pre-fix wrapper version not pinned). Actually the blocker is now downgraded; I'll emit it as a `blocker` with severity/needed resolution = pin the wrapper version or note in FROZEN. Hmm — better: emit it as a blocker since the frozen record still has a non-regenerable *key provenance* (the key was added by an unpinned tool version, even though its value is now reproduced). That's honest: I resolved the value, but the *tool version that emitted the key* remains unpinned. That's a genuine (now much narrower) blocker for full byte-provenance. Yes, emit blocker with precise description.

Also a checkpoint: `runtime/state/w030_checkpoint_6.json` with pins measured, zero drift, authority note.

Let me write the instrument now.

Regarding where to write: artifacts/worker-030/f1_provenance_closure/. Workspace-write policy allows it.

Let me create the script.
dsh: reasoning:
There's a leftover artifact in the code: lines with `checks["B_report_pins_vs_rev12"] = {cid: ... for cid, p in ()}` — a weird empty comprehension. Let me clean that up before running. Also `repair_binding_indep` uses K["REV_NOTE_COMMON"] which I set to "" — that's only used in the control C7, which expects it to raise SystemExit at header_bump (revision 13). Since binding_edits_indep runs first and succeeds, then header_bump raises. Good.

Also C2: `regions` computed between inter and live. The diff should be 1 replace region of 1 line? Let's see: from the earlier diff, there were 2 changed regions: the revision_history line (line ~20) and the f0_binding line (~302). The f0_binding line is a single very long line (the whole f0_binding is one line). So regions should be 2. My assertion expects 1 → that will add a finding. Let me fix: expect exactly 2 replace regions, each single-line. Let me verify: diff showed @@ -17,7 +17,7 @@ (1 line changed) and @@ -302,7 +302,7 @@ (1 line changed). So 2 regions, both 'replace', each 1 line. Let me correct the check to len(regions)==2 and all replace/1-line.

Let me fix both issues with edits.
dsh: reasoning:
The REV12 dict values are tuples (hash, path), so `list(REV12.values())` gives tuples. Fix: use `[v[1] for v in REV12.values()]`.
dsh: reasoning:
C1 and C2 pass. C3/C4 fail because `repair_binding_indep` needs `K["REV_NOTE_COMMON"]` — but I set it to "" because I only extracted 9 constants and REV_NOTE_COMMON wasn't in the `want` set. The real REV_NOTE_COMMON is defined as a multi-line string at line 138-143. I need to extract it too.

Let me add REV_NOTE_COMMON to the want set and remove the `K["REV_NOTE_COMMON"] = ""` override.

From the file, REV_NOTE_COMMON = (
    "rev13 delta (astra-life05-evidence-binding-repair): f0_binding.consistency_evidence_sha256 "
    "refreshed 675a99d0d25b -> 9e335e9ba1bf (live artifacts/formulation/evidence/"
    "taxonomy_consistency.json, check_taxonomy_consistency.py CONSISTENT) and checked_at "
    "re-stamped with wall clock; no class-semantics change."
)

Let me check the exact end of the constant (lines 138-144). Yes from earlier read: line 138-143 then line 144 `)`. So ast.literal_eval should give the concatenated string.

Fix the want set and remove override.
dsh: reasoning:
All checks pass, exit 0, verdict `F1_PROVENANCE_CLOSED_VALUE_REPRODUCED_FROM_PINNED_INPUTS`, findings none.

Let me verify the report's key fields, especially C7 controls and the external source check and D read-only. Then write the README and checkpoint, then emit events.

Let me inspect the report quickly.
dsh: reasoning:
Everything verified:
- Verdict: F1_PROVENANCE_CLOSED_VALUE_REPRODUCED_FROM_PINNED_INPUTS
- 12 guarded paths, zero drift
- External cross-source reproduction true
- Controls pass

Now write the README, then checkpoint, then emit outbox events.

Instrument sha256: 7c00a813615674c1d14a09d1... let me get full hashes. I'll compute in the next command.

Let me write the README.
dsh: reasoning:
Now let me re-verify hashes and confirm the instrument is deterministic (rerun to confirm same report hash, modulo the `measured_at` timestamp field which changes!). Wait — report.json includes `measured_at` = dt.datetime.now() → the report hash changes between runs. That's expected for a report; but the claim "two runs produce identical output" in the README refers to the *checks*, not the report bytes. Let me verify determinism of the check section: rerun and compare `checks` + `verdict` ignoring `measured_at`.

Also, I should double check the read-only guarantee holds after the README write (README is not a guarded input).

Let me:
1. Rerun the instrument, diff checks/verdict ignoring measured_at → confirm deterministic.
2. Compute final hashes of instrument/report/README.
3. Verify sha256 of report matches after final run.

Then checkpoint + events.

Actually, careful: rerunning overwrites report.json with a new `measured_at`, changing its hash. I should compute the final hash after the last run and use that in the outbox events. Let me do one final run, then take hashes, then write the checkpoint referencing those hashes.

Let me also verify the report.json final content's verdict and that the guard drift remains empty.
dsh: reasoning:
Deterministic. Now:
- instrument: 7c00a813615674c1d14a09d19391e1f9baa56e9a169c3d7d9a5665029c980798
- report: 882d07e4a21248c6a391fa760540862593cb5ec078f452079f999cccceb8333f
- README: 02e2d548f56efe558bc17f9cf6802579d78d9a817d57a6e09e43342bfb2d76ec

Now write the checkpoint `runtime/state/w030_checkpoint_6.json`, following the style of checkpoint_5. Let me read checkpoint_5 to match schema.
dsh: reasoning:
Now write checkpoint 6 in the same schema. I need current measured pins (verify they're unchanged). Let me measure the live pins again at write time to be accurate (the environment is moving fast — schemas may have changed!). Let me re-measure before writing the checkpoint, and note that reviews must re-measure.

Important: if the schemas have been rewritten since my run (01:0x), my measured live hashes could be stale. Let me check now.

Let me measure: schemas (canonical + artifacts), FROZEN.json, report, tool, taxonomy_cases, consistency evidence, F0 canonical + supplement. Then write the checkpoint with real values.

Then emit outbox events.

Let me measure.
dsh: reasoning:
All pins unchanged from my predecessor's checkpoint — zero drift. Now write checkpoint 6.

Current time: 2026-09-12T01:05:23+08:00.

Then emit events. Let me write the checkpoint.
dsh: reasoning:
Now emit the outbox events. 6 events:
1. artifact-instrument
2. artifact-report
3. artifact-readme
4. claim
5. blocker (residual wrapper provenance)
6. status-final

Each with event_id, event_type, created_at, actor, node_id, class_id, gate, and appropriate fields. Follow PROTOCOL:
- artifact: node_id, artifact_type, path, sha256, validation_status
- claim: class_id, statement, conclusion_type, assumptions, falsifier, evidence_refs, artifact_refs
- blocker: node_id, description, needed_to_unblock, evidence_refs
- status: node_id, status (active), hours, summary, evidence_refs, next_falsifier

Let me check the exact style of prior events to be schema-valid. Let me look at one artifact event and the claim event from worker-030.jsonl (tail). Also there's a validator (research_map/schemas.py) — the controller ingests. My predecessor's events were accepted (they appear in events.jsonl / research_map.json). Let me match their field structure.

Let me read the last few lines of worker-030.jsonl fully (pretty-printed) to match.
dsh: reasoning:
Now I understand the exact schema. Let me write the 6 events for W030D to `comms/outbox/worker-030.jsonl` (append). I'll write with a Python script to guarantee valid JSON and exact hashes.

Event IDs: `w030d-2026-09-12T01:05:23+08:00-<kind>`.

Events:
1. artifact-instrument → artifact_type: verification_instrument, path run_closure.py, sha 7c00a813..., validation_status unverified
2. artifact-report → artifact_type: closure_report, path report.json, sha 882d07e4...
3. artifact-readme → artifact_type: closure_report, path README.md, sha 02e2d548...
4. claim-provenance-closure → conclusion_type: formal_model, statement, assumptions, falsifier, evidence_refs, artifact_refs
5. blocker-wrapper-provenance → node_id F1, description, needed_to_unblock, evidence_refs
6. status-final → status active, hours 0.4, summary, evidence_refs, next_falsifier

Note protocol says claim requires `assumptions` and `falsifier` fields. Let me include them.

Also the checkpoint file itself — should it be an artifact event? Predecessor didn't emit a checkpoint artifact event; checkpoint is referenced in status. I'll reference it in status summary.

Let me also double-check: the outbox file write must not clobber existing 35 lines — append.

Let me write the script.
dsh: reasoning:
6 events appended, all valid JSON, matching the hashes in the checkpoint.

Now let me verify the event schema against the repo's schema validator (research_map/schemas.py / events.schema.json) if there's a validation entry point. Let me check research_map/comms.py ingest — I should NOT run ingest (controller-owned per protocol: "accepted stream research_map/events.jsonl | research_map/comms.py ingest only"). The handoff says pull accepted traffic with ingest, but the controller owns ingest of events.jsonl. Prior worker-030 said "controller-owned events.jsonl ingest left to the controller". So don't run ingest.

But I can validate my events against the schema locally. Let me check events.schema.json and validate my 6 lines.

Also: final verification that artifacts exist with correct hashes, and run the checkpoint? There's `research_map/checkpoint.py` — controller-owned ("full 15-min checkpoint snapshot"). Prior workers wrote their own checkpoint files (w030_checkpoint_N.json) and did NOT run checkpoint.py. I'll follow that pattern.

Let me validate against the event schema, and do a final consistency pass:
1. events.schema.json validation of my 6 events.
2. Confirm hashes on disk match those in events.
3. Confirm checkpoint 6 exists and is valid JSON.
4. Confirm the artifact files exist.

Let me look at events.schema.json quickly and validate with jsonschema if available, else manual required-field check.
dsh: reasoning:
The `events.schema.json` oneOf only covers direction_update, claim, artifact, review, resource_request — it doesn't include `blocker` or `status` (even though PROTOCOL.md lists them as upward message types). My blocker and status events therefore fail the strict oneOf, but that's a pre-existing schema gap: the schema also doesn't allow the many status/blocker events already in events.jsonl (which the controller accepted). Let me verify: does events.jsonl contain accepted status and blocker events? Earlier I saw worker-16's `blocker` and `status` events in events.jsonl (tail showed "blocker worker-015 ...", "status worker-16 ..."). Yes — accepted. So the controller's ingest accepts blocker/status even though events.schema.json's oneOf doesn't list them. That's a schema-vs-protocol gap, not a defect of my events.

Let me confirm by checking that events.jsonl has status/blocker events accepted. Then note this in the checkpoint/summary? It's a minor observation; my predecessor's status/blocker were accepted too. I'll verify and move on, but it might be worth a footnote in the README... Actually, adding a claim about a schema gap would be scope creep. I'll just verify acceptance precedent.

Let me validate my 4 events against the schema (artifact ×3 + claim) and confirm status/blocker have precedent in events.jsonl.

Then: final consistency verification (hashes on disk vs events vs checkpoint), then done.

Also I should double check the checkpoint JSON is valid and its hashes match.
dsh: reasoning:
Confirmed: `status` (1285) and `blocker` (351) are heavily accepted in the canonical stream, so the schema `oneOf` is simply incomplete relative to PROTOCOL.md. My events follow the protocol and the accepted precedent.

Now final consistency pass:
1. Verify on-disk hashes match the ones recorded in the events and checkpoint.
2. Verify checkpoint 6 is valid JSON and its artifact hashes match disk.
3. Verify no canonical/guarded file moved (I already have zero drift from the instrument, but let me re-verify schemas/FROZEN one final time vs checkpoint pins).
4. Confirm outbox lines = 41 and my 6 events are the last 6.

Let me run a consolidated verification script. This is my "reject your own output before sending" step per PROTOCOL rule 5.
dsh: reasoning:
Everything passes. Let me do a final summary of the bounded worker lifecycle. The task said: "Read handoff/map and comms. Take one class-bound task, emit valid JSON with IDs evidence hash falsifier, checkpoint, then exit. worker=030"

Done:
1. ✅ Read HANDOFF.md, PROTOCOL.md, research_map, ASTRA_HANDOFF.md, comms.
2. ✅ Took one class-bound task: W030D-F1-PROVENANCE-CLOSURE-01 (F1/F2a/F2b, AF-WCC-VAC-GEN;AF-SCC-C2-VAC-GEN;AF-SCC-C0-VAC-GEN, G-FORM) — following up my own W030C-F1 falsifier, no inbox card assigned.
3. ✅ Emitted valid JSON: 6 events to comms/outbox/worker-030.jsonl (ids, evidence_refs with hashes, falsifier); 4 validate against events.schema.json oneOf, the other 2 (status/blocker) are protocol-defined with 1285/351 accepted precedent.
4. ✅ Evidence hash: instrument 7c00a813, report 882d07e4, README 02e2d548; 16 pins zero drift.
5. ✅ Falsifier: explicit, decidable.
6. ✅ Checkpoint: runtime/state/w030_checkpoint_6.json.
7. Exit.

I should not run `comms.py ingest` (controller-owned) — consistent with prior instances. I should not claim gate verdicts.

Now I'll write the final answer summarizing. Keep it concise but complete, in the style of prior worker stdout summaries.

One more consideration: should I have run `python3 research_map/checkpoint.py`? The PROTOCOL says "python3 research_map/checkpoint.py # full 15-min checkpoint snapshot" is a controller command. The instruction to me says "checkpoint" — my predecessors wrote their own w030_checkpoint_N.json. That's the right interpretation: worker-owned checkpoint, not the global controller checkpoint. The global checkpoints are being written every 15 min by the controller (I saw ckpt-20260912-010024.json etc.). So I'm consistent.

Let me give the final answer.
