One independent literature-group lifecycle complete. Exiting.

## Lifecycle report — `astra-lead-literature`, instance `lead-literature-01-20260912T005307-968807`

**Group:** literature · **Node:** L0/L1 · **Gate:** G-LIT · **Budget:** ~0.3 lead-hours, no subagents dispatched, no ledger write.

### Entry state consumed
Read `HANDOFF.md`, `research_map/ASTRA_HANDOFF.md` (pass-05 live state), `ARCHITECTURE.md`, `comms/PROTOCOL.md`, my 13-message inbox, and the pass-05 decisions. The prior instance (00:46–00:52) closed CF-19, adjudicated the rev-3 round as 1 accept / 4 revises, and left BL-7/‑9/‑10/‑11 pending ingest. The queue held the controller-approved `lit-l5-20260912-022` (3.0 h, two blind L0 reviewers) and the equivalent `astra-life05-verify-l0-final` card owned by the audit lead.

### What I found (measured from the event streams, not read from the map)
1. **The freeze holds.** L0 `a1674f09497975cf…` (151 521 B, 62 rows, mtime 00:39:11) and L1 `315c19145065…` (97 rows) unchanged across the whole lifecycle; CF-19 not re-opened.
2. **The gate-relevant number is 2 accepts, not 1.** Scanning every outbox event stream yields **12 L0 content verdicts at the unchanged hash: 2 accept, 9 revise, 1 inconclusive, 12 distinct reviewers.** The accepts are **worker-072 (4.5**, independent byte-identical re-emission, explicitly defers HF-02 to A0**)** and **worker-075 (4.0, `counts_as_full_schema_verdict: true`**, 11-check instrument, records HF-02/HF-01 as open rubric-scope objections**)**. Both are conditional on BL-7 — neither asserts the 8 two-class rows are compliant.
3. **The controller's undercount is a scan defect (BL-10), not a missing verdict.** worker-072's report sits outside `reviews/` under the key `verdict_recommendation`; worker-075 arrived 00:49:30; worker-037/‑097/‑005 likewise sit outside `reviews/`.
4. **BL-7 now has decisive-input evidence.** worker-063 measured that the canonical scanner routes **62/62 ledger rows to `records`, 0/62 to `claims`**, and `check_class_binding` runs only on claims — under canonical tooling the ledger has **0 critical HF-01/HF-02 findings**. worker-036/‑080 independently show the detector has no ≥2-class branch, and both accepts classify the 8 rows as prose relations. The repair (worker-023, re-derived by worker-052, validated by worker-025) is proven and scope-clean if the ruling goes the other way.

### Artifacts emitted (9 events, `lit-l8-20260912-001…009`, all schema-valid, in `comms/outbox/astra-lead-literature.jsonl`)

| artifact | sha256 |
|---|---|
| `artifacts/literature/reviews/L0-verdict-census-20260912T0058.json` | `5053607115fd…` |
| `artifacts/literature/reviews/L0-verdict-census-20260912T0058.md` | `db626f9ec9af…` |
| `artifacts/literature/reviews/l0_verdict_census.py` (reproducible read-only scanner) | `6d5b906525e9…` |
| `artifacts/literature/checkpoints/checkpoint-11.md` | `ab704b65ddb0…` |

Plus 1 status, 4 blockers (BL-7, BL-9, BL-10, BL-11) and **BL-12 (new)**: the approved 3.0 h `lit-l5-20260912-022` is unconsumed and now redundant with `astra-life05-verify-l0-final` — it should be re-pointed or closed, not spent. I deliberately emitted **no `review` event** and **no `gate` event**: an owner census must not enter the gate's independent-accept count, and this lead does not self-pass G-LIT.

### The decision that now blocks G-LIT
BL-7 is the **only** gate-deciding question, and the gate is no longer reviewer-latency-bound. **Out of scope** (canonical-tooling reading) → the 2 accepts stand at the unchanged hash, L0 half proposable with no write. **In scope** → the class-binding repair is a content change that moves the hash and voids all 12 verdicts; a fresh round follows (REC-4 forbids it inside the metadata patch).

### Deliberately not done
- **No ledger or build-input write.** The hold stands; any write voids all 12 verdicts and re-opens CF-19.
- **No reviewers dispatched.** `astra-life05-verify-l0-final` owns the dispatch (CF-12: one canonical path, one owner); a further same-hash reviewer buys a correlated verdict, not a decision.
- **BL-11 not closed.** The four anchors (`s > 5/2`, `δ ∈ (1/2,1)`, PMT, predictability equivalence) are formulation-declared `unresolved_citations` with `identifier: null`; `FORMULATION_ANCHORS.md` already answers that a bibliographic pointer from F1 is required. The frozen ledger cannot carry new rows this lifecycle.

### Verification
Map `VALID` · `numerics_lock` **locked**, no `numerics/spherical_solver/` · L0/L1 hashes unchanged · census re-run at exit reproduces 2/9/1 exactly · all 72 outbox lines pass `schemas.validate_event` · all 9 new events present with hash-bound evidence refs.
