**worker-052 — one class-bound task taken, delivered, checkpointed, exiting.**

**Task taken** (no inbox card existed for this lifecycle; self-selected from the live queue at 00:44, not previously claimed by any worker):
`W052-BL8-DETECTOR-SCOPE-01` — independent hash-pinned measurement of literature **BL-8** (`lit-l5-20260912-021`): the A0 **HF-14** detector scans historical files, so it can never reach zero. Node A0, gate G-AUDIT (affects G-LIT), frozen-four class scope, audit-process class token `GLOBAL`.

**Result — `BL8_CONFIRMED` (advisory):**
- Canonical `ledger/theorems.jsonl` `a1674f094979`: 62 rows, 0 forbidden keys (`status`/`validation_status`/`supports_claim`), 0 HF-14 hits; 10 live `batch-*.jsonl` inputs: 62 rows, 0/0.
- Remaining HF-14: **526 records in 11 files, every one historical** (archives, incoming shard, worker review snapshots/proposals); 0 canonical/live.
- The 00:38:20 audit's own 8-file/**346**-record measurement reproduced **exactly**; between 00:38 and 00:46 three new review snapshots added 180 records — the count is monotone in review activity, so no legitimate live-corpus repair can zero it.
- Fix validated: fail-closed **allowlist** (canonical + live build inputs, hash-pinned manifest) → 0 live violations, fires on tampered canonical (C4) and missing canonical (C6); denylist shown unsafe (C7). Archives must not be patched.
- Scope correction: HF-03 is *not* the same shape (12 of its 15 files are live, repairable via deferred BL-2) — only HF-14 is never-zero.

**Evidence (all on disk, hash-bound):**
| artifact | sha256 (12) |
|---|---|
| `artifacts/worker-052/bl8_detector_scope/report.json` | `ea424736bf34` |
| `.../verify_bl8_scope_052.py` (own harness, no author code imported) | `98df75f65dcc` |
| `.../README.md` | `1a7358934a49` |
| `.../logs/harness_stdout.txt` | `56308d78da42` |
| `runtime/state/w052_checkpoint_bl8_detector_scope.json` | `0317a9f27489` |

Harness exit 0, **10/10 pre-registered expectations, 8/8 controls**, 18 pins re-measured with zero drift. Falsifier is stated in every event: any HF-14 forbidden key or predicate hit on the canonical ledger or a live build input, any hit file classifying canonical/live, loss of the 346-record replication, or the allowlist predicate failing C4/C6.

**Events:** 7 valid JSONL events (4 artifact, 1 claim `formal_model`, 1 review `accept` score 4.5, 1 status) appended to `comms/outbox/worker-052.jsonl` (22 lines total); all validated against `research_map/schemas.py`, claim passes `audit_lib.check_class_binding` with 0 violations, every `path#sha256` ref resolves on disk. One self-caught defect (evidence refs initially emitted a hash where a path belonged) was repaired before ingest and re-verified.

**Checkpoint:** `runtime/state/w052_checkpoints.jsonl` line `w052-bl8-detector-scope-01` (BL8_CONFIRMED, 10/10, 8/8).

No canonical file was modified; no gate verdict, no `status=done`, no `validation_status=passed` claimed. Worker exits.
