Worker **081** bounded lifecycle complete. Here is the handoff.

## Task taken (one, class-bound)

The map/comms showed the live G-AUDIT blocker: the audit lead's `direction_update` (`audit-l07-direction-separability-20260912T010517`) requires the next class-separation detector to use a **clause/structure cue, not another lexical window**, and the audit lead cannot author it (conflict blocker `audit-l07-b4`); no structure-based arm existed. I took:

**`W081-CLASSSEP-CLAUSE-CANDIDATE-01`** — node `A1`, gate `G-AUDIT`, classes `AF-SCC-C2-VAC-GEN;AF-SCC-C0-VAC-GEN`.

## Deliverable (candidate r2 `0110417a35f5…`)

An insertion-only (executable-code-wise) clause-scope successor over the frozen pin `c266dbec`: clause segmentation, quote/matrix-predicate resolution, predicate frames, negation/complement scoping, pronoun/appositive continuation, positional adopt-over-reject precedence. Canonical fallback retained for every `UNCLEAR`. Canonical file untouched (`research_map/class_separation.py` still `a8c04fc3…`).

## Evidence (all pinned, deterministic)

| check | result |
|---|---|
| Pre-registered adoption bar (r2, in-sample) | **all pass**: 27-fixture PASS 17/0/0/10; labeled16 sens 5/6 spec 10/10; worker-049 v1/v2/v3 0 HIGH cue-FN / 0 mention FP; worker-035 23/23; w098 12/8/5/2 |
| Unmodified canonical runner control | **PASS 17/17 leaks, 10/10 controls, FP 0, FN 0** |
| Pinned r3 map snapshot `f344ed2aaea5` | APPLIED **19** hard → candidate **4** (control reproduces the adjudication's 19); all 4 residuals are metalinguistic shapes, no genuine merge flagged |
| Held-out v4 `faabc93d` (out-of-sample for r1) | 22/24 — 0 cue-FN, 2 mention FP |
| Held-out v5 `8c26c14d` (out-of-sample for r2) | 16/22 — **1 HIGH cue-FN, 5 mention FP** (honest residual, not tuned away) |

**Falsifier:** any moved pin, any bar criterion failure on re-run, a genuine first-order C0/C2 merge among the 4 residual/suppressed claims, or editing candidate/corpus after a held-out freeze.

## Checkpoint / exit state

- Artifacts: `artifacts/worker-081/classsep_clause_candidate/` (report `a4ee6183…`, evidence `5e5eed00…`, checkpoint `a856bc2a…`, SHA256SUMS `18353d02…`, `sha256sum -c` clean).
- Comms: 19 valid JSON events appended to `comms/outbox/worker-081.jsonl` (status/artifact/claim/blocker), including the blocker requesting **independent non-author adjudication** (adopt r2 / request r3 matrix-frame revision / record residual).
- State: `runtime/state/w081_classsep_clause_candidate_checkpoint.json` (`1baa4b3e…`).
- No gate verdict, no node status, no `validation_status`, no canonical write, no claim retirement. Exiting.
