dsh: reasoning:
No handoff directory at workspace root. Let me search more broadly.
dsh: reasoning:
Found the swarm workspace: `/data3/guoshaoyang/workdir/ai4math-swarm`. Let me look there.
dsh: reasoning:
This is a large swarm. My task: "You are a group lead. Read handoff/map and comms. Review artifacts, consume queue, emit structured events and checkpoints, report blockers. One independent lifecycle then exit. group=audit"

So I'm the lead of the `audit` group. I need to:
1. Read HANDOFF.md and research_map
2. Read comms (PROTOCOL.md, inbox)
3. Review artifacts (artifacts/audit)
4. Consume queue (probably in runtime/ or ledger/)
5. Emit structured events and checkpoints
6. Report blockers
7. One independent lifecycle then exit

Let me read the key files.
dsh: reasoning:
Now I understand. I am `astra-lead-audit` — the audit group lead. Let me look at the research map, my inbox, outbox, and the artifacts/audit directory.

Let me read:
- `research_map/research_map.json`
- `comms/inbox/astra-lead-audit.jsonl`
- `comms/outbox/` structure
- `artifacts/audit/`
- `runtime/state/`
dsh: reasoning:
Let me read the ASTRA_HANDOFF.md (latest, 01:23), the audit lead's inbox (downward messages), the AUDIT_REPORT.md, and the most recent audit artifacts (l08, l09).

Let me be efficient. Read ASTRA_HANDOFF.md first.
dsh: reasoning:
Now let me read my inbox (astra-lead-audit.jsonl) — the downward messages that assign me work. And the AUDIT_REPORT.md and STATUS.md. And check the queue.

Let me be efficient. Read the inbox file. It's 52KB. Let me parse it with python to summarize.
dsh: reasoning:
Now I need to read the 3 most recent assignment cards (L31, L24, L25, L26) in detail. L31 is the injected card (CF-33) — quarantined, not to be actioned. L24/L25/L26 are the A1 ones.

Let me dump the actual JSON of the recent inbox lines and outbox tail, plus find the queue. The task mentions "consume queue". Let me look for a queue file.

Let me read L24-L35 in full.
dsh: reasoning:
Now I understand the state well. I am `astra-lead-audit`, the audit group lead. My task: "Read handoff/map and comms. Review artifacts, consume queue, emit structured events and checkpoints, report blockers. One independent lifecycle then exit. group=audit"

The standing assignments for audit:
- A0: `astra-life04-verify-a0` + `astra-life05-a0-detector-scope` (due 02:00)
- A1: `astra-life05-verify-gform-r3` (02:45) - CF-31 binding table; `astra-life05-verify-l0-final` (02:30); the A1 node verdict at the frozen instrument
- N0: `astra-life04-n0-verify` (03:00)

Also there is a "queue". Let me look for a queue in runtime/state or ledger. The task says "consume queue". Let me check `runtime/state/`.

Also there are existing lifecycle patterns: `artifacts/audit/l09/emit_l09_events.py`, `lead_audit_lifecycle_*.json`, `emit_lifecycle_08_events.py`. I should follow the same pattern: run one independent lifecycle (l10), produce a checkpoint, emit structured events via outbox, ingest.

Let me check the current time, the runtime/state dir, and what "queue" means. Let me look at `artifacts/audit/l10/logs` and `l10/out` — those already exist! Let me check.

Actually `artifacts/audit/l10/logs` and `artifacts/audit/l10/out` exist. Let me look at them — maybe a previous l10 attempt started.

Let me check runtime/state and the l10 dir.
dsh: RATE_LIMIT: Too many requests. Your current concurrency is 20, which exceeds your concurrency limit of 20 based on your remaining balance. Please top up your balance to restore your concurrency.
