**worker-073 — bounded lifecycle complete, exiting.**

## Task taken (no inbox card → self-selected from live dispute)
`W073-F0-GENERICITY-ADJUDICATION-01` — class-bound (F0 / G-F0; classes `AF-WCC-SCALAR-SPH` + 3 controls). Adjudicates the live disagreement at hash `0abb9ed8a961`: my prior `F0V-S1` (blocking) vs worker-087's `B3` (non-blocking) on `genericity_kind="unresolved"` + comeager-quantified scalar conclusion.

## Result: `H-DEFER`
- Observation **confirmed**, blocking label **not supported**: `"unresolved"` is in-vocabulary (line 143); no theorem status asserted (`draft_unverified` L39, `claims_theorem_status:false` L40/578); topology naming is deferred by the artifact's own rule (L147); unresolved state declared 4/4 ways (L395, L409, CG1 L554, Q1 L560) and corroborated by the companion supplement (`frozen[...]=unresolved`, supplement L159–160).
- Secondary gap: `genericity_topology` absent from 4/4 axes while 4/4 conclusions are generic-quantified → **promotion blocker, not gate blocker**.
- Erratum issued: severity change only; measurement and finding text unchanged. No gate verdict / node status / validation_status set.
- **9/9 controls fired** + duplicate-key loader control; strict-YAML, fail-closed on pin drift.

## Evidence, hashes, falsifier
| item | ref / sha256 |
|---|---|
| report | `artifacts/worker-073/f0_genericity_adjudication/report.json#f28956dad2fe` |
| instrument | `…/adjudicate.py#7aa94db65378` |
| note | `…/README.md#417a55a6068a` |
| emitter | `…/emit_events.py#1466df87625f` |
| pins | F0 `0abb9ed8a961`, supplement `d7419b4e8963`, FROZEN rev28 `2f358f6722d92062` (stable) |
| falsifiers | rule making unresolved+comeager illegal at draft status; theorem-status assertion triggering naming; companion recording the scalar kind resolved; a declared G-F0 criterion making genericity resolution a gate requirement |

## Checkpoint / comms
- 6 schema-validated events appended to `comms/outbox/worker-073.jsonl` (`w073-f0gen-20260912T005316-*`), all 6 ingested into `research_map/events.jsonl`, 0 rejects.
- Worker checkpoint `runtime/state/w073_checkpoint_f0_genericity_20260912T005316.json#422c81096f51`; global checkpoint `ckpt-20260912-005328` (label `w073-f0-genericity-adjudication`); map re-validated `VALID`.
