[2026-09-12T01:10:43+08:00] frozen F2b sha256 b2ab6acb2bbe7f86903e4d41082a4aa4ff19149d5d6fc7206aad5aa861b4501c
[2026-09-12T01:10:44+08:00] candidate a110f8e875af worker-022: 5 on-disk copy(ies)
[2026-09-12T01:10:44+08:00] candidate 84b5d3fa29a6 worker-002: 20 on-disk copy(ies)
[2026-09-12T01:10:44+08:00] candidate 9ab32ee39d00 worker-023: 2 on-disk copy(ies)
[2026-09-12T01:10:44+08:00] candidate 679ab7bc8746 worker-024: 2 on-disk copy(ies)
[2026-09-12T01:10:44+08:00] candidate 51c253c46306 worker-080: 2 on-disk copy(ies)
[2026-09-12T01:10:44+08:00] candidate 4951cc969803 worker-080: 2 on-disk copy(ies)
[2026-09-12T01:10:44+08:00] candidate 1315427fbc92 worker-083: 2 on-disk copy(ies)
[2026-09-12T01:10:44+08:00] candidate 3cdcaa44e6f1 worker-047: 8 on-disk copy(ies)
[2026-09-12T01:10:44+08:00] candidate 48cadb72e507 worker-044: 11 on-disk copy(ies)
[2026-09-12T01:10:44+08:00] candidate b598b59e09e5 worker-088: 1 on-disk copy(ies)
[2026-09-12T01:10:44+08:00] frame written 20687555b7f5800b07465e9cb01cd4648959196b5c31a7bef2f0ff8c359e1368
[2026-09-12T01:10:44+08:00] a110f8e875af CORE_REPAIR_COMPLETE core=2 meta=0 new=0 other=0 P1=True P2=True inv=True
[2026-09-12T01:10:44+08:00] 84b5d3fa29a6 CORE_REPAIR_COMPLETE core=2 meta=0 new=0 other=0 P1=True P2=True inv=True
[2026-09-12T01:10:44+08:00] 9ab32ee39d00 CORE_REPAIR_COMPLETE core=2 meta=0 new=0 other=0 P1=True P2=True inv=True
[2026-09-12T01:10:44+08:00] 679ab7bc8746 CORE_REPAIR_COMPLETE core=2 meta=0 new=0 other=0 P1=True P2=True inv=True
[2026-09-12T01:10:44+08:00] 51c253c46306 CORE_REPAIR_COMPLETE core=2 meta=0 new=0 other=0 P1=True P2=True inv=True
[2026-09-12T01:10:44+08:00] 4951cc969803 CORE_REPAIR_COMPLETE core=2 meta=0 new=0 other=0 P1=True P2=True inv=True
[2026-09-12T01:10:44+08:00] 1315427fbc92 CORE_REPAIR_COMPLETE core=2 meta=0 new=0 other=0 P1=True P2=True inv=True
[2026-09-12T01:10:44+08:00] 3cdcaa44e6f1 REPAIR_INCOMPLETE_OR_INVARIANT_BROKEN core=1 meta=3 new=0 other=3 P1=False P2=True inv=True
[2026-09-12T01:10:45+08:00] 48cadb72e507 CORE_REPAIR_COMPLETE core=2 meta=2 new=0 other=1 P1=True P2=True inv=True
[2026-09-12T01:10:45+08:00] b598b59e09e5 CORE_REPAIR_COMPLETE core=2 meta=1 new=0 other=2 P1=True P2=True inv=True
[2026-09-12T01:10:45+08:00] controls: {"K0_noop_zero_diffs": true, "K1_unrelated_leaf_detected": true, "K2_denial_reinjection_fails_P1": true, "K3_inversion_reinjection_fails_P2": true, "K4_fabricated_variant_unresolved": true, "K5_duplicate_key_detector_fires": true}
