Bounded execution complete — worker=014, one class-bound task taken, emitted, checkpointed, exiting.

## Task taken
`W014-GNUM-VOR-REVERIFY-01` — class `AF-WCC-SCALAR-SPH`, node `N0`, gate `G-NUM`. No inbox card existed for this slot; the three standing cards (`asg-…-flash-14-23`, `astra-adj2-03`, `astra-numfix-03`) are worker-side complete and hash-stable, so I took the one fresh open item in my own lane: independently verify the **re-issued** N0 verification of record, which is what my prior BA-1/BA-5 blocker asked for.

## Result
**Verdict: `VOR_VERIFIED_BA1_CLOSED_BA5B_ANNOTATION_DEFECT_OPEN`** (13/13 controls, instrument valid, `input_drift=[]`)

- **BA-1 closed** at record revision `numerics/protocol/n0_gate_proposal_leadverify.json#ea4cf6c9bd3c`: it binds proposal `numerics/tests/n0_gate_proposal.json#b4192221ff7d`, names artifact event `lnum-artifact-1789144642810-0d42bd` (path+sha match), chain 23/23 match / 0 stale / 0 missing, 23/23 registered in the registry union.
- **BA-5a**: record's own registry snapshot mismatch is controller **churn** (file rewritten mid-flight), explicitly labelled a non-pin.
- **BA-5b open, non-load-bearing**: proposal's declared snapshot `d69b62dc…` / `measured_at 01:06` is future-dated and matches the registry under neither basis — annotation defect, owner proposal author/controller.
- Reproduction checks: gates evaluator re-run → exit 3, `N1_BLOCKED`, locked, `production_allowed=false`, all recorded dissenters present; 4-rung refit matches declared orders/SE exactly (max pairwise |Δp| 7.958e-05 ≤ 0.25); lock guard passes.

## Emitted (valid JSON, ingest dry-run: 7 accepted / 0 rejected)
`comms/outbox/worker-014.jsonl` — event ids `w014-vor-20260912T005728-{artifact-report, artifact-instrument, artifact-prereg, review, claim-ba1, blocker-ba5b, status}`, each with node/class/gate IDs, `evidence_refs` as `path#sha256-prefix`, and a falsifier.

## Hashes / artifacts
| artifact | sha256 (prefix) |
|---|---|
| `artifacts/worker-14/vor_reverify/report.json` | `e8f4c1bb9a6c1162…` |
| `…/verify_vor.py` | `5c0383d6ef089d00…` |
| `…/PRE_REGISTRATION.md` | `ce29a4f310c6f68e…` |
| `…/README.md` | `7aee121e96c56173…` |
| verified record / proposal | `ea4cf6c9bd3c…` / `b4192221ff7d…` |

## Checkpoint
`artifacts/worker-14/vor_reverify/checkpoint.json` and `runtime/state/worker-014_checkpoint_vorreverify.json` (status `delivered-worker-level`); all embedded hashes re-verified against disk. No gate verdict, no node completion, no canonical-path write; N1 remains locked.
