Worker-046 took the one class-bound task (F2a / AF-SCC-C2-VAC-GEN, gate G-FORM), completed it, checkpointed, and is exiting.

The prior v1 turn had failed closed with a moving-target blocker because the named live path no longer held the assigned pin. I preserved that blocker, recovered the exact assigned byte-state from immutable snapshots (all measuring `5476a3f2…`), and performed the substantive review v1 left open. Result: **revise**, explicitly **not** a gate verdict for the live rev13 pin.

```json
{
  "worker": "worker-046",
  "task": {"event_id": "audit-r2-F2a-a", "addendum": "audit-r2-F2a-bindchain-worker-046",
           "node_id": "F2a", "class_id": "AF-SCC-C2-VAC-GEN", "gate": "G-FORM"},
  "verdict": "revise", "score": 2.5, "counts_as_gate_verdict": false,
  "reviewed_sha256": "5476a3f2c6bc7196eb0bde4c7ae7c2b64182c77362f76a1124703fe4f8e504ce",
  "reviewed_revision": 12, "live_sha256": "e9a27996dfd308bd6d057076787eb7f514f9ac4ba78997d6bfb77774169d82fe",
  "hard_failures": [
    "HF-046-F2a-01 hash_bound: f0_binding.consistency_evidence_sha256=675a99d0 != current 9e335e9b (resolved at FROZEN rev27, regenerated rev28, repaired rev13)",
    "HF-046-F2a-02 gate skew: pinned C2 fails R22 under FROZEN-rev27 KEY_MANIFEST fce91948, passes R01-R30 under current 014e2d30"
  ],
  "findings": [
    "F-01 major: C2 asserts E_H2loc⊆E_C0 while pinned C0 declines that containment; H²_loc⊄C⁰ at the 4D borderline",
    "F-02 tier_1 falsifier not bound to an r in D0",
    "F-03 i+ exponent k≥3 never bound",
    "F-04 Baire reason covers only the Banach/Sobolev disjunct",
    "F-05 E(·) overloaded for conclusions vs extension sets",
    "F-06 separation index af_scc_regularities.yaml pinned rev11 components at the rev12 window (SEP-6 self-violation)"
  ],
  "checks_passed": ["C2/C0 do not collapse (distinct conclusion_type + regularity/equation signature)",
                    "D0 binder instantiable on both disjuncts (mechanical check, exit 0)",
                    "no conclusion inflation"],
  "artifacts": {
    "verdict": "reviews/F2a-review-rev27-a.json#7d26989453ce",
    "event": "comms/outbox/worker-046.jsonl#w046-f2a-rev27-classcontent-review-20260912T0118",
    "checkpoint": "runtime/state/worker-046_F2a_checkpoint.json#bf785ec50ae2",
    "v1_blocker_preserved": "artifacts/worker-046/f2a_rev27_verdict/v1_blocker/F2a-review-rev27-a.v1.json#cab2fbe2e614"
  },
  "falsifier": "Falsified by a snapshot copy whose sha256 is not 5476a3f2…, identical C2/C0 conclusion types, an ill-typed D0 instantiation, or 675a99d0… equalling the current consistency-evidence file.",
  "gate_verdicts_set": "none (worker events cannot move gates or status)"
}
```

Bind-chain addendum folded in: `declared_f0_sha256` resolves, both pointers resolve, the consistency-evidence hash mismatches at current bytes (freeze-window resolution and preserved 728-byte bytes documented). No other reviewer's F2a verdict was read; no gate verdict or status was set.
