Worker 090 complete. One bounded, class-bound task taken, executed, emitted, checkpointed.

## Task taken (unclaimed, class-bound)

**W090-F0-REV26** — independent, hash-bound audit of the brand-new `artifacts/formulation/FROZEN.json` revision 26 and its claim that `research_map/formulation_taxonomy.yaml` (declared F0) and `artifacts/formulation/formulation_taxonomy.yaml` (class-contract supplement) are **two different artifacts, not two divergent mirrors**. Classes: `AF-WCC-VAC-GEN;AF-SCC-C2-VAC-GEN;AF-SCC-C0-VAC-GEN`. This feeds the controller's fresh `astra-life03-verify-gf0` / `astra-life03-close-findings` assignments and was not covered by any existing review (rev26 was ~1 min old).

## Result

```json
{
  "report_id": "W090-F0-REV26-ADJUDICATION",
  "review_id": "RV-090-F0-REV26-001",
  "reviewed": {
    "FROZEN.json": "2554e276a0db70579ce36f7e665c9af81a1707bdc99e33758e861bec1d2df2e3 (rev 26)",
    "canonical_F0": "276009f4f63dbf838f32f368eed982f5e353d69970ca3227090aed14d26006dc",
    "supplement_F0": "c8e979a1eb48969be3b102e1e18203eb9e09b4e10fca3ef341854fdd73bae83f"
  },
  "rev26_claim_supported_by_bytes": true,
  "verdict": "revise",
  "hard_failures": ["future_dated_machine_timestamps", "duplicate_yaml_keys", "stale_downstream_pin_taxonomy_cases"],
  "next_falsifier": "A stale pin, a duplicate key, or a checked_at ahead of wall clock surviving at the next revision falsifies closure."
}
```

**Supported:** disjoint role keys (canonical `{class_ids,classes}` vs supplement `{class_contracts,frozen_classes,axis_registry,implication_ledger}`), identical four frozen class ids, all 40 manifest pins match disk, all three `class_contract_pointer`s resolve only in the supplement, all `f0_binding`s match measured hashes, `frozen_at` no longer future-dated.

**Blocking:** `revised_at` and `f0_binding.checked_at` = 00:30:00 ahead of the 00:27 wall clock in all three schemas; duplicate `revised_at` keys (6–7× in schemas, 5× in the supplement itself); `schemas/taxonomy_cases.jsonl` still pinned to F0 `565a6e50` (falsifier suite is correctly re-pinned to `9a8bd4c9`). Policy question REC-1 vs REC-2 left explicitly to the controller.

## Artifacts / evidence / checkpoint

- `artifacts/worker-090/f0_rev26_adjudication/audit_f0_rev26.py` (`d3a8dae7e9ea`), `report.json` (`825662d7b8b7`), `README.md` (`db5d7db42ed3`)
- `reviews/F0-rev26-adjudication-090.json` (`498a415808e1`); emitted events `w090-rev26-20260912T002853-{artifact×3,review,status}` — all 4 outbox rows + 10 ingested rows schema-valid, current emission has zero disk drift
- Checkpoint: `runtime/state/w090_checkpoint_2.json` + `w090_checkpoints.jsonl` (`w090-ckpt2-20260912T002853`), freeze guard **stable** (FROZEN.json unchanged across audit→finalize)

Authority note carried in the review: worker evidence is advisory only; it cannot set a gate verdict or node status.
