**worker=061 — bounded class-bound task complete.** Read `HANDOFF.md`, `research_map/ASTRA_HANDOFF.md`, `comms/PROTOCOL.md`, `research_map.json` (gates/assignments/reviews), inbox/outbox. No inbox card existed for slot 061; the prior slot run had already covered F2a, so I took the open G-FORM critical-path class **F1 / `AF-WCC-VAC-GEN`** (zero independent accepts at any current hash).

## Result — verdict `revise`, score 2.5, 4 hard failures at pinned `9a8bd4c96800`

| Probe | Status | Finding |
|---|---|---|
| **P3** visibility-predicate consistency | **FAIL (hard)** | `quantifiers.formal` :54-55 and `D5` :79-81 use whole-curve `gamma ⊆ J⁻(q)`; the one canonical predicate (`visibility.definition` :219-220, bound by `conclusion.statement_formal` :251) is single-q **TAIL**. Whole-curve non-containment is strictly weaker; `formal` and `negation` are not exact negations (HF-06 class independently reproduced) |
| **P4** D0 binder well-typed | **FAIL (hard)** | D0 is a disjunction with a smooth-with-decay branch carrying no `(s,δ)` values while the binder and `G_{s,δ}`/`X^{s,δ}` are pair-indexed; violates `evaluation_rubric.yaml:126` and fires the artifact's own `schema_falsifiers[0]` |
| **P5** class-contract pointer | **FAIL (hard)** | Pointer targets `…#class_contracts.…`; canonical taxonomy has `classes`, only the divergent authoring mirror has `class_contracts` |
| **P6** YAML strictness | **FAIL (hard)** | 7 duplicate top-level keys (`revised_at` ×7, `revised_at_unused` ×2); strict loader raises, revision history unreadable |
| P7 clock discipline | soft | At pin-time reference, `revised_at` 00:30:00 was +151 s ahead; self-expired (live recheck passes) |
| **P8/P9 gate-blindness control** | pass/finding | Canonical gate returns **pass, failed_rules []** on the pinned bytes **and all three mutants** — including M0 (the `must_not_conflate`-forbidden B-containment substitution) and M1 (the variant-SET reading that "must never be interchanged"). Measured false-negative class, with ready-made NEG fixtures |
| P1/P2/P10/P11/P12 | pass | Identity/axes/conclusion vocab clean; all required blocks present; class-separation clean (17/17, 10/10); F1/F2a/F2b agree on 12/12 restricting paths (disjunctive-D0 caveat preserved); F0 binding + FROZEN rev25 match; drift window **stable** |

## Artifacts (35/35 `sha256sum -c` OK) and checkpoint

```json
{
  "task_id": "W061-F1-INDEP-REV-02",
  "target": {"node_id": "F1", "class_id": "AF-WCC-VAC-GEN", "gate": "G-FORM",
             "artifact": "schemas/af_wcc_vacuum.yaml",
             "sha256": "9a8bd4c9680042a40894f6085f183661500966f2d787a6bf28a7098a271ed503"},
  "verdict": "revise", "score": 2.5,
  "hard_failures": ["P3-VISIBILITY-PREDICATE-CONSISTENCY", "P4-D0-BINDER-WELLTYPED",
                    "P5-CLASS-CONTRACT-POINTER", "P6-YAML-STRICTNESS"],
  "artifacts": {
    "REVIEW.json": "dc4f27bc210ec384d43faccdd96a04d123b139da161d370459d91075e644a7dc",
    "probe_f1_output.json": "19de2f42a512db82b7d26cb4a2f4fb28a6facb51a3423244cd11e0425866e369",
    "probe_f1_recheck.json": "0b3c7ecb9e77739af87770dcb233fa958e0f216128ad01d43beb25ea45549d02",
    "pinned/af_wcc_vacuum.yaml": "9a8bd4c9680042a40894f6085f183661500966f2d787a6bf28a7098a271ed503",
    "mutant/M0_B_containment.yaml": "gate pass (false negative)",
    "CHECKPOINT.json": "w061-cp2-20260912T002922 -> runtime/state/w061_checkpoints.jsonl"
  },
  "comms": "6/6 schema-valid events appended to comms/outbox/worker-061.jsonl (status, artifact x3, review, status)",
  "next_falsifier": "Tail-consistent quantifiers.formal/D5; single well-typed D0 under A0:126; pointer resolving in the canonical taxonomy; duplicate keys/timestamps removed; or a gate rule rejecting M0/M1 — any one voids this revise. Any hash change voids the binding."
}
```

No node status, `validation_status`, or gate verdict claimed (worker authority rule); no canonical or literature artifact was modified — canonical files were copied read-only into `pinned/`, mutants live only under `mutant/`. Exiting.
