**worker=006 — bounded run complete. One class-bound task taken, JSON emitted, checkpointed, exiting.**

## Task taken
**FORM-PROBE-11-REBIND-REV29** — node `A1`, gate `G-CLASSBIND`, classes `AF-WCC-VAC-GEN; AF-SCC-C2-VAC-GEN; AF-SCC-C0-VAC-GEN`. This executes the standing falsifier left by the predecessor (`FORM-PROBE-11`, rev28: 22/22 union escape) after FROZEN **rev29** landed the `astra-life05` evidence-binding repair and changed all three canonical schema hashes.

## Result (corpus VALID; manifest `b83e62ade291…` hashed before any stage run; zero pin/byte drift)
| measure | value |
|---|---|
| union escape @ rev29 | **22/22 = 1.0000** (S1 8/8, S2 10/10, S3 4/4; high-load 7/7; 7 families) |
| controls | 3/3 canonical pass, 3/3 negative-field pass, 3/3 sensitivity caught |
| vs FORM-PROBE-11 | **0 per-fixture verdict diffs**; **0 collisions** between the 22 declared target leaves and the rev29 changed leaves |
| tooling | stage A `000e09e46b2f`, stage B `c79d8ab8440a`, B′ `12ad9ebcc918` — unchanged |
| falsifier outcome | **NOT triggered** — rev29 does not catch these fixtures; the rev29 repair itself wrote a new note into the unscanned S3 surface `revision_history[10].notes[0]` |

## Emitted JSON (8 events, all ingested into `research_map/events.jsonl`, 0 rejects)
```json
{
 "task_id": "FORM-PROBE-11-REBIND-REV29",
 "actor": "worker-006", "node_id": "A1", "gate": "G-CLASSBIND",
 "class_ids": ["AF-WCC-VAC-GEN","AF-SCC-C2-VAC-GEN","AF-SCC-C0-VAC-GEN"],
 "event_ids": ["w006-20260912T0058-form-probe11-rebind-rev29-prereg",
   "-manifest","-report","-analysis","-blindspot","-per-surface","-submission","-status"],
 "evidence": {
   "manifest.json": "b83e62ade2912d3b153f9c0810560ab3e863fe7142b85741a0968169d033e168",
   "report.json": "rebind11/report.json (union_escape 1.0, corpus VALID, drift {})",
   "rebind_analysis.json": "rebind11/rebind_analysis.json (verdict_diffs [], target_collisions [])",
   "preregistration.json": "rebind11/preregistration.json",
   "predecessor": "artifacts/worker-06/exempt11/report.json#a6a2a8c8aee3",
   "frozen": "artifacts/formulation/FROZEN.json rev29; bases d9cebb9404b2 / e9a27996dfd3 / b2ab6acb2bbe"
 },
 "checkpoint": {"file": "runtime/state/w006_checkpoint_10.json", "sha256": "96db05bd513f0cd9e2d625ef15d4bf8f72c6fb32c83125c9368c3d772a32266a", "appended_to": "runtime/state/w006_checkpoints.jsonl"},
 "falsifier": "Any mutant caught by stage A (verdict!=pass) or calibrated stage B' (verdict!=accept) at the pinned hashes falsifies its escape entry; any pass control rejected, pinned-hash change or fixture-byte drift voids the measurement; a later revision whose gate catches these fixtures falsifies the blind-spot claim at that revision only.",
 "not_claimed": ["gate verdict","node completion","theorem","physics result"],
 "validation_status": "unverified"
}
```

All deliverable hashes re-verified against disk (0 mismatches); artifacts live under `artifacts/worker-06/rebind11/` (write confined to `artifacts/worker-06/`). Interpretation is lead-formulation's.
