# W033-F2B-COVERAGE-ADJUDICATION-01 final run 2026-09-12T01:24:18+08:00
## controls
{
 "all_pass": true,
 "n_pass": 15,
 "n": 15
}
## run
{
 "ok": true,
 "payload_digest": "4a653901c62bcc0711e47c26865ad42559da26caa3490029ba78d947066a1cc1",
 "file_channel_accepts": [
  "worker-052",
  "worker-071",
  "worker-090"
 ],
 "operative_accepts": [
  "worker-052",
  "worker-071",
  "worker-090"
 ],
 "lead_equals_published": [
  {
   "reproduction": "live_literal",
   "accept": [
    "worker-052",
    "worker-071",
    "worker-090"
   ],
   "revise": [
    "worker-017",
    "worker-017",
    "worker-018",
    "worker-029",
    "worker-035",
    "worker-041",
    "worker-053",
    "worker-066",
    "worker-066",
    "worker-072",
    "worker-075",
    "worker-085"
   ],
   "revise_files": [
    "CF31-F2b-binding-table-worker-017.json",
    "F2b-bindchain-rev13-worker-035.json",
    "F2b-containment-normativity-worker-066.json",
    "F2b-repair-candidate-verify-worker-029.json",
    "F2b-rev13-containment-worker-017.json",
    "F2b-rev29-containment-rebase-worker-066.json",
    "F2b-review-rev13-085.json",
    "F2b-review-rev29-053.json",
    "F2b-review-rev29-075.json",
    "F2b-review-worker-018-rev13.json",
    "F2b-review-worker-072-rev29.json",
    "F2b-vocab-alias-041.json"
   ],
   "equals_published_0_7": false
  },
  {
   "reproduction": "live_target_filtered",
   "accept": [
    "worker-052",
    "worker-071",
    "worker-090"
   ],
   "revise": [
    "worker-017",
    "worker-017",
    "worker-018",
    "worker-029",
    "worker-035",
    "worker-041",
    "worker-053",
    "worker-066",
    "worker-066",
    "worker-072",
    "worker-075",
    "worker-085"
   ],
   "revise_files": [
    "CF31-F2b-binding-table-worker-017.json",
    "F2b-bindchain-rev13-worker-035.json",
    "F2b-containment-normativity-worker-066.json",
    "F2b-repair-candidate-verify-worker-029.json",
    "F2b-rev13-containment-worker-017.json",
    "F2b-rev29-containment-rebase-worker-066.json",
    "F2b-review-rev13-085.json",
    "F2b-review-rev29-053.json",
    "F2b-review-rev29-075.json",
    "F2b-review-worker-018-rev13.json",
    "F2b-review-worker-072-rev29.json",
    "F2b-vocab-alias-041.json"
   ],
   "equals_published_0_7": false
  },
  {
   "reproduction": "stale_0106_literal",
   "accept": [],
   "revise": [
    "worker-017",
    "worker-018",
    "worker-035",
    "worker-053",
    "worker-066",
    "worker-066",
    "worker-075"
   ],
   "revise_files": [
    "F2b-bindchain-rev13-worker-035.json",
    "F2b-containment-normativity-worker-066.json",
    "F2b-rev13-containment-worker-017.json",
    "F2b-rev29-containment-rebase-worker-066.json",
    "F2b-review-rev29-053.json",
    "F2b-review-rev29-075.json",
    "F2b-review-worker-018-rev13.json"
   ],
   "equals_published_0_7": true
  },
  {
   "reproduction": "stale_0106_target_filtered",
   "accept": [],
   "revise": [
    "worker-017",
    "worker-018",
    "worker-035",
    "worker-053",
    "worker-066",
    "worker-066",
    "worker-075"
   ],
   "revise_files": [
    "F2b-bindchain-rev13-worker-035.json",
    "F2b-containment-normativity-worker-066.json",
    "F2b-rev13-containment-worker-017.json",
    "F2b-rev29-containment-rebase-worker-066.json",
    "F2b-review-rev29-053.json",
    "F2b-review-rev29-075.json",
    "F2b-review-worker-018-rev13.json"
   ],
   "equals_published_0_7": true
  },
  {
   "reproduction": "stale_0106_created_based_target_filtered",
   "accept": [],
   "revise": [
    "worker-017",
    "worker-018",
    "worker-035",
    "worker-053",
    "worker-066",
    "worker-066",
    "worker-075"
   ],
   "revise_files": [
    "F2b-bindchain-rev13-worker-035.json",
    "F2b-containment-normativity-worker-066.json",
    "F2b-rev13-containment-worker-017.json",
    "F2b-rev29-containment-rebase-worker-066.json",
    "F2b-review-rev29-053.json",
    "F2b-review-rev29-075.json",
    "F2b-review-worker-018-rev13.json"
   ],
   "equals_published_0_7": true
  }
 ],
 "integrity_all_pass": true
}
## verify
{
 "ok": true,
 "recorded": "4a653901c62bcc0711e47c26865ad42559da26caa3490029ba78d947066a1cc1",
 "recomputed": "4a653901c62bcc0711e47c26865ad42559da26caa3490029ba78d947066a1cc1"
}
