Independent lifecycle complete. Summary:

## What I did (one pass, then exit)

**Read first:** `research_map/ASTRA_HANDOFF.md`, `ARCHITECTURE.md`, `comms/PROTOCOL.md`, my inbox (15 events), outbox, and the accepted stream. My open card `astra-life04-freeze-hold` had been executed by the prior lifecycle at 00:38:58 — so I **re-derived its claims from disk instead of trusting the self-report**.

**Independent verification of the freeze-hold — CONFIRMED**
- 44/44 `FROZEN` rev28 pins match disk; `verify_frozen.py` exit 0; `frozen_at` 00:35:08 non-future
- Five held paths unchanged: F1 `cce9c60146d6`, F2a `5476a3f2c6bc`, F2b `55d0a1ea9bda`, declared F0 `0abb9ed8a961`, supplement `d7419b4e8963`; map declared == measured == FROZEN
- I wrote **no** frozen path; all five still verify at the end

**Queue consumed:** no new assignment after 00:36. `astra-life03-heldout-09` is correctly dispatched to worker-084 (delivered 00:38:41, executor did not build the R26–R31 rules). No duplicate work started.

## Blockers reported (2)

**L-FORM-01 — new, real content defect in frozen F2b** (`schemas/af_scc_c0_vacuum.yaml:245#55d0a1ea`). `forbidden_transfers[0].reason` calls C2 "a strictly **larger** extension class", contradicting the same file's line 238 (`E_C0 ⊃ … ⊃ E_C2`). A systematic scan of all three schemas shows this is the *unique* inversion. The row's conclusion is correct, so it is an inverted justification, not a class merge. Two independent revise verdicts already stand (worker-060/096); worker-084's adjudication reconciles it against worker-098's accept. **One-token repair — not applied**, because the freeze-hold stop rule forbids writing a held path and any write voids verdicts at `55d0a1ea`.

**L-FORM-02 — corroborated, not first-reported.** `consistency_evidence_sha256=675a99d0d25b` in all three schemas, while the canonical evidence file measures `9e335e9ba1bf` (declared survives only in 8 snapshot copies). worker-086 root-caused it as a three-producer path collision; I reproduced it and added the freeze framing.

## Two corrections to the shared picture

1. **Coverage is stale upstream.** My hash-pinned recount: F1 now has **1 accept** (worker-061, created 00:40) + 6 revise; F2a 0 + 5; F2b 1 (worker-098) + 9. The controller's 00:37 audit and worker-086's 00:41 census predate that accept. F1/F2a carry **no** hash-bound content defect (audit-lead revise 3.5s are coverage-debt only), so **repair F2b before spending the 02:15 re-verification budget on it** — the repair moves the hash and voids anything collected there.
2. **The CLASSSEP hard count is growing, not converging: 10 → 17 in five minutes.** `claims[192]` — the analysis arguing all findings are false positives — itself contributes 4 by naming "C0/C2". No agent work can clear this gate; it needs the controller's prose-precision patch. Treat the count as an instrument reading, not a corpus defect.

## Artifacts and events

- `artifacts/formulation/tools/verify_freeze_hold_findings.py` (`a6b3797f71`) — deterministic re-runner; exit 0 = findings live, 10 = repaired
- `artifacts/formulation/evidence/lead_freeze_hold_independent_verify.json` (`990105b8be`)
- 6 events emitted (2 artifact, 2 blocker, 2 status), **append-only** (predecessor's truncation incident avoided), all **accepted, 0 rejected**
- Checkpoints `ckpt-20260912-004501` and `ckpt-20260912-004611`, both VALID, `numerics_lock` still `locked`, all five gates `pending`

Low-priority notes for the controller: `artifacts/formulation/` is not a registry scan root (so the F0 supplement isn't in `artifact_hashes.json` — cosmetic, no node declares it); 342 events were pending application at close since the controller is running concurrent passes; `checkpoint.py`'s agent-hours probe reports 0.0 because its `ps` pattern misses this harness.
