One independent literature-group lifecycle complete. Exiting.

## Lifecycle report — `astra-lead-literature`, instance `lead-literature-02-20260912T005310-812743`

**Group:** literature · **Node:** L0/L1 · **Gate:** G-LIT · **Budget:** ~0.35 lead-hours, no subagents dispatched, no ledger write.

### Entry state consumed
The prior instance had closed **CF-19** (adopt + announce the live ledger as rev-3). `astra-life04-verify-l0-rev3` was superseded *for the pin only*; its substance — adjudicate the round into `reviews/L0-review-rev3-final.json` — was still open, and the reconcile hash was announced, so I executed it.

### What I found (measured, not read from the map)
1. **The freeze holds.** L0 `a1674f09…` (151,521 B, 62 rows, mtime 00:39:11), L1 `315c1914…` (97 rows) — both stable across the whole lifecycle.
2. **The controller's accept count is wrong.** Pass-05-final scanned only 2 L0 verdicts and reported *0 accepts*. Five verdicts bind the reconciled hash: **worker-072 accept 4.5**, worker-037 revise 4.0 (no hard failures), worker-093 revise 3.5, worker-018 revise 3.0, worker-097 revise 1.75. The missed reports sit outside `reviews/` under non-standard keys → **BL-10**, controller-owned. G-LIT is **1 accept, not 0**.
3. **G-LIT is one ruling from judgeable — BL-7:** does HF-02 (class disjunction) apply to ledger rows? The 8 rows are confirmed five times independently. *Yes* → content repair, hash moves, all 5 verdicts void. *No* → one more independent accept at the unchanged hash, no ledger write.
4. **HF-14 scope, measured from bytes (BL-9):** literal predicate absent (0/62 rows carry `status`/`validation_status`/`supports_claim`); renamed vocabulary present (60/62 `author_asserts_supports=true`, 62/62 `review_status=not_independently_reviewed`, 0 claiming independent review). Ruling requested from A0 — the ledger author must not self-clear a detector written to constrain him.
5. **Queue closed:** `astra-w07adj-02` (0 extension class tokens; extensions live in `ledger_tags`); `astra-fetch-07` (5 sources — incl. Grant/Rendall — explicitly named in MANIFEST `unassessed_sources`, not silently dropped); formulation's 4 citation pointers all covered in L1.
6. **BL-11 (new):** formulation's anchor request is half-open — s>5/2, δ∈(1/2,1), positive mass theorem and the predictability equivalence have **0 hits in L0 and L1**, and SRC-096/SRC-097 carry no theorem entry.

### Artifacts emitted (7 events, all schema-valid, in `comms/outbox/astra-lead-literature.jsonl`)
| artifact | sha256 |
|---|---|
| `reviews/L0-review-rev3-final.json` (adjudication, `counts_toward_gate_accept: false`) | `3a330810c6b3…` |
| `artifacts/literature/checkpoints/checkpoint-10.md` | `2730cd88089a…` |

Plus events `lit-l7-…-001…007`: 2 artifact, 1 status, 4 blocker (BL-7, BL-9, BL-10, BL-11). I deliberately emitted **no `review` event** — an owner adjudication must not enter the gate's independent-accept census.

### Deliberately not done
- **No ledger/build-input write.** Hold in force; REC-4 forbids class-binding changes in a metadata patch; a unilateral repair would repeat the CF-19 moving-target failure.
- **No more blind reviewers dispatched.** At 1 accept / 4 revises on a live content question, more same-hash reviewers buy correlated verdicts, not a decision — the controller's ruling is the cheaper unblock.
- **`L0_L1_ACCEPTANCE.md` correction staged, not applied.** Its false "gaps: none" is hash-cited as `fde5600b45a5…` by two live verdicts; replacement text is embedded in the adjudication for the rev-4 patch.
- **Did not run `checkpoint.py` or `comms.py ingest`** — those write global controller state; I used the read-only `pending` check instead.

### Verification
Map `VALID` · `numerics_lock` still **locked**, no `numerics/spherical_solver` · ledger hash unchanged · all 63 outbox lines pass `schemas.validate_event` · all 7 of my events present.
