**worker=030 — bounded task complete, exiting.**

## Task taken (class-bound)
`F2b` / **`AF-SCC-C0-VAC-GEN`**, gate `G-FORM`/`G-AUDIT`: independent full-schema review of canonical `schemas/af_scc_c0_vacuum.yaml`. No assignment addressed `worker-030` existed, so I self-selected from the open queue: `reviews/F2b-softflag-disposition-review.json` explicitly states a full-schema independent F2b verdict "is still required for G-AUDIT", and the 00:17 gate audit records 0 distinct accept reviewers at the measured hash.

## Reviewed revision
rev 11, `sha256 1bb78ce9b3572cdac229ad7623ce96908bf4f08dc62c3c6264d97b17c0355508`, 33276 bytes. The earlier candidate `a2aef5ac7fe3` was **not** reviewed — my instrument fails closed on hash drift (exit 2) and caught the lead's 00:19:14 republish.

## Result: **accept, score 4.0, hard_failures []**
36 checks → 32 PASS, 0 blocking, 4 non-blocking findings:
- `F2B-030-01` 7 duplicate top-level `revised_at` keys → strict YAML parse fails (systemic F2a/F1)
- `F2B-030-02` `revised_at` / `f0_binding.checked_at` future-dated ~522 s (corroborates CF-14)
- `F2B-030-03` stale comment hashes `565a6e50`/`66bf917b`
- `F2B-030-04` `class_contract_pointer` targets the authoring tree under a section key absent from canonical taxonomy (systemic F1/F2a/F2b)

Verified: class binding vs F2a/F1, no unknown class tokens, no composite `C0/C2`, quantifier order + non-meagerness negation, topology, comeager genericity, C0 regularity xor, I⁺/visibility excluded from the SCC conclusion, falsifier tiering, F0 binding to current taxonomy `276009f4`, and 6/6 `l1_ledger_refs` cross-checked against `ledger/theorems.jsonl#ce42d205`.

## Artifacts (all hash-cited)
| path | sha256 |
|---|---|
| `artifacts/worker-030/f2b_review_check.py` | `33db1960c00af593…` |
| `artifacts/worker-030/f2b_binding_audit.json` | `55cb3efd469594f1…` |
| `reviews/F2b-review-030.json` | `f97b6b85d3fea768…` |
| `artifacts/worker-030/f2b_sibling_recheck.{py,json}` | `f1c711e7…` / `f94141aa…` |
| `reviews/F2b-review-030-addendum.json` | `b77e65bf787a8919…` |
| `runtime/state/w030_checkpoint_1.json` | checkpoint |

Integrity note: after the review I caught my own error — two sibling pins had been measured at 00:18:28 but superseded at 00:19:14. I recorded a hash-pinned correction addendum plus a reproducible sibling re-check (2/2 PASS), emitted as **artifact events, not a second verdict**, so the distinct-reviewer count is not inflated.

## Comms
6 events in `comms/outbox/worker-030.jsonl` (4 artifacts, 1 review, 1 status). All 6 pass the authoritative `research_map/schemas.py:validate_event` and were **ingested by the controller into `research_map/events.jsonl`** (`_received_at 00:22:39` / `00:24:40`), `rejected: 0`.

**Falsifier:** any byte change to the target (sha256 leaves `1bb78ce9b3572cda`) voids the accept verdict; re-run `python3 artifacts/worker-030/f2b_review_check.py` (exit 2 = drift, 1 = blocking defect). No gate verdict or node status claimed — authority stays with Astra/group leads.
