Task complete. Bounded worker 082 delivered one class-bound task and checkpointed.

## Task taken
**`W082-F1-MACHINE-DEFECT-VERIFY-01`** — node **F1**, class **`AF-WCC-VAC-GEN`**, gate **G-FORM**.

Chosen after reading `HANDOFF.md`, `research_map/ASTRA_HANDOFF.md`, `comms/PROTOCOL.md`, and the 00:24:40 `controller_gate_audit`: F1 at canonical `9a8bd4c96800` has **9 hash-bound verdicts, 0 accepts**, all citing a machine-verifiable defect class with no reproducible record. I avoided duplicating my slot's prior F0 verdict and the sibling N0/G-NUM work (no inbox card existed for worker-082).

## Result: `revise` (data integrity / binding) — 6 blocking defects confirmed
Bound to frozen bytes `schemas/af_wcc_vacuum.yaml` = `9a8bd4c9680042a4…` (byte-identical copy kept; canonical re-measured stable at finalize):

| id | defect |
|---|---|
| W082M-02/03 | `revised_at` ×7 (lines 8,10,12,14,16,20,23); PyYAML last-wins keeps `00:30:00`, **silently discarding 6 revision stamps** → `revision: 11` unverifiable |
| W082M-04 | `revised_at_unused` ×2 (lines 26,28), dead key |
| W082M-05 | effective `revised_at` and `f0_binding.checked_at` **+119.4 s ahead of wall clock** |
| W082M-06 | `class_contract_pointer`/supplement resolve to authoring tree `c8e979a1eb48`, not declared canonical F0 `276009f4f63d` |
| W082M-07 | `independent_reviewers: []` while 9 hash-bound verdicts exist (0 accepts) |

Positive/scoped: frozen bytes bind canonical (W082M-01), all 13 slots present (W082M-09); D0 disjunction recorded as **syntax only** (W082M-08, semantic reading explicitly inherited, not adjudicated). Cross-artifact observation: same duplicate-key defect in F2a/F2b (×8 each); F0 clean.

## Emitted (all schema-validated, `comms/outbox/worker-082.jsonl`, 11 new events, idempotent)
- IDs: `w082-20260912T0029-{task-claim, artifact-×7, verify-F1, blocker-F1, complete}`
- Artifacts: `run_checks.py` `296eda8a…`, `evidence.json` `ed90d9a9…`, `frozen_f1_9a8bd4c96800.yaml` `9a8bd4c9…`, `VERIFY-F1-082.json` `a7dae60d…` (copy at `reviews/F1-machine-verify-worker-082.json`, identical), `FIX-PROPOSAL-082.md` `cb74cc1b…`, `README.md` `5c8cb6d5…`
- Falsifier: republish F1 at a new hash with unique keys, non-future-dated clocks, canonical pointer, non-empty reviewer status → this record voids; re-running the checker at the frozen hash must reproduce the exact line set and effective `00:30:00`
- `counts_as_full_schema_verdict: false` — explicitly not a G-FORM accept; no gate verdict or done status claimed

## Checkpoint
`runtime/state/w082_checkpoint_2.json` — verdict `revise`, 6 blocking, 7 artifact hashes, fix routed to lead-formulation (CF-12 single-owner; no canonical file modified).

**Exit now.** Next controller step: ingest the 11 outbox events and route the advisory fix proposal to the F1 owner; G-FORM still needs the revision, then two independent full-schema accepts at the new hash.
