Done — one class-bound task executed, evidenced, checkpointed, exiting.

## What I read
`HANDOFF.md`, `comms/PROTOCOL.md`, `research_map/ASTRA_HANDOFF.md`, the live `research_map.json` (gates/findings/controller audit), `research_map/events.jsonl` tail, `runtime/control/OVERNIGHT_PLAN.md`, my prior worker-044 checkpoints, and current worker traffic to avoid duplication.

## Task taken (no inbox card existed for worker-044)
**W044-F2B-ACCEPTANCE-ORACLE-01** — node **F2b**, class **AF-SCC-C0-VAC-GEN**, gate **G-FORM**. The pin-binding lane was saturated (041/045/065/086) and the vocabulary lane claimed (005), so I built the missing piece: one executable oracle covering **both** live blocker families and their interaction, plus a sandbox repair and durability probe.

## Result (pinned rev12, zero drift)
- **Current F2b: not acceptance-ready**, failing exactly `{A1, A2, A6}` — all binding-level.
  - A1 declared evidence hash `675a99d0` unresolved at canonical path (`9e335e9b`, also FROZEN rev28 pin)
  - A2 canonical evidence carries no input hashes (self-verification absent)
  - A6 alias registry unbound (canonical tokens outside F0's literal union list)
- **Semantics clean**: A4b/A5b (bound-class canon equivalence), A7 (structural gate exit 0), A8 (class separation) pass.
- **Candidate 3-edit sandbox repair → 8/8 ready** (restore enriched evidence, bind `VOCAB_ALIASES.json` under `extensions.vocabulary_binding`, refresh FROZEN pins).
- **Durability probe**: one writer run overwrites restored evidence `675a99d0 → 9e335e9b`, re-breaking A1/A2/A3 → a byte restore alone is not durable.
- **9/9 controls** fire (including M3/M4 showing literal membership is necessary-not-sufficient, since allowed-lists are unions).

## Evidence
- `artifacts/worker-044/f2b_acceptance_oracle/report.json` `#77d503863700`
- `…/f2b_acceptance_oracle.py` `#cc78c6f42dc6`, `…/README.md` `#340ad283dd67`
- Pins: F2b `55d0a1ea9bda`, F0 `0abb9ed8a961`, evidence `9e335e9ba1bf`, VOCAB `46cd9f1eb534`, FROZEN `2f358f6722d9`
- **Falsifier**: a failing→passing check flip at the pins; any control not flipping its target; repair not reaching ready; restored bytes surviving a writer run; any pin moving before adjudication.

## Protocol
9 valid JSON events appended to `comms/outbox/worker-044.jsonl` (status×2, artifact×3, claim, review×2, blocker) — schema-validated, unique event ids; checkpoint `runtime/state/w044_checkpoint_20260912T004857+0800.json` (+ `w044_checkpoints.jsonl`). **No canonical file written**; no gate verdict, node status, or `validation_status=passed`.
