dsh: reasoning:
I need to understand the working directory structure first, so I'm checking what's in the workspace to find the handoff and map files.
dsh: reasoning:
I should look through the workspace for references to the handoff/map and comms topics.
dsh: reasoning:
I'm looking for the `handoff/map` file that's likely in the swarm directory structure, possibly under `workdir/lean_poincare/longrun/worktrees/leaders/` based on the reference to comms and the architecture I'm working with.

The task indicates `worker=025`, so I need to locate the swarm working directory by searching for comms directories or existing worker files.
dsh: reasoning:
I'm noticing the `ai4math-swarm` directory in the workdir path, which seems to be the actual swarm execution environment, and there's also a tarball version at the root level. Let me explore the ai4math-swarm directory to see what's there. I should also check the lean_poincare longrun directory since it has a comms folder.
dsh: reasoning:
I need to review the handoff documentation and related files to understand the task context and requirements for this worker instance.
dsh: reasoning:
I need to review the communication protocol, the ASTRA handoff document, and the architecture overview, then locate the specific task assigned to worker 025 by checking the inbox and any worker prompts.
dsh: reasoning:
I need to look at my inbox to find my assignment as worker-025, check the comms directory, and see if there's already a worker-025.jsonl file in the outbox. The prompt mentions taking one class-bound task and emitting valid JSON with IDs, evidence, hash, and falsifier before checkpointing.

The task appears to be class-bound, possibly re-verifying the G-F0 gate where worker-025 is listed among the 7 distinct independent accepts, or doing something related to validation. Let me check the inbox and outbox files to find my specific assignment.
dsh: reasoning:
I need to check the latest instance for worker-025 and review its outbox and checkpoint files to understand what work has been assigned.
dsh: reasoning:
I'm checking the instance metadata and prompt to understand my current task, then reviewing what the last run actually did with the L1 locator adjudication and what the previous checkpoint contains.

Since I'm a fresh bounded execution worker, I need to look at the handoff and comms to find the next open task. Worker-025 already handled several tasks, so I'm checking the inbox for any new assignments, the queue state, and the latest controller state to see what's still pending. The previous run finished L1 locator adjudication, so I should search through the state for open tasks and check the lead-specific instructions for worker-025.
dsh: reasoning:
My previous run wrapped up the L1 locator task with a verdict of revise 3.0 and hashed artifacts. Now I need to locate an open task in the comms inbox, check the current controller state, and review any new assignments before selecting a fresh task.

Let me check the # 2 malformed entry in the astra.jsonl inbox file.
dsh: reasoning:
I'm looking through the literature inbox for open assignments and checking the controller state and queue to identify what tasks are available. My previous work on the L1 locator needs to be integrated with the classification separation detector, so I'm examining the research map to understand the current gate status and what work is still pending.

From the ASTRA handoff, there are several active assignments with deadlines: the detector adjudication, verification tasks for various components, and the N0 stoprule. While my task is to take one class-bound task, the next immediate work should come from reviewing the literature lead's outbox to see what updates have landed since my last broadcast, then checking the research map for what's actually open and unblocked.
dsh: reasoning:
I need to check the gates list.
dsh: reasoning:
I need to find an open task that hasn't been claimed yet. Let me check the queue and review the recent events and leads' outboxes to see what's still available. My previous work was on the L1 locator, but now I'm looking for a different independent task to work on. I'm considering whether to verify the N0 flat-space convergence result, though that might already be assigned to someone else.

Looking at the current assignments and their statuses, most are either claimed or blocked. The L1 task seems like the best option — I've already completed my self-selected adjudication and staged repairs, and the literature lead hasn't applied the repair yet. I could strengthen my existing work by verifying the citation URLs with live checks and creating a stronger deterministic artifact with evidence of the repair. Writing the verification script...
dsh: reasoning:
I need to find a fresh class-bound task that hasn't been claimed yet. Looking at the controller's last pass, I should check what the literature lead has said recently and what gaps remain, then pick something where I can add real value—something with proper evidence, a falsifiable claim, and a clear hash. My previous work on the L1 locator task isn't done yet, so I need to see what's actually available to tackle.

I'm considering three options: a citation-resolution audit for other L0/L1 rows beyond the locator analysis, a cross-check of my staged repairs against the actual CSV to ensure they're correct and complete, or verifying the F2b schema coverage gap—though that's flagged as needing an independent reviewer. Let me check what the literature lead's requests are and what the G-LIT gate criteria actually demand so I can pick something that's genuinely open and valuable.
dsh: reasoning:
The literature lead just published their audit at 01:05:03, and there's passive infrastructure tooling running right now. I need to identify an unclaimed, class-bound task that's still open and can be executed by me. There's a new blocker BL-13 to investigate, but it's narrow and somewhat redundant since the literature lead is already working on it. Let me look for something genuinely unclaimed and valuable in the class-bound space.

The core issue is that the citation ledger has this fundamental question about whether it can actually serve as a compliance ledger. The blocker HF-W005-L0-01 is already reproduced and validated with a complete remediation plan. What's missing is a verification of whether my staged replacement identifiers actually resolve to the correct records—that's a real testable claim. I need to check what I built in the previous run to see if I already verified that. Then there's the broader issue: the ledger has 62 rows in theorems.jsonl and 97 rows in citation_audit.csv, but the real question is whether every row's cited evidence actually supports what the theorem claims. That's been reviewed extensively. Another angle is the formulation anchors issue—the lead is requesting weighted Sobolev thresholds and other specific parameters—but that's not mine to handle.

For a bounded, class-bound task I can complete quickly: verify that each of the 97 mechanically-staged record-identifier replacements is correct by fetching or checking against a resolver like doi.org or Crossref. More valuable than my previous live check of the 27 truncated URLs. Another option is to audit the L0 ledger's 62 rows for the same exact-locator adequacy test I just performed on L1. That would be uniform coverage and a genuinely new artifact. The G-LIT gate requires resolvable locators and at least three independent re-fetch spot checks. The literature lead's census found 12 content verdicts, but nobody has applied the locator classification to L0's theorems.jsonl yet. That could be a real gap.

Let me check whether the L0 ledger has locator fields like the L1 citation_audit.csv does. Actually, wait—I just realized the artifact event from my previous run staged a cross-file consistency check. That's a specific claim I could test: whether the 26 DIRECT rows in citation_audit.csv align with the DOIs and arXiv IDs in theorems.jsonl. Let me look at what the L0 verdict census actually flagged—the 12 content verdicts and which rows passed.

I need to be strategic about time. The highest-value, genuinely unclaimed, class-bound verification would be a blind cross-file recomputation of the L0 citation census—checking whether the 62 rows in theorems.jsonl all have a verifiable authority resolution, testing that against the registry. Let me first examine the run infrastructure and my staged artifacts to find a practical path forward. I'm checking the artifact events from my previous run to verify the manifest and confirm my staged record-identifier replacements are solid. For the L0 ledger task, I need to determine what "class-bound" actually means here — each task must be tied to the four AF classes. I'm exploring several directions: verifying the staged record identifiers against the 27 truncated locators with search resolution, running the same locator adequacy test on the L0 ledger's 62 rows, cross-checking the L0/L1 overlap, or validating the new BL-13 claim from the literature lead. Let me pivot to something concrete and high-value instead.

I'll design a verification pass that targets the *independence* claim itself — specifically auditing whether the 7 accepts at the G-F0 gate are genuinely disjoint and whether worker-025's earlier accept was actually independent. That's too meta and likely already covered. A better approach: the handoff notes that worker-005's classification was 26/40/27/4, which matches my own finding, so there's a genuine gap in the L1 row verification that I should be able to confirm independently.

I need to stop overthinking and pick a concrete task: verify the 97 staged record-identifier replacements by running live resolution checks against each row's DOI or arXiv identifier, then measure how many resolve and how many agree with the cited title. This is new, bounded, class-bound, and produces high-quality evidence with IDs, hashes, and falsifiers. The main constraint is network access — the previous run had some live checks with HTTP 403s, so I'll need to test whether I can reach DOI or arXiv.
dsh: reasoning:
The network is working and my earlier analysis is solid. I'm thinking about what new class-bound task would be most valuable. I could do a cross-source verification of the L0 ledger—checking whether those 62 rows all have resolvable locators and determining what fraction are actually record locators. But I'm realizing I need to check if the theorems in the L0 ledger even have locators, since that structure might be different.

A much stronger approach: I should independently verify whether the 97 staged replacements actually resolve to the cited records with matching title and DOI. My previous analysis flagged this but didn't fully test it. Cross-checking each staged identifier against the published title through DOI or arXiv lookups would be a genuine verification layer—this is the provenance and checking layer that the handoff identifies as critical. It's bounded, class-bound, and produces evidence with a hash and a falsifier. If even a few of the 97 don't resolve or have title mismatches, that's a real finding worth recording. Given the time constraints, I should test the DOIs and arXiv IDs in batches with rate limiting. First, let me examine the ledger data to understand what identifiers are available.
dsh: reasoning:
I'm identifying a strong verification task to check whether the 92 DOIs in the citation ledger actually resolve to the papers they claim to represent—essentially testing if the metadata aligns with the titles and authors listed. This is a bounded, class-bound verification job with clear evidence and falsification criteria, which falls under the verification layer mentioned in the handoff. It's worth doing since none of the other workers have tackled identifier-to-record correspondence verification at scale.

For implementation, I'll use Crossref and arXiv APIs, respecting rate limits (50 requests/second for Crossref, 1 per 3 seconds for arXiv), and cache responses locally following the pattern from the previous run. Given that there are 92 DOIs total and network calls take time, I'll scope this carefully—probably all 92 DOI-to-title checks rather than trying to cover both DOI and arXiv identifiers, since that would require 150+ calls.

Before committing to this approach, I should check the rejected.jsonl file and recent controller decisions to make sure this work isn't already claimed by another worker and doesn't duplicate existing efforts.
dsh: reasoning:
I see that worker-099 already did a spot check on L1 with 23 records, so I need to examine the scope of that work and find a gap that isn't covered. The G-LIT criteria requires at least three independent re-fetch spot checks, and worker-099's work likely fulfills that, so I should identify what remains unchecked.

Looking at the L1 ledger's 97 rows, I notice there's no independent verification that the DOI, arXiv ID, and title metadata actually correspond to the same paper across the full set. The spot checks covered only a sample, and the bulk audit didn't check identifier-to-record consistency. This would be a class-bound verification task about whether the evidence chain is grounded in correct identifiers—directly relevant to the literature verification mission. The existing resolver results from lead-literature might be self-reported, so an independent full-population check would add real value without duplicating worker-099's sample work.

Before committing to this, I need to check worker-099's artifacts to understand their coverage and scope, and verify whether their fetches are cached in a way I can reuse or if I need to fetch fresh.
dsh: reasoning:
So the spot checks are only covering a small sample of rows while the full population of 97 rows hasn't been validated yet. I'm seeing that worker-099 flagged a high-severity issue where SRC-025 has an excerpt-level contradiction even though the title, author, and year all match. This suggests there's a calibration problem in how the source rows are being assessed.

The critical gap is that nobody has run a complete population audit checking whether each row's declared identifiers—DOI, arXiv ID, title, authors, year—actually resolve to a single coherent record. With 92 rows having DOIs and 62 having arXiv IDs, and only 59 having both, there's a real risk of identifier mismatches at scale. A row could resolve to an entirely different paper than what's cited, which would be a high-severity finding. This is a bounded, class-bound task with clear falsification criteria: any row where the DOI and arXiv ID point to different works, or where the resolved title doesn't match the declared title, falsifies the coherence claim. I should start by deduplicating the work.

I'm going to build a fresh collection of identifiers and fetch API metadata for each one to compare against the declared information. The task is "W025-L1-IDENTITY-AUDIT-01: full-population identifier-to-record identity audit for the L1 citation ledger." To keep this bounded in time, I'll use parallel fetching with a modest concurrency limit of around 8 workers, and maybe cap the total number of API calls. The API endpoints are reliable—Crossref for DOIs and arXiv's export API for arXiv IDs—so with parallelism I can process all 154 identifiers in a few minutes.

I need to respect rate limits though. Crossref's polite pool allows faster requests if I set a User-Agent with mailto, but arXiv has strict rate limiting at one request every 3 seconds. That means 62 arXiv requests would take at least 3 minutes sequentially, so I'll need to be careful about concurrency there to avoid getting blocked.

Actually, the arXiv API supports batch queries through id_list, which means I can request up to 100 IDs in a single call. That's much more efficient. For Crossref, I can also batch by making sequential requests with small delays—around 92 calls at 0.15 seconds each would take roughly 14 seconds, which is manageable but they discourage parallel requests. I'll go with sequential Crossref calls with a polite delay and one batch arXiv call, instrumenting the run with per-request timing so the whole thing completes in a reasonable window.

Now I need to write the verifier script that will reproduce the assessment and compare the results.

For title normalization, I'll lowercase, strip punctuation, collapse whitespace, and remove LaTeX artifacts.

The comparison logic checks three things: for rows with both DOI and arXiv, they should resolve to the same work (title similarity above threshold or shared external ID in the metadata); for rows with only a DOI, the Crossref title should match the declared title; and for rows with only arXiv, the arXiv title should match. I'll also measure author and year agreement where available, flagging mismatches with an identifier-level audit ID, and put the evidence in declared report structures.

The main risk is that arXiv IDs and DOIs might legitimately point to different versions (preprint vs published), so I need to set a title similarity threshold that tolerates minor differences like subtitle punctuation. I'll use token-level Jaccard and difflib ratios and code the scoring in a reproducible way. For "no declared DOI," if I have an arXiv ID, I can check arXiv metadata for a DOI field and record whether it matches.

I need to be disciplined about determinism and avoid self-deception by reporting the null results, while citing exact hashes of any sources I use for strict reproducibility.

Now I'm setting up the artifact directory and writing the Python runner with offline replay capability. I'll structure it to fetch Crossref and arXiv metadata in one run, cache everything locally, then support `--offline` mode to regenerate the report from cached data using a deterministic, sorted JSON approach. The cache keys will be either DOIs or arXiv IDs, and I'll store both raw JSON and normalized records.

Writing the runner script...
dsh: reasoning:
I'm noticing there are duplicate identifiers across the records—6 duplicate DOIs and 4 duplicate arXiv IDs. This could mean either the same work is cited multiple times under different IDs, or there are conflicting metadata claims. Either way, this is worth investigating as part of the identity audit to understand whether different citation IDs are pointing to the same work or if there's a data integrity issue.

Now I need to calculate the deduplicated identifier count. There are 92 DOI entries with 6 duplicates, giving 86 unique DOIs, and 62 arXiv entries with 4 duplicates, yielding 58 unique arXiv IDs. After deduplication, that's roughly 86 + 58 = 144 unique identifiers. The arXiv API supports batch queries with an id_list, but the challenge is that arXiv IDs require version handling—stripping the version suffix to get the base ID. I'm also seeing that many DOI entries use the arXiv DOI prefix (10.48550), which suggests they're arXiv DOIs. The cross-check between DOI-based and arXiv-based metadata should be straightforward: for rows with both identifiers, I need to verify they point to the same work by comparing titles with fuzzy matching. I'll design the audit to avoid false positives by normalizing titles, computing Jaccard similarity on tokens and character-level difflib ratio, then flagging mismatches only when both are below threshold and there's no clear relationship like preprint-to-published versions.

For the structured output, I'll emit JSON with rows showing citation ID, DOI, arXiv ID, resolved title, similarity scores, verdict, and evidence URL—plus a summary with totals, the hash of the report itself, and a list of falsifiers that could disprove the findings. I'll cache all responses with their hashes for reproducibility. Since the instruction allows taking one class-bound task and producing valid JSON, I can work within a bounded window of 5–8 minutes for network calls, which is feasible by batching arXiv lookups and using Crossref's polite pool with a mailto header. The main risk is that any mismatch I find might be a legitimate preprint-versus-published title difference, so I'll need to distinguish those from genuine errors.

For arXiv specifically, I'll batch identifiers in groups of 50 to avoid rate-limiting issues. Now I'm designing the script to fetch DOI metadata from Crossref and arXiv metadata efficiently, then classify each identifier pair by comparing normalized title tokens and computing a similarity score.

Writing the comparison logic... Now I'm setting up the artifact directory and defining the task scope — I need to be careful about what the classifier actually accepts. Rather than claiming a broad "identity audit" that could be hard to verify, I should define the specific claim I'm testing: that each DOIs/arXiv ID pair resolves to records with compatible titles, and that DOI-only records match their declared titles. Let me write the preregistration with falsifiers and then run the data collection. I need to handle request formatting carefully — using `urllib` with proper headers for Crossref and batching arXiv IDs to stay within limits.
dsh: reasoning:
I'm setting up the audit runner script that will parse the frozen CSV, extract identifiers, and fetch metadata from Crossref and arXiv with caching and offline replay support, then generate a deterministic report. I'll use urllib for network calls to avoid dependencies, batch arXiv requests in groups of 50 with appropriate rate limiting, and structure the report with per-row details and class-level summaries. I need to measure the title and author similarity too, so I'll store the arXiv metadata in a cache file keyed by ID. Let me start writing the script now.
dsh: reasoning:
I'll start by running a quick smoke test on a small sample of DOIs before doing the full fetch, so I can catch any bugs early. Actually, let me just run the full thing in the background since it should take around 2-4 minutes total with the rate limiting I've set up. Let me first verify the script's syntax and that the cache directory is in place.
dsh: reasoning:
The fetch is working, so I'll run the full script in the background—it'll take a few minutes to process the 86 DOIs with rate limiting and the arXiv batches. I could smoke-test with a smaller subset first, but I'll just kick off the full run now.
dsh: reasoning:
While that processes, I should figure out what other class-bound work needs attention—maybe the checkpoint mechanism or reviewing the validator schemas. Let me check if my outbox entries are properly formatted against the schema so I can emit valid JSON for the comms event.

Actually, let me pull the event schema details from the validator to make sure I'm getting the structure right.
dsh: reasoning:
I'm realizing that running the checkpoint script would execute a full global ingest of the outbox into the events log, which could pick up partially-written files from other agents and isn't something a worker should trigger. The handoff docs indicate only Astra and the controller should run these operations, so I should create my own checkpoint instead.

Let me check what the previous worker-025 checkpoints look like to match the format, then construct a worker-scoped checkpoint JSON file in the runtime state directory. First, I'll see how the background job is progressing.
dsh: reasoning:
The census is still processing while I check on the cache. I'll use this time to search through the review files for any existing claims about identity mismatches or SRC-025 issues that might already cover this topic.
dsh: reasoning:
I need to check the existing artifacts to understand what worker-076 and worker-099 tested, so I don't duplicate their work.
dsh: reasoning:
I'm examining the worker-076 MISMATCH results more closely—there are 6 mismatches reported that could be related to identity or citation discrepancies. I need to look at the specific details to understand what's being flagged.
dsh: reasoning:
Worker-076 did complete a 6-row spot check, so I'm reviewing what was actually covered. The "identifier_match: false" flag in those rows likely stems from how the locator differs from the arXiv API URL—that's probably an artifact of the comparison logic rather than a real problem. Let me check which rows were sampled and map out the coverage overall.

My audit is broader: it's a full census of 97 rows checking DOI/arXiv identity consistency and author/year issues. The existing spot checks (worker-076's 6 rows, worker-099's 7 rows with overlaps) bring total independent coverage to roughly 11 rows. My task is to extend that to all 97.

I should update the PREREGISTRATION to cite the correct coverage numbers since I initially referenced only worker-099. Let me check the background job status first and then update the preregistration accordingly.
dsh: reasoning:
I'm seeing that worker-076 and worker-099 covered different sets of rows with no overlap, totaling 11 distinct rows, but there are also earlier spot-checks referenced that I need to account for. Let me track down those earlier reviews to get a complete picture of what's been covered. I should revise my approach.

On the candidate side, I need to update the PREREGISTRATION.json with the correct "why_now" numbers and maybe expand the population section to document prior independent coverage. But I'm second-guessing whether modifying the preregistration file after the fetch started would violate my own freeze rule. The integrity question is real—altering the preregistration after seeing partial results is exactly the problem preregistration solves. However, restructuring the presentation without changing any thresholds or falsifiers is defensible. Still, I should avoid touching it entirely to be safe. Instead, I'll document any corrections or clarifications separately, perhaps in a note or README, and keep the original preregistration frozen and hashed. That preserves the integrity guarantee.

Let me monitor the census job and do a quick sanity check on the cached DOI records to ensure the parse logic is working correctly—I'll spot-check a few random entries to verify titles and years are sensible before the full run completes.
dsh: reasoning:
The fetch is progressing well with about 12 caches so far and reasonable quality. While waiting for it to complete, I'm thinking about whether there's a second open task I could tackle to make the deliverable more robust—specifically looking at the two rows without identifiers that point directly to INSPIRE records.

I should verify those resolve properly, and I also want to review the duplicate DOI rows and the 6 duplicate cases to check whether they represent distinct works. Let me pull up those duplicate rows now to understand what discrepancies might exist, since that could reveal identity issues worth investigating.
dsh: reasoning:
The duplicates all point to the same references, just cited multiple times with slightly different titles or metadata versions, which is expected for a citation ledger. My audit will flag these as duplicate identifier groups rather than mismatches, and the real question is whether they should be consolidated—but I'll report the finding rather than make assumptions about the intent.

Now I'm waiting for the census to complete. With 86 DOIs at roughly 0.5 seconds each plus arXiv batches taking about 3 seconds per batch, the full process should take around 2 minutes total. Let me check the job status again.
dsh: reasoning:
I'm seeing a significant issue with the fetch operation—31 rows failed to retrieve data, which is concerning for the quality of this report. The problem stems from how I'm classifying rows: when both DOI and arXiv identifiers exist, the fetch only succeeds if *both* records resolve, otherwise I mark it as FETCH_FAILED. But that doesn't tell me which specific fetch actually failed or whether the row could have been partially processed. I need to examine the errors more closely and potentially distinguish between cases where just the DOI failed versus just the arXiv fetch, since that would make the results much more actionable.
dsh: reasoning:
I'm seeing 26 DOI resolution failures from Crossref—mostly the arXiv DOIs with the 10.48550 prefix—plus 5 arXiv metadata issues. This points to a broader identifier problem across the dataset.

The arXiv DOIs (10.48550/arXiv.XXXX.XXXXX) do work through doi.org but aren't registered in Crossref; they're handled by DataCite instead. Since these rows also have arXiv IDs that resolve fine, it's not a blocking issue, but it's worth measuring. I should query DataCite to verify these DOIs resolve properly and expand the audit to check identifier registration status across both registrars.

For the 5 arXiv IDs that failed to resolve, I need to identify which ones they are — they might be malformed, non-existent, or rate-limited. Let me print the failing IDs and check what's happening.
dsh: reasoning:
I'm finding two distinct issues in the data. First, there are 25 DOIs from arXiv (prefix 10.48550) that return 404s when queried through Crossref because they're registered with DataCite instead—these rows need to be resolved through DataCite rather than treated as failures. Second, there's one DOI from the University of Vienna thesis repository (10.25365) that's also returning a 404.

The five arXiv IDs that didn't resolve are all old-style identifiers containing slashes (like `math/9901147` and `gr-qc/0307013`). The problem is that when I batch these IDs in the URL query, the unencoded forward slashes break the request—I need to URL-encode them so the arXiv API receives them properly.

I should fix both issues: encode the arXiv IDs in the batch URL and add DataCite as a fallback resolver for DOIs that Crossref rejects with 404. Let me verify that DataCite works for one of the arXiv DOIs and that the old-style arXiv IDs resolve correctly when properly encoded.
dsh: reasoning:
So the DataCite endpoint works for those DOIs and returns 200, but the arXiv query with the encoded slash only gave me the feed title, not the paper title I need. The unencoded version returns a single entry, so the issue isn't URL encoding — it's that my regex parsing is failing on the old-style arXiv IDs. I'm looking at the feed structure to understand why the title isn't being extracted properly.

The unencoded slash actually works fine in this request context, so the real problem is that my `grab()` function is matching the feed's `<title>` element first instead of the entry's title. I need to refine the regex to be more specific and avoid that false match.

For the 5 rows where arXiv titles are missing, my parse must have failed in some way, causing them to be recorded without titles. The cache now holds the arXiv responses for those IDs, so I should inspect what's actually stored and rerun with better parsing logic. I'll improve the regex to avoid the feed-title issue and check whether the cached entries were populated correctly on the first pass.
dsh: reasoning:
I found the issue: the arXiv API is returning normalized IDs without the category prefix (just `0307013` instead of `gr-qc/0307013`), so my lookup using `canon_arxiv_id()` fails because it's looking for the full ID key while the feed contains the bare number. I need to handle this mismatch where the API strips the prefix.

The fix is to normalize both sides consistently. I'll create a `norm_arxiv_key()` function that strips any prefix before the slash and removes the version suffix, then use it as the canonical key everywhere. For the cache, since the pre-registration mentioned canonical IDs with "v" stripped but didn't address the category prefix, I can iterate on the implementation as long as I document the changes transparently and don't alter the frozen thresholds or core method.

I also need to handle DataCite as a fallback for DOIs that return 404 from Crossref—many arXiv DOIs are registered with DataCite instead. I'll add a `fetch_datacite()` function with its own cache namespace and record the resolver source (crossref or datacite) per DOI in the report. The key thing is to keep the 404 detection as a measured outcome rather than silently falling back, so I'm still capturing where registration actually lives.

For the record comparison, I'll use the title field from whichever resolver succeeded. When checking identity matches, I'll compute both the DOI-vs-arXiv consistency and DOI-vs-declared scores. The existing `compatible()` check handles this fine since arXiv titles don't have trailing periods. I should also add a `_source` field to each DOI record to track which resolver provided it.

Before editing the script, I need to be careful about the cache — the old `arxiv_...json` chunks are keyed by normalized IDs, so I'll re-key them properly with `norm_arxiv_key()`. I'll remove the old chunk files to avoid duplicates, but keep the DOI 404 caches since they'll be re-fetched via DataCite. Now let me make the actual edits.
dsh: reasoning:
I need to fix the parsing function to properly match the entry ID and use the right key, and I should add a DataCite lookup to the implementation.
dsh: reasoning:
I need to add DataCite support with a fallback mechanism for DOIs that Crossref doesn't have. I'll create a new `fetch_datacite` function and update the DOI resolution logic to try Crossref first, then DataCite if a 404 occurs. For the report, I'll add a `doi_source` field to track which resolver found the DOI.
dsh: reasoning:
I need to update the main function to resolve DOIs with the fetch function and properly retrieve arXiv records using the normalized key, plus ensure the report captures the DOI source information. I also need to handle removing the old arXiv cache chunks that were saved with outdated naming conventions.
dsh: reasoning:
I need to update the row-level output to include the DOI resolution source and its status code, then adjust the report's identifier universe section and add resolver accounting.
dsh: reasoning:
I need to clear out the stale arXiv cache chunks that are using the old key naming scheme so they don't interfere with the new implementation. The new code generates keys like `arxiv_0711.4620_50` and `arxiv_2606.28253_8`, while the old chunks were `arxiv_0711.4620_50` and `arxiv_2606.28253_8` — I need to remove the old ones to avoid conflicts.

Also, I'm noticing the FETCH_FAILED logic needs adjustment: currently it marks a row as failed if both DOI and arXiv aren't OK, but now with the improved DOI resolution via DataCite for arXiv-registered DOIs, most rows should resolve. The 5 old-style arXiv IDs that were failing before are now fixed because the parser extracts titles correctly with the cached HTTP response. Let me rerun in fetch mode to verify everything resolves properly, then test the offline replay determinism.
dsh: reasoning:
All 95 identifiers resolved successfully with no mismatches, but 19 records are flagged for author or year contradictions. I need to investigate these flags carefully—some might be legitimate cases where a thesis or preprint differs slightly from the published version, while others could be actual errors. Let me examine the details of each flag to determine which ones are genuine issues.
dsh: reasoning:
Most of the year mismatches I'm seeing are just the expected difference between preprint and publication dates—like arXiv 2019 versus journal publication in 2023—which isn't really a problem. But SRC-011 and SRC-069 are different; they show zero author overlap, which suggests the resolved record might not match what was declared at all, so I need to investigate those two carefully to see if there's a genuine identification issue.

I'm also noticing something odd about SRC-011: the declared year is 1969 but the DOI resolves to a 2002 record. This looks like it could be a case where the citation is pointing to a reprint or a different version of the work. I should pull the actual records and compare them directly to understand what's happening.
dsh: reasoning:
Looking at two cases here. The first one, SRC-011, has a mismatch because the DOI points to a 2002 reprint with "Golden Oldie" in the title, while the original publication is from 1969. The author "R. Penrose" versus "Roger Penrose" and the title variation are causing my similarity metric to fail, but it's actually the same work—just a different edition.

The second case, SRC-069, is more troubling. The DOI resolves to the exact same title, authors, and year as declared, but my overlap calculation returns zero. I'm tracing through the author comparison logic: I'm canonicalizing both sides to lowercase and comparing token sets, so "P T Chrusciel" should match "Piotr T. Chrusciel" since the last names align and the first initials match. The expected overlap should be 1.0, so something's wrong with how I'm computing the intersection. I found the bug: in the main loop I'm calling `author_overlap` with a string instead of a list, so it's iterating over individual characters rather than author names. I need to split the declared authors into a proper list before passing it to the function, then re-run the analysis. I should also double-check the title comparison logic.
dsh: reasoning:
I need to run the offline mode to regenerate the report from the cache, which will verify determinism while applying the fix. The cache currently has all the data from the previous run, so this should work. I'm thinking through whether the report's mode field will differ between offline and online runs.

The issue is that if I run offline, the report will say `mode: offline_replay`, but I want the final report to reflect a fresh fetch. I could either re-run online (wasteful but correct) or remove the mode field from the report entirely since it's a non-deterministic difference that doesn't add value. Actually, keeping it is useful for transparency — I can run offline twice to verify determinism, then run online to produce the final artifact with mode set to `fetch_then_report`. Let me just run offline now.
dsh: reasoning:
The offline replay is deterministic, but there's still a discrepancy between the count of author_or_year_flags showing 19 and the expected reduction of 2 from the SRC-069 fix. Even though I corrected the abbreviation and semicolon handling, the flag count hasn't budged. Let me dig into the actual flag details to see if the author-related flags were properly recalculated or if there's still a mismatch with how the author overlap is being computed.
dsh: reasoning:
The issue is that my `author_overlap` function computes a canonical form of the entire name string and treats the whole thing as a single token set, so "Piotr T. Chrusciel" normalizes to the tokens {chrusciel, piotr, t} while "P T Chrusciel" becomes {chrusciel, p, t} — these sets differ, causing the comparison to fail when I compare tokens within each author name rather than across authors.

The better approach is to compare surname tokens across the two author lists instead of requiring exact string matches, since the surname should be stable even when initials or given names differ. I'll compute the overlap by comparing sets of normalized author names where each name's tokens are sorted internally, then look for any shared token across authors to detect matches.
dsh: reasoning:
All author flags have cleared and the 18 remaining discrepancies are just preprint-to-journal year offsets, which are expected. Now I'm checking SRC-011 where the DOI title says "Golden Oldie" but it's actually the 2002 reprint of the original 1969 Penrose paper — the title match worked because the core title is preserved, and the year difference is legitimate.

I need to verify SRC-093 and SRC-011 as concrete examples of these offset patterns, then cross-check that no rows are actually missing from the ledger. For the 59 dual-identifier rows, I'm confirming the DOI and arXiv are linking to the same work rather than just having similar titles. The 2 NO_IDENTIFIER rows (SRC-020 and SRC-044) point to INSPIRE records instead, and I should verify those resolve correctly — that's a genuine gap in the audit since they carry neither a DOI nor an arXiv ID.
dsh: reasoning:
Both INSPIRE-only rows check out fine—they're just working with a different record channel. Now I need to run the final report with a fetch to set the mode correctly, but that would hit the network again. Let me think about whether that's necessary or if I can work around it.

Actually, I could make the mode a `--label` parameter instead—reporting what the caller declares rather than an internal detail. I'll run the final pass with `--offline` since that's what the falsifier tests anyway, and make sure the mode field accurately reflects that.

Wait, actually I should just run it in fetch mode one final time. The cache will make it fast—86 DOIs checked locally, 2 arXiv chunks, all cached—and it'll write mode as `fetch_then_report`. Since the cache has deterministic content, the output will be identical to offline mode. That gives me the strongest, most honest artifact. Let me do that.
dsh: reasoning:
The mode field is causing the hash to differ between the live run and the offline replay because I regenerated the data in fetch mode, which produced a different result than the cached version—specifically, `mode: fetch_then_report` versus `mode: offline_replay`. My falsifier expects consistency when running the script offline against the shipped cache, so this discrepancy means the claim would be falsified.

The fix is to have the final report always report `mode: offline_replay` to reflect the reproducible path, while adding a separate non-hashed provenance file (like `fetch_provenance.json`) that documents what was actually fetched. This way the report stays deterministic regardless of how it was generated.

I'll also create a `cache_manifest.json` that lists every cached file with its SHA256 hash, request details, and HTTP status for auditability. Now I need to write the README and review files, then emit the events.
dsh: reasoning:
The hash is stable across runs, which confirms determinism. Now I'm building a cache manifest that tracks each cache file with its SHA256 hash, along with the request URL, HTTP status, and whether it resolved through Crossref or DataCite. After that I'll write the README and review JSON, emit the outbox events, and create a checkpoint.

I'm going to extend the script itself to write the cache manifest so it stays reproducible, rather than doing it separately. This keeps everything tied to the same codebase and ensures the falsifier can rebuild both artifacts deterministically. I'll add it as a separate artifact to avoid affecting the report hash.

Now I need to check the total cache file count and make sure the manifest stays reasonable in size.
dsh: reasoning:
I'm realizing the cache manifest is causing a cycle since it stores the report's hash, which would mean the report changes when the manifest is regenerated. The offline determinism check looks for report.json to regenerate the same hash, which should work fine. But I need to verify that the manifest itself remains deterministic across runs.

The manifest reads cache files in sorted order and includes their SHA256 hashes, so it should be stable. Let me run this again to confirm both the manifest and report stay consistent.
dsh: reasoning:
I'm extracting the key findings from the report to build a machine-readable review JSON: all 97 rows resolved successfully with only minor offsets, 95 out of 97 rows received identifier resolution while 2 used INSPIRE-only fallback, there are no identity mismatches or title conflicts across the dataset, and I'm noting the 77 rows that achieved clean identity matches.

Now I'm documenting the 10 duplicate identifier groups that flag the same work cited multiple times, plus the year offset issue affecting 18 rows as a systemic pattern between preprint and journal versions rather than an error. The registration authority split shows 66 DOIs with Crossref and 26 with DataCite, with the 10.48550 prefix accounting for 25 of the DataCite registrations. I'm also including the two INSPIRE-only records that resolved correctly through live fetch, the SRC-011 Penrose reprint case where title compatibility was flagged despite the journal year mismatch, and the no-HF-03 finding. I'll write both the README and the review JSON, then emit all events, ensure IDs are stable, and checkpoint the results.
dsh: reasoning:
I need to double-check those specific numbers—the 52 cross-linked cases and the 0 author flags—against the actual report data to make sure I'm not overstating anything. Let me verify these counts directly.
dsh: reasoning:
I need to correct the cross-link count from 52 to 46 and verify a few other numbers. I'm also double-checking the coverage claim — the reports show 11 of 97 rows covered across workers 076 and 099, though I should verify whether the earlier spot-checks went beyond the 7 rows I counted.
dsh: reasoning:
I'm reviewing my README to clarify the coverage scope—I need to focus specifically on the frozen hash and identify which prior coverage claims still apply given the ambiguity in the previous spot-checks.
dsh: reasoning:
I need to verify the binding status of the earlier spot-checks, then revise the README to be more precise about what's actually bound. Looking at the frozen-hash coverage, worker-076 contributed 6 rows, worker-099 added 7 rows with one overlap, giving me 12 distinct covered rows out of 97 total. I should update the README to reflect this accurately as the pre-existing coverage at freeze time.
dsh: reasoning:
I need to verify the duplicate pairs I mentioned earlier, particularly checking if SRC-057/SRC-086 is actually a duplicate and confirming the SRC-024/SRC-087 pairing against the data. I also want to double-check whether all pairs share identical titles before finalizing the finding.
dsh: reasoning:
I need to correct my finding about the duplicate titles—they're not identical in the raw column. The differences are mostly formatting variations like capitalization or suffixes, but I should be precise and report the exact nature of these differences rather than claiming they're the same. Let me check the full titles to see what's actually different.
dsh: reasoning:
I'm noticing that the pairs aren't actually identical—they differ by provenance suffixes like "(arXiv ...)", "(Crossref record)", or "(OpenAlex abstract reconstruction)". The SRC-057/SRC-086 pair is particularly interesting because it's not even compatible at the frozen thresholds, with a Jaccard similarity of 0.583, even though they share the same arXiv identifier. This means the two ledger rows describing the same paper have titles that don't match according to my criteria.
dsh: reasoning:
I see that SRC-057 and SRC-086 are actually the same paper with different arXiv versions, so the title mismatch is expected—my compatibility threshold just didn't catch the subtitle variation. The arXiv metadata for SRC-057 has the full title, while SRC-086's title comes from Crossref without the subtitle. Both point to the same DOI and are compatible in practice, so this isn't a real issue.

Now I need to revise my audit findings to be more precise: I'll correct the duplicate groups finding to note that titles are compatible but differ only by provenance annotations, and add a new observation about SRC-057/SRC-086 being the same paper with a subtitle mismatch that falls below my frozen threshold. Since the report.json is already frozen, I'll document these as review findings rather than modifying the report data. Let me update the F4 falsifier and add an F7 finding, then verify the class coverage across the L1 rows before finalizing.
dsh: reasoning:
The README claim about duplicate pairs is now correctly framed as a dedup question rather than identical titles. I need to verify that the DOI 10.48550/arXiv.1702.05715 actually resolves through DataCite.

Now I'm checking the class coverage for the L1 rows—my work spans all four classes and the ledger's class_mapping is already in the report. Next I'll finalize the README, validate the review JSON, compute all hashes, and emit the events.
dsh: reasoning:
Now I'm emitting the outbox events to comms/outbox/worker-025.jsonl and following the protocol requirements—each event needs a unique ID, event type, timestamp, and actor, plus the specific fields required for each event type like artifacts needing a node ID and SHA256 hash, or reviews needing a target and verdict.

I'll create a script to generate all the events deterministically with proper timestamps, starting with artifact events for the preregistration, report, manifest, script, README, and the review file, followed by review, claim, status, and possibly a blocker if needed. The post-fix report shows no identity mismatches, which is a clean result worth noting. The two INSPIRE-only rows aren't a blocker. I'm checking whether the ledger's self-certification column needs verification—that's not my task. The real question is whether my audit finding matters for the G-LIT gate criteria: resolvable locators, honest verification status, at least three independent re-fetch checks, and proper marking of unresolved items. My results confirm 95/97 resolve and verification status is honest.

I'm deciding whether to emit a `direction_update` event about the DataCite insight, but those are owned by group leads, so I'll skip it and include the finding in the claim instead. Now I need to validate my event JSON against the protocol requirements—checking that each event type has the right required fields like event_id, event_type, created_at, and actor. Let me write a script to generate and validate these events. I should note that the current timestamp is around 01:25-01:26 based on file mtimes.
dsh: reasoning:
I need to validate the events against the schema validator without triggering a full checkpoint cycle. I'm looking for a lightweight validation function in the map validator or comms module that I can call directly on my specific events rather than running the entire ingest process.
dsh: reasoning:
The outbox is valid, so now I need to checkpoint. I shouldn't run the global checkpoint script since it would ingest all outboxes and write to the map state, which isn't my responsibility as a worker. Instead, I'll create a worker-scoped checkpoint file following the naming convention I've established.

I'll write the checkpoint JSON and append it to the checkpoints log using the established pattern, being careful not to duplicate entries if the script runs again. Now I'm preparing the checkpoint content.
dsh: reasoning:
Now I'm running through a final verification checklist: confirming the checkpoint line count is correct at 47, re-validating the outbox, checking that artifact hashes match what's declared, and ensuring I haven't accidentally modified any frozen files like the taxonomy or ledger. The review file's hash was computed after my edits, and the validator already confirmed the content is valid, so everything checks out.
dsh: reasoning:
The class_separation.py file was already modified by another user before I started working, so that's not my change—the handoff notes it's in disputed territory between workers. My own changes are isolated to a few specific paths under the artifacts and reviews directories. Let me verify my task is complete.
dsh: reasoning:
I'm noticing the modification time on class_separation.py is 01:08:14, which is after the CF-26 incident at 00:52 but still before my session started at 01:03:56. I need to figure out if my bash operations triggered any changes to this file, since mtimes only change on actual writes and my commands were read-only.

Looking at the timeline, the controller's lifecycle-07 ran at 01:10-01:16, and this file was modified at 01:08:14 — that's someone else's write in the swarm, not mine. My commands have been grep, python reads, and curl requests with no writes to research_map/. So I'm clear there.

Let me verify the integrity of my deliverables: the review file hash e40ccdc50b4e matches what I recorded, and I need to confirm the checkpoint line count and run a final deterministic replay to validate the reproducibility claim.

Actually, I already have three replays with identical hash values, so that's sufficient — I don't need to run a fourth verification since the hash check against the outbox events is already confirmed.

One correction needed: the final review verdict was "revise" with a score of 4.0, but the wording in the artifact summary could be clearer about this being a measurement review rather than a gate verdict. The scope was revised for a specific reason — the ledger has locator policy gaps and duplicate-id dedup issues that need owner action — so "revise" is the correct verdict, not a defect in the measurement itself.

Now I'm writing the final summary for the user.
