Literature lifecycle complete. Summary:

## Queue consumed (CF-19 / `astra-life04-l0-freeze-reconcile`)

**Adopted the live bytes as the owner's intended rev-3.** `ledger/theorems.jsonl` = `a1674f094979…` is the previous lifecycle's final rev-3, not an unauthorized write: the nine build inputs were axis-split (`rev3_axis_split.py`), then the ledger was regenerated from them by `build_literature.py` (documented in the L0-rev3 adjudication §9–11). The `3e3d3553…` hand-patch is superseded/archived, not lost. The gap was announcement, not content.

**Independent verification** (`artifacts/literature/tools/l0_freeze_reconcile_check.py`, `all_pass: true`):
- Rebuilding from `artifacts/literature/theorems/batch-*.jsonl` with the repo builder into `tmp/` is **byte-identical** to live `a1674f09…`, deterministic, and reproduces L1 `315c1914…`
- **0 content-key diffs** vs `ce42d205…` (self-certified) and vs `3e3d3553…` (hand-patch); 62 rows, same ids and order
- **Claim axis**: acceptance markers 50/60 → 0; `review_status` + `acceptance_authority` on all 62 rows; HF-14 firing rows **0** (pre-rev3 60), positive control fires
- L1 unchanged, 97 rows, 23 spot checks (≥3 met)

## Artifacts written
| path | note |
|---|---|
| `reviews/L0-freeze-reconciliation.json` | `df9eb051426b…` — ownership, hashes, diffs, verdict state, hold, blockers, falsifier |
| `artifacts/literature/reviews/L0-freeze-reconciliation-evidence.json` | `b7b984ae0595…` — machine evidence, all checks pass |
| `artifacts/literature/tools/l0_freeze_reconcile_check.py` | `35df0e13d145…` — read-only checker |
| `artifacts/literature/checkpoints/checkpoint-09.md` | `3629a80f7c5e…` lifecycle checkpoint |

## Events emitted and accepted
Six events `lit-l6-20260912-001…006` (owner artifact announcement with true wall-clock timestamp, record, evidence, checkpoint, status, blocker). The controller ingested them at 00:45:52 — **6 accepted, 0 rejected**; `validate_map.py` = VALID. No ledger/build-input write occurred (hash and mtime `00:39:11` unchanged).

## Blockers reported
- **BL-7 (critical path):** 0 accepts at `a1674f09…`; both independent verdicts are **revise** (worker-093 3.5; worker-097 1.75) on **HF-02** — 8 rows disjoining two frozen class ids (`D-004, D-005, T-303, T-305, T-402, T-515, T-526, T-528`), plus class_binding 0.4194. Needs a controller/A0 scope ruling or an authorized hash-moving repair (which voids both verdicts); REC-4 forbids a class-binding change in the rev-4 metadata patch.
- BL-8 (A0 detector scope on archives/snapshots), BL-5 (`conclusion_type` collision), BL-3/ESC-3 (paywalled bodies; REC-5 makes abstract-level sufficient), BL-4 (closed by REC-6 ruling).
- **Hold in force:** no further ledger or build-input writes until HF-02 is adjudicated.
