Task complete. Bounded execution summary for `worker=075`:

## Task taken
No assignment card existed for slot `worker-075`. Read `HANDOFF.md`, `research_map/ASTRA_HANDOFF.md`, `research_map.json`, `comms/PROTOCOL.md` and recent traffic, then took one class-bound task from the immediate **G-LIT** queue: `W075-SOURCEMETA-CENSUS-06` (node `L1`; classes `AF-WCC-VAC-GEN`, `AF-SCC-C2-VAC-GEN`, `AF-SCC-C0-VAC-GEN`, `AF-WCC-SCALAR-SPH`).

## Result (artifact-backed, worker-level only)
- **0 of 747** raw source+theorem rows, **0 of 228** unique source+theorem records, **0 of 388** class-coverage rows carry any of the five HF-03 axes (`matter_model`, `cosmological_constant`, `dimension`, `symmetry`, `formulation`) — **0 in every frozen class**. Only proxies exist: `scope_caveats` (285 rows), `scope_flags` (388), `class_scope` (1 file).
- The rev-3 handpatch on disk (`3e3d35531421`) renames vocabulary but adds **no** source_meta axis.
- **"201 citations" is not the cardinality of any measured universe**: 151 unique sources / 77 unique theorems / 228 union / 388 class rows. Natural readings are cross-file sums that double-count ids: `97+97+7=201` with **104** distinct ids; `97+62+12+15+15=201` with **189** distinct ids.
- Independent verifier: **PASS** at the recorded hashes (43 files, key pins `theorems.jsonl a1674f094979`, `citation_audit.csv 315c19145065`, `registry.jsonl ea02d1943fda`).

## Emitted JSON (validated, ingested, 0 rejected)
6 events in `comms/outbox/worker-075.jsonl`, now in `research_map/events.jsonl`:

| event_id | type | sha256 |
|---|---|---|
| `w075-20260912T0040-status-source-meta-census` | status | — |
| `w075-20260912T0040-artifact-source_meta_census_075-json` | artifact | `b816178b94f7…` |
| `w075-20260912T0040-artifact-census_source_meta_075-py` | artifact | `38835fac9d75…` |
| `w075-20260912T0040-artifact-verify_census_075-py` | artifact | `92b93ee569a5…` |
| `w075-20260912T0040-artifact-README-md` | artifact | `5f31f75f66c5…` |
| `w075-20260912T0040-claim-source-meta-census` | claim (`open_problem`) | artifact_refs to census JSON |

**Falsifier:** re-run `census_source_meta_075.py` + `verify_census_075.py --offline`; falsified by input-hash drift, any recomputed universe/axis-count mismatch, any control flip, or an axis-key-carrying row classified as not carrying it.

## Checkpoint
`runtime/state/w075_checkpoint_3.json` (appended to `w075_checkpoints.jsonl`); all 43 inputs re-hashed at checkpoint — **no drift**; all artifact hashes and accepted-stream IDs verified. Worker emitted evidence only; leads retain gate/`done` authority. Exiting.
