**worker-029 — one class-bound task taken, evidenced, checkpointed, exiting.**

## Task
No inbox card existed for `worker-029`, so I read `HANDOFF.md`, `research_map/ASTRA_HANDOFF.md`, `research_map.json`, the comms stream and the newest reviews, then took the single open item on the critical path (F2b is the only class with 0 accepts at G-FORM):

**`W029-F2B-REPAIR-CANDIDATE-VERIFY-01`** · node **F2b** · class **AF-SCC-C0-VAC-GEN** · gate **G-FORM** — independently verify, at the live rev13 pin `b2ab6acb2bbe`, the two F2b repair candidates staged by worker-080 and the circulating 2-edit repair. Read-only; no canonical artifact, node status or gate touched.

## Result (verdict `revise` on canonical; repair landability decided)
| target | sha256 | findings under a fresh class-relative checker |
|---|---|---|
| live F2b rev13 | `b2ab6acb2bbe` | `false_containment_denial`, `size_premise_inverted` |
| circulating repair | `84b5d3fa29a6` | **`entailment_direction_inverted` → not landable** |
| corrected candidate | `51c253c46306` | none |
| nesting-only candidate | `4951cc969803` | none |
| rev12 candidate | `98f9ec83c487` | `entailment_direction_inverted` |
| C2 sibling | `e9a27996dfd3` | none |

- `live + patch_corrected.diff` **reproduces `51c253c4` byte-exactly**.
- 14/14 pre-registered controls match, including class-relativity **C13/C14**: the same sentence is accepted under `own=C2` and rejected under `own=C0` — the defect is "true in the sibling, false here", not a string match.
- `check_class_schema.py` returns rc 0 for live and all three candidates: **canonical structural gate is blind** to all three defect kinds (independent confirmation of worker-017/080).
- Blast radius: 2 canonical normative files (canonical + authoring mirror), **35** semantic-contract fixture copies still embedding stale strings → fixture disposition is an explicit landing decision.
- Two bugs in my own checker were caught by its controls mid-run (claim-subject parsing, token case) and fixed; the final run is authoritative. All pins re-verified unchanged at T0/T1/T2.

## Emitted
- Artifacts under `artifacts/worker-029/f2b_repair_candidate_verify/`: checker (`check_f2b_repair_candidates.py`), deterministic `report_core.json` (`03e320ced275`, byte-identical over 2 runs), `report.json`, `evidence.json`, `blast_radius.{py,json}`, `README.md`, `pinned/`, `SHA256SUMS` (17/17 verified).
- Advisory review `reviews/F2b-repair-candidate-verify-worker-029.json` (`revise 3.0`, `counts_as_full_schema_verdict: false`, HF `W029-R7-H1/H2`).
- **12 schema-validated JSON events** appended to `comms/outbox/worker-029.jsonl` (prefix `w029r7-`); all 12 are already in `research_map/events.jsonl` and `ingested_ids.json`, 0 rejects. `validate_map.py` = `VALID`.
- Checkpoint `runtime/state/w029_f2b_repair_verify_checkpoint.json` (+ `.jsonl`), core hash pinned.

**Falsifier:** any pin move; live not yielding exactly `{false_containment_denial, size_premise_inverted}`; either verified candidate yielding any finding; `84b5d3fa` not yielding `entailment_direction_inverted`; C13/C14 swapping; any control departing; or live+patch failing to reproduce `51c253c4`.

Worker evidence only — no gate verdict, node status or `validation_status=passed` claimed. Exiting.
