**worker=010 — bounded execution complete.** One class-bound task taken, JSON emitted (0 rejects), checkpoint run, exiting.

## Task taken
**W010-L1-REAUDIT-02** — class `AF-SCC-C0-VAC-GEN` (node L1, gate G-LIT). My two inbox assignments were already discharged; the live gap this closes is the C0 cell of the conformance series: the only C0 audit was bound to F2b rev11 `1bb78ce9b357` / ledger `ce42d205e761`, and both inputs have since moved. Mirrors the WCC rev12 re-audit from my previous iteration.

## What the re-audit established
- **F2b rev11 `1bb78ce9b357` → rev12 `55d0a1ea9bda`**: extraction difference is `statement_formal` only (plus `revision`) — parameter renaming `(s,delta) → r`, same comeaster quantifier structure. The rev11 report's own revision falsifier fired; whether the rename is semantic is F1/A1's call, not recorded as mine.
- **Re-run at rev12 / ledger `a1674f094979`**: `n_bound=11`, `n_discharging=0`, conclusion state `open_problem`.
- **Ledger drift matters more than the schema drift**: accepted-status C0 bound entries fell 9 → 0 at the current hash (self-certified records downgraded), so D3 fails at status level for every binding. Mechanical flags: direction-mismatch candidates `T-301, T-303, T-526`; weakening/inflation candidates `D-004, D-005, T-305`.
- Rev11 artifact preserved byte-identical (`bff0d3e9922b`); all inputs stable during the run.

## Emitted JSON (schema-validated before write)
| event_id | path | sha256 |
|---|---|---|
| `flash-10-artifact-c0-reaudit-rev12-20260912T003844` | `artifacts/worker-010/c0_class_conformance/c0_class_conformance_audit.55d0a1ea9bda.json` | `c570595b8d24` |
| `flash-10-artifact-c0-reaudit-rev12-driver-20260912T003844` | `.../c0_reaudit_rev12.py` | `36e6054d8334` |
| `flash-10-status-c0-reaudit-rev12-20260912T003844` | — | — |

All three accepted into `research_map/events.jsonl`, none in `comms/rejected.jsonl`. Unmodified driver `c0_class_conformance_audit.py#e6eefe8d383d`; pins `schemas/af_scc_c0_vacuum.yaml#55d0a1ea9bda`, `ledger/theorems.jsonl#a1674f094979`.

## Falsifier
A later F2b revision changing `statement_formal`/`epistemic_status`/genericity/`extension_regularity`, a `class_definition` sha ≠ measured canonical sha, **n_discharging ≥ 1** (an accepted entry quantifying over generic residual/comeager one-ended AF vacuum data, concluding future C0-inextendibility, peer-reviewed, no open items), or a formulation-lead ruling that the `(s,delta)→r` renaming is substantive.

## Checkpoint
`ckpt-20260912-003856` (label `w010-c0-reaudit-rev12`), map `VALID`, gates all `pending`, `numerics_lock=locked`, 303 events pending application (my 3 included); worker record `checkpoint_c0_reaudit_rev12_20260912T003856.json#5a569ac80d30`.

**Caveats:** artifacts are `validation_status: unverified`, `claims_completion: false` — no node completion, no validation pass, no gate verdict claimed.
