# run 2026-09-12T00:50:20+08:00
$ python3 artifacts/worker-033/gform_r12_ledger/check_gform_r12_ledger.py
{
 "asof_full_accepts": {
  "F1": [
   "worker-061"
  ],
  "F2a": [
   "worker-089"
  ],
  "F2b": [
   "worker-098"
  ]
 },
 "asof_gate_accepts": {
  "F1": [
   "worker-061"
  ],
  "F2a": [],
  "F2b": [
   "worker-098"
  ]
 },
 "controls_pass": true,
 "failed_controls": [],
 "quote_checked_at": "2026-09-12T00:43:08+08:00",
 "quoted": {
  "F1": [
   "worker-088"
  ],
  "F2a": [],
  "F2b": [
   "worker-098"
  ]
 },
 "quoted_status": {
  "F1": {
   "worker-088": "quoted_accept_retired_at_quote_instant"
  },
  "F2a": {},
  "F2b": {
   "worker-098": "operative_gate_accept_at_quote_instant"
  }
 },
 "task_id": "W033-GFORM-R12-LEDGER-01",
 "tool_sha256": "4e8c7e16dc4ea9eccbf9b3a255756409797fd6a0c8ef5c7d35b4d75e818abbb9"
}
exit=0
