dsh: reasoning:
Let me start by understanding the environment. The user says: "You are a bounded execution worker. Read handoff/map and comms. Take one class-bound task, emit valid JSON with IDs evidence hash falsifier, checkpoint, then exit. worker=046"

I need to look at the workspace to find handoff/map and comms. Let me explore /data3/guoshaoyang.
dsh: reasoning:
No handoff directory in the workspace visible yet. Let me look for "handoff" and "comms" directories. The user's prompt mentions "handoff/map" and "comms" — maybe in a swarm directory. Let me search.
dsh: reasoning:
I'm worker 046 in the swarm. I need to read the handoff and map, consume assignments in comms, work only on a class-bound task, emit valid JSON events with IDs, evidence, hashes and falsifiers, complete bounded tasks with checkpoints and exit cleanly.

Let me read HANDOFF.md, research_map/ASTRA_HANDOFF.md, research_map/research_map.json, ARCHITECTURE.md, and comms.
dsh: reasoning:
There's a huge amount going on. I'm worker=046. There are existing checkpoints named w046_* and worker-046_F2a_checkpoint.json. Let me read the handoff and map, comms inbox/outbox, and existing worker 046 checkpoints. Let me be systematic and concise.

Let me first read HANDOFF.md and research_map files, and check my inbox for assignments.
dsh: reasoning:
Let me read HANDOFF.md, ASTRA_HANDOFF.md, ARCHITECTURE.md, comms/PROTOCOL.md, and check comms/inbox for assignments to worker-046. Also read the existing worker-046_F2a_checkpoint.json and w046 checkpoints to understand what previous worker 046 did.
dsh: reasoning:
Let me read my outbox (worker-046.jsonl) using tail, and the worker-046_F2a_checkpoint.json, and the ASTRA_HANDOFF.md. The outbox is 35KB, sorted by mtime 01:14 - it's a big file actually. Let me look at the last few events to see what worker 046 was doing.

Also, note there's "w046_certbasis_checkpoint" and "w046_fixeddt_checkpoint" - those might be from a different numbering (w046 = worker 46).

Let me read the ASTRA_HANDOFF.md for instructions, and check the last events of worker-046.jsonl.
dsh: reasoning:
I'm worker 046. The outbox shows prior work by worker 046 as F2a blind reviewer. Now, I'm a fresh bounded execution worker asked to: read handoff/map and comms, take one class-bound task, emit valid JSON with IDs evidence hash falsifier, checkpoint, then exit.

Let me check my inbox: comms/inbox/worker-046.jsonl — I should read it. Also check the assignment state in research_map.json for worker-046 and tasks assigned to worker-046.

Let me read my inbox and the checkpoint file worker-046_F2a_checkpoint.json.
dsh: reasoning:
The inbox has 2 assignments:
1. `audit-r2-F2a-blind-worker-046` (probably) - blind review of F2a at pin ... 
2. `audit-r2-F2a-bindchain-worker-046` - addendum: bind-chain hash verification.

Both were already handled by a previous worker-046 run (the outbox shows two events at 01:14:55 and an earlier blocker at ~01:12 maybe). The worker-046_F2a_checkpoint.json exists in runtime/state? Wait, the ls earlier showed "worker-046_F2a_checkpoint.json" in the runtime/state listing. Let me check runtime/state directly. Actually the earlier listing was of runtime/state presumably; it showed `-rw------- 1 guoshaoyang guoshaoyang 3474 Sep 12 01:14 worker-046_F2a_checkpoint.json`. So it exists at runtime/state/worker-046_F2a_checkpoint.json.

So the previous worker-046 already completed those tasks in the previous turn (this session may be a re-invocation/continuation). The instructions say: "Take one class-bound task, emit valid JSON with IDs evidence hash falsifier, checkpoint, then exit."

I need to determine whether those tasks are complete or whether I must do new work. The outbox shows the two latest events as `blocker` for moving target and `review` at 01:14:55. But has the current worker-046 recorded a checkpoint for that review? Let me check runtime/state/worker-046_F2a_checkpoint.json.

Also, importantly, is there a newer assignment in the inbox? Only 2 lines. Both seem addressed by the outbox. But wait — the first assignment's verdict event from 01:14:55 exists; the addendum assignment... the blocker event at 01:12-ish mentions "F-046-F2a-03: addendum filename collision with worker-091's existing reviews/F2a-review-rev27-b.json" and "F-046-F2a-04: blindness disclosure". So the addendum was folded into reviews/F2a-review-rev27-a.json.

Hmm, but the acceptance for assignment 1 says: write ONLY the JSON verdict file named reviews/F2a-review-rev27-a.json, emit ONE review event, write one checkpoint, exit. Assignment 2 (addendum) says write reviews/F2a-review-rev27-b.json, but there was a filename collision, so it folded into -a.

So it appears the previous incarnation of worker-046 did the work. Now this session is asked again, likely as a fresh bounded worker, to take one class-bound task. Perhaps there is a new assignment pending. Let me check the inbox mtime: 01:09. Nothing new after 01:14:55 (my review event). The current time? Let me check. Also check the recent state of gates/assignments in research_map.json, and if there's an assignment for worker-046 that is still open (e.g., the blind review re-pin to live bytes suggested in needed_to_unblock).

Given the instructions: "Take one class-bound task, emit valid JSON with IDs evidence hash falsifier, checkpoint, then exit." Perhaps I should verify the completion state of my prior work and either:
- finish the checkpoint if missing, or
- pick up a new class-bound task from the immediate queue if no assignment exists (per launch_swarm: "if no assignment exists, inspect the immediate queue and propose one artifact-backed task without claiming completion").

Let me check:
1. runtime/state/worker-046_F2a_checkpoint.json contents.
2. reviews/F2a-review-rev27-a.json exists and its sha.
3. Whether the review event was accepted/ingested (check research_map.json for reviews and assignments).
4. Current time.

Let me look.
dsh: reasoning:
So the prior worker-046 run completed at 01:14:55, with a checkpoint at 01:14. It emitted both a blocker event (moving-target) and a review event. But wait — the review event's `verified` review was on pinned revision 12 bytes (5476a3f2) while live is rev13 e9a27996 — a hash mismatch. So the verdict was `revise` with `counts_as_gate_verdict: false`.

Now the current invocation is a NEW bounded execution worker (worker=046) at ~01:15:48. The instruction: "Read handoff/map and comms. Take one class-bound task, emit valid JSON with IDs evidence hash falsifier, checkpoint, then exit."

Given the previous worker-046 handled the two inbox assignments, and the runtime prompt says "Take one class-bound task". There might be a new assignment freshly created for worker-046 after the review was emitted — the review needed re-pin to live bytes. The `needed_to_unblock` said: "Re-pin the F2a blind review to live bytes schemas/af_scc_c2_vacuum.yaml#e9a27996... and reassign the full class-check acceptance".

Let me check if a new assignment was issued since 01:14:55. Check research_map.json's assignments for worker-046, or the comms/inbox/worker-046.jsonl mtime (01:09). Inbox mtime 01:09 means no new assignment since. Hmm. But maybe the assignment comes through a different path / the controller's apply_events.

Let me check for recent events mentioning worker-046 in comms/outbox (leads) and the assignments in research_map.json. Also check astra-lead-audit.jsonl tail (the last assignment perhaps).

Let me query the map for assignments with assignee worker-046, and check their status. The research_map.json is 6.5MB. Use python.
dsh: reasoning:
The map assignments for worker-046 are the two earlier ones. The current assignment situation: both were worked, but the F2a blind review was rendered at a stale pinned hash (rev12) while live bytes are rev13. The controller/lead may want a re-pin. There is no new inbox entry.

Now, what should this current worker=046 do? The prompt is generic: "Read handoff/map and comms. Take one class-bound task, emit valid JSON with IDs evidence hash falsifier, checkpoint, then exit. worker=046"

This resembles the persistent worker prompt from supervise_swarm.sh: "You are persistent breadth worker... Read handoff and map, consume assignments in comms, work only on a class-bound task, emit valid JSON events with IDs, evidence, hashes and falsifiers, never claim theorem completion from prose. Complete bounded tasks with checkpoints and exit cleanly for recycling."

Given the two inbox assignments are already discharged by the previous run, and the review's own `needed_to_unblock` states a re-pin is needed, the highest-value bounded class-bound task is: re-verify the F2a class check against the LIVE bytes (rev13 e9a27996) and emit a verdict event. But wait — the blind review constraint says you may NOT read any other reviewer's verdict for this target before writing yours. The previous worker-046 already wrote its verdict; any new reviewer for the same target at new bytes ideally should be a different agent to preserve independence. But I *am* worker-046, same identity. Hmm.

Actually, the assignment deadline for F2a review is 02:15 and it's 01:15. The controller may expect worker-046's next bounded task. Since no new assignment exists, per launch prompt: "if no assignment exists, inspect the immediate queue and propose one artifact-backed task without claiming completion."

But the instruction from the user says "Take one class-bound task" — meaning I should do actual work on a class-bound task, emit JSON, checkpoint, exit.

The most defensible, valuable, bounded task: complete the class-check of F2a at LIVE bytes (rev13 e9a27996), which was explicitly the `needed_to_unblock` item, producing an independent re-pin review. But careful: "Re-pin the F2a blind review to live bytes ... and reassign the full class-check acceptance". That's a lead/controller action (reassignment). As a worker with no new assignment, I shouldn't self-assign a new blind verdict on the same target perhaps, since that would violate the blind review protocol (I already read v1/other reviewer verdicts? Actually I am worker-046; my own prior verdict is mine, not another reviewer's. But the protocol says a re-pin to live bytes is needed and reassignment).

Alternative: pick one of the other open tasks in the immediate queue. But the instructions say "work only on a class-bound task assigned by a group lead; if no assignment exists, inspect the immediate queue and propose one artifact-backed task without claiming completion."

Hmm, but the user prompt is terse and asks to "Take one class-bound task, emit valid JSON with IDs evidence hash falsifier, checkpoint, then exit." This looks like the standard worker cycle: the worker should look at its inbox; since assignments were already discharged, maybe the correct behavior is to emit a status event confirming completion of the two assignments with hash/evidence and a checkpoint, then exit. But that could duplicate events.

Wait. Let me re-read: this is likely a *new session forked* from the swarm's worker-046 slot after the previous tmux session ended (the swarm recycles workers). But the previous worker-046 run just finished at 01:14:55 (a minute ago). Maybe the supervisor restarted it, and the fresh worker needs to continue. The prior run left the checkpoint; the fresh one may need to do the next bounded task.

Let me check whether the previous worker-046 event was *accepted* into the map (ingest/apply). Check research_map.json reviews list for F2a-review-rev27-a and applied_event_ids for w046 events, and rejected.jsonl for rejections. This tells me if the prior event needs repair (e.g., schema violation). Let me check.
dsh: reasoning:
Interesting: my review event `w046-f2a-rev27-classcontent-review-20260912T0118` is not applied — likely rejected due to schema or because it was emitted just seconds before the applied snapshot. Let me check the rejected.jsonl for it. The rejected tail shows events at 01:15:16 and 01:15:26 (lead-form and w092) — schema issues maybe.

Also note the map is at updated_at 01:12 and events continue.

What's the state: the worker-046 review event hasn't been applied yet (maybe pending next cycle, or rejected). Let me grep rejected.jsonl for w046.

Also: the critical point. The user wants me (a fresh bounded worker=046) to take one class-bound task, emit valid JSON with IDs/evidence/hash/falsifier, checkpoint, exit. Given the previous worker-046 just finished with events emitted but not applied, and the F2a review at stale bytes, the most sensible "one class-bound task" is the re-pin review at LIVE bytes rev13 (e9a27996), i.e., re-do the F2a blind class-content check against the current live artifact, satisfying the `needed_to_unblock` item. But then independence: I'm the same worker who did rev27-a. Since the lead explicitly said "Re-pin the F2a blind review to live bytes ... and reassign the full class-check acceptance", the reassignment hasn't happened.

Alternatively, I could pick one of the many under-covered class-bound nodes. But "Take one class-bound task" — the least presumptuous and most useful action given no fresh assignment: perform the re-pin class check at live bytes and emit it as a *new* review for the live hash, but mark it clearly as a re-pin of my own prior review (self-disclosed non-independence), with verdict based on live bytes. Actually, wait — would emitting another review on the same target cause duplication issues? CF-12 says "one canonical path, one owner — do not duplicate". There are already many F2a reviews at rev12/rev13.

Hmm. Let me think about what the swarm's current highest-value open task is that fits my identity and can be done in a bounded way. Let me look at the live controller handoff again:

- G-FORM pending: F1 4 accepts, F2a 2, F2b 2 — withheld pending `astra-life05-verify-gform-r3` non-author independence + FROZEN/per-file pin binding.
- F2a coverage: 2 accepts. My revise at stale bytes is a revise, not an accept.

Given the worker-046 prior work: the review at rev12 bytes is superseded since rev13 is live. The needed_to_unblock says re-pin and reassign the full class-check acceptance. As worker-046, my bounded task could be exactly that: re-run the F2a class check at LIVE bytes rev13, i.e., re-pin. The verdict will either be accept/revise on live bytes. Then emit the review event + checkpoint.

But the blind review protocol says I may not read other reviewers' verdicts for this target. I already read (in this session) a bunch of other reviewers' verdicts in the map output above (w048, w061, w092, w091 etc. — though only target_id and scores). That contaminates blindness for a *blind* review. However, the re-pin task is explicitly a different acceptance ("reassign the full class-check acceptance") — not necessarily blind. Hmm, but I should disclose.

Actually, let me reconsider. The cleanest, most defensible interpretation of my task as a "bounded execution worker" in this swarm: read the handoff/map/comms, pick ONE class-bound task that is *assigned to me* (worker-046), complete it, emit JSON with IDs/evidence/hash/falsifier, checkpoint, exit.

My two assignments:
1. `audit-r2-F2a-a`: blind review of reviews/F2a-review-rev27-a.json — DONE by prior incarnation, but the verdict was rendered at pinned rev12 while live moved to rev13. The assignment said "sha256 the file yourself immediately before and after reading; if either differs from the pin below, STOP and emit a blocker (moving target) instead of a verdict." The prior incarnation did exactly that first (v1 blocker, preserved at cab2fbe2), then also rendered a class-content verdict at the pinned bytes (folding addendum). So technically assignment 1 was discharged with a blocker (moving target) — the correct protocol response.

2. `audit-r2-F2a-bindchain-worker-046`: addendum to verify f0_binding hash chain — DONE, folded into -a due to filename collision.

So both assignments are complete-ish. The remaining gap explicitly recorded by the prior incarnation: re-pin to live bytes and reassign full class-check. That's a lead action; no new assignment exists.

The user's instruction says "Take one class-bound task". If no assignment exists, the swarm prompt says: "inspect the immediate queue and propose one artifact-backed task without claiming completion". So maybe the correct output is a *proposal* event for a re-pinned F2a live-bytes class check, plus a checkpoint, then exit. But the user says "Take one class-bound task, emit valid JSON with IDs evidence hash falsifier" — which suggests doing work on a class-bound task rather than just proposing.

Hmm, let me check the current live state of the F2a artifact (schemas/af_scc_c2_vacuum.yaml, rev13 e9a27996) and the FROZEN rev29. Also check what the live acceptance situation is. Perhaps the highest value bounded task for worker-046 is:
- Re-run the class-content check against LIVE bytes (rev13) and emit a review event with the measured live hash, clearly labeled as `repin` / non-blind re-check of my own earlier finding, with falsifier.
- Verify whether the two hard failures from my rev27 review still hold at rev13: HF-01 (consistency_evidence_sha256 mismatch 675a99d0 vs 9e335e9b) and HF-02 (gate R22 skew). If repaired at rev13, that changes the picture. That's concrete, class-bound (AF-SCC-C2-VAC-GEN), bounded, and valuable: it resolves whether the blocking item is real at live bytes.

Let me examine the live artifact and check the specific issues. First read schemas/af_scc_c2_vacuum.yaml, FROZEN.json, and measure hashes. Also look at my prior review file to know the exact findings (31KB, presumably my own prior work — reading it is fine, it's mine... well, it's worker-046's, same identity).

Actually, careful about the blind constraint: assignment says don't read other reviewers' verdicts before writing yours. The prior incarnation already wrote mine. For a re-pin check I only need my own prior review plus the live artifact. Avoid reading other reviewers' verdict files (reviews/F2a-review-rev27-b.json is worker-091's; -c is someone else's; other reviews of F2a). I've already unavoidably seen event summaries in the map (scores/verdicts). I'll disclose that.

Plan:
1. Measure live hashes: schemas/af_scc_c2_vacuum.yaml, af_scc_c0_vacuum.yaml, af_scc_regularities.yaml, schemas/af_wcc_vacuum.yaml, artifacts/formulation/FROZEN.json, artifacts/formulation/evidence/taxonomy_consistency.json.
2. Read live af_scc_c2_vacuum.yaml; check the class-content items I flagged: C2 vs C0 collapse, D0 binder instantiation, tier_1 falsifier binding to regularity index r, i+ exponent k>=3, Baire disjointness, E(.) notation.
3. Resolve f0_binding declared hashes at live bytes (the bind-chain addendum at live bytes). That directly addresses HF-01.
4. Run the gate if cheap (research_map gate tooling?) to check R22 under current manifest.
5. Write ONE JSON review file (new path, e.g., reviews/F2a-review-rev29-repin-046.json) — hmm, but assignment says write reviews/F2a-review-rev27-a.json for assignment 1. For a *new* bounded task not assigned, I should not overwrite the existing file. I'll write to a new path: reviews/F2a-live-repin-worker-046.json. Then emit one review event to comms/outbox/worker-046.jsonl, and write checkpoint runtime/state/worker-046_F2a_repin_checkpoint.json. Then exit.

Wait, but the protocol says an assignment should precede class-bound review work; "work only on a class-bound task assigned by a group lead; if no assignment exists, inspect the immediate queue and propose one artifact-backed task without claiming completion."

Hmm. Risk: doing an unassigned review could be seen as duplication (CF-12). But the re-pin is explicitly named in my own `needed_to_unblock`. However, that was addressed to the lead ("Re-pin the F2a blind review to live bytes ... and reassign"), i.e., the lead must re-pin. Without a re-pin assignment, a verdict at live bytes might be judged as out-of-contract.

Let me look for more recent assignment traffic: check comms/inbox for a file `worker-046.jsonl` (only 2 lines, mtime 01:09), and check whether the lead has issued a re-pin assignment to another worker. Check `research_map.json` assignments list for the latest ones (sorted by deadline), maybe there's a fresh assignment created at 01:14+ to whoever. Let me list all assignments with event_id/assignee/artifact/deadline, or at least the last 15. The map updated_at is 01:12, so it may not include the latest.

Alternatively check comms/outbox/astra-lead-audit.jsonl tail — it's at 01:12:59. Assignment traffic is emitted by leads. Let me search all outbox files for "assignee" events with created_at > 01:10.

Let me do that.
dsh: reasoning:
No new assignment to worker-046 after the two. The comms/inbox/worker-046.jsonl has 2 lines (assignment events applied). No re-pin assignment.

Given the bootstrap instruction and the swarm protocol, the right move as a bounded worker with no fresh assignment: inspect immediate queue → take one bounded, class-bound, artifact-backed task that does not duplicate existing work and does not need assignment... The launch prompt explicitly allows: "if no assignment exists, inspect the immediate queue and propose one artifact-backed task without claiming completion."

Hmm, but the user told me "Take one class-bound task, emit valid JSON with IDs evidence hash falsifier, checkpoint, then exit." The most literal reading: complete the work cycle. I'll do the re-pin check at LIVE bytes, because:
- It's class-bound: AF-SCC-C2-VAC-GEN / node F2a / gate G-FORM.
- It resolves the exact `needed_to_unblock` from my own prior checkpoint: verdict at live bytes.
- It produces evidence with hashes and a falsifier.
- I will NOT claim a gate verdict (worker events can't), and will explicitly mark it as a non-blind re-pin continuation (disclosing contamination) — actually, I should be careful: the review of live bytes is a *class-content re-check*, and my prior verdict at rev12 already found HF-01/HF-02. At rev13, HF-01's mismatch may be repaired (residual at rev28→rev13). Let me actually check the live bytes and see whether it now passes; the re-check can be mechanical (verify the declared hash resolves at live bytes) plus class-content.

Wait — maybe more valuable and unambiguous: assignment 2 (bind-chain addendum) at LIVE bytes was already folded, BUT the live-bytes bind chain status is exactly what the controller needs for G-FORM's blocking item ("FROZEN/per-file pin binding"). Let me measure: FROZEN rev29 pins e9a27996 (live). The prior review found HF-01: f0_binding.consistency_evidence_sha256=675a99d0 != live taxonomy_consistency.json=9e335e9b at rev27; resolved at rev27, regenerated at rev28, repaired at rev13. At rev13 live, is the declared hash now 9e335e9b? Probably yes (rev13 was the repair). If so, HF-01 is discharged at live bytes. HF-02 (gate R22 under rev27 KEY_MANIFEST fce91948 vs current 014e2d30) — need to check if still relevant: FROZEN rev29 might have a new KEY_MANIFEST.

So the bounded task: "F2a live-bytes re-pin verification (rev13 e9a27996 / FROZEN rev29 815e08079aef): resolve every declared f0_binding hash, re-run the class-separation gate under the FROZEN rev29 manifest, and re-check the two prior hard failures." Output: review JSON + review event + checkpoint. That's one class-bound task, evidence + hashes + falsifier.

Before committing, let me quickly inspect the live artifacts to see if this is feasible in a bounded time: read schemas/af_scc_c2_vacuum.yaml (find f0_binding), FROZEN.json (KEY_MANIFEST), and locate gate tooling. Also confirm the live hashes.

Let me also verify: is there another *pending* F2a review at live bytes already? e.g., worker-028 reviewed F2a at e9a27996 (revise 3.5) at 00:59:16 — yes! From the map: `w028-f2a-rev29-review-20260912T005916` target F2a, reviewed_sha256 e9a27996, verdict revise 3.5. And worker-097 f2b. So F2a at live bytes already has a review. My re-pin would duplicate that? Not exactly — mine is specifically the hash-chain + class-content verification of the live repair. But risk of duplication is real.

Hmm. Let me step back and think about what the *best* bounded task for worker-046 is right now.

Look at the immediate queue in ASTRA_HANDOFF: open assignments all owned by leads (worker-075, lead-audit, lead-numerics). Nothing for worker-046.

There's a whole research map with 125+ artifacts. The swarm is churning. As a "breadth worker", a good bounded task is to strengthen a gate with an independent check that no one owns. Given my identity 046 previously produced the F2a rev27 verdict, the natural continuation that is *not* duplicative and *is* class-bound: verify the F2a rev13 repair actually fixed the two hard failures I raised (HF-046-F2a-01/02) — a *repair-verification* of my own findings at live bytes. That's the "repair verify" pattern many workers used (e.g., w029_f2b_repair_verify). It's distinct from a blind re-review: it's a targeted check that the specific defects were repaired, with the falsifier "the declared hash still mismatches / gate still fails".

But careful about assignment ownership: the controller may have assigned repair verification to someone. Check for events referencing "HF-046" or "rev13 repair verify" in outboxes. Let me grep.

Also, the FROZEN rev29 is what G-FORM is pinned to. My prior review's blocker (moving target) was applied. Perhaps the lead's next step would be to re-pin.

Actually — wait. Let me reconsider the context: this user message is likely a *generic worker bootstrap prompt* injected by the harness/supervisor for a fresh worker-046 session, not a specifically scoped task. The supervisor script restarts workers every cycle with the generic worker prompt. So the expectation: the worker reads handoff/map/comms and does one bounded class-bound task. Previous workers each did ~5-15 checkpoints in their session, taking multiple tasks over hours. Here we get one shot.

Given the enormous activity, the most defensible deliverable is a *single* well-formed review/verification event on the class-bound node F2a at the LIVE byte-state, plus checkpoint. I'll frame it explicitly as:
- `task`: F2a rev13 live-bytes repair verification (continuation of w046 rev27 verdict HF-01/HF-02), 
- `assignment_ref`: audit-r2-F2a-a + audit-r2-F2a-bindchain-worker-046 (the parent assignments whose blocking hard failures it resolves),
- `no_gate_verdict: true`, `counts_as_gate_verdict: false`,
- `evidence_refs` with hashes,
- `falsifier`,
- `next_falsifier`.

But before deciding, let me check duplication: grep outboxes for "HF-046" and for live-bytes F2a verification.
dsh: reasoning:
Live hashes confirmed:
- schemas/af_scc_c2_vacuum.yaml = e9a27996 (rev13/recent)
- FROZEN.json = 815e08079aef (rev29)
- KEY_MANIFEST = 014e2d30 per FROZEN
- taxonomy_consistency.json = 9e335e9b (matches what my prior review said the regenerated value at rev28/rev13 is)

So HF-01 (declared hash 675a99d0 vs measured 9e335e9b) may be repaired at live bytes. Let's check the live c2 schema's f0_binding and revision.

Also no one has mentioned HF-046 (only my own files) — so repair verification of my specific hard failures is not duplicated. Good.

Let me now read the live af_scc_c2_vacuum.yaml. And get my prior review to extract the exact findings. Actually, let me first read the live schema.
dsh: reasoning:
At live rev13:
- f0_binding.declared_f0_sha256 = 0abb9ed8a961... (need to check research_map/formulation_taxonomy.yaml live hash — should be 0abb9ed8, G-F0).
- consistency_evidence_sha256 = 9e335e9b... matches live taxonomy_consistency.json (measured 9e335e9b). HF-01 RESOLVED at live bytes.
- class_contract_supplement = artifacts/formulation/formulation_taxonomy.yaml — pointer-only field (no hash declared). 
- class_contract_supplement_pointer path.

HF-02: gate R22 under FROZEN rev27 KEY_MANIFEST fce91948 but passes under current 014e2d30. FROZEN rev29 now pins KEY_MANIFEST 014e2d30 — so HF-02 should be resolved at live FROZEN rev29. Need to verify: run the gate test on live bytes with FROZEN rev29 manifest.

Let me now:
1. Verify declared_f0_sha256 resolves to live research_map/formulation_taxonomy.yaml.
2. Verify consistency evidence: run check_taxonomy_consistency.py? Let me find it.
3. Re-run the class-separation gate R22 check on the live c2 schema under FROZEN rev29 KEY_MANIFEST (find run_gate_tests.py).

Let me find the gate tooling and read the relevant part of the prior review file to recall the exact checks. Let me look at my prior review (reviews/F2a-review-rev27-a.json) — it's mine, ~31KB. Let me extract the structure: findings, checks, hard failures, and the test commands/paths.
dsh: reasoning:
My prior review's `next_falsifier` says exactly:

"Re-run this verdict's three measured checks against the live rev13 pin e9a27996: (a) the E_H2loc subset E_C0 link still appears in the live C2 ledger and still conflicts with the live C0 component; (b) ..."

Let me read the full next_falsifier from the review JSON. Let me extract it fully along with hard_failures and findings.

That is precisely my bounded task: execute the next_falsifier of my own review — re-run the three measured checks against live rev13, plus re-run the bind chain at live bytes, and report. This is the natural, non-duplicative, class-bound continuation, and it's already pre-registered (the falsifier is on record). 

Let me get the full next_falsifier text and the findings/hard_failures.
dsh: reasoning:
Now I have a complete picture. The bounded class-bound task is clear and pre-registered as my own `next_falsifier`:

**Task**: Execute F2a rev13 live-pin transfer check (worker-046's own next_falsifier): at live `schemas/af_scc_c2_vacuum.yaml#e9a27996` + live C0 `#b2ab6acb2bbe` + live FROZEN rev29 `#815e08079aef`, re-run:
(a) E_H2loc ⊆ E_C0 ledger link still present in live C2 and conflicts with live C0;
(b) tier_1 still not r-bound in live C2;
(c) f0_binding's declared consistency hash now resolves at live bytes (9e335e9b);
plus the bind-chain items (declared_f0, supplement pointer) and the gate run under FROZEN rev29 manifest (HF-02 dissolution).
Then emit a `review` event (verdict on live rev13: revise or accept), evidence refs with hashes, falsifier, and checkpoint.

This is class-bound: node F2a, class AF-SCC-C2-VAC-GEN, gate G-FORM. It's a continuation of my assignments, and it directly addresses G-FORM's blocking item (pin binding at live bytes). It's unique: no one else mentions HF-046.

Important protocol constraints:
- Worker events can't set gate verdicts; I must set `counts_as_gate_verdict: false`, `no_gate_verdict: true`. But I *can* emit a `review` event with a verdict (accept/revise) as a worker — the previous one did and it's in the review list (though not yet applied — check rejection).
- Blindness: this is a re-pin continuation of my own review, not a blind review of another's. I'll disclose that I've seen review event summaries for F2a from the map (ids/scores) — unavoidable while reading the map, minimal contamination; I will only rely on the live bytes and my own pinned evidence for the verdict.

Let me now do the measurement work carefully:

1. Measure sha256 BEFORE and AFTER reads for: schemas/af_scc_c2_vacuum.yaml, schemas/af_scc_c0_vacuum.yaml, schemas/af_scc_regularities.yaml, artifacts/formulation/FROZEN.json, artifacts/formulation/evidence/taxonomy_consistency.json, research_map/formulation_taxonomy.yaml, artifacts/formulation/formulation_taxonomy.yaml, artifacts/formulation/KEY_MANIFEST.json.
2. Extract from live C2: revision, lines for H2loc containment in implication_ledger; D0 binder; tier_1 falsifier; f0_binding fields; class_boundary one_way_implication; genericity ambient space; i_plus.
3. Extract from live C0: the declination lines (does it still decline containment?).
4. Check the live regularities aggregator (27255e5b) pins which component hashes — my F-046-F2a-06 said stale at 94562101a816; live was rewritten at 01:11:13 to 27255e5b.
5. Run the gate: find check_class_schema.py and rule_spec.json, run against live C2 with live KEY_MANIFEST 014e2d30 (FROZEN rev29) — should pass; and also with fce91948 (rev27 manifest, preserved in my artifact) for the HF-02 record. Actually HF-02's key question: does FROZEN rev29 declare KEY_MANIFEST 014e2d30? Yes measured. So under the live declared toolchain the gate passes. Run it to confirm.
6. Also check the live taxonomy_consistency check by running check_taxonomy_consistency.py if it exists (find it; prior evidence_hashes check its sha 000e09e46b2f...).
7. Verify the live C2 declares consistency hash 9e335e9b = measured → (c) holds.

Then write:
- ONE review JSON: reviews/F2a-live-repin-rev13-worker-046.json (new file; don't overwrite assignment-1 output).
- ONE review event to comms/outbox/worker-046.jsonl (append).
- ONE checkpoint: runtime/state/worker-046_F2a_repin_checkpoint.json.
Then exit.

Wait: should the output be one JSON with IDs/evidence/hash/falsifier? Yes, the review event plus the review file. The user says "emit valid JSON with IDs evidence hash falsifier, checkpoint, then exit" — that maps to the review event + checkpoint.

Let me first check the validated event schema (research_map/events.schema.json) so my outbox event is valid and won't be rejected. The previous event wasn't applied — maybe because of validation issues, or just not yet ingested. Check rejected.jsonl for my event id.

Let me check: grep rejected.jsonl for w046.
dsh: reasoning:
No w046 events rejected. Good — my review event is just not applied yet (the map snapshot was at 01:12, and my event is 01:14:55; the 15-min cycle may apply it).

The check_class_schema.py is not in formulation; my prior artifact has toolchain dir. Let me look at `artifacts/worker-046/f2a_rev27_verdict/toolchain/` and find the checker used. Also the live checker may be elsewhere (artifacts/audit/...). Let me find it.
dsh: reasoning:
The canonical checker is `artifacts/formulation/tools/check_class_schema.py`. Let me check its live hash (my prior recorded checker sha 000e09e46b2f...). Also check the live regularities aggregator.

Let me now do the full measurement in one careful script:

1. Pre-hashes.
2. Live C2 content extracts:
   - revision_history and revision
   - E_H2loc containment lines
   - tier_1 falsifier block
   - f0_binding
   - i_plus
   - genericity ambient
   - class_boundary one_way_implication
   - conclusion_type
3. Live C0 declination lines.
4. Live regularities aggregator pins.
5. Run gate with live rule_spec + live KEY_MANIFEST against live C2.
6. Post-hashes to prove no mutation.

Let me first read the relevant sections of the live C2 file and live C0 file, then run the gate.
dsh: reasoning:
Live C2 at rev13 still asserts E_C2 ⊆ E_{C^1,1} ⊆ E_H2loc ⊆ E_C0 at lines 148, 152, 237 — so finding (a) survives: the ledger containment (line 237) and re-use.

Now check live C0 (b2ab6acb) — does it still decline containment? Let me look at the equivalent lines. Also check my prior pinned claim about C0 lines 99/151/238/240/249. And tier_1 falsifier lines in live C2, f0_binding (already seen), the D0 binder, i_plus, genericity ambient.

Let me look at these.
dsh: reasoning:
Live rev13 C0 at line ~151: "No containment with C2 or C0 is asserted here" (in `must_not_conflate` under extension_regularity_exact H2_loc item). But its `implication_ledger.extension_class_containment` at live says: "E_C0 contains E_H2loc contains E_{C^1,1} contains E_C2". And `one_way_entailments` says "E_H2loc subset of E_C0 (an H2_loc extension is a continuous metric extension)".

Wait! The live C0 (b2ab6acb2bbe) DOES assert E_H2loc ⊆ E_C0 in its implication_ledger! Let me check my prior claim: my pinned C0 (55d0a1ea9bda) line 240 said C0 "declines the same containment". But live C0 rev13 apparently asserts it at line ~240: `{from: "no proper future C0 metric extension", to: "no proper future H2_loc extension", relation: entails, reason: "E_H2loc subset of E_C0 (an H2_loc extension is a continuous metric extension)", status: elementary}`.

Hmm interesting. So at live rev13, the C0 side *does* assert E_H2loc ⊆ E_C0 in its implication ledger; but its `must_not_conflate` (extension_regularity_exact section, ~line 151) says "No containment with C2 or C0 is asserted here" — referring specifically to H2_loc being a distinct regularity-axis value. That's contradictory *within* the live C0: line 151 says no containment asserted, while the ledger at ~line 240 asserts E_H2loc ⊆ E_C0.

So the finding transforms: at live rev13, the cross-schema conflict has *changed shape*:
- Live C2 asserts E_H2loc ⊆ E_C0 (lines 237, 152).
- Live C0's ledger also asserts E_H2loc ⊆ E_C0 (line ~240) — so the cross-schema conflict on the ledger is RESOLVED? Wait, my prior review said pinned C0 line 151 says "No containment with C2 or C0 is asserted here" and C0 line 99 says H2_loc "is not C0". Let me verify whether the pinned C0 differed. My prior evidence lines: c0 99, 151, 238, 240, 249. Hmm — perhaps I misread: line 151 "No containment with C2 or C0 is asserted here" is in the H2_loc must_not_conflate. And line 240 in the pinned version might have been the same as live. Let me check the pinned C0 to compare with live.

Actually wait, my finding F-046-F2a-01 said: "the pinned C0 sibling explicitly declines the same containment: C0 line 151 says 'No containment with C2 or C0 is asserted here' and C0 line 99 says H2_loc 'is not C0'". That statement is about the same live-ish content. And the live C0 ledger does assert it. So the "conflict" is really an *internal* inconsistency within C0 (line 151 vs line 240), plus within C2 (line 148 asserts chain E_H2loc ⊆ E_C0). Hmm, but my prior framing said "cross-schema containment conflict... C2 asserts ... while the pinned C0 sibling explicitly declines the same containment". The "declines" quote was from must_not_conflate; but C0's ledger asserts it. So my prior finding may have overlooked C0's ledger line 240 asserting the containment. Let me check the pinned C0 bytes to be precise.

This is important for integrity: my prior finding might have been partially wrong. Let me diff the pinned C0 vs live C0, specifically the containment lines. The live C0 is b2ab6acb2bbe; the pin is 55d0a1ea9bda. Let me measure the relevant lines in both.

Also note: live C2 line 240-241: ledger says H2_loc→C2 relation "standard_fact, citation_status: unresolved". And C2 line 243: forbidden C2→C0 "the converse containment is false".

So at live bytes:
- C2: asserts E_C2 ⊆ E_{C^1,1} ⊆ E_H2loc ⊆ E_C0 (lines 148,152,237).
- C0: ledger asserts E_C0 ⊇ E_H2loc ⊇ E_{C^1,1} ⊇ E_C2 (line 237-ish in C0) AND must_not_conflate says "H2_loc ... No containment with C2 or C0 is asserted here".

So the real defect at live bytes is an *internal* contradiction in C0 (and a cross-schema tension: C0's must_not_conflate forbids what C2's ledger uses). Actually re-reading: C0's must_not_conflate bullet says "H2_loc ... is a distinct regularity-axis value phrased in terms of CURVATURE, not metric differentiability. No containment with C2 or C0 is asserted here". Hmm, "No containment with C2 or C0 is asserted here" — but the ledger 10 lines below asserts E_H2loc ⊂ E_C0. That's a real internal inconsistency at live rev13.

Wait, maybe I need to read the live C0 in full context. Let me get the exact line numbers and compare with the pinned copy (55d0a1ea) which I have in artifacts/worker-046/f2a_rev27_verdict/pinned/.

Also my prior review's finding said "C0 line 151 says 'No containment with C2 or C0 is asserted here' and C0 line 99 says H2_loc 'is not C0'". And the warrant C0 line 240 gives ('an H2_loc extension is a continuous metric extension') is not elementary in 4D. So my prior review actually DID note C0 line 240. OK so my finding was: C2 asserts the chain including H2loc ⊆ C0, while C0 "explicitly declines the same containment" in must_not_conflate (line 151) even though C0's own ledger (line 240) asserts it. Fine — the net point: the H2loc ⊆ C0 link is asserted in both ledgers but declined in C0's must_not_conflate; and mathematically H^2_loc ⊄ C^0 in 4D at the borderline. So the defect survives at rev13.

Good. Now let me run the live checks:
(a) Is the E_H2loc ⊆ E_C0 link still in live C2 ledger? YES (lines 152, 237) — finding survives.
(b) Is tier_1 still not r-bound in live C2? Let me check live C2 falsifier.tier_1.witness_type: "an open (or at least non-meager) set of one-ended AF vacuum data..." — no r mentioned. And proof_obligations "non-meagerness of the extendible set (general route R1)" — no r. So (b) survives.
(c) f0_binding now resolves: declared consistency_evidence_sha256 9e335e9b = measured → YES resolved.
(d) HF-02: gate under FROZEN rev29 manifest 014e2d30 → run checker to confirm pass.
(e) F-046-F2a-06 (aggregator staleness): live aggregator 27255e5b — check which component hashes it pins; if it now pins live C2 e9a27996 and C0 b2ab6acb, then reseolved at live bytes (I didn't review those bytes previously).

Let me also verify the live C0's SEP / aggregator. Let's inspect live regularities.

Then the gate run: `python3 artifacts/formulation/tools/check_class_schema.py --help` to figure out invocation. Let me check the prior gate_run JSONs for the command used.

Let me proceed.
dsh: reasoning:
The live aggregator (rev7, 27255e5b) pins live C2 e9a27996 and live C0 b2ab6acb. So F-046-F2a-06 is RESOLVED at live bytes: the aggregator re-pinned (I had noted the live rewrite at 01:11:13 but didn't review it).

Now run the actual separation lint + gate at live bytes:
1. Run `check_class_schema.py` against live C2 with live KEY_MANIFEST 014e2d30.
2. Check how the checker takes the manifest. Let me read the checker's CLI.
3. Check if there's an aggregator/separation lint tool (maybe in artifacts/formulation/tools/).

Let me list tools and read check_class_schema.py usage.
dsh: reasoning:
The checker uses `KEY_MANIFEST` relative to its parent dir (artifacts/formulation/KEY_MANIFEST.json), which is live 014e2d30. To run under the rev27 manifest fce91948, the prior worker used a copied toolchain dir (artifacts/worker-046/f2a_rev27_verdict/toolchain/formulation/...). 

For my task, I run the live checker against live C2 (should pass under live manifest). Let me verify FROZEN rev29 declares KEY_MANIFEST = current 014e2d30 (yes) and rule_spec sha 40f9bb9e (FROZEN should list it). Let me confirm from FROZEN rev29's files entries for KEY_MANIFEST, rule_spec.json, tools/check_class_schema.py, af_scc_c2_vacuum.yaml, af_scc_c0_vacuum.yaml, af_scc_regularities.yaml, taxonomy_consistency.json.

Then run:
- python3 artifacts/formulation/tools/check_class_schema.py --json schemas/af_scc_c2_vacuum.yaml
- same for C0
- python3 artifacts/formulation/tools/check_taxonomy_consistency.py (need CLI)
- maybe python3 artifacts/formulation/tools/run_gate_tests.py (the FROZEN change protocol mentions it).

Let me first extract FROZEN rev29 file entries for the relevant files and the frozen_at. Then run the checks, capturing outputs into my artifact dir (artifacts/worker-046/f2a_live_repin_rev13/...).

I'll create a work directory to store evidence: artifacts/worker-046/f2a_live_repin_rev13/{gate_runs,evidence}. Let me measure pre-hashes, run everything, post-hashes, write review file + event + checkpoint.

Let me be careful about the "read before write" fs policy: writing new files in artifacts/ is fine.

Plan of commands:
1. mkdir -p artifacts/worker-046/f2a_live_repin_rev13/{gate_runs,evidence}
2. Pre-hash manifest of all inputs → evidence/pre_hashes.txt
3. Run checker on C2 and C0 with --json → gate_runs/gate_c2_livemanifest.json, gate_c0_livemanifest.json (tee stdout)
4. Run taxonomy consistency checker → evidence/taxonomy_consistency_check.json (need CLI; check)
5. Run run_gate_tests.py if it's the canonical FROZEN protocol runner → gate_runs/gate_tests_live.json
6. Extract the containment lines precisely (grep -n) for both schemas into evidence/containment_lines.txt
7. Post-hash → evidence/post_hashes.txt; compare.
8. Write the review JSON with all measured data; compute its sha256.
9. Append the review event to outbox; compute canonical JSON sha256 as prior did.
10. Write checkpoint.

Let me look at check_taxonomy_consistency.py usage and run_gate_tests.py usage quickly.
dsh: reasoning:
FROZEN rev29 does NOT include schemas/af_scc_regularities.yaml (None). That's relevant: the aggregator (separation lint index) is not covered by FROZEN rev29. My F-046-F2a-06 said the aggregator was stale at the pin window; live is now re-pinned to rev13 components (rev7 of the aggregator). But since FROZEN doesn't cover it, it's a residual coverage gap: G-FORM's "all three schemas" in the aggregator include the regularities file (per regularities line 85: "G-FORM requires all three schemas plus reviewer acceptance with cited sha256; this file supplies the index and the separation lint, not the acceptance").

Also, FROZEN rev29 pins C2/C0 live, check_class_schema live, rule_spec live, KEY_MANIFEST live, taxonomy_consistency live. Good.

Now, run the live gate checks and lint. Where's the separation lint? Maybe in the regularities file itself, or a tool. Let me check for a lint script: grep for "separation" in tools, or check `research_map/class_separation.py` (detector). The aggregator has SEP-1..SEP-6 rules; maybe there's a tool `check_separation.py`. Let me grep.
dsh: reasoning:
The canonical aggregator pin checker is `artifacts/worker18/f2_review/check_aggregator_pins.py`. Let me run it (read-only) to verify live aggregator pins match disk. That directly addresses my F-046-F2a-06 at live bytes.

Now let's do the work. I'll set up my evidence directory and run:

1. `python3 artifacts/formulation/tools/check_class_schema.py --json schemas/af_scc_c2_vacuum.yaml`
2. `python3 artifacts/formulation/tools/check_class_schema.py --json schemas/af_scc_c0_vacuum.yaml`
3. `python3 artifacts/formulation/tools/check_taxonomy_consistency.py`
4. `python3 artifacts/worker18/f2_review/check_aggregator_pins.py` (check usage first — might need args)
5. Extract containment/falsifier lines.

Let me check usage of the aggregator checker and then run all.
dsh: reasoning:
The aggregator pin check passes at live bytes (P1-P5 pass). Good: F-046-F2a-06 resolved at live bytes.

Now let me run the canonical gate on live C2 and C0 and taxonomy consistency, capturing outputs into my evidence dir. Let me create the directory and a small harness script that:
- records pre-hashes
- runs the three checks
- records post-hashes
- verifies equality

I'll write files to artifacts/worker-046/f2a_live_repin_rev13/. Let me do it in bash with tee.

Note: check_taxonomy_consistency.py likely prints JSON and exits 0. Let me run and capture.

Also I want to check the checker live toolchain sha vs FROZEN (000e09e4 matches FROZEN) — already measured: 000e09e4 = FROZEN. Good.

Let me now run the gate under the live declared toolchain (FROZEN rev29): checker 000e09e4, rule_spec 40f9bb9e, KEY_MANIFEST 014e2d30, C2 e9a27996 → must pass. That's HF-02's dissolution. To be rigorous, also re-run under rev27 manifest triple (need the preserved fce91948 KEY_MANIFEST from my prior artifact + a copy of checker/rule_spec? Actually the checker reads rule_spec and KEY_MANIFEST from its parent dir; to run under rev27 I'd need a sandbox copy of the toolchain: checker 000e09e4 (same as live), rule_spec 40f9bb9e (same), KEY_MANIFEST fce91948 (preserved). The prior run already did exactly that — I can rebuild it cheaply to confirm reproducibility at live bytes. But the point of HF-02 was that FROZEN rev27 declared fce91948; live FROZEN rev29 declares 014e2d30, and live checker/rule_spec are unchanged. So running live = running the FROZEN rev29 triple. The rev27 rerun is already recorded in my prior artifact; I can re-verify quickly with the preserved manifest to show the gate-toolchain-skew claim reproduces, but it's not necessary for the live transfer. I'll re-run it anyway for a self-contained live record — it's cheap (sandbox copy).

Let me now do it.
dsh: reasoning:
Sandbox toolchain staged: rev27 manifest fce91948 + live checker/rule_spec. Now run the checks:

1. Pre-hash inputs.
2. Live gate on C2 and C0 (live manifest 014e2d30 — just run the canonical checker).
3. Rev27-manifest gate on live C2 (sandbox).
4. taxonomy consistency.
5. aggregator pins.
6. Post-hash.

Let me write a harness script for reproducibility (in my artifact dir), and run it. Actually simpler: run commands directly, tee outputs, then hash. But a harness gives provenance. Let me just run the commands; then write a README with commands.

Commands:
- sha256sum of inputs before → evidence/pre_hashes.txt
- python3 artifacts/formulation/tools/check_class_schema.py --json schemas/af_scc_c2_vacuum.yaml | tee gate_runs/gate_c2_livemanifest.json
- ... c0
- sandbox checker: python3 artifacts/worker-046/f2a_live_repin_rev13/toolchain/formulation/tools/check_class_schema.py --json schemas/af_scc_c2_vacuum.yaml | tee gate_runs/gate_c2_rev27manifest_rerun.json
- python3 artifacts/formulation/tools/check_taxonomy_consistency.py | tee evidence/taxonomy_consistency_stdout.txt; echo rc
- python3 artifacts/worker18/f2_review/check_aggregator_pins.py | tee evidence/aggregator_pin_check.json
- sha256sum after → evidence/post_hashes.txt
- diff

Note: check_class_schema exit code 1 on fail would stop a `&&` chain; use `;`.

Let me run.
dsh: reasoning:
Interesting: rc=0 even for fail (the tool likely always exits 0 with --json? Or the pipe swallows exit code — `python3 ... | tee` returns tee's exit code! Right: `rc=$?` after a pipeline reports tee's status. Doesn't matter; JSON has verdict.)

Results:
- Live C2 gate under FROZEN rev29 manifest: PASS.
- Live C0 gate under live manifest: PASS.
- Live C2 under rev27 manifest fce91948: FAIL R22 — HF-02's mechanism reproduces at live bytes (but under the *current declared* toolchain FROZEN rev29 it passes; the skew is a manifest-version artifact, now dissolved at rev29).

Now taxonomy consistency and aggregator pins, then containment/falsifier extracts, then post-hashes.
dsh: reasoning:
All measurements done:

Live rev13 (C2 e9a27996, C0 b2ab6acb, aggregator 27255e5b, FROZEN rev29 815e0807):

(a) E_H2loc ⊆ E_C0 link still appears in live C2 ledger: lines 148, 152, 237. And live C0 has an *internal* contradiction: line 152 "No containment with C2 or C0 is asserted here" vs line 239/241 asserting E_H2loc ⊆ E_C0. So F-046-F2a-01 SURVIVES, and its shape at live bytes is:
   - C2↔C0 ledger now agree (both assert H2loc ⊆ C0): the cross-schema conflict I reported at the pin is *reduced*: at rev13 the C0 ledger asserts the same containment (line 241). Wait — did the pinned C0 also assert it? Let me check the pinned C0 (55d0a1ea) line 240 to see if my prior characterization of "C0 declines" was based only on must_not_conflate. Let me diff to be accurate.

Let me measure: does pinned C0 55d0a1ea have the ledger row E_H2loc subset E_C0? My prior review cited pinned C0 lines 238/240/249 as evidence for the warrant. Let me look at the pinned file lines 235-250.

This matters: if the pinned C0 also asserted H2loc ⊆ C0 in its ledger, then my prior finding's phrase "the pinned C0 sibling explicitly declines the same containment" was inaccurate/partial (the decline is a must_not_conflate statement, but the ledger asserts it). I should correct the record in my new review (self-correction), while the mathematical defect (H^2_loc ⊄ C^0 at the 4D borderline) remains and the internal contradiction in live C0 (line 152 vs 241) remains.

Let me check pinned C0 lines.

(b) tier_1 still not r-bound: live C2 lines 252-256 say "an open (or at least non-meager) set of one-ended AF vacuum data" with no r — survives. However, note line 251: `refutes: AF-SCC-C2-VAC-GEN`; `genericity_requirement` mentions routes R1/R2 but no r. The class negation at lines ~66-69 quantifies ∃r ∈ D0. So F-046-F2a-02 survives at live bytes.

(c) f0_binding resolves at live bytes: declared_f0 0abb9ed8 = live; consistency_evidence 9e335e9b = live; supplement pointer resolves. YES.

(d) HF-046-F2a-01 (stale consistency hash) DISSOLVED at rev13: declared 9e335e9b = measured. 
(e) HF-046-F2a-02 (gate toolchain skew under FROZEN rev27 manifest) DISSOLVED at FROZEN rev29: live KEY_MANIFEST 014e2d30 declared by FROZEN rev29, live gate PASS. Mechanism reproduced under rev27 manifest (fail R22) for the record.
(f) F-046-F2a-06 (aggregator staleness) DISSOLVED: aggregator rev7 27255e5b pins e9a27996/b2ab6acb, pin check P1-P5 pass. NEW RESIDUAL: FROZEN rev29 does not cover schemas/af_scc_regularities.yaml (not in files manifest). Is that a defect? The aggregator's own line 85 says G-FORM requires all three schemas plus reviewer acceptance; FROZEN 'files' omits it. But it may be covered by the map's `frozen_artifacts` pin (c266dbecaa87 per ASTRA handoff is the detector pin... no, c266dbecaa87 is class_separation.py). Let me check research_map.json frozen_artifacts for the regularities file and FROZEN coverage. Might be a genuine residual: the aggregator isn't in FROZEN rev29 → "per-file pin binding" gap. But careful: "frozen_artifacts" in map is about the detector. Let me check.

Also, is there anything about the C0 internal contradiction that's already known? My finding is about C2's ledger using the chain; the C0 internal tension is adjacent. I'll report it as a finding with severity moderate.

Now the verdict on live rev13 for class F2a: The F2a class-content verdict. Two hard failures dissolved, two findings survive (F-01 major: H2loc ⊆ C0 borderline containment; F-02 moderate: tier_1 not r-bound). So the verdict should remain `revise` (not accept): the major mathematical finding survives at live bytes. Score: prior 2.5 at rev12; at live rev13 the hash/gate blockers are gone, so maybe 3.0-3.5. But note the *class-content* issues are the same; the verdict is on the live pin. I'd give 3.0 (revise) — repairs landed but an unresolved mathematical defect in the containment ledger remains and the falsifier binding gap remains. Many prior F2a verdicts were 3.0-3.5 revise. I'll go with 3.0 and explain.

Hmm, actually let me reconsider: this is a *repair-transfer verification* rather than a fresh full review. The honest verdict: `revise` with score 3.5? The gate passes, no collapse, no inflation, D0 binder good, hash chain resolves; the remaining major (containment borderline) is a documented open finding that blocks acceptance. I'll use 3.0 revise to be conservative, clearly stating why not accept and why not reject.

Let me also double-check the C0 pinned-vs-live ledger question and check the frozen_artifacts coverage. Also verify that my reading of "r-binding" holds: does the live C2 falsifier mention r anywhere? Let me grep r in falsifier block lines 249-262. It says "for some r in D0"? No. Let me view lines 249-262 fully (I saw 245-270 earlier: no r). Confirmed.

One more check for integrity: the `f0_binding.rule` trigger — "if the declared F0 artifact changes hash, this binding must be refreshed..." — declared F0 unchanged (0abb9ed8), consistency file matches now. So refresh rule satisfied literally and practically.

Let me check pinned C0 ledger and FROZEN coverage of regularities.
dsh: reasoning:
Important correction: The pinned C0 (55d0a1ea) **does** assert E_H2loc ⊆ E_C0 at line 240 (ledger) — same as live. So my prior review's characterization "the pinned C0 sibling explicitly declines the same containment" was imprecise: C0's *must_not_conflate* declines it while C0's *implication_ledger* asserts it. The cross-schema conflict is therefore not C2-vs-C0 (both ledgers assert the same chain); the live defect is:
1. Mathematically: the chain H2loc ⊆ C0 uses a false containment at the 4D borderline (H^2_loc ⊄ C^0), with status "elementary" and citation_status absent. This remains a real major finding.
2. Internally: within C0, must_not_conflate line 152 says "No containment with C2 or C0 is asserted here" while the ledger line 239/241 asserts exactly that. Same internal tension exists in the pinned rev12 C0 (151 vs 238/240). This is a genuine repair item — my prior finding F-046-F2a-01 survives but its description requires correction (self-correction, disclose in the new review).

Good — honesty about the prior imprecision is important for epistemic integrity.

Also FROZEN rev29 covers 50 files but NOT schemas/af_scc_regularities.yaml. The map `frozen_artifacts` doesn't list it either (it lists class_separation.py etc.). Let me check the full frozen_artifacts list for the three schemas. But the specific question: is the aggregator (which supplies SEP lint and component pins) covered by any freeze? FROZEN rev29 includes schemas/af_scc_c2_vacuum.yaml and c0 but not regularities. This is a residual coverage gap for G-FORM's "per-file pin binding" (ASTRA handoff: "FROZEN/per-file pin binding"). I'll report it as a finding (moderate, outside the assigned C2 file but relevant to G-FORM's pin-binding check) — similar to my prior F-06 but now the staleness is fixed and the residual is coverage.

Wait — but F-06 said the aggregator's own SEP-6 requires re-pin; live rev7 re-pins and passes the pin check. The remaining question of FROZEN coverage is new. Is it fair? The controller handoff says G-FORM requires "FROZEN/per-file pin binding". If the aggregator is one of the three schemas G-FORM needs, its being outside FROZEN rev29 means the pin binding for the aggregator is only in the aggregator's own file (self-declared) — a real gap. I'll report it as a finding with severity moderate, and note it's outside the assigned C2 file (but I did measure it).

Hmm, but let me not overreach. Actually the map's `frozen_artifacts` list — let me see all active entries to check whether regularities is covered there. Let me print all entries with active status. Quick check.

Then write the outputs. Let me also verify the live C2 `falsifier.tier_1` lacks `r` explicitly and get the exact negation lines (66-69) for the r-binding finding. Also get the live C2 `genericity` line for the Baire finding (F-04) and `i_plus_regularity` (F-03) and `one_way_implication` (F-05) to check whether the minors survive too. That gives a full transfer table for all 6 prior findings.

Live extras:
- F-03: `i_plus_regularity` at line 145: "gtilde extends to I+ with C^k regularity, k >= 3; k is part of the assumption" — same. k not in D0/D2? Let me grep 'k >=' and D0/D2 for k. Quick.
- F-04: genericity ambient_space line ~157-159.
- F-05: class_boundary.one_way_implication line 77 uses E(C0)/E(C2) — live line 76/77 (I saw it earlier at "one_way_implication: E(C0) entails E(C2) because every C2 extension is a C0 extension"). Let me grep.

Let me gather these lines for the transfer table.
dsh: reasoning:
The map's frozen_artifacts shows `schemas/af_scc_regularities.yaml` with active=False, sha c6bfda2bf3f5 (old, superseded) — so the aggregator is not under an active freeze. FROZEN rev29 also omits it. That's a real pin-coverage gap for G-FORM's "per-file pin binding": the C2/C0 components are frozen in FROZEN rev29, but the separation aggregator that binds them (and the SEP lint) has only its own self-declared pins. I'll report as finding F-046b-03 (moderate), noting it's outside the assigned file.

All six prior findings transfer:
- F-046-F2a-01 (major) SURVIVES at live rev13, with a description correction: both ledgers assert H2loc ⊆ C0; the live defect is (i) the borderline containment is mathematically false as stated (H^2_loc ⊄ C^0 in 4D) and its ledger rows are labeled elementary/standard_fact without citation, and (ii) an internal contradiction in C0 (must_not_conflate line 152 vs ledger lines 239/241). Correct the record: at the pinned rev12 the same C0 ledger assertion existed (lines 238/240); my prior phrasing "the pinned C0 sibling explicitly declines the same containment" was imprecise.
- F-046-F2a-02 (moderate) SURVIVES: tier_1 witness_type/proof_obligations not r-bound.
- F-046-F2a-03 (minor) SURVIVES: i_plus k>=3 not a binder in D0/D2.
- F-046-F2a-04 (minor) SURVIVES: Baire justification still only Banach ("X_vac is a closed subset of a Banach space, hence Baire") while topology_or_measure names Frechet for the smooth class.
- F-046-F2a-05 (minor) SURVIVES: E(C0)/E(C2) overload at line 78.
- F-046-F2a-06 (context) RESOLVED: aggregator rev7 27255e5b re-pins live components; pin check P1–P5 pass. Residual: aggregator not covered by FROZEN rev29 or an active map freeze (new finding F-046b-03).

Hard failures:
- HF-046-F2a-01 DISSOLVED at rev13 (declared 9e335e9b = live).
- HF-046-F2a-02 DISSOLVED at FROZEN rev29 (live KEY_MANIFEST 014e2d30, live gate PASS; mechanism reproduced under rev27 manifest).
New hard failures at live bytes: none hash-bound. So hard_failures: [] for the live pin.

Verdict on live rev13: revise (score 3.0) — no collapse, no inflation, D0 binder clean, gate pass, hash chain resolved; but a major unaddressed containment defect + a moderate falsifier-binding gap remain. Not accept. Not reject (structure sound, defects localized and repairable).

Now, outputs. I'll write:
1. `reviews/F2a-review-live-rev13-worker-046.json` — the full review JSON.
2. `artifacts/worker-046/f2a_live_repin_rev13/README.md` — commands/provenance (optional but useful; keeps evidence self-contained). Actually the review file can carry the provenance. But a README helps. I'll write a compact one.
3. Append ONE review event to `comms/outbox/worker-046.jsonl`.
4. `runtime/state/worker-046_F2a_live_repin_checkpoint.json`.

Then post-hash check that inputs unchanged; run a final validation:
- Validate the event against research_map/events.schema.json if jsonschema is available. My event must have required baseReview fields: target_id, reviewer, verdict, score, hard_failures, findings + base fields. Include evidence_refs, falsifier, class_id, node_id, reviewed_sha256, no_gate_verdict etc. (additionalProperties true).
- Verify the review JSON parses.

Let me now compute the file hashes of my outputs and build the review JSON via a Python script for reproducibility. I need to be careful with the canonical JSON hashing for evidence refs: prior convention used `path#sha12`. I'll compute sha256 of each evidence file and embed the first 12 chars.

Let me collect sha256 of the gate run files, evidence files, and review artifact. I'll write a generator script `artifacts/worker-046/f2a_live_repin_rev13/make_review.py` that assembles the review JSON deterministically (avoiding manual hash errors), writes it, then emits the event and checkpoint. That's cleaner.

Plan for the script:
- measure files (live + my outputs)
- build review dict
- write reviews/F2a-review-live-rev13-worker-046.json (pretty, sort_keys=False)
- compute its sha256
- build event dict; append to comms/outbox/worker-046.jsonl (single line, canonical json sort_keys=True)
- build checkpoint; write runtime/state/worker-046_F2a_live_repin_checkpoint.json
- print all hashes

Also post-hash inputs to prove no mutation (do that in bash after).

Let me be careful: don't overwrite the existing review file; new path.

One consideration: should I also register the review in the map? No — apply_events.py is the controller's job; workers write outbox events.

Naming: event_id `w046-f2a-live-rev13-repin-review-20260912T0125`. Time now ~01:22. I'll use the actual timestamp at run time.

Let me write the review JSON content carefully with all findings/evidence. This is the main deliverable. Let me draft it in the generator script.

Structure:
{
 "review_id": "F2a-review-live-rev13-worker-046",
 "review_type": "live_pin_transfer_verification (continuation of F2a-review-rev27-a next_falsifier)",
 "document_type": "class_content_verdict_at_live_bytes",
 "created_at": ...,
 "reviewer": "worker-046",
 "target_id": "F2a",
 "node_id": "F2a",
 "class_id": "AF-SCC-C2-VAC-GEN",
 "gate": "G-FORM",
 "artifact": "schemas/af_scc_c2_vacuum.yaml",
 "supersedes": {... prior review ...},
 "live_sha256_at_review": "e9a27996...",
 "live_revision": 13,
 "measured_before_read": true, "measured_after_read": true, "artifact_edited_by_reviewer": false,
 "frozen_rev29_sha256": "815e...",
 "frozen_rev29_declares_live_c2": true,
 "frozen_rev29_declares_live_c0": true,
 "frozen_rev29_key_manifest": "014e2d30",
 "verdict": "revise",
 "score": 3.0,
 "counts_as_gate_verdict": false,
 "no_gate_verdict_set": true,
 "hard_failures": [],
 "prior_hard_failures_disposition": [HF-01 dissolved, HF-02 dissolved],
 "findings": [F-046b-01..03 + transfers],
 "finding_transfer_table": [...],
 "checks": {gate_runs, taxonomy, aggregator, c2_c0_collapse, d0_binder, hash_chain, ...},
 "falsifier": "...",
 "next_falsifier": "...",
 "evidence_refs": [...],
 "blindness_and_contamination": "...",
 "hours": 0.35
}

Let me now check the live C2/C0 collapse check quickly: conclusion_type values live. grep conclusion_type in both. Also D0 binder live (already seen lines 42-70). Let me grab conclusion types.
dsh: reasoning:
I have everything. Now write the generator script that produces the review JSON, event, and checkpoint.

Let me set up a todo list first since this is multi-step. Actually it's fairly bounded; I've been working. Let me just proceed — but the guidance says use todo_write for multi-step work. I'll add a short list to track: measurements done, write outputs, emit event, checkpoint, verify. Let me do it quickly.

Then write the generator.

Key content for the review:

- findings:
  - F-046b-01 (major, survives w/ correction): live C2 ledger (lines 152, 237) and live C0 ledger (lines 239, 241) assert E_C2 ⊆ E_{C^1,1} ⊆ E_H2loc ⊆ E_C0, with H2loc ⊆ C0 rows labeled elementary/standard_fact and no citation. At 4D the borderline Sobolev exponent s = n/2 = 2, H^2_loc ⊄ C^0 (L^∞ embedding fails at the borderline), so the containment as stated is not elementary; the C0 "must_not_conflate" (line 152) says "No containment with C2 or C0 is asserted here", contradicting C0's own ledger lines 239/241. Correction to F-046-F2a-01: at the pinned rev12, the C0 ledger also asserted the containment (pinned lines 238/240); my prior sentence "the pinned C0 sibling explicitly declines the same containment" referred only to C0's must_not_conflate and was imprecise about the sibling's ledger. The defect is not a C2-vs-C0 split; it is (i) a false/unwarranted containment at the 4D borderline carried by both ledgers and (ii) an internal must_not_conflate-vs-ledger contradiction in C0.
  - F-046b-02 (moderate, survives F-046-F2a-02): tier_1 falsifier not r-bound at live lines 252–256; class negation requires ∃r ∈ D0 (lines 66–69).
  - F-046b-03 (moderate, new): aggregator pin coverage gap — schemas/af_scc_regularities.yaml (rev7 27255e5b) is not in FROZEN rev29 files[50] nor under an active map frozen_artifacts entry (the list's entry for it is active=false, superseded sha c6bfda2bf3f5), so G-FORM's per-file pin binding for the separation aggregator rests only on the aggregator's self-declared pins. Note it passes its own pin check.
  - minor transfers: F-03 (i_plus k not a binder) survives line 146; F-04 (Baire Banach-only) survives lines 158-159 vs 160; F-05 (E(.) overload) survives line 78.

- prior_hard_failures_disposition: HF-01 dissolved (declared 9e335e9b == measured 9e335e9b); HF-02 dissolved (FROZEN rev29 declares KEY_MANIFEST 014e2d30; live gate PASS; mechanism reproduces under rev27 manifest fce91948 → fail R22; the checker/rule_spec are unchanged between the two toolchains).

- checks:
  - gate_c2_livemanifest: pass
  - gate_c0_livemanifest: pass
  - gate_c2_rev27manifest_rerun: fail R22 (documented skew, not live-blocking)
  - taxonomy_consistency: CONSISTENT (4 classes, 0 divergences)
  - aggregator_pins: pass P1-P5
  - f0_binding_chain at live bytes: declared_f0 resolved (0abb9ed8), consistency_evidence resolved (9e335e9b), supplement pointer resolved (d7419b4e), class_contract_pointer resolved (key present in taxonomy 0abb9ed8), provenance.worker_sha256 pathless (not a mismatch). refresh rule satisfied.
  - c2_c0_collapse: pass (distinct conclusion types scc_c2_future_inextendibility vs scc_c0_future_inextendibility; distinct regularity tokens)
  - d0_binder: pass (live D0 tagged disjoint union r=smooth | (sobolev,s,delta); same machine check as before, re-run against live bytes — I should actually re-run my d0 check script against the live file rather than assume! Let me run `python3 artifacts/worker-046/f2a_rev27_verdict/d0_instantiation_check.py` — need to see its CLI; it probably reads a fixed path. Let me check and run it with live file if possible.)
  - conclusion inflation: pass (epistemic_status=open_problem, promotion rule)
  - falsifier decidable: pass with F-046b-02 caveat

Let me check the d0 script CLI and re-run against live bytes. It's my own script from prior run.
dsh: reasoning:
The d0 script is hardcoded to the pinned path relative to its dir. I'll write a small live-bytes variant in my new artifact dir: copy the check logic but point at schemas/af_scc_c2_vacuum.yaml and measure live hash. Simplest: create a sandbox dir with `pinned/af_scc_c2_vacuum.YYYY.yaml`? The script uses relative Path("pinned/...") so it must run with cwd = its dir. I can copy the script to my artifact dir and modify the PIN/P lines to the live file, or create a symlink structure.

Cleaner: write a new small script `d0_instantiation_check_live.py` in my dir that imports/adapts. Copy the original and sed the pin/path lines to live values. Let me see the full original to preserve the checks, then adapt.

Let me read the rest of the script (about 60 lines total).
dsh: reasoning:
I'll copy this to my new dir as `d0_instantiation_check_live.py`, changing PIN and P to the live path and hash, and the docstring. Since the new script will run from the swarm root (cwd), I'll set P to the absolute-ish relative path 'schemas/af_scc_c2_vacuum.yaml' and PIN to e9a27996. It should run from root.

Let me create it with sed, then run and capture output. Also note the script has a weird construct at line 36 (`for path, val in walk(d) if False else []`) which is valid Python? `walk(d) if False else []` → [] since False; iterating over [] gives nothing. But `walk` is referenced before definition at line 38 — at line 36, `walk` is not yet defined → NameError? No: `walk(d) if False else []` — Python evaluates the condition `False` first, and only evaluates `walk(d)` if the condition is True. Since it's False, it evaluates `[]`. So no NameError. OK.

The `for m in re.finditer...: pass` at line 49-50 is a no-op — the "binder" check doesn't actually add anything; the real check is the bad list. Fine.

Copy and run.
dsh: reasoning:
All checks done. Now write the review JSON + event + checkpoint via a generator script. Let me draft the review content.

Let me write a Python generator `artifacts/worker-046/f2a_live_repin_rev13/make_outputs.py` that:
1. Reads the measured hashes/files.
2. Builds the review dict.
3. Writes `reviews/F2a-review-live-rev13-worker-046.json`.
4. Computes its sha256.
5. Appends one event line to `comms/outbox/worker-046.jsonl`.
6. Writes `runtime/state/worker-046_F2a_live_repin_checkpoint.json`.
7. Prints hashes.

Evidence refs will use `path#sha12`.

Let me define the findings list concretely.

Finding transfer table:
- F-046-F2a-01 → F-046b-01, status "survives_with_record_correction", severity major.
- F-046-F2a-02 → F-046b-02, survives, moderate.
- F-046-F2a-03 → survives, minor.
- F-046-F2a-04 → survives, minor.
- F-046-F2a-05 → survives, minor.
- F-046-F2a-06 → resolved_live (aggregator re-pinned, pin check pass); residual coverage gap recorded as F-046b-03.

Prior hard failures:
- HF-046-F2a-01 status "dissolved_at_live_bytes" (declared == measured 9e335e9b; FROZEN rev29 declares same).
- HF-046-F2a-02 status "dissolved_at_frozen_rev29" (FROZEN rev29 declares KEY_MANIFEST 014e2d30; live gate pass; rev27 manifest rerun still fails R22 → confirms the skew was manifest-version, not artifact content).

Checks:
- c2_c0_collapse: PASS (distinct conclusion types; tokens; no merge).
- d0_binder_instantiation: PASS live (d0_instantiation_check_live.json).
- class_schema_gate_c2_live: pass.
- class_schema_gate_c0_live: pass.
- class_schema_gate_c2_rev27manifest: fail R22 (historical toolchain record).
- taxonomy_consistency: CONSISTENT.
- aggregator_pins: pass.
- f0_binding_hash_chain: all path-bound declared hashes resolve at live bytes; refresh rule satisfied.
- conclusion_inflation: PASS (epistemic_status open_problem; promotion rule requires checked proof).
- falsifier_decidability: PASS with F-046b-02 caveat.

Falsifier (of this review): this live-pin transfer review is falsified by (i) any measured byte-state of schemas/af_scc_c2_vacuum.yaml at review time whose sha256 ≠ e9a27996...; (ii) showing the live C2 ledger no longer contains the H2loc ⊆ C0 link (lines 152/237) or that the borderline containment is valid as stated in 4D; (iii) showing tier_1's witness_type is r-bound in the live bytes; (iv) showing FROZEN rev29 does not declare the live C2/C0/KEY_MANIFEST hashes; (v) showing the live gate returns fail under the FROZEN rev29 triple (checker 000e09e4, rule_spec 40f9bb9e, KEY_MANIFEST 014e2d30).

Next falsifier: run the same three checks after the next C2/C0 revision: (a) whether the H2loc ⊆ C0 ledger rows were dropped or re-typed as non-elementary with a continuity representative (e.g. H^2_loc ∩ C^0); (b) whether tier_1 names r ∈ D0; (c) whether FROZEN covers the separation aggregator. Transfer is confirmed iff (a) and (b) still hold at the next live pin.

Verdict: revise, score 3.0, counts_as_gate_verdict false, no_gate_verdict true.

Blindness/contamination: This is not a blind review; it is a live-pin transfer of my own F2a-review-rev27-a (assignment audit-r2-F2a-a + audit-r2-F2a-bindchain-worker-046). While reading research_map.json and outboxes to locate my assignments, I unavoidably saw event-level summaries (ids, reviewer, verdict, score) of other F2a reviews; I did not open any other reviewer's F2a verdict file, and no verdict here depends on their content. Prior imprecision corrected in this document (F-046-F2a-01 phrasing).

Hours: ~0.4.

Assignment refs: the two.

Now, the event: event_type=review with required fields target_id, reviewer, verdict, score, hard_failures, findings; plus actor, created_at, event_id, node_id, class_id, gate, artifact, reviewed_sha256, reviewed_revision, counts_as_gate_verdict=false, no_gate_verdict=true, artifact (review file path) + artifact_sha256, evidence_refs, falsifier, next_falsifier, hours, assignment_refs.

Careful: `findings` required by schema — can be list of finding IDs (prior events used list of strings like "F-046-F2a-01"). I'll use the finding IDs. `hard_failures` = [] (empty list ok).

One risk: the apply/ingest may reject review events from workers that claim verdicts? Prior worker reviews are in the map reviews list (e.g. w028), so review events from workers apply. Good.

Another consideration: the controller handoff says "Worker events cannot set status=done, validation_status=passed or a gate verdict". I set counts_as_gate_verdict false explicitly.

Let me now write the generator script and run it.

Also, append event to comms/outbox/worker-046.jsonl — must not clobber. Use open('a').

For the checkpoint, write runtime/state/worker-046_F2a_live_repin_checkpoint.json.

Let me write the script with the `write` tool to my artifact dir, then run it. Need to be careful with fs policy (workspace-write is fine).

The review JSON will be sizeable. Let me construct it programmatically to embed measured hashes.

Let me write the script now.
dsh: reasoning:
Before running, double-check a few things in the script:

1. `ref(C2) + ":152"` produces "schemas/af_scc_c2_vacuum.yaml#e9a27996dfd3:152" — fine convention.
2. Evidence ref for pinned C0 uses `ref(ROOT / "artifacts/worker-046/f2a_rev27_verdict/pinned/af_scc_c0_vacuum.55d0a1ea9bda.yaml")` — sha will be 55d0a1ea... presumably.
3. `assert "schemas/af_scc_regularities.yaml" not in fz` — FROZEN rev29 doesn't have it (verified).
4. M keys are basenames; note both TAX (research_map/formulation_taxonomy.yaml) and SUP (artifacts/formulation/formulation_taxonomy.yaml) have the same basename "formulation_taxonomy.yaml"! `M = {p.name: sha(p) for p in ...}` — collision! TAX comes before SUP in the tuple: (C2, C0, AGG, FROZEN, KM, SPEC, GATE, TAX, SUP, CONS). So M["formulation_taxonomy.yaml"] would be SUP's hash (last wins: d7419b4e...), and the assert `M["formulation_taxonomy.yaml"] == fz["research_map/formulation_taxonomy.yaml"]["sha256"]` would fail (d7419b4e != 0abb9ed8). Must fix: use full relative path keys.

Let me fix M to use relative path strings. Update all references:
- M["af_scc_c2_vacuum.yaml"] → M["schemas/af_scc_c2_vacuum.yaml"]
- etc.

Let me use keys = relative posix path. Simpler: define M mapping path-string → hash and adjust.

Also `ref(CONS)` in the review uses CONS.name in one place — fine.

Also `"path": "research_map/formulation_taxonomy.yaml"` with `declared`/`measured` using M[...] — update.

Let me edit the script accordingly.
dsh: reasoning:
Now fix all other M[...] references:
- `"live_sha256": M["af_scc_c2_vacuum.yaml"]` → M["schemas/af_scc_c2_vacuum.yaml"]
- `"c0_live_sha256": M["af_scc_c0_vacuum.yaml"]`
- `"frozen_rev29_sha256": M["FROZEN.json"]` → M["artifacts/formulation/FROZEN.json"]
- `"frozen_rev29_key_manifest": M["KEY_MANIFEST.json"]`
- `"frozen_rev29_checker": M["check_class_schema.py"]`
- `"frozen_rev29_rule_spec": M["rule_spec.json"]`
- f0_binding items: M["formulation_taxonomy.yaml"] (two meanings: declared F0 = research_map/..., measured supplement = artifacts/...), M["taxonomy_consistency.json"]
- event: M["af_scc_c2_vacuum.yaml"]
- checkpoint: M["af_scc_c2_vacuum.yaml"]

Let me apply edits.
dsh: reasoning:
Now run the generator. But note: running it appends to the outbox and writes review/checkpoint. If something fails mid-way, I could have a partial state. The assertions run before any writes, so failures abort safely. Writing review first, then event, then checkpoint — fine.

Let me run it.
dsh: reasoning:
Outputs written. Now verify:
1. The review JSON parses and contains required fields.
2. The event line parses; validate against research_map/events.schema.json (jsonschema may be available).
3. Inputs unchanged post-run (post_hashes vs pre_hashes).
4. Checkpoint parses.

Also I should ensure I didn't accidentally modify any schema (measure post hashes and compare).

Let me run verification.
dsh: reasoning:
"review keys ok: False" — because the review JSON lacks `evidence_refs` (I put evidence refs inside findings/checks, and the review dict has no top-level `evidence_refs`). Let me check which key is missing. The review dict in the generator does not have "evidence_refs" at top level. The user asked for valid JSON with IDs evidence hash falsifier. Let me add top-level `evidence_refs` to the review file for completeness. That's an improvement. Let me patch the review file (add evidence_refs list) and recompute hashes, then update the event's artifact_sha256 and checkpoint.

Cleanest: edit make_outputs.py to include a top-level `evidence_refs` in the review dict (mirroring the event's list, but the event list references the review file itself, which creates a circular hash — avoid including ref(review_path) inside the review). Build a separate evidence list for the review:
evidence_refs = [ref(C2), ref(C0), ref(AGG), ref(FROZEN), ...] plus reports.

Then re-run the generator? Re-running would append a SECOND event and rewrite files. Instead, write a small patch script: load review JSON, add evidence_refs, rewrite, recompute review sha, then update the last outbox line's artifact_sha256 and the checkpoint. But re-running the generator is cleaner if it's idempotent — it isn't (appends). Let me patch make_outputs.py to be idempotent-ish? Simpler: patch the JSON files directly with a fix script, then re-verify.

Actually cleanest: modify make_outputs.py (add evidence_refs to review dict), then run a dedicated "rewrite" that:
- rewrites review file (same content + evidence_refs)
- rewrites the last outbox line's artifact_sha256 + evidence_refs (replace the line in place)
- rewrites checkpoint review_file.sha256.

I'll write a small patch script. Let me add `"evidence_refs": [...]` into the review dict right before "falsifier". To avoid circularity, the review's evidence_refs should not include the review file itself.

Let me edit make_outputs.py then create a one-off patch script that imports nothing from make_outputs but redoes: read review, insert evidence_refs, write; update outbox last line; update checkpoint. Actually easier: modify make_outputs.py to have a `--rewrite-last` mode? Too complex. One-off patch is fine.

Actually, the simplest robust approach: edit make_outputs.py to include evidence_refs, delete the event/checkpoint/review outputs just created, and re-run the generator from a clean state (the generator writes with "a" append — I'd remove the last outbox line first). Since all inputs are unchanged and generator is deterministic except timestamp, re-running gives ONE event line. Let me do that:

1. Edit make_outputs.py to add review evidence_refs.
2. `head -n -1 comms/outbox/worker-046.jsonl > tmp && mv` to drop the last line (verify it's my event).
3. Re-run generator.
4. Re-verify.

Let me compute the review evidence list. I'll add after "conclusion_inflation"... Actually insert before "falsifier":

"evidence_refs": [
  ref(C2), ref(C0), ref(AGG), ref(FROZEN), ref(KM), ref(SPEC), ref(GATE), ref(CONS), ref(TAX), ref(SUP),
  ref(ROOT / "artifacts/worker-046/f2a_rev27_verdict/pinned/af_scc_c0_vacuum.55d0a1ea9bda.yaml"),
  ref(ROOT / "reviews/F2a-review-rev27-a.json"),
  ref(D / "gate_runs/gate_c2_livemanifest.json"),
  ref(D / "gate_runs/gate_c0_livemanifest.json"),
  ref(D / "gate_runs/gate_c2_rev27manifest_rerun.json"),
  ref(D / "gate_runs/d0_instantiation_check_live.json"),
  ref(D / "d0_instantiation_check_live.py"),
  ref(D / "evidence/taxonomy_consistency_stdout.txt"),
  ref(D / "evidence/aggregator_pin_check.json"),
  ref(D / "evidence/pre_hashes.txt"),
  ref(D / "evidence/post_hashes.txt"),
],

Note: post_hashes.txt exists now (written by verification). But it's written after the generator; if I re-run, it exists from the prior run and the hash will be stable. Fine. But careful: pre/post hashes files are stable content. OK.

Let me apply.
dsh: reasoning:
The file changed since read because I ran the sed-like python replacement. I need to re-read it first (fs policy). Let me read the relevant region and then edit.
dsh: reasoning:
Now remove the last outbox line (my generated event) and re-run. First verify the last line is my event id, then truncate. Also the generator will rewrite review/checkpoint (overwrite) and append one event → total lines back to 15.

Let me do: `python3 -c` to check last line event id == w046-f2a-live-rev13-repin-review-20260912T011926, then `sed -i '$d'` the outbox. Then re-run generator.

Note: `sed -i` modifies the outbox file — allowed under workspace-write. Let me use head -n -1 > tmp && mv to be safe.
dsh: reasoning:
Now re-verify everything: review keys including evidence_refs, event schema validity, hashes match, checkpoint, no input mutation (post_hashes may change because post_hashes.txt now lists same inputs — no, post_hashes content is stable; but the generator recomputed refs to post_hashes.txt — its content unchanged, fine).

One issue: the event's evidence_refs references the review file's hash computed at write time; the review file now contains evidence_refs referencing pre/post hashes, all stable. Verify artifact_sha256 matches.

Let me run the final verification and also confirm the event is the last line (15 lines total).
dsh: reasoning:
Everything validates:
- Review JSON with IDs, evidence refs, hashes, falsifier.
- One review event (schema-valid) appended to my outbox.
- Checkpoint at runtime/state/worker-046_F2a_live_repin_checkpoint.json.
- Inputs unmutated.

One more nicety: write a brief README in the artifact dir documenting the commands (reproducibility). Also update todos. Then exit (final answer).

Actually, one question: the user said "checkpoint, then exit". Done. Should I also emit a `status` event? The instructions from the swarm say emit status/claim/artifact/blocker/resource_request JSON. My one bounded task's output is the review event. Adding a status event could be noise; the protocol allows it but a single well-formed review event + checkpoint is what the prior worker did. I'll stop with the review event.

Let me write a short README to the evidence dir for reproducibility (read tool preference: it's a new file, write is fine). Keep it concise.

Also cleanup: I created /tmp/w046_outbox.tmp (moved) — fine. The sandbox toolchain copies are intentional evidence.

Let me write the README and finish. Also mark todos complete.

Wait — one more check: the review file path `reviews/F2a-review-live-rev13-worker-046.json` is new, and my outbox event references it. Good.

Also double-check that no other agent's file was overwritten: I wrote only inside artifacts/worker-046/f2a_live_repin_rev13/, reviews/F2a-review-live-rev13-worker-046.json (new), runtime/state/worker-046_F2a_live_repin_checkpoint.json (new), and appended to my own outbox. The outbox append is my own file. Good.

Let me write README and finalize.
dsh: reasoning:
Done. The README.txt mentions a SHA for `comms/outbox` event; fine.

Final answer: concise summary of what I did, with the class-bound task, IDs, evidence hashes, falsifier, checkpoint paths, and disposition. Exit.
