Bounded worker 031 complete. Final report:

## Task taken
No inbox card existed for `worker-031` (fleet instance `2026-09-12T00:24:44`), so per the handoff I took **one unowned class-bound task**:

**W031-F1-FALSIFIER-BINDING-ADJUDICATION-01** — class `AF-WCC-VAC-GEN`, node `F1`, gate `G-FORM`: adjudicate the contested binding of `schemas/f1_falsifier_tests.jsonl`. The lead-audit F1 review (00:26) claimed the suite was *"bound to superseded hash b65fcc0f"*, while flash-04 claimed it binds current canonical `9a8bd4c9` with 84/84 probes.

## Method
Pinned 4 inputs by sha256 (fail-closed): suite `c4c477ad`, F1 schema `9a8bd4c9`, F0 taxonomy `276009f4`, FROZEN `2554e276`. Built an independent stdlib+PyYAML instrument that (1) classifies every sha256-like token by JSON-pointer role — operative binding vs prior-binding/delta provenance, (2) re-resolves and re-evaluates all 84 stored probes against the pinned schema YAML, (3) checks cross-artifact F0 equality, and (4) runs 5 planted-defect negative controls. Re-measured all inputs at the end (stable).

## Result: `REFUTED_AT_PINNED_HASH`
- **25/25** operative binding rows reference current canonical `9a8bd4c9`; **0** stale operative fields.
- The **24** `b65fcc0f` occurrences are exclusively `prior_binding_*` / `delta_vs_*` provenance — the finding misread provenance as binding.
- **84/84** probes independently recomputed, **0** disagreements with stored pass values.
- F0 equality holds: schema `f0_binding.declared_f0_sha256` = F1-AMB-25 cross-artifact = `276009f4`.
- **7/7** checks pass, **5/5** controls detect their planted defects; one non-blocking observation (suite cites FROZEN rev25 vs live rev26, same F1 hash).

## Artifacts (all in `artifacts/worker-031/f1_falsifier_binding/`)
| file | sha256 |
|---|---|
| `check_binding.py` (instrument, re-runnable) | `3051212775c52116…` |
| `report.json` (full evidence) | `0583852da23b74f4…` |
| `CHECKPOINT.json` | `364e161f00c61f96…` |

**Emitted** 6 protocol-valid JSONL events to `comms/outbox/worker-031.jsonl`: 3 `artifact`, 1 `review` (accept 4.0, scope limited to the binding contract), 1 `claim` (`formal_model`, with falsifier), 1 `status` (active). All event IDs, hashes, evidence paths and falsifiers validated resolved.

**Authority respected:** no gate verdict, no node status, no `validation_status=passed`, no edits to any canonical schema, ledger, map or controller state. Node F1/G-FORM remains lead-owned, and a full-schema F1 verdict at `9a8bd4c9` is still outstanding. Exiting.
