Worker 015 — F2b blind review complete, three files written, exiting.

**Task taken (one class-bound task, per assignment `audit-r2-F2b-a` + bind-chain addendum `audit-r2-F2b-bindchain-worker-015`)**
- Target: `schemas/af_scc_c0_vacuum.yaml`, class `AF-SCC-C0-VAC-GEN`, node F2b, gate G-FORM.

**Hash discipline**
- Pin before == after == final: `55d0a1ea9bda96b80235294cf67079904e066c6d0fef28e14bd2eef38f8945e6` → no moving target.
- Canonical mirror `artifacts/formulation/schemas/af_scc_c0_vacuum.yaml` byte-identical.

**Verdict: `revise`, score 3.5** — substantive content strong, blocked by one hash-bound hard failure.

**Evidence / hard failure `HF-F2B-015-01`**
- `f0_binding.consistency_evidence_sha256` declares `675a99d0…`, but `artifacts/formulation/evidence/taxonomy_consistency.json` measures `9e335e9b…` (495 B), the value FROZEN rev28 pins. `675a99d0…` is the pre-rev28 evidence content (pinned copies survive under `artifacts/worker-022/evbind_guard/pinned/`); the same stale pin is in F1/F2a. Refresh rule not satisfied at current bytes.
- Resolved: `declared_f0_sha256` `0abb9ed8…`; class-contract pointer + supplement fragment; mirror. Unresolved (not mismatch): harvested `worker_sha256 0150bfdf…` draft absent from disk.

**Other findings (falsifiers in the verdict)**
- F-015-01 medium: `E_C2 ⊆ E_C0` needs a recorded smoothing/C^∞-embedding reconciliation (F2b requires smooth M′ and C^∞ iota; F2a pins neither).
- F-015-02 medium: `i_plus_regularity k>=3` has no quantifier binder/tie to r.
- F-015-03 low: smooth-branch Fréchet topology unnamed; Baire justified via Banach only.
- F-015-04 **soft flag line 316 disposed**: `H2_loc` there is a provenance annotation, **not leakage** (not class-id-shaped, not in any `class_id` field, registered as variant H2LOC of the C0 parent); cosmetic qualifier recommended.
- F-015-05 context: stale sidecar `af_scc_c0_vacuum.yaml.sha256` (rev11 `1bb78ce9…`) and aggregator `af_scc_regularities.yaml` still declaring `canonical_gate: pass` with rev11 pins, violating its own SEP-6.
- Clean: conclusion types distinguishable (`scc_c0_future_inextendibility` vs `scc_c2_future_inextendibility`), no C2 assumption imported, no WCC leakage, no conclusion inflation, falsifier decidable with non-meagerness disclosed. Blind rule honored: no `reviews/*F2b*` content read; no gate verdict set.

**Outputs (valid JSON)**
- `reviews/F2b-review-rev27-a.json` — `73aacfbc36f54638ea6238b74b2215c9d6a639e9104295d39fe48d22f04ce733` (23300 B)
- `comms/outbox/worker-015.jsonl` — one `review` event, `fec0a27c9787d4efa213fd01c3c8d0b4f8477b50ad52d7ff918a0e6c9a14ad4f` (3036 B)
- `runtime/state/worker-015_F2b_checkpoint.json` — `d9e3ef8ae49e71b6801a6603fdf966dce2c74a8d128888f832c4dde6dcbd65ef` (self-hash excluded by design)
