Task complete. Here is the bounded execution report.

## Worker 075 — one class-bound task executed

**Task taken:** `astra-life07-classsep-adjudication-review` (inbox card; node **A1**, gate **G-AUDIT**, class_id **GLOBAL**) — exactly one independent non-author review of the r3 CLASSSEP adjudication.

**Why this task, given REC-38:** REC-38 closed the card via substitutes, but lead-audit blocker `audit-l09-b5-classsep-review-missing-20260912T011904` (01:19:46) records the named reviewer/artifact pair as **unfulfilled** and its `needed_to_unblock`/`next_falsifier` is the delivery of `reviews/CLASSSEP-calibration-adjudication-review.json` by a non-author at a cited detector hash. No controller re-dispatch followed (REC-43 instead re-affirmed the detector freeze), so I delivered the named artifact.

**Method:** wrote my own stdlib read-only reproducer; deliberately did **not** run `artifacts/audit/classsep_r3_adjudication.py` because it rewrites the reviewed artifact and copies a new snapshot.

**Results at the frozen hashes (verdict: `accept`, score 4.0, 0 hard failures):**

| check | result |
|---|---|
| pins | 14/14 reproduce before and after; adjudication `7714ffd5b467` unmoved |
| (i) 27-fixture | `17TP/0FP/10TN/0FN` PASS on all four arms; corpus cannot discriminate revisions |
| (ii) APPLIED live | hard **19** = 17 labeled metalinguistic FP (12 claims) + 2 unlabeled DETECTOR_SELF (`claims[327]`,`[336]`) at snapshot `f344ed2aaea5`; 0 TP; all 19 read in context |
| (iii) sens/spec | APPLIED 4/6-3/10, PRE 4/6-1/10, STAGED 5/6-1/10, PROSEFIX 4/6-10/10; battery 13/11/11/23 of 23; **no adoptable arm**, decision (c) re-derived |
| (iv) attribution | **confirmed**: 10/10 HIGH cue-FN belongs to PROSEFIX `dc8aa0de3869`, not STAGED `e2d24b92` (0 cue-FN, rejected on FP axis) |
| (v) freeze | live detector `a8c04fc31e4a` before and after; void `e36b0d644ca7` preserved and not live |
| declared comparison | **154/154 cells match, 0 mismatches** |

**Emitted (upward, one JSON per line):**
- `reviews/CLASSSEP-calibration-adjudication-review.json` — sha256 `bf137ba7be84…` (card deliverable, 18 evidence refs, explicit falsifier, exactly one verdict)
- `artifacts/worker-075/classsep_adjudication_review/` — `report.json`, `repro_classsep_r3_review_075.py`, `raw_measurements.json`, `per_fixture_census.json`, `CHECKPOINT.json` (`1f9a7ec61201…`)
- `comms/outbox/worker-075.jsonl` — 5 `artifact` + 1 `review` + 1 `status` event (`w075-car-20260912T012544-*`); worker-level only, no gate/status authority

**Checkpoint + exit:** map validator `VALID`; no detector/schema/ledger/claim write (concurrent `rev14` moves to F2a/F2b at 01:25:42 are another agent's, my pins are unaffected).

**Falsifier:** void if any of the 14 pins moves, any arm's 27-fixture corpus fails, a genuine first-order C0/C2 merge assertion is found in `claims[36,94,96,97,101,112,144,152,180,192,276,306,327,336]`, an arm meets the adoption bar, or `research_map/class_separation.py` leaves `a8c04fc31e4a` before the controller folds the review.
