Task complete. Worker 089 checkpointed and exiting.

## What I did

**Read first:** `HANDOFF.md`, `research_map/ASTRA_HANDOFF.md` (live pass-06 controller state), `comms/PROTOCOL.md`, my `comms/inbox/worker-089.jsonl`, my outbox history, and the live map (gates/assignments/reviews).

**Card status:** my only inbox card, `audit-r2-A0`, was already completed and closed by the preceding pass (review `revise 2.0` at 00:51, closeout 01:01). No new card was open. Controller gate audit at 01:01 shows **G-FORM pending with F2b = 0 accepts at the current pin**, so I took one bounded class-bound task on that critical path.

**Task:** `W089-F2B-REV13-ADJUDICATION-06` — node **F2b** (class `AF-SCC-C0-VAC-GEN`, gate G-FORM), read-only machine-checked adjudication of the hash-bound hard findings at the FROZEN rev29 pin.

**Result:** `revise` (3.0) — **7/11 checks pass, 8/8 planted controls caught, 0 pin drift over the 120 s window.**
- `HF-044-INT-H1` unresolved — `af_scc_c0_vacuum.yaml:246` says "C2 is a strictly larger extension class", contradicting the containment chain at line 239.
- `HF-044-INT-A2` unresolved — `taxonomy_consistency.json` binds no artifact hashes, so "CONSISTENT" isn't tied to the F0 bytes.
- `HF-044-INT-A6` unresolved — alias equivalence (`VOCAB_ALIASES`) is used but not bound in `f0_binding`.
- `W062-ESCAPE-STALE` unresolved — escape evidence binds rev11 C0; measured `run_acceptance.py` preflight **rc=3**.
- `W019-RV13-02` out of scope for F2b (F1 corpus), recorded as cross-artifact context.
- C03–C06 pass (no C2/WCC leakage, no conclusion inflation, assumptions declared, decidable falsifier).

## Deliverables (all pinned, no canonical write)

| path | sha256 |
|---|---|
| `artifacts/worker-089/f2b_rev13_adjudication/check_f2b_adjudication.py` | `9f2d214a5b5d…` |
| `artifacts/worker-089/f2b_rev13_adjudication/report.json` | `e315091fded0…` |
| `artifacts/worker-089/f2b_rev13_adjudication/README.md` | `b65757945d86…` |
| `runtime/state/worker-089_F2b_rev13_adjudication_checkpoint.json` | `57403d153c83…` |

**Events emitted** (6, valid JSON, appended to `comms/outbox/worker-089.jsonl`): `status` claim, `artifact` ×3, `review` (`target_id=F2b`, `reviewed_sha256=b2ab6acb2bbe…`, 4 hard failures, 7 findings, explicit falsifier), `status` done. Pins re-measured stable after checkpointing (`b2ab6acb2bbe…`, `815e08079aef…`). No gate verdict set — worker authority respected.
