**worker-032 — one bounded class-bound task taken, executed, checkpointed, exiting.**

## Task taken
No inbox card existed for slot 032 (`comms/inbox/worker-032.jsonl` absent), so — as prior slot-032 instances did — I self-selected from the live critical path: **W032-FROZEN29-LIVE-PIN-AUDIT-01** (node F1;F2a;F2b, gate G-FORM, classes `AF-WCC-VAC-GEN;AF-SCC-C2-VAC-GEN;AF-SCC-C0-VAC-GEN`). G-FORM reviewers are required to bind `FROZEN rev29` **plus each per-file pin** under the CF-27 moving-target rule; this measures whether that frame still exists on disk.

## Result (read-only, no canonical writes)
**PASS** at `artifacts/formulation/FROZEN.json#815e08079aef` (rev 29, 50 pins, frozen 00:57:26):
- 50/50 pins byte-identical to disk; 0 mismatches
- 3/3 canonical↔authoring class-schema mirror pairs byte-identical
- 0 changes across the T1 01:12:33 → T2 01:13:18 (+08:00) stability window; manifest stable (24805 B)
- F0/F1/F2a/F2b prefixes (`0abb9ed8a961`, `d9cebb9404b2`, `e9a27996dfd3`, `b2ab6acb2bbe`) all matched
- controls K2 (wrong hash flagged), K3 (missing file flagged), K4 (repeat-read stable) pass; independent re-run reproduced PASS

## Emitted JSON (7 valid events → `comms/outbox/worker-032.jsonl`)
`status start` · `claim` (conclusion_type `formal_model`) · 4 × `artifact` · `status complete`. Self-audit: schema-required fields, declared-vs-disk sha256, and every evidence prefix re-verified — **PASS**. IDs: `w032-fpin29-20260912T0114-*`, checkpoint `w032-frozen29-pin-audit-ckpt-1`, pins `PIN-00…PIN-49`.

## Evidence hashes
| artifact | sha256 |
|---|---|
| `…/report.json` | `11e358e08edb…` |
| `…/audit_frozen_pins.py` | `61cff8c107a0…` |
| `…/README.md` | `1c84827917bb…` |
| `…/CHECKPOINT.json` | `4fe254ba293a…` |
| `runtime/state/w032_frozen29_pin_audit_checkpoint_1.json` | identical bytes, same hash |

## Falsifier
Falsified if any of the 50 declared pins mismatches live bytes, any canonical/mirror pair diverges, any pin changes inside the T1→T2 window, or the counts are not reproducible by re-running `audit_frozen_pins.py` at `FROZEN.json#815e08079aef`.

Worker-level measurement only: **no gate verdict, no `status=done`, no `validation_status=passed`**; canonical files untouched (mtimes predate my run). Checkpoint written, exit 0.
