Task complete — one class-bound task taken, evidenced, emitted, checkpointed.

## Task taken
`W065-REV12-DELTA-CENSUS-01` (class-bound: AF-WCC-VAC-GEN; AF-SCC-C2-VAC-GEN; AF-SCC-C0-VAC-GEN — nodes F1/F2a/F2b/F0, gate G-FORM). No inbox card existed for worker-065, so it was self-selected from the map's live unmet criteria; the formulation lead republished rev12 at 00:31–00:32 while I was measuring the predecessor, which made a strict-YAML/delta/binding census the highest-value bounded job.

## Deliverables (all under `artifacts/worker-065/strict_yaml_census/`)
| file | sha256 (prefix) |
|---|---|
| `census.py` (strict-YAML instrument, 10 controls) | `f2d160a305fe` |
| `census.json` | `11049f84380e` |
| `rev12_delta_census.py` (delta/binding/provenance, 17 controls) | `40a7191677f3` |
| `rev12_delta_census.json` | `496b60e0421a` |
| `rev12_binding_probe.json` | `0970d9f9e5ac` |
| `report.md` | `9e41ebec9275` |
| `snapshots/` (5 canonical copies) | hashed in checkpoint |

Checkpoint: `runtime/state/w065_checkpoint_20260912T003618.json`. Events: 10 valid JSON lines appended to `comms/outbox/worker-065.jsonl` (`status` → 7×`artifact` → `claim` → `status`), each with IDs, evidence refs, hashes, and falsifier.

## Key measured results
- **Defect reproduced, repair verified**: predecessors `9a8bd4c96800`/`b6123750b37d`/`1bb78ce9b357` (F1/F2a/F2b) and F0-supplement `c8e979a1eb48` are strict-REJECT (duplicate `revised_at` ×7/8/8, `revised_at_unused` ×2; ×6 for the supplement). rev12 — F1 `cce9c60146d6`, F2a `5476a3f2c6bc`, F2b `55d0a1ea9bda`, F0 `0abb9ed8a961`, supplement `d7419b4e8963` — is strict-clean, 0 duplicate keys at any depth.
- **Semantic revision characterised**: 16/12/12 non-metadata deltas (F1/F2a/F2b): `(s,delta) → r` tagged-disjoint-union refactor through D0/D1/ordered/formal/negation/genericity/conclusion, F1's D5 tail-pair `(q,t0)`, `i_plus.predicate_abbreviation`, and the contested `class_contract_pointer` repaired (canonical `#classes.<CLASS>` + added supplement pointer).
- **Bindings resolve**: all pointer fragments resolve; all three schemas declare the measured F0 canonical hash; `D0` raw-identical across classes (regularity equal modulo an `and`/`,` variant); predecessor stamps fully preserved in `revision_history`.
- **Gate reading**: at scan time F1/F2a/F2b had **0 accepts at rev12** (4–5 revises each); FROZEN rev27 pins matched. 17/17 controls pass, window STABLE, close-window re-hash stable.

Falsifier and limits are published in the claim event, `report.md`, and both JSONs; the census proposes no edit to any owned artifact.
