WP13-F1-GATE v0.1 target=schemas/af_wcc_vacuum.yaml
verdict=reject  sha256=cce9c60146d6a907...
  FAIL R02: class_components.asymptotic_flatness missing/empty
  FAIL R02: class_components.matter='VAC' is not vacuum
  FAIL R03: quantifier_order must be a list with >= 2 entries
  FAIL R03: formal_statement missing/empty
  FAIL R04: topology.manifold missing/empty
  FAIL R04: topology.dimension missing/empty
  FAIL R04: topology.asymptotic_end missing/empty
  FAIL R04: topology.compactification missing/empty
  FAIL R04: topology.dimension='' is not 3+1
  FAIL R04: topology.ends=None is not an integer >= 1
  FAIL R04: topology.compactification does not mention a conformal completion
  FAIL R05: data_class.matter='none' is not vacuum
  FAIL R05: data_class.constraints does not name the constraint equations
  FAIL R05: data_class.constraints lacks the Hamiltonian constraint
  FAIL R05: data_class.constraints lacks the momentum constraint
  FAIL R05: data_class.sobolev_index=None is not numeric
  FAIL R05: data_class.weight must be a named/numeric weight with a value
  FAIL R05: data_class.decay_rate missing/empty
  FAIL R05: data_class.norm missing/empty
  FAIL R06: genericity.kind='residual_comeager' not in ['full_measure', 'meager_complement', 'open_dense', 'residual', 'stable_under_perturbation', 'symmetry_breaking']
  FAIL R06: genericity.condition missing/empty
  FAIL R06: genericity.excluded missing/empty
  FAIL R07: i_plus.completeness_condition missing/empty
  FAIL R07: visibility.predicate missing/empty
  FAIL R07: visibility.negation missing/empty
  FAIL R08: conclusion_type='' not in ['conditional_theorem', 'formal_model', 'open_problem']
  FAIL R08: conclusion missing/empty
  FAIL R09: leakage token 'inextendibility of the maximal development' from AF-SCC (strong censorship / extendibility)
  FAIL R10: falsifier.witness_type='' is empty or none
  FAIL R10: falsifier.test missing/empty
  FAIL R11: evidence_refs must be a non-empty list
passed_rules=2/12
