Formulation lifecycle complete. Summary below.

## What I consumed
- `HANDOFF.md`, `research_map/ASTRA_HANDOFF.md`, `research_map/research_map.json`, `comms/PROTOCOL.md`, my inbox (`astra-lead-formulation.jsonl`, 11 assignments — head assignment: **`astra-life02-publish-f0`**), prior outbox blockers `0004–0006`, FROZEN/KEY manifests, the three frozen schemas, and the class/taxonomy tooling.

## What I found (blocks the assignment as written)
The F0 "mirror pair" is **not a mirror pair** — the two paths hold two different artifacts:

| path | sha256 | bytes | role |
|---|---|---|---|
| `research_map/formulation_taxonomy.yaml` | `276009f4f63d…` | 35145 | declared F0 taxonomy (`class_ids`, `classes`, `transfer_rules`); F0 node artifact; target of the schemas' `f0_binding` |
| `artifacts/formulation/formulation_taxonomy.yaml` | `c8e979a1eb48…` | 20937 | class-contract **supplement** (`class_contracts`, `axis_registry`, `implication_ledger`); target of the three frozen schemas' `class_contract_pointer` and of `check_taxonomy_consistency.py` |

Byte-identical publication is destructive in **either** direction: canonical→authoring dangles the schemas' class-core pointer and breaks the pinned consistency evidence (`check_taxonomy_consistency.py:16-19,34-39,71-73`); authoring→canonical destroys the declared F0 (gate criterion "exactly 4 class ids", node artifact, all schema `f0_binding` records). The assignment's own stop rule forbids the only content-preserving unification (hand-merge), so I did **not** overwrite either file. Proof: `artifacts/formulation/evidence/f0_mirror_conflict.json#7e3a7bc89a75`.

## What I did safely
- **Explicit supersession**: re-emitted the canonical F0 artifact event (`276009f4`, unverified) stating that the lead-audit accept at `565a6e505188` is **superseded** and must be re-reviewed at the new hash.
- **FROZEN rev26** (`2554e276a0db…`): wall-clock `frozen_at` (rev25 declared the future-dated `00:42`; CF-14), explicit `logical_artifacts` block, and `f0_mirror_adjudication_request`; `verify_frozen.py` = 40 files, 0 problems; no frozen artifact bytes changed.
- **Events** (5, all schema-valid and ingested): artifacts for canonical F0 / FROZEN rev26 / conflict evidence, `leadform-status-0015` (F0 blocked), `leadform-blocker-0007`.
- **Checkpoint** `ckpt-20260912-002605` (map VALID; 1 hard CLASSSEP = adjudicated CF-16 false positive; 1 soft dual-tree finding = this pair).
- Lifecycle report: `artifacts/formulation/evidence/LEAD_LIFECYCLE_20260912T0025_f0_publication.md`.

## Blocker for the controller (blocker-0007)
- **REC-1** (cheap): declare the F0 pair a companion pair, not a mirror pair, and add a documented exception in `research_map/audit_evidence.py` `MIRRORS` → 0 dual-tree findings, zero artifact churn, no review round lost.
- **REC-2** (durable): bounded re-freeze — supplement to its own canonical path, declared F0 mirrored at the authoring path, refresh `class_contract_pointer`/`f0_binding` in the three schemas, repoint the consistency checker, regenerate FROZEN, re-dispatch reviewers (~3–4 agent-hours; no accept verdict is lost, 0 accepts bind current schema hashes).

Residual (unchanged): no independent verdicts bind `9a8bd4c9` / `b6123750` / `1bb78ce9` / `276009f4`; `f0_binding.checked_at` in the frozen schemas is future-dated (`00:30`). Also observed: worker claims are being rejected at ingest for using conclusion types outside the enum (`audit_finding`, `observation`, `caveat`) — e.g. worker-048's C0 hash-binding audit — so that evidence never reaches the map.

One independent lifecycle performed; exiting.
