[2026-09-12T00:51:10+08:00] runner sha256=2e9dfb86a98bfbede04c3e8d65fe2e6128717e87cba3a0809e33f69d56d09f7d
ledger sha256 start=315c19145065a5f9c95d64461eae760b4c296b06d1f2f09bc5847ac1a7064ce9
frame registered BEFORE fetch: 38 rows, sha256=c9e655bfeb35c52072393be573b9347435df51f716d4b5b21bbf14fd246ee1d4
classification agreement vs predecessor census: 97/97 disagree=[]
parser control: True
  [1/38] SRC-005 rank=2 hits=6 -> HIT_IN_PAGE_NOT_TOP
  [2/38] SRC-006 rank=0 hits=6 -> TOP_HIT_MATCH
  [3/38] SRC-007 rank=3 hits=6 -> HIT_IN_PAGE_NOT_TOP
  [4/38] SRC-008 rank=4 hits=6 -> HIT_IN_PAGE_NOT_TOP
  [5/38] SRC-009 rank=5 hits=6 -> HIT_IN_PAGE_NOT_TOP
  [6/38] SRC-024 rank=6 hits=10 -> HIT_IN_PAGE_NOT_TOP
  [7/38] SRC-025 rank=5 hits=10 -> HIT_IN_PAGE_NOT_TOP
  [8/38] SRC-026 rank=2 hits=6 -> HIT_IN_PAGE_NOT_TOP
  [9/38] SRC-027 rank=1 hits=6 -> HIT_IN_PAGE_NOT_TOP
  [10/38] SRC-028 rank=3 hits=6 -> HIT_IN_PAGE_NOT_TOP
  [11/38] SRC-029 rank=0 hits=6 -> TOP_HIT_MATCH
  [12/38] SRC-030 rank=4 hits=6 -> HIT_IN_PAGE_NOT_TOP
  [13/38] SRC-037 rank=0 hits=1 -> TOP_HIT_MATCH
  [14/38] SRC-039 rank=1 hits=2 -> HIT_IN_PAGE_NOT_TOP
  [15/38] SRC-040 rank=0 hits=2 -> TOP_HIT_MATCH
  [16/38] SRC-045 rank=5 hits=10 -> HIT_IN_PAGE_NOT_TOP
  [17/38] SRC-046 rank=None hits=10 -> NOT_IN_RETURNED_PAGE
  [18/38] SRC-047 rank=None hits=10 -> NOT_IN_RETURNED_PAGE
  [19/38] SRC-048 rank=0 hits=10 -> TOP_HIT_MATCH
  [20/38] SRC-049 rank=8 hits=10 -> HIT_IN_PAGE_NOT_TOP
  [21/38] SRC-050 rank=3 hits=10 -> HIT_IN_PAGE_NOT_TOP
  [22/38] SRC-051 rank=9 hits=10 -> HIT_IN_PAGE_NOT_TOP
  [23/38] SRC-052 rank=None hits=10 -> NOT_IN_RETURNED_PAGE
  [24/38] SRC-053 rank=None hits=10 -> NOT_IN_RETURNED_PAGE
  [25/38] SRC-062 rank=0 hits=10 -> TOP_HIT_MATCH
  [26/38] SRC-063 rank=8 hits=10 -> HIT_IN_PAGE_NOT_TOP
  [27/38] SRC-064 rank=None hits=10 -> NOT_IN_RETURNED_PAGE
  [28/38] SRC-065 rank=7 hits=10 -> HIT_IN_PAGE_NOT_TOP
  [29/38] SRC-066 rank=0 hits=1 -> TOP_HIT_MATCH
  [30/38] SRC-070 rank=0 hits=1 -> TOP_HIT_MATCH
  [31/38] SRC-078 rank=1 hits=6 -> HIT_IN_PAGE_NOT_TOP
  [32/38] SRC-079 rank=0 hits=1 -> TOP_HIT_MATCH
  [33/38] SRC-081 rank=None hits=10 -> NOT_IN_RETURNED_PAGE
  [34/38] SRC-082 rank=0 hits=9 -> TOP_HIT_MATCH
  [35/38] SRC-083 rank=4 hits=9 -> HIT_IN_PAGE_NOT_TOP
  [36/38] SRC-084 rank=3 hits=9 -> HIT_IN_PAGE_NOT_TOP
  [37/38] SRC-085 rank=6 hits=9 -> HIT_IN_PAGE_NOT_TOP
  [38/38] SRC-091 rank=2 hits=10 -> HIT_IN_PAGE_NOT_TOP
  positive control SRC-062: pass=True n_hits=1
  positive control SRC-078: pass=True n_hits=1
  negative control: pass=True n_hits=0
  idempotence control: pass=True
ledger sha256 end=315c19145065a5f9c95d64461eae760b4c296b06d1f2f09bc5847ac1a7064ce9 drift=False
wrote /data3/guoshaoyang/workdir/ai4math-swarm/artifacts/worker-070/l1_locator_live02/report.json sha256=94b9730a3f257def0770a61b61d7552c53172141b91dd14a5ceb1eb77532530c
status=COMPLETE verdicts={'HIT_IN_PAGE_NOT_TOP': 22, 'TOP_HIT_MATCH': 10, 'NOT_IN_RETURNED_PAGE': 6} top_hit=['SRC-006', 'SRC-029', 'SRC-037', 'SRC-040', 'SRC-048', 'SRC-062', 'SRC-066', 'SRC-070', 'SRC-079', 'SRC-082']
