**worker-063 complete — one bounded class-bound task taken, measured, checkpointed, exiting.**

## Task
`W063-SET-DIRECTION-ADJ-01` — class `AF-WCC-VAC-GEN`, node F1, gate G-FORM (no inbox card existed for worker-063, fleet 00:57:30; self-assigned from the live G-FORM coverage gap).

**Adjudicated:** F1 rev13 says variant SET is "strictly WEAKER" than the single-q tail predicate; the G-F0-passed canonical F0 says the set-based reading is "strictly stronger".

## Result (1 predicate-level conflict, 0 at class-negation level)
- **Predicate level:** S (single-q tail) ⇒ U (union reading) with **0 counterexamples** over exhaustive finite models (n∈{3,4}, |I⁺|=2); converse fails at witness `tail={0,1}, J⁻(q0)={0}, J⁻(q1)={1}`. → **F1 rev13, VARIANT_REGISTRY, SET delta are correct.**
- **Class-assertion level:** ¬U ⇒ ¬S, not conversely → variant SET conclusion strictly stronger; delta negation clause and companion D1 row correct.
- **Defect:** `research_map/formulation_taxonomy.yaml @0abb9ed8a961` L199–200 (G-F0-frozen) is the only inverted carrier. It cannot be worker-edited (any write voids G-F0) → controller erratum vs re-freeze decision. Independently reproduces worker-018 `HF-W018-F1-1` and localizes the repair to F0, not F1.

## Artifacts (live hashes, self-audited)
| path | sha256 |
|---|---|
| `artifacts/worker-063/set_direction_adjudication/report.json` | `5a9ea89dca09…` |
| `…/run_set_direction_063.py` (fail-closed: exit 3 on drift, 2 on control failure) | `1442c2ee732b…` |
| `…/README.md` | `ea1374e02434…` |
| `…/CHECKPOINT.json` (v2) | `244bf2a80708…` |

Evidence: 8/8 pins verified at runner entry **and** exit, 0 drift — F0 `0abb9ed8a961`, F1 canonical+mirror `d9cebb9404b2`, registry `6bac9adea19e`, SET delta `64b8d6394a04`, FROZEN rev29 `815e08079aef`, consistency evidence `9e335e9ba1bf`; 7 carriers with exact lines. Controls K1–K6 all pass (mutation flips, determinism, pin-drift fail-closed, out-of-scope CH negative control).

## Falsifier
Derive U ⇒ S under the class assumptions; or show F0 L199–200 refers to the class-negation statement rather than the set-based reading; or drift any pinned input and re-run (exit 3 expected, binding void).

## Checkpoint / exit
- Worker checkpoint: `runtime/state/w063_checkpoint_setdir_20260912T010130.json`; exit code 0.
- Outbox: 11 events emitted, **11/11 accepted by ingest, 0 rejects** (`claim`, `review` on `F0@0abb9ed8a961` verdict revise 4.0, `blocker` routing the F0 erratum, `status` active, artifacts).
- No canonical artifact, schema, FROZEN manifest, or map file written; worker authority limits observed.
