dsh: reasoning:
I need to understand my role as worker=015 and locate the handoff/map and comms files in the session workspace to identify the task I'm supposed to take on.
dsh: reasoning:
I need to search more specifically for a handoff or map directory, maybe something like "workflow" or "swarm" with relevant documentation.
dsh: reasoning:
I'm looking at the swarm directory structure and trying to locate where the handoff and map directories might be, checking the launch and supervise scripts along with the archived swarm files.
dsh: reasoning:
I'm identifying the swarm root directory at `/data3/guoshaoyang/workdir/ai4math-swarm` and need to examine the key files there—the handoff document, research map, and communication directories. This looks like a multi-agent research swarm focused on cosmic censorship and general relativity, so I'm diving into the structure to understand the setup.
dsh: reasoning:
I'm worker-015, so I need to locate my task assignment in the comms system. Let me start by reviewing the protocol document, then check the inbox for messages addressed to me, and finally look at the assignments folder to understand what I'm supposed to work on.
dsh: reasoning:
I'm checking the inbox for any messages directed to worker-015, then reviewing the handoff and research map to find available class-bound tasks. Since there's no dedicated inbox file for my worker ID, I'll need to look at the flash-15 inbox instead, and I notice there's a runtime state checkpoint file I should examine.
dsh: reasoning:
I see I've been assigned multiple tasks across the inbox—there's a guard test for the numerics lock from Astra, a generic notion separation matrix from the formulation lead, and a couple of review assignments with different priorities.

The latest messages are the review tasks from 23:27 and 23:51. Given the bounded execution requirement and the constraint to take one class-bound task, I need to pick a single assignment that can be completed within scope, emit the required JSON output with proper identifiers and evidence, checkpoint, then exit. Let me check the assignment status and current map state to see what's still open and what task is most tractable. The N1 lock guard task appears to be already satisfied—the handoff confirms the guard file exists and the spherical solver is absent. I should verify the guard runs and check whether task FOR M-GEN-05 is still incomplete, since that would be the most promising one to claim. Let me first look at the map to see what's currently assigned.
dsh: reasoning:
I need to look at the full assignment records to see their actual status and metadata, since the initial output didn't include those details.
dsh: reasoning:
Looking at the map status, I have four assignments with no explicit status, and I need to identify which one is the class-bound task. The N1 assignment requires 4 hours and appears to be a lock guard test with a file artifact, while the FOR M-GEN-05 assignment is the more substantial genericity matrix work with two artifacts.

To determine which task is actually incomplete and worth pursuing, I should check whether the required artifacts already exist on disk. My approach will be to verify the artifact presence and hashes against the map, then pick the highest-value open task — likely FOR M-GEN-05 if those files are missing — and complete it according to the task requirements.

I need to find the acceptance tests that came with the assignment. The map record was truncated, so I'll need to check the raw inbox file and any associated assignment files to get the full specification.
dsh: reasoning:
I'm checking which tasks have already been completed by looking at the artifacts—the lock guard task is done, the genericity matrix needs verification, and the F2a review appears to exist.

Now I need to examine the artifacts/flash-15/genericity/ directory and the reviews to figure out which task is actually still open and what the most recent state is. Since my instructions say to take one class-bound task and emit valid JSON with IDs evidence hash falsifier, then checkpoint and exit, I should pick the most clearly open and class-bound assignment. The genericity matrix task stands out as the strongest candidate—it's class-bound, has specific acceptance criteria, and there are two artifacts to verify. Let me check its current status.
dsh: reasoning:
I'm reviewing the work history—the previous session already completed the N1 guard fail-closed analysis with checkpoint-11 at 00:35, covering the genericity matrix, F2a review, and convergence work. The current time is around 00:36-00:37, so I need to check the newest artifacts and outbox to understand what's still pending.

Looking at my instruction, I need to take one class-bound task, emit valid JSON with IDs, evidence, hash, and falsifier, then checkpoint. The most recent checkpoint shows the N1 guard fail-closed task was just submitted, so I should identify what comes next from the live queue—either by checking if there's a new assignment card or by looking at the genericity matrix status and frozen schema deltas to find an unfilled gap.
dsh: reasoning:
I'm checking the current state of the N1 guard failclosed work—it's staged but not yet applied, and I need to look at the live queue to find what class-bound task to tackle next. The most recent outbox events suggest I should review the genericity matrix work around the AF-WCC-VAC-GEN class and its schema alignment.

The assignment FORM-GEN-05 is still open with a gate of G-CLASSBIND and artifacts at genericity_matrix.json and README.md. Since the map shows G-FORM is still pending with unresolved findings, and the newest artifact is F1-rev12-closure-090 after the schemas were updated, the highest-value work now is to validate the genericity matrix against revision 12 of the schema and check for any binding issues with the class IDs. I need to check the current schema hash and review the most recent closure artifact to find the exact gap I can fill with a concrete, falsifiable measurement. Then I'll produce that measurement as an artifact, emit the JSON with evidence, checkpoint, and exit.
dsh: reasoning:
I'm checking the latest lifecycle report to see what assignments and findings are still open, particularly looking for worker tasks in the form-15 slot and the key gates that are currently blocked—mostly waiting on review verdicts. The genericity matrix from the FORM-GEN-05 task appears to be the relevant work item here.

The critical question is whether my artifact (genericity_matrix.json) is bound to the current frozen schema hash. The lead mentioned that the canonical schema has changed since my previous submission, and they asked me to re-run N1-N5 acceptance against the rev2 hashes and report only the deltas. That's the concrete open work for my class-bound task—re-validate the genericity matrix against the current frozen revision hash, report any deltas, and confirm the class binding is intact.

Let me check the current schema hash and compare it to what my artifact was last bound against.
dsh: reasoning:
I'm reviewing the current frozen state—revision 28 with schemas at rev12 and the canonical hashes pinned. My genericity matrix from earlier is now stale since it was built against rev2 schemas, and I need to update it to match the current revision.

The task is to re-run acceptance against the frozen rev12 hashes and report only the deltas, which means re-validating the matrix against the current canonical schema to find any drift or mismatches. I need to understand the acceptance tests structurally first, then check whether the current matrix still aligns with the new schema. Before proceeding, I should verify that the pinned schema hashes haven't changed since they're now frozen and any modifications would invalidate the review.
dsh: reasoning:
I've built the genericity matrix against the schema revision from around 23:32, but the current frozen revision is 28 with rev12 schemas. However, I'm realizing that the genericity matrix isn't actually derived from the schemas directly—it's a structured reference covering the five different genericity notions and their properties.

The real question is whether the current schemas already encode the genericity matrix correctly. Since the revision strengthened several rules and the genericity notion is part of the class definition, I should check if there's been a drift between what I recorded and what the current schema specifies. Before I finalize my response, I need to verify that the canonical schema hash appears and confirm one gate run against these current hashes.

Let me check the rule spec for R07 to see what key names are fixed for the genericity section, then validate my matrix against the current schema.
dsh: reasoning:
I'm verifying that my matrix is properly bound to the class definitions by checking if the `genericity` blocks in the current schemas match what's defined in my matrix. The worker needs to complete the task against the frozen revision hashes, and I'm working with the core requirement keys for R07.

The real task here is to validate whether the genericity matrix and the current schema rev12 agree—specifically, for each of the three classes, I need to check if the schema's genericity statement is consistent with my matrix rows. I should write a checker that reads the canonical schemas at their current hash and verifies the binding. Let me examine the genericity blocks in the current schemas to understand what I'm comparing against.
dsh: reasoning:
I need to locate the actual genericity keys within the schema structures rather than just finding the first reference to them. Let me search for the `genericity:` key directly in the YAML blocks to understand how the schema is organized.
dsh: reasoning:
The schemas at rev12 align well with my genericity matrix across all three classes, all using residual_comeager with the same transfer structure and failure pairs. My matrix captured four notions, but there's a sixth one in the schema variants that I need to account for.

Looking at the matrix, I have residual/comeager, full-measure, open-dense-escape, and finite-codimension-complement, plus dense_escape and none as additional variants. The real issue is that while my matrix's transfer_matrix has 12 rows for ordered pairs of the four notions, the schema's transfer_failures and transfer_holds don't include pairs like [full_measure, open_dense_escape] or [full_measure, finite_codimension_complement]—those are missing from the schema's explicit lists. I need to check whether the matrix includes those pairs and whether this gap matters for the assignment. I see there's an immediate actionable task: validating the matrix against the current frozen rev12 schemas where FORM-GEN-05 remains open. My plan is to hash all current inputs, run the existing matrix checker against the frozen hashes, then execute the JSON validation that enforces the key requirements.

If any deltas or mismatches surface, I'll document them as findings, otherwise I'll confirm alignment. Then I'll update the existing artifacts with a clear, bounded validation report rather than creating new files, and emit the corresponding JSON event with all required fields and validation status set appropriately.

I need to be careful not to auto-promote anything—the event carries `validation_status: "unverified"` and `claim_status: "unverified_proposal"`. I'll route the status update through `comms.py send` to the lead-formulation instead of writing directly, and checkpoint into my own artifact directory.
dsh: reasoning:
I need to check the existing validation scripts to understand how they work, then create a new re-bind validator rather than modifying the frozen artifacts. Let me examine check_matrix.py and check_schema_alignment.py to see their structure.
dsh: reasoning:
I'm re-running the checker against the current frozen schemas to verify the deltas from my previous checkpoint, then comparing the results to see what's changed.
dsh: reasoning:
The delta check passed cleanly—the stale precheck had 10 hard failures and 3 warnings, but now at the frozen revision 12 schemas, there are zero hard failures and zero warnings, with all 12 transfer failure claims aligning with my matrix. The class binding issue is resolved across all three classes.

Now I need to verify the transfer holdings explicitly since the current checker only validates the failure set. I'll extend this with a complete bidirectional check across all 12 ordered pairs per class, confirming both the schema's transfer_failures and transfer_holds align with my full transfer matrix. I should also validate that the vocabulary kinds are covered, then produce a final artifact with the evidence—a delta report paired with the checker output, both hashed and timestamped. This should be decisive and bounded.
dsh: reasoning:
I'm working through a 12-pair transfer matrix that maps relationships between different set properties. The matrix shows which implications hold and which don't—like how residual comeager doesn't guarantee full measure, while open dense escape does imply residual comeager. I'm noticing there's a gap in the data at one of the transfer entries.

Now I'm comparing this against what the schema actually contains. The schema has transfer_failures and transfer_holds lists, but I'm seeing that some pairs are missing from these lists. Specifically, there are two failure pairs and two holds pairs that aren't represented in the schema's explicit lists. These missing entries are all derived facts that follow from transitivity or from the structural properties already defined, so they're not new claims—they're consequences of what's already there. This looks like a real finding worth reporting: the schema's transfer lists are incomplete relative to the full 12-pair matrix.

Let me write a script to systematically check all 12 pairs across all three schemas and verify whether the schema either explicitly records the transfer status or correctly omits it because it's already captured by the vocabulary and variant clauses. I'll save this as an artifact with the results.
dsh: reasoning:
I'm noticing a discrepancy in my transfer matrix calculations. Let me verify the counts: the matrix shows 12 rows total, but when I break down the explicit failures and holdings, I'm getting 12 failures and 6 holdings across the three schemas, which doesn't quite add up. Let me recount the matrix rows to make sure I'm tracking the transfers correctly. So the disagreement count is 15 rows, meaning 1 row agrees on average per class—that's the `finite_codimension_complement->full_measure` row marked "open" but the schema lists it under `transfer_failures` as a failure. Another checkpoint flagged this inconsistency, so it's a real finding worth reporting: the schema claims a definite failure while the matrix marks it open.

But wait, there's a deeper issue: the matrix has 12 pairs per class, but the schema only explicitly lists 4 failures and 2 holds = 6 pairs, leaving 6 silent. The schema's transfer_failures section is just a witness list, not a complete specification. I need to check whether R07's requirement for non-empty transfer_failures is satisfied and whether a reviewer would accept this as underspecification compared to the matrix's full 12-pair coverage.

Actually, the schema does carry the full closure through the variants list and class_change_warning, which encodes all four residual directions. The `finite_codimension->full_measure` case is genuinely open, so the schema naming it as a "failure" is a real defect. Let me refine my classification to be fair and precise about what's explicit versus what's encoded elsewhere.

I'm building a checker that accounts for all four channels: explicit transfer_failures, transfer_holds, entailment chains, and variant declarations. Then I can distinguish between things the schema denies (like `full_measure->open_dense` and `full_measure->finite_codim`) versus things it simply doesn't name.
dsh: reasoning:
I'm identifying patterns in the transfer relationships across all three schemas—specifically how the variants field and class_change_warning statements conflict. The open dense escape variant is marked as strictly stronger, which means it implies residual comeager but doesn't work in reverse, while full measure is incomparable to the others. I'm noticing that the schema doesn't cleanly specify the full_measure to open_dense relationship, and there's a potential inconsistency between the "incomparable" label in variants versus the explicit failure statement in transfer_failures. The "incomparable" label in the variants refers specifically to the relation between full_measure and residual_comeager, not to all other notions, so there's no actual contradiction there. But I'm noticing a real gap: the schema doesn't explicitly state or derive that full_measure fails to transfer to open_dense_escape.

Looking at the schema's structure, this transfer failure is indeed silent across all three documents — it's not derivable from what's declared. My matrix proves it with witness W3 (the irrationals are full-measure with empty interior), but the schema only encodes the four edges involving residual_comeager and the holds relations. This is a genuine finding: five of the twelve ordered pairs in the complete transfer relation aren't encoded in the canonical schemas, including this one that's a substantive mathematical claim.

The schema declares "incomparable" for full_measure and even names `open_dense_escape` as a strict stronger variant, which actually entails failure of open_dense_escape→full_measure. So that row is derivable from the declared structure, even if not explicitly listed. But full_measure→open_dense_escape and some others remain genuinely unsupported.

Let me refine my approach: I'll treat the schema's declared holdings as complete, then check which unsupported failure rows are actually derivable from the variant declarations and class change warnings. This should clarify which disagreements are real versus just formatting differences. The open-dense escape row is a declared variant with "strictly stronger" strength, and since it's not the class default, that means it has no converse—so the failure is derivable directly from the schema's own declarations, not unsupported. The closure is effectively complete even though it's not presented as a 12-row table. So the real finding isn't a defect in the schema itself, but rather that my earlier manual classification over-reported unsupported rows by not accounting for the declared variant strengths and incomparability annotations. Let me double-check this with all the actual rows: the three default-to-full-measure failures are explicit, default-to-open-dense is the declared strict implication, default-to-finite-codimension is explicit, full-measure-to-default is explicit, full-measure-to-open-dense follows from the strict relation, and full-measure-to-finite-codimension is the incomparable/conditional case.

Now I'm checking whether the schema actually labels full-measure as incomparable in the variants or just in the transfer matrix—that's the critical distinction for deciding if this is a real defect. I need to rewrite the classification logic to properly account for the declared variant strengths and see what the actual delta is. The real issue is that all three schemas declare `full_measure` as incomparable, but the matrix marks the pair `finite_codimension→full_measure` as open, conditional on a measure hypothesis. This looks like a genuine mismatch—either the schema should flag it as conditional, or I need to verify whether `open` and `incomparable` actually mean the same thing here. I should report this to the schema owner as a delta against the previous precheck, then run a rigorous closure check to see if there are any actual mathematical disagreements between the matrix and the schemas. My preliminary scan suggests only this one row differs, but I need to verify the closure is complete and that everything else is strictly implied by the explicit schema.
dsh: reasoning:
I'm noticing that `finite_codimension_complement->open_dense_escape` is being marked as silent in the closure, but the schema actually does declare this pair explicitly in `transfer_holds` with the pair `[finite_codimension_complement, residual_comeager]`. Let me verify I'm reading the schema correctly — there are two pairs in `transfer_holds`, and the second one does reference `finite_codimension_complement`.

Looking at the closure algorithm, it's marking `residual_comeager` as an incomparable variant, which means it declares both directions as failures. That's actually correct — incomparability is symmetric, so `residual_comeager->finite_codimension_complement` should fail and `finite_codimension_complement->residual_comeager` should fail too. But then the `put` function has a guard that only updates if the relation is already "open", and since these are new keys being added, that shouldn't block the insertion.

The real issue is in my `put` function: it's overwriting existing entries with "fails" declarations even when explicit "holds" relationships already exist in `transfer_holds`. The priority should be explicit edges first, then variant-derived relations should only apply where there's no existing edge.

The tricky part is handling incomparable correctly. The documentation says it means no implication in either direction — so `residual_comeager->full_measure` should be a failure, not just undefined. But I need to be careful not to let a symmetric incomparability declaration override an explicit holds edge that's already defined.

There's a deeper conceptual tension here: the schema marks `full_measure` as incomparable and also declares `finite_codimension_complement->residual_comeager` as holding. If full_measure and residual_comeager are truly incomparable, then by transitivity `finite_codimension_complement->full_measure` should fail. But my matrix leaves that same pair as open and conditional, which creates a contradiction with the schema's implication.

This resolves cleanly if "incomparable" in the schema refers specifically to the direction between `full_measure` and the default `residual_comeager`, not across all pairs. Since the class doesn't use full_measure as a quantifier, there's no inference path to `finite_codimension_complement->full_measure`. So I should restrict the variant-derived rules strictly to edges involving the default, and let explicit edges take priority where both exist to maintain consistency. The key is to make explicit edges take precedence and only use variant rules as a fallback for pairs not already declared—that way I avoid contradictions. I should refactor the algorithm to track state and provenance, with explicit edges locking in their values and variant-derived rules only filling in the gaps.

But now I'm running into an inconsistency: if full_measure is incomparable (so neither direction implies the other), then finite_codim→full_measure should fail by transitivity, yet the matrix marks it as open. However, the schema's own class_change_warning explicitly asserts incomparability, so there's a real conflict between what the schema implies and what the matrix claims.

Actually, I think the resolution is that when the matrix marks a row as open, it means there's no unconditional implication—it's conditional on an extra hypothesis. But the schema never declares that hypothesis, so the null case is failure. That makes them consistent: open in the matrix reduces to failure in the schema.

Let me double-check the schema's claim that full_measure is incomparable to residual_comeager. The explicit transfer failures show residual_comeager→full_measure fails, and they also list full_measure→residual_comeager fails. So that's genuinely incomparable. The converse holds too—full_measure doesn't imply finite_codimension_complement. But full_measure→open_dense is a counterexample: the irrationals are full measure yet have empty interior. So that's a contradiction. The schema doesn't actually declare open_dense→full_measure fails either, though it does say open_dense is strictly stronger.

When I work through the transitivity, open_dense→residual_comeager holds, residual_comeager→full_measure fails (by the incomparable declaration), so open_dense→full_measure fails. That's consistent. Similarly, open_dense→finite_codim follows because residual_comeager→finite_codim fails. And finite_codim→open_dense should hold through transitivity: finite_codim→residual_comeager holds, and residual_comeager→open_dense_escape fails (since open_dense is strictly stronger, the converse fails). Wait, that's a contradiction—if finite_codim→residual_comeager holds and residual_comeager→open_dense fails, then finite_codim→open_dense should also fail. But the matrix says finite_codim→open_dense holds. I need to reconsider whether the transitivity rule actually applies here.

Actually, the chain doesn't work that way. finite_codim→residual_comeager means the complement of finite-codim is comeager. And residual_comeager→open_dense fails means there's a comeager set with empty interior. But the schema explicitly declares finite_codim→open_dense holds and open_dense→residual_comeager holds, which is consistent. The key insight is that "incomparable" between full_measure and the default doesn't automatically create a new transitively-derivable failure closure—it only applies to edges involving the default state. So I should restrict the variant-strength rule to edges that directly involve the default, then use transitivity over holds edges. The open_dense strict stronger rule gives me open_dense→residual_comeager holds and residual_comeager→open_dense fails, which aligns with the explicit declaration. Now I'm applying the same logic to finite_codim.

When I work through the transitive closure, finite_codim→residual_comeager holds and residual_comeager→open_dense fails. Since there's no explicit derivation for finite_codim→open_dense, it stays silent, but the matrix says it holds. The question is whether I can derive it: I know finite_codim→residual_comeager holds, and residual_comeager→open_dense fails. A failed edge doesn't give me a derivation, so there's no way to reach finite_codim→open_dense. But actually, the schema only asserts that there exists some comeager set with empty interior, not that every comeager set fails this property. So the silence remains, and I can't derive the holds relationship.

The cleaner approach is to treat "incomparable" as meaning unconditional implications fail in both directions, and reference it only where I need to break ties. I've ended up with 6 silent gaps per class.

Looking at these gaps, they're nearly all tied to the full_measure notion and the finite_codimension→open_dense_escape relationship. The matrix claims these hold or fail, but the schema doesn't explicitly declare or derive them—it's a genuine underspecification, though not an error. Since the previous precheck only found 10 hard failures and is now at 0, the policy is clear: I report the deltas I can identify and flag the remaining gaps, but I don't chase every possible refinement. These six unencoded pairs are a legitimate finding worth documenting.

Now I'm wondering whether these gaps actually matter. The class's genericity quantifier is just the residual_comeager default, so the other notions only show up as declared variants. R07 requires that the genericity kind appear in the vocabulary, that the ambient space and topology be named, that the generic set be defined as a set-builder or Baire formula, that the excluded set be present, and that transfer_failures be non-empty to demonstrate the notion isn't a free parameter.

The schema satisfies all of R07's core requirements and is self-consistent, so these gaps are non-blocking ambiguities—worth documenting as a backlog item for the owner to clarify, but not urgent. I'll create a check that reports both the delta measurement (0 hard findings at rev12, down from 10) and the 6-pair closure gap as a non-blocking backlog item, then write a concise report with a gate-style summary that's honest about what's advisory and what carries a verdict.

Now I need to verify the FROZEN pins for the three schemas at rev12 against the manifest, make sure the taxonomy hash matches, and check that the lead's canonical paths for my task assignment are present at the artifacts locations. Let me also run the official test suites to validate everything.

My artifact files are already in the canonical locations from before, so I'll add the rebind evidence and a concise SUMMARY.md. The formal re-bind measurement report will replace the earlier rebind_rev28.json, incorporating the corrected closure logic and the gate-test run results. After running the gate tests, I'll emit the outbox event via the comms tool and checkpoint.

I need to check the schema hashes against FROZEN rev28's declared pins. The lifecycle report showed F1 as cce9c6014, F2a as 5476a3f2, and F2b as 55d0a1ea, which match my measured values. When I read FROZEN.json earlier, it listed revision 28 but I only printed the first 2000 characters, so I didn't see the full file entries—I need to verify those against what the lifecycle report pinned.
dsh: reasoning:
The FROZEN pins all check out, so that's solid. The official gate test runner isn't at the expected path, so I need to track down where those test scripts actually live. I noticed the rule_spec.json hash differs from what we measured earlier—40f9bb9e now versus e16133d2 from the previous revision—so I need to find the current version of the run_gate_tests.py and check_class_schema.py files on the lead's tree.
dsh: reasoning:
I found the tools directory and need to run the official gate tests against the current frozen schemas to satisfy the task requirements. I'm going to execute run_gate_tests.py and also compare the gate replay artifacts from worker-061 against the rev28 and rev27 results.
dsh: reasoning:
The official gate test passes with all canonical tests succeeding and the mutant detection working perfectly. I'm noting the three blind spots in the rephrased leak probes, particularly the genericity-transfer probe that did get caught, which confirms the class-binding test is exercising the genericity logic properly.

Now I need to write the final rebind artifact with the corrected closure algorithm and the gate test results, then emit the event. I'll update the rebind_closure_rev28.py script to incorporate the corrected algorithm with explicit-edge precedence logic.

The key fix for incomparability handling: I should declare the relation both ways as incomparable, but I need to ensure explicit edges in the schema take precedence over variant annotations. So I'll build a lookup dictionary that checks explicit edges first, then falls back to variant annotations only when there's no explicit edge. For the "why" provenance, I'll use a guarded put function that only writes if the key doesn't already exist or is open, with inheritance priority: explicit holds beats explicit fails, which beats variant annotations. Once holds edges are established, I'll run transitive closure to infer additional relations.

There's a subtle issue with transitivity: if A→B holds and B→C holds, then A→C holds. But if A→B holds and B→C fails, I can't conclude A→C fails because the failure could come from the B→C step. In that case A→C stays silent. I also shouldn't derive A→C fails from A→B fails using transitivity, since that's not valid logic—though variant annotations can create explicit failures when they involve the default.

The core tension I'm wrestling with: the schema declares full_measure incomparable to residual_comeager, and declares finite_codim→residual_comeager holds. By plain transitivity, finite_codim→full_measure should fail, but the schema wants incomparability instead. The resolution is that "incomparable" is relative to the *quantifier reading*, not a general logical negation.  Since full_measure isn't even a valid kind for AF classes, the implication chain doesn't apply. So I'll treat variant annotations as only constraining edges where the default is directly involved, and not let them create transitive failures elsewhere. For the two incomparable cases (full_measure and residual_comeager), I can explicitly derive the failures: residual_comeager→full_measure and its converse both fail, plus residual_comeager→finite_codim and full_measure→residual_comeager. That gives me the incomparable relation intact while avoiding the spurious transitivity claim.

Now I'm checking whether I can derive finite_codim→open_dense from the other relations: finite_codim→residual_comeager holds, and the schema declares open_dense as strictly stronger than residual_comeager, but that doesn't give me a direct path. The chain would need residual_comeager→open_dense, which isn't declared. So this direction remains silent and counts as a gap.

Let me trace through a few more gaps: full_measure→open_dense has no path since full_measure→residual_comeager fails and there's no other chain. For full_measure→finite_codim, I have full_measure→residual_comeager fails, and residual_comeager→finite_codim is explicit, so that's silent. open_dense→full_measure can't be derived because open_dense→residual_comeager holds but residual_comeager→full_measure fails. For open_dense→finite_codim, same issue—residual_comeager→finite_codim fails, so it's silent. The finite_codim→full_measure direction shows full_measure→residual_comeager failing, which blocks that path.

I'm consistently finding six gaps per class, and the closure approach looks solid. Now I need to patch the script to generate the final artifact with these changes.
dsh: reasoning:
I need to add gate-test run evidence to the report fields and then execute it.
dsh: reasoning:
I'm looking at the verification results for the FORM-GEN-05 task—the three schemas are all passing at revision 12, and I'm comparing the current hardcoded findings against the baseline from before the revision to see what's changed.

The key delta is that the schemas' revision-12 rewrites resolved all 10 hard findings, so there are now zero hard findings with full closure across the board. However, I've identified a new observation: 6 of the 12 ordered transfer pairs per class remain silent, all involving the `full_measure` kind or the derived `finite_codim→open_dense` relationship. These aren't contradictions—just unencoded relations.

I need to write a concise summary document, emit the outbox artifact and status events with proper hashing, then checkpoint. For the events, I should follow the protocol conventions—using the pattern from previous events and the evidence_refs format with path#hash-prefix or path:line references. I'm checking the communication protocol to confirm whether I should send events upward through the lead or directly to astra, and how other workers have formatted their events.
dsh: reasoning:
I'm anchoring the evidence with the schema files: the AF-WCC-VAC-GEN, AF-SCC-C2-VAC-GEN, and AF-SCC-C0-VAC-GEN specifications, along with the formulation taxonomy from the research map.

Now I need to write the summary README for the delta rebind, then emit both an artifact event and status event to the outbox, followed by a checkpoint to the runtime state directory. I'll use the naming convention `w015_formgen05_rebind_<timestamp>.json` for the checkpoint file to avoid collisions.
dsh: reasoning:
I'm deciding whether to keep the earlier rebind_rev28.json file or remove it to avoid confusion, since it's based on a naive closure that's superseded by the newer version. I'll keep it but add a note explaining that it's been replaced. Let me verify the rebind_closure output to make sure the matrix section and gate test are included.
dsh: reasoning:
I need to add a note about the naive over-reporting artifact by creating a small companion file in the genericity directory rather than modifying the original report, which would change its hash.
dsh: reasoning:
I'm setting up the output events by hashing all artifacts and constructing the JSON events with proper event IDs, types, timestamps, actors, and evidence references. I need to verify whether I should use a Python script or write directly to the output file, since the protocol specifies that artifacts go into the comms/outbox directory.

I'm also checking that my evidence references use the correct format (path#hash-prefix) and that the artifact path aligns with the canonical structure from the assignment — the protocol indicates artifacts should be stored under artifacts/<worker-id>/ and my files match that convention.
dsh: reasoning:
I'm planning to emit the two events to the outbox using Python and then create a checkpoint in runtime/state, following the pattern of existing checkpoint files. I'll compute the hashes now and generate the events dynamically so the hash prefixes stay consistent.

I need to get the current time for the timestamps and double-check the artifact event fields—the protocol requires node_id, artifact_type, path, sha256, and validation_status, with validation_status set to "unverified" since it needs an independent review. Evidence refs should follow the path#hash-prefix format, and I'll include falsifier per the worker instruction, which the protocol lists for status and claim events (I'll add it to artifact events as well since it's no harm).

The lead's acceptance tests for FORM-GEN-05 referenced artifacts/flash-15/genericity/genericity_matrix.json, so I'll emit both an artifact event for the re-bind report and another for the gate run evidence. I also need to register the new artifacts in runtime/state/artifact_hashes.json so they show up in the checkpoint, so I'll check the file's shape and update it accordingly, then call the controller's checkpoint script.

I'll run checkpoint.py with the label w015-formgen05-rebind so it snapshots my work, ingests the outbox, and validates everything without mutating research_map.json — exactly what "checkpoint" should do. Let me start by emitting the events.
dsh: reasoning:
I've emitted the events and now need to register the artifacts in the artifact hashes file, then run the checkpoint script. The hashes registry is controlled by the controller, and while the protocol says a node is only done when its artifact carries a sha256 in that file, workers shouldn't manually edit controller state—I'll let the controller handle the registration through its normal process.
dsh: reasoning:
The checkpoint ran successfully, so I'm verifying the new checkpoint log entry is there and confirming my artifacts were properly registered in artifact_hashes.json before writing my worker checkpoint file.
dsh: reasoning:
The event IDs are being recorded correctly with the timestamp suffix stripped, and both are captured in the ingested IDs file. I'm verifying the checkpoint log was written by checking the top-level keys in the latest record, since my filter didn't match anything earlier. I also notice my artifacts aren't in the artifact hashes file because the registry only tracks canonical controller-managed paths, not worker-specific flash files.
dsh: reasoning:
The checkpoint was created successfully at 00:40:06 with the label w015-formgen05-rebind. Now I need to verify that my re-bind artifacts show up in the checkpoint and check the comms/events_pending status, then write my worker checkpoint file into the artifacts directory.

Let me pull the checkpoint record to see what values it contains for these fields, and also verify that my two outbox events were ingested correctly — the ingested_ids count shows 2, which is good. I'll also validate the JSON syntax of both events to catch any issues before finalizing.
dsh: reasoning:
The checkpoint file got overwritten by a concurrent process from another worker, but my earlier checkpoint at 00:40:06 ran successfully and my events are in the ingest queue — they'll be processed in the next lifecycle pass when the pending count drops from 425.

I need to check my specific checkpoint file to verify my artifacts were registered, then write out my worker checkpoint with the artifact hash and confirm the event count. The registry hits for flash-15 are zero, which makes sense since worker artifact paths don't get added to the registry unless they're canonical, so that's expected behavior.
dsh: reasoning:
The checkpoint ran successfully and ingested my events into the queue. Now I need to create my worker checkpoint file in the artifacts directory with all the required fields including IDs, evidence, and hashes, then output the final JSON summary and exit. I'm writing the checkpoint file with a timestamped filename and calculating the self-hash afterward, following the same pattern as before.
dsh: reasoning:
Running through the final verification: the events are valid JSON with all required fields, the artifacts and checkpoint file are in place and hashed, and I've confirmed the closure report shows no contradictions. Now I need to update the artifact event to include the checkpoint reference as evidence, adding the checkpoint hash to properly connect the outbox event to its verification record.

I'm also doing a final integrity check by re-measuring the pinned schema hashes to confirm nothing has changed during this work, then emitting a bounded closeout status event that captures the completed state and references all the artifacts and checkpoint. This keeps the output clean and records the verification without adding unnecessary noise.
dsh: reasoning:
Everything's done, so now I need to produce the final JSON output with the required fields: IDs, evidence, hash, and falsifier. The user's original request was to read the handoff document, complete a class-bound task, emit valid JSON with those fields, checkpoint the progress, and then exit as worker 015. Let me put together that final output.
