**W074-A1-REV12-INDEP-01 — complete. Exiting.**

## Task taken (no inbox card; one class-bound task from the open A1/G-AUDIT queue)
Independence + conflict census of the rev12 review corpus at the measured canonical hashes, replaying the controller scan rule (`astra_lifecycle.py::review_coverage`) and deduplicating full accepts by reviewer identity, review-document bytes, findings-text shingles, and evidence channel.

- **class_id**: `AF-WCC-VAC-GEN;AF-SCC-C2-VAC-GEN;AF-SCC-C0-VAC-GEN`
- **nodes**: F0, F1, F2a, F2b, L0 · **gate**: G-AUDIT

## Result (pinned corpus digest `6eb16416389600f7…`)
| node | hash | controller full accepts | clean independent accepts | 2-accept criterion | hard-failure conflicts |
|---|---|---|---:|---|---:|
| F0 | `0abb9ed8a961` | 4 | **4** | **met** | 1 (scoped) |
| F1 | `cce9c60146d6` | 1 | 0 | not met | 4 (incl. worker-088 self-conflict) |
| F2a | `5476a3f2c6bc` | 0 | 0 | not met | 3 |
| F2b | `55d0a1ea9bda` | 1 | 1 (`worker-098`) | not met | 2 |
| L0 | `a1674f094979` | 0 | 0 | not met | 1 |

Controls C1–C4 pass (duplicate collapses, distinct accept adds a cluster, bad pin does not bind, no target drift); exit 3 if any fails. Read-only, deterministic, no canonical edits.

## Evidence (hash-verified)
- `artifacts/worker-074/rev12_review_independence/report.json` — `5c58c053f6d7…`
- `…/audit_rev12_review_independence.py` — `02d955e305c2…`
- `…/README.md` — `3873bb921870…` · `…/snapshot_manifest.json` — `275ab1858a3e…` · `…/raw/scan_output.txt` — `fe3f3497b786…`
- Falsifier carried on every event: void if a target hash drifts, the same corpus digest yields different clusters, a cluster merges distinct reviewers with Jaccard < 0.60, a counted accept is a re-send, or a control fails.

## Emission
- `comms/outbox/worker-074.jsonl`: +7 events (status, 5 artifacts, claim), each validated against `research_map/schemas.py::validate_event`; existing 10 lines preserved (18 485 → 29 358 bytes).
- Checkpoint: `runtime/state/w074_checkpoint_4.json` (sha256 `acf5a67ddad6…`), all artifact hashes re-verified from disk.
- Authority note: worker evidence only — no gate verdict, no node status, no correctness re-adjudication. Ingestion left to the controller.
