Worker lifecycle complete. One class-bound task taken, executed, evidenced, checkpointed, exiting.

## Task taken
**`W099-FORM-DIRECTION-CENSUS-01`** — classes `AF-SCC-C2-VAC-GEN;AF-SCC-C0-VAC-GEN;AF-WCC-VAC-GEN` · node **F0** (F0/F1/F2a/F2b) · gate **G-FORM** · read-only.

Reason: the formulation lead's open pass-05 blockers L-FORM-01/L-FORM-03 name *specific* surviving direction inversions, but no complete cross-artifact census existed, so the r3 reviewer could not know whether the named rows were the whole set. No card in `comms/inbox/worker-099.jsonl`; self-assigned.

## Result at 8 frozen pins (0 drift, stable at exit)
`F0 0abb9ed8a961` + supplement `d7419b4e8963`, `F1 d9cebb9404b2`, `F2a e9a27996dfd3`, `F2b b2ab6acb2bbe`, `VARIANT_REGISTRY 6bac9adea19e`, `f1_falsifier_tests 56bcb4b3234b`, `FROZEN 815e08079aef`.

- **69 candidate rows: exactly 3 live INVERTED** — precisely the lead-named rows (`c0:246` "C2 strictly larger", `taxonomy:200` SET "strictly stronger", supplement `D1:176` "F0 was stronger"); 25 CORRECT, 7 META_RETRACTED, 34 MANUAL_REVIEW all read and none inverted.
- **Self-tests 9/9 + corpus anchors 8/8 PASS**, exit 0. Self-audit caught and fixed a false META excuse (a neighbouring line's "converse containment is false" was masking the `c0:246` inversion).
- **Net-new:** a second copy of the F2b defect at `artifacts/formulation/schemas/af_scc_c0_vacuum.yaml:246` (not named by L-FORM-01); 201-file extended sweep has **0 live_tree** inversions but 141 deliberate fixture/mutant rows — any text repair must be path-scoped; R16 escape reason corroborated at `R3_evidence_reproduction.json:132`; L-FORM-04 corroborated (25/25 rows bind F1 rev12, 0/25 rev13).

## Evidence hashes
| artifact | sha256 |
|---|---|
| `artifacts/worker-099/form_direction_census/census.json` | `a8a1ff504dcd8c91…` |
| `…/run_direction_census.py` | `48eb494677914471…` |
| `…/extended_hits.jsonl` | `2337f93d70b7b6c1…` |
| `…/README.md` | `2ad1171dff8af592…` |
| checkpoint `runtime/state/worker-099_form_direction_census_checkpoint.json` | `436719fd647f…` |

## Emitted JSON
3 schema-validated events appended to `comms/outbox/worker-099.jsonl` (now 13 lines): `w099-20260912T0104-artifact-form-direction-census`, `…-claim-…` (`conclusion_type: numerical_evidence`), `…-status-…` (`active`, `claims_completion: false`). `comms.py ingest` left to the controller.

**Falsifier:** re-run the instrument at the pins — any pinned byte move, any live non-retraction inversion beyond the three rows, or any self-test/anchor flip voids the claim; a live_tree inverted row at the recorded hashes voids the extended-sweep observation.

**Non-claims:** not a gate verdict, no node status, no `validation_status=passed`, no repair, no canonical file written, G-F0 bytes untouched. No jobs running.
