dsh: reasoning:
Let me start by understanding the workspace. I need to read handoff/map and comms. Let me explore.
dsh: reasoning:
No handoff or comms at the root. Let me search for them. There's a .agents directory, workdir, ai4math-swarm.tar.gz, launch_swarm.sh, supervise_swarm.sh. The task mentions "handoff/map and comms". Probably in workdir or .agents. Let me look.
dsh: reasoning:
Found: /data3/guoshaoyang/workdir/ai4math-swarm. Let me look there.
dsh: reasoning:
This is the ai4math-swarm workspace. I'm worker=053. Let me read HANDOFF.md, README.md, research_map, comms.
dsh: reasoning:
This is a complex swarm system. I'm worker=053. I need to read the protocol, the research map, and my inbox (comms/inbox contains worker-052.jsonl etc. but I don't see worker-053). Let me read PROTOCOL.md, README.md, ASTRA_HANDOFF.md, and check my assignments.

The task: "Read handoff/map and comms. Take one class-bound task, emit valid JSON with IDs evidence hash falsifier, checkpoint, then exit. worker=053"

So I need to:
1. Read handoff and map (research_map/ASTRA_HANDOFF.md, HANDOFF.md, research_map.json)
2. Read comms (protocol, inbox, outbox assignments)
3. Take one class-bound task (from assignments? probably in outbox/assignments)
4. Emit valid JSON with IDs, evidence, hash, falsifier
5. Checkpoint
6. Exit

Let me read the protocol and ASTRA_HANDOFF.md.
dsh: reasoning:
I'm worker=053. Note: the inbox has worker-052, worker-071, etc., but no worker-053 file. Let me check whether there's an assignment for worker-053 anywhere. The task says "Take one class-bound task". Maybe there's an assignment file in comms/outbox/assignments. Let me look.

Also need to check runtime/state for worker assignments, and the research map. Let me check outbox/assignments, and search for "053" across the workspace.
dsh: reasoning:
There's a worker-053.jsonl in outbox. But I don't see a worker-053.jsonl in inbox. Let me check whether there's an inbox file for me. Actually the grep matched many files containing "053" as substring (e.g., hashes). I need to find my assignment.

Let me check the inbox for worker-053.jsonl specifically, and look at the runtime state. Also check the research map for assignments targeting worker-053. Let me look at the structure of research_map.json (4MB) - I'll use python to query relevant entries.

Also check runtime directory: runtime/state, assignments etc.
dsh: reasoning:
The inbox has worker-052.jsonl but no worker-053. Wait, outbox has worker-053.jsonl (57KB, modified 00:52). That suggests worker-053 has already been running and writing to the outbox. Hmm, but this is a fresh session for me. Let me check the worker-053.jsonl outbox content — it might be from a previous incarnation or a different agent.

Actually, note the file listing: `comms/outbox/worker-053.jsonl` exists with 57286 bytes and modified 00:52. And the inbox listing shows worker-052.jsonl only among 05x. Let me check the assignments in the research map for assignee worker-053.

Also let me look at what tasks the worker-053 outbox already contains — maybe it was created by a similar worker session (maybe parallel duplicate). The harness may spawn many workers with same ids.

Let me query the map for assignments with assignee containing "053", and look at the inbox/outbox for worker-053.
dsh: reasoning:
Interesting! worker-053 already completed a task "W053-GATE-ACCEPT-SCOPE-01" at 00:52:47. That was presumably a previous incarnation of worker-053 in this swarm (or same worker in earlier turn). Now, my session is a fresh worker=053 asking to take a class-bound task.

Hmm. The harness may have spawned worker-053 again, expecting another task. But the inbox has no worker-053.jsonl file. Let me check the context: is there an assignment queue? Let me look at how other workers received tasks. Check the inbox for worker-052.jsonl and see the format, plus find the latest assignments issued by leads.

Actually, the task statement: "You are a bounded execution worker. Read handoff/map and comms. Take one class-bound task, emit valid JSON with IDs evidence hash falsifier, checkpoint, then exit. worker=053"

So I should pick a class-bound task myself. The task must be class-bound — i.e., tied to a class ID (AF-WCC-VAC-GEN, AF-SCC-C2-VAC-GEN, AF-SCC-C0-VAC-GEN, AF-WCC-SCALAR-SPH). Emit valid JSON (events) with IDs, evidence, hash, falsifier, then checkpoint and exit.

I should first read the comms thoroughly: inbox (what's directed at me, if anything), the latest traffic, the map state (gates, findings, assignments, claims). Let me gather context efficiently.

Let me check:
1. comms/inbox/worker-052.jsonl — see the format of downward assignments.
2. Latest events in research_map/events.jsonl (tail) to understand current state.
3. The findings CF-1..CF-25 and the open assignments.
4. The class separation issue (CLASSSEP hard findings) etc.

Since I already did a task (W053-GATE-ACCEPT-SCOPE-01), maybe I should look at the artifacts I produced earlier and the state.

Let me check artifacts/worker-053.
dsh: reasoning:
Now I see the structure. Worker-053 has already done 5 tasks (a1_coverage_validity, f0_mirror_verify, f1_rev12_verify, gate_accept_scope, index_recon). So this session is a continuation/new incarnation of worker-053. I need to take one class-bound task and complete it.

The instruction says "Take one class-bound task, emit valid JSON with IDs evidence hash falsifier, checkpoint, then exit."

Where do tasks come from? Downward assignments are in comms/inbox/<agent>.jsonl. I have no inbox file. But maybe there are pending open assignments in the map that need workers. Let me examine the current open assignments and findings, then choose a class-bound task that is not already covered/duplicated, produce an artifact, and emit events.

Important considerations:
- CF-12: one canonical path, one owner — do not duplicate or repoint.
- Workers cannot set status=done, validation_status=passed, gate verdicts.
- Prefer not to write to frozen artifacts (F0 taxonomy writes void G-F0!).

Good candidate work: The ASTRA_HANDOFF says open assignments to leads: evidence-binding repair (lead-formulation), verify-gform-r3 (lead-audit), verify-l0-final, gnum-protocol-adjudication, classsep-calibration, a0-detector-scope, n0-stoprule, n0-verify. These are lead tasks, not worker tasks.

But the worker swarm seems to have many workers doing "class-bound tasks" — e.g., W053-GATE-ACCEPT-SCOPE-01 was self-taken. Let me look at the current map's open assignments and recent worker artifacts to find gaps. Let me check:
1. assignments list in map (statuses).
2. controller findings CF-16 (CLASSSEP false positives), CF-20 (evidence binding), CF-21, CF-22, CF-23.
3. gates state.

Let me query the map.
dsh: reasoning:
The assignment statuses are None (not tracked). Open lead assignments exist. As worker-053, I should take a class-bound task. What class-bound tasks remain? Let me think about what would be valuable and not duplicative.

Looking at CF list: CF-20 evidence-binding repair for G-FORM, CF-21 scalar genericity axis, CF-23 A0 detector scope, CF-16 CLASSSEP hard findings false positives.

I already did:
- index_recon
- f0_mirror_verify
- f1_rev12_verify
- a1_coverage_validity
- gate_accept_scope (GAS-01..04 findings)

What is missing? Perhaps I can do a verification of the "evidence-binding repair" (rev13 schemas + case corpus + FROZEN rev29) — that's assigned to lead-formulation. As a worker I could independently verify the repair: check whether schemas/af_scc_c2_vacuum.yaml and af_scc_c0_vacuum.yaml have consistent `consistency_evidence_sha256` matching the case corpus, i.e. CF-20.

But CF-12 warns: one canonical path, one owner — don't duplicate. My prior tasks: gate_accept_scope reviewed a proposed repair to review_coverage. That was a review of W001-COVERAGE-SCAN-01/proposed-repair.

Let me look at my outbox events to understand what I've done, and check the current state of the repair (rev13?). The handoff at 00:51 says G-FORM rev12 with defects. Then repair card astra-life05-evidence-binding-repair deadline 01:40, item (1) already landed. Maybe new revisions have landed since. Let me check the current hashes and mtimes of schemas and FROZEN.json.

Also, "class-bound task" means tied to a class_id. Let me check what's happening in the newest events (after 00:52). Let me tail events.jsonl with more lines and filter assignment/gate events.

Also important: the 15-min auto-cycle applies accepted events. Current time? Let me check the clock.
dsh: reasoning:
Lots of workers. FROZEN rev29 landed at 00:54:32 (just now). My window: it's 00:54:40. The evidence-binding repair (rev29) just landed. The G-FORM r3 verification is assigned to lead-audit (deadline 02:45). But as a worker, I can do an independent verification of the rev29 repair — that's a class-bound task (F1/F2a/F2b classes, CF-20). But careful about CF-12 duplication: the lead-audit owns the r3 verdict. A worker independent audit is allowed though — many workers do that (e.g., worker-083 did rev13 repair packet; worker-095 hold-bind integrity; etc.).

Hmm, but my previous task W053-GATE-ACCEPT-SCOPE-01 was about gate-accept scoping in review coverage. I need a new task. Since FROZEN rev29 just landed with the evidence-binding repair, a strong candidate: independently verify that the rev29 repair actually closes CF-20 — i.e., check the schemas' `consistency_evidence_sha256` values against the actual case corpus bytes, verify that the case corpus rows are rebound to rev5 F0 taxonomy, and check for any remaining stale hashes. This is class-bound (F1/F2a/F2b), produces an artifact + evidence + hash + falsifier, with a worker-local checkpoint.

However, careful: writing to schemas voids G-F0? No — G-F0 is about formulation_taxonomy.yaml only. Writing to schemas is fine but I should NOT modify canonical artifacts — just measure them read-only.

Also the repair is in flight (rev29 landed 8 seconds ago). A verification snapshot might be invalidated by further edits. But that's exactly the value: an independent read-only measurement at a pin, with drift detection.

Let me first understand what CF-20 is exactly and what the rev29 repair claims. Read:
- controller_findings CF-20, CF-21, etc.
- artifacts/formulation/evidence/evidence_binding_repair_rev29_report.json
- FROZEN.json rev29 relevant entries.

Let me query.
dsh: reasoning:
So the rev29 repair is in flight. The report claims applied revisions: F1 d9cebb9404b2, F2a e9a27996dfd3, F2b b2ab6acb2bbe. But note the schemas listing showed mtimes 00:53 and FROZEN.json 00:54:32 (rev29). Wait, the report says FROZEN.json expected pin 2f358f6722d9 (rev28) — the repair report was written before FROZEN rev29 was emitted. Let me now measure the current state: hashes of the three schemas, FROZEN rev29 contents for those files, whether taxonomy_cases rows are rebound (meta 0abb9ed8a961? The report says meta_sha256 0abb9ed8a961 and rows_bound_live 36) — wait CF-20 said rows bound to 66bf917bd368 and meta points at rev5. The repair says changed:false for item 1 (taxonomy_cases_rebind), meaning rows were already rebound at 00:42 version ccf7041b (as noted in handoff: "schemas/taxonomy_cases.jsonl ccf7041b (rows rebound to rev5)"). Hmm, the handoff said that at pass 05 already. But CF-20 says 36/36 rows bound to 66bf917bd368... conflict? Let me measure directly.

Also important: "3_strictness_direction" item. The FROZEN rev29 may include a new b2ab6acb2bbe for F2b.

The most useful independent worker task right now: **independent verification of the rev29 evidence-binding chain** — measure at the rev29 pins:
1. Do the three rev13 schemas declare `consistency_evidence_sha256` = 9e335e9ba1bf (live taxonomy_consistency.json)?
2. Are all 36 taxonomy_cases rows bound to 0abb9ed8a961 with no stale 66bf917bd368 tokens?
3. Does the checker `check_taxonomy_consistency.py` verify CONSISTENT at the live pin, and is the checker itself pinned in FROZEN?
4. Do schemas/ and artifacts/formulation/schemas/ mirrors match?
5. FROZEN rev29 pins match measured bytes?
6. F0 still 0abb9ed8a961 (untouched).
7. Drift detection: re-measure at end.

This is class-bound to F1/F2a/F2b, produces read-only evidence, hash-pinned, falsifier: "if any schema's consistency_evidence_sha256 != 9e335e9ba1bf... or any case row binds to a superseded taxonomy hash, then CF-20 is not repaired at rev29 and the r3 verdict must be revise."

But wait — is this too duplicative of worker-083's "rev13 repair packet" and worker-095's binding integrity? Worker-095's r3 probe was at rev12 b2ab6acb2bbe... hmm, actually it says "rev12 b2ab6acb2bbe / FROZEN rev28: R1 PASS, R2 PASS, R3 4/5 shadowed, R4 FAIL" — interesting: b2ab6acb2bbe was rev12 F2b? Actually the repair report says F2b after = b2ab6acb2bbe (rev13). Hmm, worker-095's message at 00:53:20 says "rev12 b2ab6acb2bbe", so maybe there was an intermediate.

The space is crowded. But independent verification at fresh pins is exactly the protocol's design (two independent verdicts). As worker-053 with no inbox card, I should pick something that adds information and doesn't collide with an owned deliverable.

Alternative: verify the FROZEN rev29 manifest itself — its own internal consistency (all listed sha256 match live bytes; all files listed; revision bump proper). This is a useful "manifest integrity" task. Many workers are doing such.

Let me first take the current measurements to see where things stand. Let me compute hashes of key files and inspect the schemas' binding fields and taxonomy_cases rows.

Let me write a measurement script (artifact) under artifacts/worker-053/rev29_binding_verify/. Actually, the task requires: emit valid JSON with IDs evidence hash falsifier, checkpoint, then exit. So: build artifact + evidence + report + checkpoint, then emit events (artifact/claim/review/status) into comms/outbox/worker-053.jsonl.

Before that, let me carefully verify the current state of the world and choose. Let me measure.

First, hashes:
- schemas/af_wcc_vacuum.yaml
- schemas/af_scc_c2_vacuum.yaml
- schemas/af_scc_c0_vacuum.yaml
- schemas/taxonomy_cases.jsonl
- artifacts/formulation/evidence/taxonomy_consistency.json
- research_map/formulation_taxonomy.yaml
- artifacts/formulation/FROZEN.json

And check FROZEN rev29 file pins.
dsh: reasoning:
FROZEN rev29 was re-written since my first read (now e1a8aaa394eb...; earlier FROZEN.json read gave revision 29 at 00:54:32 but I didn't hash it then). Note: FROZEN.json mtime was 00:54:32 in the earlier listing. Actually we saw 00:54:32 in the json tree; then the file may have been rewritten again at 00:54:4x? Let me check mtime now.

The rev29 manifest pins match the current schema bytes: d9cebb94, e9a27996, b2ab6acb. Good.

Now check:
1. Do schemas declare consistency_evidence_sha256 = 9e335e9ba1bf?
2. taxonomy_cases rows binding.
3. Mirror equality.

Then decide the task. Let me check the schema binding fields.
dsh: reasoning:
Interesting: taxonomy_cases.jsonl has 37 rows (one may be a meta row). The repair report said 36 rows. Let me inspect the rows' taxonomy_ref bindings. My detection heuristic found nothing because hashes might be inside `taxonomy_ref` dict or string with prefix.

Let me look at a couple of rows and the `rebind_note`. Also note taxonomy_cases.jsonl hash ccf7041b matches both report and FROZEN. But is it rebound? Handoff at pass-05 said ccf7041b rows rebound to rev5. CF-20 claimed 36/36 rows bound to 66bf917bd368. Perhaps CF-20 was measured before the rebind landed (00:42). Let me check live rows.

Let me inspect taxonomy_ref fields.
dsh: reasoning:
So row 0 meta binds to 0abb9ed8a961 rev5. The 36 case rows have taxonomy_ref null. Hmm — CF-20 said "36/36 rows still bound to the superseded taxonomy hash 66bf917bd368". Maybe the rebind moved hashes into `notes`/`rebind_note` or the rows' class_ids/claims. Let me check for 66bf917bd368 occurrences in the file.
dsh: reasoning:
Now the corpus is clean: 0 occurrences of 66bf917b, 37 of 0abb9ed8a961, `binding_status: bound_taxonomy_sha_0abb9ed8a961` per row. Good.

So the repair landed: rev13 schemas with consistency_evidence_sha256 = 9e335e9ba1bf, taxonomy_cases rebound.

Now, my class-bound task: independent verification of the CF-20 repair at rev29 pins. This is valuable and non-duplicative if no other worker is doing the same at the same pins. Let me check whether someone else has already emitted a "rev29 binding verification". Search recent outbox/events for "rev29" / "9e335e9b" / "e1a8aaa3".

Let me check events after 00:53 and outboxes for rev29 mentions.
dsh: reasoning:
Very crowded. worker-007 did the pre-repair census and shipped a rev29 acceptance checker `artifacts/worker-007/rev29_preflight/verify_preflight.py --mode rev29`. worker-083's packet was NOT applied (the lead applied a different repair: refreshed consistency_evidence_sha256 in schemas instead of restoring evidence bytes).

Now FROZEN rev29 is live (e1a8aaa394eb). The next natural step is exactly what worker-007's checker was designed for: run `verify_preflight.py --mode rev29` at the rev29 pins, plus independent verification. That is a clear bounded task, extremely valuable, and not yet done (as of the grep, worker-007 hasn't posted the rev29 run).

But careful about duplication: worker-007 owns that checker and its next_falsifier. However the protocol values independent verification. I'm worker-053 with a distinct method. If I just run worker-007's checker, that's fine but adds less. Better: build my own independent read-only verifier for the CF-20 repair at the rev29 pins, then cross-check against worker-007's checker as a control. That's the independent-verdict pattern.

Let me define the task precisely:

**Task W053-REV29-BINDING-VERIFY-01** (class-bound: F1 / F2a / F2b under AF-WCC-VAC-GEN, AF-SCC-C2-VAC-GEN, AF-SCC-C0-VAC-GEN; gate G-FORM).

Predicate (pre-registered before measuring; but we've already peeked — that's OK, I must be honest that this is a post-repair measurement, not a blind review; I'll state it as a hash-pinned measurement with a declared decision rule).

Checks:
- B1: FROZEN.json revision == 29 and its own sha256 recorded; `verify_frozen.py` (canonical tool, if exists) exits 0 at current bytes.
- B2: FROZEN rev29 pins for the three schemas (schemas/ and artifacts/formulation/schemas/) equal live bytes.
- B3: each schema's f0_binding.consistency_evidence_sha256 equals the live artifacts/formulation/evidence/taxonomy_consistency.json hash.
- B4: each schema's f0_binding.declared_f0_sha256 equals live research_map/formulation_taxonomy.yaml hash (0abb9ed8a961) — G-F0 canonical untouched.
- B5: class_contract_supplement pointer resolves in the supplement artifact (real YAML path), and supplement hash equals FROZEN pin d7419b4e8963.
- B6: schemas/taxonomy_cases.jsonl: 0 stale 66bf917b tokens, meta binds rev5 0abb9ed8a961, all 36 case rows carry binding_status bound_taxonomy_sha_0abb9ed8a961; canonical checker (artifacts/flash-02/check_taxonomy_cases.py) exits 0.
- B7: canonical checkers exit 0: check_class_schema.py for three schemas, check_taxonomy_consistency.py CONSISTENT.
- B8: schema↔mirror equality for three schemas.
- B9: drift: re-measure all pins at end; equal T0==T1 (no moving target).
- B10: mutation controls: detect a flipped consistency pin / stale token / wrong F0 pin etc. (positive control that the checker can fail).

Falsifier for the claim: "if any check B1–B9 fails at the measured pins, or the pins drift between T0 and T1, or a control is not detected, the CF-20 repair is not verified at rev29 and the G-FORM r3 verdict must be revise."

Then emit:
- artifact events (checker, report, controls, checkpoint, manifest)
- claim event with class_id(s), evidence_refs with `path#sha256-prefix`, falsifier
- review event (self-review? Hmm, "review your own output before sending" — but emitting a review of my own artifact might not be appropriate. Prior workers (worker-090, worker-094) emitted `review` events on their own artifacts... they emitted review with target their own artifact. Actually worker-094 emitted "review w094-gencons...-review-cf21" which is a review of CF-21, an advisory verdict on the taxonomy — that's fine as a reviewer statement.
- status event with task_id, hours, next_falsifier.

Checkpoint: write artifacts/worker-053/rev29_binding_verify/checkpoint.json + runtime/state/w053_rev29_binding_verify_checkpoint.json.

Also: I must NOT write to canonical paths. Read-only for canonical.

Important: capture the pre-measurement state now. Note the moving-target risk: FROZEN rev29 was emitted seconds ago; the lead may still be finalizing. If bytes move during my run, I detect drift and report it (fail closed, emit blocker).

Let me first check the tools: artifacts/formulation/tools/check_class_schema.py, check_taxonomy_consistency.py, verify_frozen.py, artifacts/flash-02/check_taxonomy_cases.py, and worker-007's checker.

Also check the FROZEN rev29 pins for the tools and evidence, and get the exact `verify_frozen.py` location.

Let me look at the tools directory and the FROZEN manifest fully.
dsh: reasoning:
FROZEN rev29 is being actively regenerated: `regenerate_frozen.py` mtime 00:54, FROZEN frozen_at now 00:55:02 (was 00:54:32). Moving target. The lead is likely still finalizing. I must hash-pin at T0, do my checks, and re-measure at T1 — if FROZEN changes, I report drift.

Wait — an important subtlety: my earlier `sha256sum` of FROZEN.json gave e1a8aaa394eb. Let me re-hash now to see if it's changed again. If the manifest is still moving, I should perhaps wait a moment or target the measurement at the exact pin. Actually, drift detection is part of the protocol (fail closed). But it would be more useful to produce a valid verification at a stable pin. The lead's repair card deadline is 01:40; the r3 verification deadline 02:45. It's 00:55 now. The manifest may settle within minutes.

Approach: I'll build my checker now (deterministic, read-only, parameterized by pins from FROZEN.json measured at T0), then run it. If drift detected, I can run a second pass and report pas-2 at the settled pin, or emit a blocker if it's still moving. The instructions say "Take one class-bound task, emit valid JSON ..., checkpoint, then exit" — a bounded single pass. I should aim to deliver a complete result, possibly with a drift note.

Given the FROZEN is being written at 00:55:02, let me hash it right now and start building. Actually, let me first read verify_frozen.py and the worker-007 checker to know what to reuse/cross-check.

Let me also check the current state: is FROZEN stable now? Check mtime and hash twice.
dsh: reasoning:
FROZEN.json is now 3d9e3d77fd87, stable for 9s, frozen_at 00:55:02, revision 29. The earlier hash e1a8aaa3 was from 00:54:32 (rev29 first emission). So rev29 has been re-emitted. Good — settle hazard remains but I'll do T0/T1 drift checks.

Now let me define my task. I'll build a checker `check_rev29_binding.py` in artifacts/worker-053/rev29_binding_verify/. It will:

1. Measure T0 hash of all relevant inputs (pins): FROZEN.json, three schemas + mirrors, taxonomy_cases.jsonl, taxonomy_consistency.json, formulation_taxonomy.yaml (canonical + supplement), variant SET delta, tools (check_class_schema, check_taxonomy_consistency, verify_frozen, check_taxonomy_cases).
2. Checks:
   - C1 FROZEN.PINS: every files[*] pin resolves to live bytes (i.e. run verify_frozen.py → exit 0).
   - C2 REV: revision >= 29.
   - C3 MOVED: the four moved paths pinned at live bytes: three schemas + taxonomy_cases.jsonl (also are `artifacts/formulation/schemas/*` mirrored pins?).
   - C4 CONSPIN: for each of 3 schemas, f0_binding.consistency_evidence_sha256 == live hash of consistency_evidence path (and the path exists).
   - C5 F0PIN: for each schema, declared_f0_sha256 == live research_map/formulation_taxonomy.yaml hash == 0abb9ed8a961...; and FROZEN pin for research_map/formulation_taxonomy.yaml matches.
   - C6 CASES: 36 case rows, meta.taxonomy_ref.sha256 == live F0, zero rows with binding_status != bound_taxonomy_sha_0abb9ed8a961, zero stale 66bf917b tokens anywhere in the file; canonical checker artifacts/flash-02/check_taxonomy_cases.py exit 0.
   - C7 CHECKERS: check_taxonomy_consistency.py → CONSISTENT/exit 0; check_class_schema.py on each schema → exit 0.
   - C8 MIRROR: schemas/X == artifacts/formulation/schemas/X bytes for 3 schemas.
   - C9 SUPPLEMENT: class_contract_supplement pointer resolves (YAML key) and supplement hash == FROZEN pin d7419b4e8963.
   - C10 DRIFT: T1 re-measure == T0 for all pins.
   - Controls (mutation): flip a consistency pin in an in-memory copy → C4 detect; stale token injection in a temp copy of taxonomy_cases → C6 detect; F0-pin zeroing in temp copy → C5 detect; drop a FROZEN entry → C1 detect; set revision 28 → C2 detect; mirror mismatch in temp stage → C8 detect. Run controls against a staged temp mirror root, not canonical.

Wait — the canonical checkers take paths as arguments? Let me check their CLIs. check_class_schema.py and check_taxonomy_consistency.py, check_taxonomy_cases.py. Let me inspect their argparse usage.

Also worker-007's checker exists; I can run it as an independent cross-check (their tool, my pin measurements). That's a nice control: if my checker passes but worker-007's rev29 mode fails on an item, that's a discrepancy worth reporting. But careful: it may write to artifacts/worker-007/checker_runs (their dir) — I should avoid modifying another agent's artifacts. I can run it with a temp copy? It writes RUNS. Hmm. Better: I'll read its logic and re-implement the item predicates in my own checker (independent), and optionally invoke it only if it's read-only. Actually running another agent's checker that writes into their artifacts directory would be a CF-4-ish intrusion. I'll skip running theirs; instead, cite it as related work and compare predicates analytically. Or copy the script to my own dir and run the copy. That's allowed (read their artifact, copy into mine, run). But the copy would write to its own relative... Let me check where OUT is computed: OUT = ROOT/artifacts/worker-007/rev29_preflight — a copy would still write there. I could patch the copy's OUT to my dir. That's a reasonable cross-check. Maybe overkill; my own independent checker is enough, plus I can run the canonical tools.

Let me now check the canonical checkers' CLIs.
dsh: reasoning:
Good. Note check_taxonomy_consistency.py WRITES to artifacts/formulation/evidence/taxonomy_consistency.json! I must not run it against canonical paths because it rewrites the evidence file (which would change bytes and possibly invalidate pins). Let me check: `out = ROOT/"artifacts/formulation/evidence/taxonomy_consistency.json"; out.write_text(...)`. Yes it writes. So running it canonical would rewrite the file — the bytes would be identical if consistent (deterministic output), but mtime changes and there's risk. The repair report says the lead ran it. For my read-only verification, I should NOT run the canonical checker as-is (or copy it to a staged root and run there). Actually I can run it in a staged mirror (copy the full source tree subset into a temp dir and run the copy of the checker there) — that preserves canonical bytes. That's the right approach: stage in tmp/, run checkers against the stage.

But note the checker resolves ROOT = parents[3] of its own file. If I copy the whole repo tree... heavy. Alternative: copy checker into a temp root that mirrors the needed paths:
tmp/stage/artifacts/formulation/tools/check_taxonomy_consistency.py
tmp/stage/research_map/... (taxonomy), artifacts/formulation/formulation_taxonomy.yaml, VOCAB_ALIASES.json, artifacts/formulation/evidence/ (dir).
parents[3] from artifacts/formulation/tools/check.py = stage root. Good. Need research_map/research_map.json? Not for this checker. Good.

Similarly check_class_schema.py resolves SPEC = parents[1]/rule_spec.json (i.e. artifacts/formulation/rule_spec.json) and KEY_MANIFEST. It takes schema path argument; for read-only I can run it directly on canonical schemas — does it write anything? The tail shows it only reads. Let me grep for "write" in check_class_schema.py and check_taxonomy_cases.py to be sure.

check_taxonomy_cases.py — need to see CLI and whether it writes.

Let me check.
dsh: reasoning:
check_taxonomy_cases.py writes a report to `artifacts/flash-02/taxonomy_cases_check_report.json` by default. I can redirect `--report` to my own artifact dir, so no canonical writes. It reads --taxonomy, --cases, --catalog; those are canonical but read-only. Good. Does it need to run from a specific cwd? Defaults are relative paths; it uses tpath = Path(a.taxonomy). If I run from repo root with absolute paths, fine. It computes sha256_file of tpath. The meta stale-pin guard compares measured taxonomy sha to rows. Good.

check_class_schema.py: read-only apart from reading rule_spec/KEY_MANIFEST. Safe to run on canonical schemas.

verify_frozen.py: read-only, exit 1 on drift. Safe.

check_taxonomy_consistency.py: writes evidence. To avoid writes, I'll stage a mirror: copy the checker to my artifact dir, and run with a patched ROOT? It computes ROOT from its own path. If I copy it into `artifacts/worker-053/rev29_binding_verify/stage/artifacts/formulation/tools/check_taxonomy_consistency.py`, then parents[3] = `artifacts/worker-053/rev29_binding_verify/stage/`. I need `stage/research_map/formulation_taxonomy.yaml`, `stage/artifacts/formulation/formulation_taxonomy.yaml`, `stage/artifacts/formulation/VOCAB_ALIASES.json`, and `stage/artifacts/formulation/evidence/` dir. Then it writes the consistency JSON into the stage. Compare staged output bytes to live canonical evidence file → this also tests that the live evidence is exactly what the checker produces (determinism + up-to-dateness). This is stronger: it recomputes the evidence independently and checks byte equality with the declared/live evidence.

That's a good design: "recompute, don't trust".

Now, mutation controls. I'll create mutated stage copies:
- M1: mutate one schema's consistency_evidence_sha256 → my C4 must fail.
- M2: inject stale token 66bf917b... into cases copy → my C6 must fail (stale guard) — actually check via my own textual scan; also the canonical cases checker should fail.
- M3: zero the F0 pin in a schema copy → C5 fail.
- M4: remove an entry from staged FROZEN → C1 fail.
- M5: revise staged FROZEN to 28 → C2 fail.
- M6: make mirror differ → C8 fail.
- M7: mutate taxonomy in stage → check_taxonomy_consistency must report INCONSISTENT or divergence (negative control on the consistency checker).
- M8: mutate one case row's binding_status → cases checker stale-pin guard fires.

I'll implement a self-contained checker script with a `--selftest` mode using a staged mirror.

Structure:
artifacts/worker-053/rev29_binding_verify/
  check_rev29_binding.py   (main checker; --report path; --stage dir; --controls)
  run.log
  report.json
  controls.json
  hashes.txt
  README.md
  checkpoint.json

And runtime/state/w053_rev29_binding_verify_checkpoint.json.

Note: my checker must not write to canonical paths. It writes only under artifacts/worker-053/... and a tmp stage.

Given time budget (~0.2-0.5h worker hours), let me be efficient. I'll write the checker carefully, run it, then emit events and checkpoint.

One decision: pre-registration. Since I've already seen the post-repair state, I can't claim blind prediction. I'll state: decision rule fixed before measurement pass, declared thresholds mechanical, and disclose that the task was taken after the repair landed (post-hoc but hash-pinned).

Let me get the precise pins first to embed as expected constants? No: better to measure live and derive expectations from FROZEN manifest, which is the canonical source. The checker should:
- read FROZEN.json (pin it at T0),
- derive schema pins and evidence pins from it,
- check live bytes equal them,
- check the semantic binding fields.

Let me now write the checker. First, let me check Python env and PyYAML availability.
dsh: reasoning:
Now let me write the checker. I'll write it as a single Python file with:

- ROOT discovery
- pin measurement helpers
- checks C1..C10 + controls
- JSON report to specified path
- exit 0 iff all checks pass and no drift

Let me carefully write it.

Key details:
- FROZEN files dict: path -> {sha256, bytes}.
- MOVED_PATHS = ["schemas/af_wcc_vacuum.yaml","schemas/af_scc_c2_vacuum.yaml","schemas/af_scc_c0_vacuum.yaml","schemas/taxonomy_cases.jsonl"] plus mirror paths artifacts/formulation/schemas/*.yaml.
- For schema YAML parsing, use yaml.safe_load; note the f0_binding is a one-line flow mapping.
- class_contract_supplement_pointer: "artifacts/formulation/formulation_taxonomy.yaml#class_contracts.AF-...". Resolve: split '#'; load supplement, walk path segments.
- C6: counts: meta row + 36 case rows; check each case row's binding_status == bound_taxonomy_sha_<sha12>; check meta.taxonomy_ref.sha256 == live; check stale tokens string absent.
- C7: run canonical checkers as subprocesses (read-only ones only): 
   - verify_frozen.py → exit 0
   - check_class_schema.py --json <schema> → exit 0 for each of three (canonical schemas)
   - check_taxonomy_cases.py --report <my_dir>/cases_report.json --taxonomy research_map/... --cases schemas/... --catalog artifacts/flash-02/leak_rule_catalog.json → exit 0; parse verdict PASS
   - consistency: staged re-run (copy tool + inputs to stage; run; diff bytes to canonical evidence).
- C10 drift: re-measure the pin map at end (all involved files) and compare to T0; also re-hash FROZEN.json.

Controls operate on staged copies. Implement:
  stage dir = <artifactdir>/stage (recreated each run)
  build_stage(): copy files:
    research_map/formulation_taxonomy.yaml
    artifacts/formulation/formulation_taxonomy.yaml
    artifacts/formulation/VOCAB_ALIASES.json
    artifacts/formulation/evidence/ (dir) — or just the file
    artifacts/formulation/tools/check_taxonomy_consistency.py
    artifacts/formulation/schemas/*.yaml
    schemas/*.yaml, schemas/taxonomy_cases.jsonl
    artifacts/formulation/FROZEN.json
    artifacts/flash-02/check_taxonomy_cases.py + leak_rule_catalog.json
  Then controls invoke the *canonical checks as functions* against the stage root. I'll parametrize check functions with a root argument.

Simplify: write functions that take `root` and return (ok, detail). Main run: root=ROOT (canonical). Controls: root=mutated stage.

But the canonical checker subprocesses need to run with cwd=stage and command paths from stage. For check_taxonomy_cases.py copy in stage: run `python3 <stage>/artifacts/flash-02/check_taxonomy_cases.py --taxonomy <stage>/research_map/... --cases <stage>/schemas/... --catalog <stage>/artifacts/flash-02/leak_rule_catalog.json --report <my dir>/...`. Its internal stale-pin guard uses measured taxonomy file. Good.

For consistency checker copy in stage at stage/artifacts/formulation/tools/check_taxonomy_consistency.py: parents[3] = stage. Run it; it writes stage/artifacts/formulation/evidence/taxonomy_consistency.json. Then compare bytes with canonical live file (for the main run) or check it's non-empty for controls.

Control list:
  K1 consistency_pin_mutation: stage F1 schema f0_binding.consistency_evidence_sha256 → zeroed; expect C4 fail.
  K2 stale_case_token: stage cases row binding_status → bound_taxonomy_sha_66bf917bd368; expect C6 fail.
  K3 f0_pin_zeroing: stage F2a declared_f0_sha256 → 000...; expect C5 fail.
  K4 frozen_entry_removal: stage FROZEN remove "schemas/af_wcc_vacuum.yaml"; expect C1 fail (missing pin).
  K5 frozen_pin_mutation: stage FROZEN change one sha; expect C1 fail.
  K6 revision_downgrade: stage FROZEN revision=28; expect C2 fail.
  K7 mirror_mismatch: stage artifacts/formulation/schemas/af_scc_c0_vacuum.yaml append byte; expect C8 fail.
  K8 taxonomy_divergence: stage supplement taxonomy delete a required field → consistency checker INCONSISTENT (exit 1). Hmm, mutating YAML risks crashing; simpler: set B class_contracts[AF-WCC-VAC-GEN].components.censorship = "SCC" → family mismatch error. Expect exit 1.
  K9 cases_negative_control: handled by canonical checker's own controls (it prints controls detected). I can parse `controls_all_detected` from its report. That's a control already inside the canonical checker; record it.

For each control: mutate stage (rebuild fresh stage each time), run the specific check function with root=stage, expect FAIL (detected). For K8 expect the consistency check to be INCONSISTENT.

Cost: rebuild stage 9 times; small files (~200KB), fine.

Also the main canonical run includes: staged consistency recompute must byte-match canonical evidence (this is a strong check: evidence freshness).

Let me now write the code. I need to be careful with YAML round-trip for mutations: safest is text-level replacement (e.g., replace hash string, or replace `revision: 29` with `revision: 28`). Use line-based replacement to preserve formatting.

FROZEN is JSON — can json.load/dump (but formatting differs; that's fine in stage).

Mutations:
- K1: in stage schemas/af_wcc_vacuum.yaml replace "9e335e9ba1bfcf777dc9e81816fcf1eda43ce37cef38db754a74649ea6c6fb9b" with "0"*64 once.
- K2: in stage schemas/taxonomy_cases.jsonl replace first occurrence of "bound_taxonomy_sha_0abb9ed8a961" with "bound_taxonomy_sha_66bf917bd368".
- K3: in stage schemas/af_scc_c2_vacuum.yaml replace declared_f0_sha256 value "0abb9ed8a961..." with "f"*64.
- K4: stage FROZEN remove entry "schemas/af_wcc_vacuum.yaml".
- K5: stage FROZEN change pin of "research_map/formulation_taxonomy.yaml" to "f"*64 (drift).
- K6: stage FROZEN revision 29 → 28.
- K7: stage mirror append "# x\n".
- K8: stage supplement YAML: replace in class_contracts AF-WCC-VAC-GEN components censorship: WCC → SCC. Need to look at structure. Simpler: append a top-level invalid? Let me instead delete the `known_obstruction` for SCC — that requires YAML editing. Text replace may be fragile. Alternative mutation: in stage supplement, replace `exclusions: []`? Hmm.

Let me check the supplement structure quickly to find a simple text-level mutation that the consistency checker flags. Actually simplest robust: modify VOCAB_ALIASES.json to break alias mapping? The checker uses canon(); breaking aliases changes conclusion_type comparison → error only if aliases needed. Hmm.

Better: K8 = mutate the *map* taxonomy in stage: set classes.AF-WCC-VAC-GEN.axes.family from WCC to SCC. The consistency checker compares a["axes"]["family"] != b["components"]["censorship"] → error. Text-level: in research_map/formulation_taxonomy.yaml find the AF-WCC-VAC-GEN class block. Risky but let me check format. Actually easier: the checker requires `set(A["class_ids"]) == set(B["class_contracts"])`. In stage map taxonomy, remove one class id from `class_ids` list → mismatch error → INCONSISTENT. Text-level: find the class_ids block. Hmm also risky.

Alternative robust approach: use yaml.safe_load + yaml.safe_dump for stage mutations of K8 (formatting changes don't matter for the checker). That's safe: load stage map taxonomy, mutate `classes["AF-WCC-VAC-GEN"]["axes"]["family"] = "SCC"`, dump. The checker re-loads it. Fine.

Similarly K1/K3 could be done with YAML load/dump, but text replace is fine and keeps bytes closer. Actually for K1/K3, my own checks parse YAML, so either works.

Let me now also handle: the main run's C7 consistency recompute compares: staged checker output vs live canonical evidence bytes. Note the checker's output includes absolute paths? Looking at the code: rep includes "map_taxonomy": "research_map/formulation_taxonomy.yaml" (relative literal), "lead_contract": "artifacts/..." (relative literal) — good, no absolute paths. So byte comparison should hold if deterministic. 

One more check: the live evidence 9e335e9ba1bf is 495 bytes. The checker also writes `divergences` if any: D2/D3 as shown. The current class texts apparently don't trigger D2/D3. Fine.

Now, the report must include: task_id, worker, class_ids, gate, pins, checks with expected/observed/falsifier, controls, verdict, drift, non-claims, timestamps. Then I'll emit events with evidence_refs using path#sha256-12 prefix.

Let me write the checker now. It's moderately long; I'll write it in one go.

Also important: the workspace uses `landlock-run` sandbox; writes under /data3/guoshaoyang are allowed (workspace-write). Temp files: use /data3/guoshaoyang/workdir/ai4math-swarm/tmp/... or my artifact dir. I'll keep the stage under my artifact dir to be safe.

Let me write the script.
dsh: reasoning:
Wait, there's an issue in check_all for C10 in control mode: `staged_consistency_out` is a Path to a report file (scratch/report.json), and the stage root is computed as `staged_consistency_out.parent / "consistency_stage"`. For the canonical run, staged_consistency_out = HERE/"cases_check_report.json", so stage root = HERE/"consistency_stage". Fine.

But in the control K8 (taxonomy_divergence), target C10: build_stage(root=mutated stage) → the consistency stage gets built from the mutated stage, then the consistency checker runs → should exit 1 (INCONSISTENT) → C10 fails → detected. Good.

However, in controls, C10's stage is built from the mutated stage, which includes the mutated F0. Fine.

Another issue: in control mode, the cases checker report path is `scratch/report.json` — the same file used for staged consistency output? No: `staged_consistency_out` is used as cases report path in C6 AND as the parent for the consistency stage. That's a bit confusing but works: C6 writes cases report to scratch/report.json; C10 builds stage at scratch/consistency_stage. OK.

Wait, there's a bug: in C6 I call `run(...)` with `--report str(staged_consistency_out or HERE/"cases_check_report.json")`. In canonical mode staged_consistency_out = HERE/"cases_check_report.json" — fine. In control mode it's scratch/report.json — fine.

Another issue: check_taxonomy_cases.py may require cwd for relative default args? I pass absolute paths for taxonomy/cases/catalog/report, so fine. But it might reference taxonomy path string in the report only.

Potential issue: the cases checker's stale-pin guard expects `binding_status` == bound_taxonomy_sha_<sha12 of measured taxonomy>. With absolute --taxonomy path it should still measure the file. Good.

Now C7 runs check_class_schema.py with absolute schema path. The class checker's Gate may print class_id. Fine.

One risk: check_class_schema.py uses `SPEC = parents[1]/rule_spec.json` — when invoked canonically, that's artifacts/formulation/rule_spec.json — fine.

Now let me run the checker. It may take a bit with 8 controls × full checks (each control runs 3 class checkers + cases checker + consistency run) — that's ~8 × 5 subprocesses = 40 subprocess launches; fine.

Let me run it.
dsh: reasoning:
C1 failed — FROZEN drift is happening. Let me look at the report's C1 observed value to see which pin drifted. The lead may be regenerating FROZEN right now. Let me inspect.
dsh: reasoning:
Interesting! C1 fails: FROZEN rev29 (3d9e3d77) pins `artifacts/formulation/evidence/variant_delta_check.json` at fc6ee058dd96 but disk measures 0b23f0b29232. No drift between T0/T1 of my run (FROZEN unchanged during my window), so this is a real manifest/disk mismatch: an already-stale byte in the rev29 manifest.

Wait — what changed variant_delta_check.json? Possibly the lead's repair script regenerated it after the manifest was frozen? Let me check mtime and whether a checker wrote it (check_variant_deltas.py writes evidence). Let me look at it: maybe someone ran check_variant_deltas.py, which rewrote the evidence file with a timestamp, after regenerate_frozen.py captured the pin. This is a genuine finding: FROZEN rev29's manifest does not self-resolve — verify_frozen.py exits 1. That's a blocking finding for G-FORM r3 (the r3 verdict requires all pins resolve).

Let me confirm:
- mtime of artifacts/formulation/evidence/variant_delta_check.json
- content (probably has measured_at timestamp)
- whether FROZEN pins other evidence files fine.
- Check if the file changed after 00:55:02.

This is a great catch — exactly the kind of evidence-binding defect the task is about. Let me dig.

Also check the FROZEN rev29 emitted at 00:55:02 vs the earlier rev29 at 00:54:32 (e1a8aaa3) — maybe the lead regenerated FROZEN before the evidence file was rewritten.

Let me inspect.
dsh: reasoning:
This is a major finding. At 00:56:03 (after FROZEN rev29 was frozen at 00:55:02), *something* re-ran check_variant_deltas.py and check_variant_registry.py (both evidence files rewritten at 00:56:03). The delta checker now reports `valid: false` because the variant delta files' `base.sha256` still reference the pre-repair schema hashes:
- CH delta base = 55d0a1ea9bda (old F2b) → disk now b2ab6acb2bbe
- SET delta base = cce9c60146d6 (old F1) → disk now d9cebb9404b2

So the rev13 schema repair moved the base bytes but did NOT update the two variant delta files (or FROZEN's evidence). Consequences:
1. `artifacts/formulation/evidence/variant_delta_check.json` now reads `valid: false` — a live INVALID on disk.
2. FROZEN rev29 pins the OLD bytes fc6ee058 (which were valid:true before the schema repair, presumably). Wait — pin fc6ee058 vs disk 0b23f0b292. Which is old? The repair report at 00:53 listed FROZEN rev28 pin of variant_delta_check.json as fc6ee058 (from the earlier FROZEN listing of rev28? I don't have it). Rev29 FROZEN (00:55:02) pins fc6ee058. The disk now has 0b23f0b292 with valid:false.

Hmm: What did fc6ee058 contain? Possibly `{"deltas":[...], "valid": true, "errors": []}`? Let me check git or any snapshot. There might be worker-007's snapshot. Actually, let's think: The repair moved F1/F2a/F2b bytes at 00:53:20. At 00:54:32 and 00:55:02 FROZEN was regenerated (rev29) and it pinned variant_delta_check.json at fc6ee058. If the delta checker had been run at 00:55, it would already have said INVALID (because base hashes moved at 00:53). Unless fc6ee058 was generated BEFORE 00:53 (with old, matching bases) and the manifest regeneration at 00:54/00:55 just carried forward the stale evidence file — meaning regenerate_frozen.py re-pinned the file's old hash without re-running the checker. Then at 00:56:03, someone (the lead?) re-ran check_variant_deltas.py + check_variant_registry.py, which rewrote the evidence to the new invalid state. But then FROZEN is now stale relative to both files.

Either way, the current live state at the rev29 pin is:
- FROZEN rev29 pins variant_delta_check.json fc6ee058, disk is 0b23f0b292 → verify_frozen.py exit 1 (MANIFEST DRIFT).
- The live variant_delta_check.json says valid:false with two base-hash-drift errors, each pointing at the repaired schemas.
- The variant deltas themselves (CH delta and SET delta) still carry stale base pins → the variant registry/deltas were not updated by the rev13 repair; this is an additional evidence-binding defect (CF-20-adjacent).

Wait, but the repair item (3) included changing the SET delta strength. The repair report said CH_variant changed:false and F1's token changed. If the SET delta file was touched (strength text), its base pin may still point to old F1 hash. Let me check the delta files' content and their mtimes, and the variant registry check evidence.

Let me also check what FROZEN rev29 pinned for variant_registry_check.json (164a9a846e25) vs disk now.

This is a strong, well-scoped finding for my task: **CF-20 is NOT fully repaired at FROZEN rev29**: the consistency-evidence binding (C4) and cases corpus (C6) are repaired, but the FROZEN rev29 manifest fails self-resolution (C1) because of stale variant-check evidence rewritten after freeze, and the live variant delta checker reports INVALID due to schema base hash drift not propagated into the two variant delta files.

However — moving target: the lead is probably still working on it (files rewritten 00:56:03, my run at ~00:56:0x). By now, maybe the lead re-froze FROZEN at rev30. Let me re-measure. If they fix it, my C1 failure becomes a snapshot-of-a-transient finding, but the finding itself (variant deltas kept stale base pins) may persist.

Let me check current state again: FROZEN hash, variant delta files, and their base pins. Also check the accepted stream for new events after 00:56. And whether a rev30 exists now.

I should decide the disposition:
- If FROZEN changed again (rev30), my pins T0 are void → per protocol, my verdict binds to the pins I measured; I can re-run a pass-2 at the new pins and report both. My task instruction says one bounded task and exit — but I can do a two-pass run within the same task (like worker-098 did) and report the drift explicitly.

Let me measure now.
dsh: reasoning:
So the state is stable-ish: FROZEN rev29 (3d9e3d77) still pinned; variant_delta_check.json rewritten at 00:56:03 by *someone* (likely the lead running the acceptance suite), now valid:false.

Note: the variant_registry_check.json hash 164a9a846e25 matches the FROZEN pin (from the rev29 listing: variant_registry_check.json 164a9a846e25) — wait, the earlier rev29 FROZEN listing showed `artifacts/formulation/evidence/variant_registry_check.json 164a9a846e25 540`. And the file's mtime is 00:56:03 too, yet its hash matches the pin. So the registry check is deterministic and reproduced the same bytes; the delta check produced different bytes (valid:false vs whatever fc6ee058 was).

So what is fc6ee058? Probably the same JSON with valid:true and no errors. The delta check legitimately now fails because the schema bases moved. The lead's rev13 repair changed schema bytes but did not update the variant delta files' `base.sha256` (and the repair report didn't mention them; item (3) did edit the SET delta's strength? Let me check the SET delta file content and base pin).

Let me examine both delta files.
dsh: reasoning:
Confirmed finding:

1. FROZEN rev29 pins `artifacts/formulation/evidence/variant_delta_check.json` at fc6ee058 (136 bytes) but the live file is 0b23f0b292 (218 bytes, valid:false with 2 base-hash-drift errors). verify_frozen.py exits 1 → the rev29 manifest does not self-resolve → G-FORM r3 cannot bind at these pins (protocol rule 2: artifact must carry a sha256 registered and be resolvable).

2. Root cause chain: rev13 repair moved schemas/af_wcc_vacuum.yaml (cce9c60146d6 → d9cebb9404b2) and schemas/af_scc_c0_vacuum.yaml (55d0a1ea9bda → b2ab6acb2bbe) at 00:53:20, but the two registered variant delta files still declare `base.sha256` at rev12 hashes (SET base = cce9c60146d6 rev12, mirrored copy artifacts/formulation/schemas/...; CH base = 55d0a1ea9bda rev12). Consequently check_variant_deltas.py now reports `valid:false` (both "base hash drift" errors). The FROZEN manifest carries the pre-00:56 evidence bytes, so FROZEN is both stale AND pinning a byte-set that no longer reflects the live delta checker result.

Wait, actually: what was fc6ee058? Let me determine whether it's valid:true/errors:[] or an older valid:false. The pin was made at 00:55:02 (rev29). The previous rev28 manifest pinned variant_delta_check.json at... let me check the earlier rev28 listing? I saw in the rev29 output: fc6ee058 136 bytes. In the rev28 listing (first FROZEN read at 00:54:4x), it wasn't in my filtered print. Let me check git history? The repo has .git. Maybe FROZEN.json is tracked. Let me check `git log`/`git show HEAD:artifacts/formulation/FROZEN.json` for the old bytes, or find the old content hash in event stream snapshots.

Actually there may be a copy of the old evidence in worker-007's snapshot dir! worker-007 snapshotted inputs pre-repair. Let me check `artifacts/worker-007/rev29_preflight/snapshot/artifacts/formulation/evidence/variant_delta_check.json`. If it exists, its content should be the pre-repair valid state. That tells us what fc6ee058 was.

Regardless, the key finding stands. Also worth checking: is fc6ee058 likely `{"deltas": [...], "valid": true, "errors": []}`? That would be consistent with a manifest regenerated before the schema move (00:53:20) — i.e., the regenerated FROZEN rev29 at 00:55:02 carried a stale evidence pin. Actually the evidence file itself was last written before 00:53 presumably; the delta checker run at 00:56:03 changed it.

Hmm wait — who ran check_variant_deltas.py at 00:56:03? Possibly the lead's `run_acceptance.py` or the repair script re-running acceptance. That means the repair itself (or the acceptance re-run at 00:56) invalidated the manifest it produced at 00:55. Either way, live state at 00:56:48: FROZEN rev29 ≠ disk for variant_delta_check.json.

Let me verify the old bytes from the worker-007 snapshot to make the finding airtight: show fc6ee058 content and confirm it was valid:true (i.e., pre-repair) — meaning the rev29 manifest pinned pre-repair evidence bytes while pinning post-repair schema bytes; an inconsistent manifest.

Let me check.
dsh: reasoning:
Let me see the fc6ee058 content (worker-060 sandbox copy) — it's the pin content.
dsh: reasoning:
Confirmed: FROZEN rev29 pins the pre-repair `variant_delta_check.json` (fc6ee058, valid:true) while pinning post-repair schemas. The live checker now says valid:false because the delta bases are stale. So FROZEN rev29 is internally inconsistent: it pins a `valid:true` evidence file whose stated property (deltas apply to their frozen bases) is now false at the pinned schema bytes, and the live file no longer matches the pin.

Other workers are already on it: worker-074 (`rev29_landing_guard`) and worker-083 (`rev29_postapply_integrity`) have snapshotted 0b23f0b2. Let me check what they concluded — I must not duplicate and should cite them. Let me quickly read worker-074's report verdict and worker-083's postapply report. If they already found this exact defect, my job is an independent confirmation + a distinct artifact. Independent confirmation is still valuable (two independent verdicts), and I should cross-reference.

Let me read quickly.
dsh: reasoning:
worker-074 has a landing guard with detailed predicates; let me see its verdict for P2/P3 (FROZEN self-resolution). Let me grep its report for "variant_delta" and the final verdict. And worker-083's postapply report content (in snapshot only?). Let me check quickly to know whether the defect is already reported (so my event cross-references rather than duplicates).
dsh: reasoning:
worker-074 has already found the same freeze drift (W074-R29-FREEZE). So my C1 finding duplicates worker-074's P6. However, my run adds:
- The distinction that the delta base pins themselves are stale (root cause) — actually worker-074's P1 (authorized change scope) may or may not cover the variant delta files. Let me check if worker-074 flagged stale delta base pins. Its findings list only two: EXTRA-F1 and FREEZE. So the *root cause* — the two variant delta files still declaring rev12 base hashes, i.e., the live `variant_delta_check.json` valid:false and hence the frozen *pinned evidence value* (valid:true) is now false at the pinned schema bytes — may not be recorded by worker-074. worker-083's postapply has a snapshot of variant_delta_check.json (0b23f0b2) — maybe it analyzed it.

Let me check worker-083's outbox/events for rev29_postapply findings. Let me grep their outbox for "postapply".
dsh: reasoning:
No events yet from worker-083's postapply run (the artifact dir appeared at 00:53 but maybe still running). So the rev29 defect space is being worked but not yet fully reported.

My value-add as worker-053:
1. Independent confirmation of the rev29 landing state with a different methodology (my check suite) — C1 FAIL.
2. New finding: the *reason* FROZEN pinned a stale evidence file is that the two registered variant delta files (`AF-WCC-VAC-GEN.variant-SET.delta.json`, `AF-SCC-C0-VAC-GEN.variant-CH.delta.json`) still declare base hashes at rev12 (`cce9c60146d6`, `55d0a1ea9bda`) while their bases moved to rev13 (`d9cebb9404b2`, `b2ab6acb2bbe`) — so `check_variant_deltas.py` now reports valid:false. The frozen evidence pin fc6ee058 asserts valid:true. Net: rev29's variant-delta evidence is (a) not live and (b) value-false at the pinned schema bytes. The repair's item list didn't include the variant deltas' base pins.
3. Also, the FROZEN rev29 file count is 48, but the repair report (00:53) claimed 44 pins at rev28; not important.

Wait — actually, there's a subtlety: was it the *lead* who reran the delta checker at 00:56:03, or another worker? If another worker ran `run_acceptance.py` or `check_variant_deltas.py` (which writes canonical evidence!), that itself is a canonical write by a worker — a freeze-protocol violation. The mtimes of both variant check evidence files are 00:56:03.414 and 00:56:03.432, almost simultaneous with something. Which process? Maybe astra lifecycle or the lead's acceptance pipeline re-ran during the repair. Let me check events around 00:56 for artifacts of "variant" or "acceptance".

Actually worker-074 measured at 00:56:44 and found file_mtime 00:56:03 written_after_freeze. The writes happened between my two passes too (my run started ~00:55:4x; C1 was measured at T0 ~00:55:5x — and it already reported the drift, so the write happened before my C1 subprocess ran... Actually my run's T0 pin of variant_delta_check.json — let me check the report pins_t0 for that file. If pins_t0 shows 0b23f0b2, the write happened before my run started (00:55:4x?). Hmm, my run started when? The command was issued right after I created the file; timestamps: report created_at likely 00:55:5x. Let me check pins_t0.

If pins_t0[variant_delta_check] = 0b23f0b2 and it was stable across T0/T1, then the write at 00:56:03 happened... wait mtime 00:56:03 is after 00:55:5x. But my C1 run may have happened after 00:56:03 (the full run takes ~40s). Let me check the report: created_at = t0, finished_at. Let me look.

Either way, my C11 drift check passed (FROZEN unchanged), and C1's failure is real at the measurement instant.

Who wrote it? The near-simultaneous writes of variant_delta_check.json and variant_registry_check.json at 00:56:03 suggest `run_acceptance.py` or `run_gate_tests.py` (acceptance pipeline) was executed. Let me check run_gate_tests.py / run_acceptance.py for calls to those checkers. If the repair script ran the full acceptance at 00:56 (after regenerate_frozen at 00:55), the evidence files got rewritten but the manifest wasn't regenerated afterwards. That's the likely sequence: repair script: apply → regenerate FROZEN (00:55:02) → run acceptance tests (00:56:03, rewriting evidence) → didn't regenerate FROZEN again. Actually the FROZEN mtime 00:55:02 precedes the evidence write; if acceptance ran after the freeze, the manifest is stale.

Let me check the repair script's order and the evidence_binding_repair_rev29_report (f337f83e, 9744 bytes now, updated). Also check regenerate_frozen.py. This root-cause analysis strengthens my finding.

Let me look at the report and script quickly.
dsh: reasoning:
Wait! The regenerate_frozen.py has been UPDATED (mtime 00:54 earlier, but content now references rev29 extras: `variant_rebase_rev29_report.json` and `tools/variant_rebase_rev29.py`). So the lead is actively fixing the variant-delta issue right now — they added a "variant_rebase_rev29" step. The PIN_EXTRAS list includes `variant_delta_check.json` still. Note also a comment: "Re-runnable measurements that stamp a generation timestamp ... are NOT pinned" — but variant_delta_check.json IS pinned; it doesn't stamp timestamps though.

Also the KeyError: my report's pins_t0 doesn't contain variant_delta_check.json because I didn't include it in PINNED_INPUTS. Fine (I should add it as a measured input! It's central to C1). Let me add it to PINNED_INPUTS so drift detection covers it. Good idea.

Also note repair report no longer has 'frozen'/'acceptance' keys; it's the 00:53 apply report, and FROZEN is now generated by a different flow.

Current situation (00:57): the lead is mid-repair — `variant_rebase_rev29.py` may be running, which will rewrite the two delta files' base pins (rebasing rev12→rev13), re-run the checkers (making variant_delta_check valid:true again), and regenerate FROZEN (rev30?) to pin the new bytes.

My bounded task should therefore produce a pass-2 measurement at whatever the state is when I finish, OR report a two-pass with the drift/finding. The task instructions: "Take one class-bound task, emit valid JSON with IDs evidence hash falsifier, checkpoint, then exit." One task, one deliverable. I can make the deliverable a two-pass verification:
- Pass 1 (00:56:25-00:56:35) at FROZEN rev29 3d9e3d77: C1 FAIL — manifest pins a variant-delta evidence file that no longer matches disk (file rewritten 00:56:03, after freeze), and the live file's value is valid:false with two base-hash-drift errors naming the rev13 schema moves.
- Pass 2 (at the settled post-rebase pins): re-run everything; report whether C1..C11 pass.

But if the lead's rebase lands within a minute or two, pass 2 will be clean and my finding is reduced to "transient during repair". Still valuable: it documents that the rev29 landing was NOT self-consistent at 00:56:35 (a verified fact), and that the frozen evidence value was stale/false at those pins.

Given that worker-074 already reported the FROZEN drift, my unique contribution should be the **root-cause and the variant-base-pin defect**: the two registered variant delta files were not rebased by rev13, so the evidence `variant_delta_check.json` was false at the pinned schema bytes (valid:false), and the manifest's pinned copy asserted valid:true. That's a substantive finding beyond "pin mismatch".

Let me check whether `variant_rebase_rev29.py` exists yet and whether it has run; check delta file mtimes now. And re-measure.

Also: I should check whether the delta files got rebased already.
dsh: reasoning:
The lead's rebase landed: delta files rebased at 00:57:02, delta check re-run at 00:57:15 (now back to fc6ee058 = valid:true, deterministically the same bytes!), FROZEN regenerated at 00:57:26 → 815e08079aef.

So the sequence I caught: the rev13 repair initially did NOT rebase the variant deltas → live evidence valid:false; then the lead added `variant_rebase_rev29.py` and rebased → evidence back to fc6ee058 valid:true. FROZEN now 815e08079aef (rev30 presumably).

So my finding was a real transient defect in the rev29 landing, now repaired. My verification should now do a pass-2 at the new FROZEN revision and report the timeline honestly. That's a proper two-pass deliverable.

Let me check FROZEN now: revision, pins, verify_frozen exit, delta base pins.
dsh: reasoning:
Now FROZEN is still revision 29 (re-emitted, frozen_at 00:57:26, 50 files, verify_frozen exit 0). The rebase fixed:
- SET delta → 64b8d6394a04 (base now d9cebb9404b2 presumably)
- CH delta → 7c165a9063c6 (base now b2ab6acb2bbe)
- VARIANT_REGISTRY.json → 6bac9adea19e (a new file moved! the registry itself changed)
- variant_delta_check.json back to fc6ee058 (valid:true)

But note: FROZEN revision stayed 29 while bytes moved (re-emission without revision bump) — the manifest's own change protocol says "any change to a canonical artifact bumps revision". Re-emitting rev29 with different content (3d9e3d77 → 815e0807) means the rev29 pin set is ambiguous across two byte-generations. That's a process observation worth recording: two distinct byte-generations both labeled rev29, and reviewers binding to "rev29 pins" must bind to the FROZEN sha256, not the revision number. worker-074's report already noted "FROZEN rev29" at 3d9e3d77. My report should record both generations.

Now: is anything else stale? The VARIANT_REGISTRY.json change (5eb42f9a → 6bac9ade) — its mirror? Is there a mirror copy `artifacts/formulation/VARIANT_REGISTRY.json` only. Does FROZEN pin it? Yes (it was listed). It's now updated.

Let me now re-run my checker in pass-2 against the current FROZEN (815e08079aef). I need to:
1. Add variant_delta_check.json + variant_registry_check.json + the two delta files + VARIANT_REGISTRY.json to PINNED_INPUTS for drift coverage.
2. Add a check C12? No — keep checks; add a check that the variant evidence is valid:true and its two delta bases match live schema bytes. That's the root-cause check for the finding I made. Let me add C12:
   - C12: the two registered variant deltas apply to their frozen bases: each delta's base.sha256 == live sha256 of base.artifact; canonical check_variant_deltas.py staged re-run reproduces live evidence bytes and reports VALID. Careful: running check_variant_deltas.py canonical would rewrite the evidence file. So stage it: copy tool + variants + schema bases + evidence into a stage with same relative layout; the tool resolves ROOT=parents[3] and writes ROOT/artifacts/formulation/evidence/variant_delta_check.json; then compare to canonical live bytes. Also check_variant_registry.py similarly (writes variant_registry_check.json) — it resolves ROOT how? Let me check its head.

Also my C1 will now cover verify_frozen exit 0.

Adding C12 is worthwhile and makes my checker genuinely independent on the variant-delta axis, which is what I found. Also controls: K9 = mutate a delta base pin → C12 fail. 

But careful about time. It's 00:58. Let me implement C12 + K9 + evidence pins additions, then run pass 2. Also update the report to include a pass-1 record. Simplest: keep my pass-1 report.json as `report_pass1.json` (it's already written), then re-run pass 2 to report.json with an extra field referencing pass1 + the pass-1 finding.

Let me check check_variant_registry.py head to see its ROOT/writes.
dsh: reasoning:
Good. Both variant checkers write evidence into canonical path and resolve ROOT from their own path. I'll stage both.

Now let me update my checker:
1. PINNED_INPUTS += variant_delta_check.json, variant_registry_check.json, VARIANT_REGISTRY.json, both delta files, check_variant_deltas.py, check_variant_registry.py.
2. Add C12 check:
   - live variant_delta_check.json parsed: valid == true, errors == []
   - each delta file's base.sha256 == live sha256 of base.artifact, and base.revision == schema revision (parse schema's `revision` field; check it's 13)
   - staged re-run of check_variant_deltas.py reproduces live evidence bytes
   - staged re-run of check_variant_registry.py reproduces live registry evidence bytes
3. Control K9: mutate delta base pin in stage → C12 fails.
4. build_stage must copy the extra files: VARIANT_REGISTRY.json, both delta files, both checker tools.
   Note build_stage currently copies a fixed list including CLASS_CHECKER etc. Add VARIANT_REGISTRY.json, the two delta files, the two variant tools. Also for the consistency-stage build (C10), the extra files don't matter.
5. Report should record `pass1` info. I'll add a CLI arg `--pass1 <path>` and embed a `prior_pass` summary: pass1 verdict FAIL, C1 observed. Actually simpler: I'll keep report_pass1.json (copy of the current report) and in pass 2's report add a "passes" section describing both, with pass1 hash. I'll implement it as optional `--prior-report` that embeds {path, sha256, verdict, failed_checks, key observed}.

Also the C1 check itself: I should make the falsifier reference the variant evidence. Fine as is.

One more consideration: C1 currently runs verify_frozen.py from `root` (stage in controls). In controls, the staged FROZEN mutations are detected. Good.

Time check: 00:58. Let me implement quickly.

Also, important: my pass-1 report already exists as report.json. I'll copy it to report_pass1.json first, then re-run pass 2 as report.json with --prior-report report_pass1.json.

Let me edit the file.
dsh: reasoning:
Now update build_stage to copy the new files and mutate() to add K9. Also update CONTROLS and the docstring C-list. Let me edit build_stage.
dsh: reasoning:
Now update main() to add --prior-report, passes metadata, and update the docstring C-list to include C12. Also the C11 check is added after C12 in the Result list — order: C1..C10, C12, C11 (drift added after). That's fine but let me make C11 before C12? Order in report is cosmetic.

Let me edit main.
dsh: reasoning:
I mixed up the parameter order; the edit tool requires old_string then new_string. Let me redo it properly.
dsh: reasoning:
Pass 2: PASS at FROZEN rev29 (815e0807) with all 12 checks and 9/9 controls detected.

Now, the deliverable: two-pass verification with the pass-1 finding. Let me finalize artifacts:
1. report.json (pass 2) — includes pass1 embedded.
2. report_pass1.json — copy already saved.
3. cases_check_report.json (pass2), cases_check_report_pass1.json.
4. controls.json — extract the controls from report.json.
5. hashes.txt — sha256 of all deliverables.
6. README.md — human-readable summary, method, findings, falsifier, non-claims.
7. checkpoint.json — worker-local checkpoint.
8. runtime/state/w053_rev29_binding_verify_checkpoint.json.

Then emit events to comms/outbox/worker-053.jsonl:
- artifact events (checker, report, pass1 report, controls, checkpoint)
- claim event (class-bound, with evidence_refs using path#sha256-12, falsifier, assumptions, conclusion_type formal_model)
- review event? I'll emit a review of the rev29 binding at the two passes; reviewer=worker-053, target_id="FROZEN@815e08079aef / schemas F1 d9cebb9404b2, F2a e9a27996dfd3, F2b b2ab6acb2bbe", verdict=revise? Hmm. The pass-2 verdict is PASS, but the pass-1 finding (variant deltas not rebased) is a real defect that was repaired mid-flight. A `review` verdict of "accept" for the binding chain at the final pins, with the pass-1 finding recorded as a hard failure that is now closed... Actually the protocol's review verdicts are accept|revise|reject|inconclusive. Since the current pins check out and the transient defect was repaired by the owner with evidence (variant_rebase_rev29_report.json, FROZEN re-emission), I'd say verdict: accept, score maybe 4.0, with findings: pass-1 defect (W053-RV29-01, major, closed-by-rebase), and process finding W053-RV29-02 (rev29 re-emitted twice with different bytes, same revision number → revision label alone is ambiguous; bind by FROZEN sha256). And a residual: FROZEN rev29 second generation has 50 files vs first 48 — the pin set grew (variant rebase report/tool + registry change). Those are informative.

But careful: "worker events cannot set gate verdicts" — a review event is fine as worker evidence; the audit lead owns r3. I'll be explicit: advisory, does not set G-FORM.

Let me also double check: is there anything wrong with C12's staged recompute of variant registry? It reproduced live bytes → good.

Now let me capture the pass-1 finding precisely with IDs:
- W053-RV29-01 (major, closed): At FROZEN rev29 generation 1 (sha256 3d9e3d77fd87, frozen_at 00:55:02), verify_frozen.py exited 1 because the manifest pinned artifacts/formulation/evidence/variant_delta_check.json at fc6ee058 while disk was 0b23f0b292 (valid:false, errors: CH base drift 55d0a1ea9bda→b2ab6acb2bbe, SET base drift cce9c60146d6→d9cebb9404b2). Root cause: the rev13 repair moved the three schemas at 00:53:20 but did not rebase the two registered variant delta files, so the live delta checker reported the variant evidence false. The owner repaired with variant_rebase_rev29.py at 00:57:02 (SET delta 45b9b6a8d192→64b8d6394a04, CH delta c28795b0fdfc→7c165a9063c6, VARIANT_REGISTRY 5eb42f9a384a→6bac9adea19e), and FROZEN was re-emitted at 00:57:26 (815e0807) with 50 pins and verify_frozen exit 0. Pass 2 confirms closure.
- W053-RV29-02 (minor, open process risk): FROZEN was re-emitted twice with the same revision number 29 but different bytes (3d9e3d77 48 files at 00:55:02 → 815e0807 50 files at 00:57:26); the manifest's own change protocol says a change bumps the revision. Consequence: "rev29" alone is ambiguous; any verdict must bind the FROZEN sha256. Falsifier: a frozen manifest whose revision number is reused for two different byte-generations (already observed); repair = bump revision on re-emission.

Also possibly note: evidence files were rewritten by a post-freeze checker run at 00:56:03 (that's what made generation 1 stale). That's part of W053-RV29-01 root cause chain.

Is W053-RV29-02 duplicative of worker-074? worker-074 found the FREEZE pin mismatch (P6 FAIL), not the revision-reuse point. Fine.

I need to check the current facts for the pass-2 pins: FROZEN 815e0807, revision 29, 50 files; delta pins etc. Let me pull from report.json.

Then write controls.json, hashes.txt, README.md, checkpoint.json.

Let me get the controls from report.json and check drift empty.
dsh: reasoning:
All good. Now write the remaining artifacts: hashes.txt, README.md, checkpoint.json, runtime/state checkpoint. Then emit events.

Let me create hashes.txt with sha256 of the deliverables (checker, report.json, report_pass1.json, cases reports, controls.json). Note: hashes.txt can't include its own hash. Then README.

Then checkpoint.json (worker-local) with pins and pointers, and runtime/state/w053_rev29_binding_verify_checkpoint.json.

Let me build them with a small script for correctness.
dsh: reasoning:
Now the checkpoint.json. Let me write a script that produces checkpoint.json with:
- task_id, worker, created_at, class_ids, gate
- verdicts per pass, pins (T0 of pass2 + pass1),
- artifact pointers + hashes (self-referential: checkpoint includes hashes of files but not itself)
- findings IDs with falsifiers
- next_falsifier
- authority note.

And runtime/state/w053_rev29_binding_verify_checkpoint.json — same content + pointer.

Let me generate.
dsh: reasoning:
Now emit the events to comms/outbox/worker-053.jsonl. I need to produce valid JSONL events per PROTOCOL.md:
- artifact events (node_id, artifact_type, path, sha256, validation_status)
- claim event (class_id, statement, conclusion_type, assumptions, falsifier, evidence_refs, artifact_refs)
- review event (target_id, reviewer, verdict, score, hard_failures, findings)
- status event (node_id, status, hours, summary, evidence_refs, next_falsifier)

Also note the events must include event_id, event_type, created_at, actor.

Evidence refs format: `path#sha256-prefix` (12 hex).

Let me compute the hashes and append events. I must be careful not to clobber the existing worker-053 outbox (append only). Also note the auto-cycle ingests outbox via comms.py.

Event IDs: prefix `w053-rev29bind-20260912T0059-...`

Let me create the events with a small script.

One important check: PROTOCOL rule 1: `conclusion_type: theorem` requires artifact_refs. I'll use conclusion_type `formal_model` (consistent with prior worker events) and include artifact_refs anyway.

Claim statement: describe the two-pass measurement and findings, with pins.

Let me write the emitter.
dsh: reasoning:
Now I must validate my emitted JSONL is valid and check my own output (PROTOCOL rule 5): artifact exists, falsifier falsifies, class id matches.

Let me:
1. Parse the appended lines to verify valid JSON.
2. Verify each artifact_ref path#hash resolves: file exists and sha256 prefix matches.
3. Verify event required fields (event_id, event_type, created_at, actor).
4. Run the controller commands? `python3 research_map/comms.py ingest` — should I? The PROTOCOL says the controller command pulls outbox -> events.jsonl, "writer: research_map/comms.py ingest only". Workers generally don't ingest; the auto-cycle does (run_cycle.py every 15 min). Prior workers just wrote outbox. worker-016 etc. wrote to outbox and controller ingested. I should NOT ingest (that's the controller's job), but I can run validate_map.py? That validates the map, not my outbox. Let me not run ingest. Hmm, but "emit valid JSON with IDs evidence hash falsifier, checkpoint, then exit" — done.

Actually, let me check whether run_cycle.py would ingest my outbox automatically; it does every 15 min. Fine.

Let me run a self-check script that validates the events and refs.
dsh: reasoning:
One evidence ref is stale by design: `artifacts/formulation/FROZEN.json#3d9e3d77fd87` — the pass-1 FROZEN generation no longer exists on disk (the file was re-emitted at 815e0807). The live path resolves to a different hash, which my self-check correctly flags. Per PROTOCOL rule 4, evidence must resolve. I should fix those refs to point at a snapshot: I don't have a copy of the pass-1 FROZEN bytes... Actually worker-074 has `artifacts/worker-074/rev29_landing_guard/snapshot/live/FROZEN.rev29.3d9e3d77.json`! And my pass-1 report embed records FROZEN 3d9e3d77.

Better: create my own pinned copy of the pass-1 FROZEN bytes? I don't have the original bytes; worker-074's snapshot is the authoritative copy (hash should verify 3d9e3d77). Let me check that file's hash, and use it as the evidence ref for the pass-1 FROZEN generation: `artifacts/worker-074/rev29_landing_guard/snapshot/live/FROZEN.rev29.3d9e3d77.json#3d9e3d77fd87`. Also worker-074 has `artifacts/worker-074/rev29_landing_guard/snapshot/live/variant_delta_check.0b23f0b2.json` for the stale evidence.

Alternatively, copy those snapshot files into my artifact dir to keep the pass-1 witness locally pinned: `artifacts/worker-053/rev29_binding_verify/pass1_witness/FROZEN.rev29.3d9e3d77.json` + `variant_delta_check.0b23f0b2.json`. That's cleaner and self-contained: I can cite my own pinned copies. Copying another agent's artifact content (read-only source) into my dir is fine if I cite provenance. Let me verify the source hashes match 3d9e3d77 / 0b23f0b2 first.

Then edit the two offending lines in the outbox (the claim and review events) to reference the local witness copies. Since JSONL is append-only in spirit, but fixing my own just-appended invalid refs is appropriate (the controller hasn't ingested yet; also the ingest may reject). Editing the outbox file lines is acceptable — it's my own file. Let me do a careful rewrite: replace the string `artifacts/formulation/FROZEN.json#3d9e3d77fd87` with `artifacts/worker-053/rev29_binding_verify/pass1_witness/FROZEN.rev29.3d9e3d77.json#3d9e3d77fd87` in my lines only.

Let me verify the witness copies first.
dsh: reasoning:
The witness copies verify. Now fix the outbox lines: replace the stale FROZEN ref with the local witness path. Also maybe add the stale variant evidence ref (0b23f0b2) which currently only appears in the report, not in the events. Let me update the claim's evidence_refs to include the witness files, and the review's too.

Approach: read the outbox lines, for my events (event_id startswith w053-rev29bind):
- replace `"artifacts/formulation/FROZEN.json#3d9e3d77fd87"` with `"artifacts/worker-053/rev29_binding_verify/pass1_witness/FROZEN.rev29.3d9e3d77.json#3d9e3d77fd87"`.
- in the claim/review evidence_refs, append the witness variant evidence ref and add provenance note? Adding an assumption about provenance is better in the claim. The claim already says pass 1. Let me append to claim assumptions: "pass-1 FROZEN generation and the stale variant evidence are pinned as byte-identical copies under artifacts/worker-053/rev29_binding_verify/pass1_witness/ (measured equal to worker-074's snapshots)".

Let me do this programmatically and rewrite the file preserving other lines exactly. Then re-run the self-check. Also update checkpoint.json? It has pins only, no stale path refs. The README references report_pass1; fine. Maybe update README's evidence section to mention the witness copies.

Also add the witness files' hashes to hashes.txt. Wait — hashes.txt was already embedded in an artifact event (sha of hashes.txt). If I modify hashes.txt, the event ref breaks. Options: don't modify hashes.txt; instead create `pass1_witness/HASHES.txt`. That avoids breaking the already-emitted event. Good idea — keep hashes.txt as is; the checkpoint.json also doesn't list witness files. But the checkpoint artifact event refs checkpoint.json hash — unchanged. Fine.

Let me now fix the outbox and write witness HASHES.txt.
dsh: reasoning:
All 9 events valid, all refs resolve with matching hashes.

Now, remaining: update README to mention witness copies (optional), and update checkpoint.json to include the witness hashes? The checkpoint artifact event was emitted with checkpoint.json's sha d6919d02. If I modify checkpoint.json now, that ref breaks. I could add the witness info in a new checkpoint? No — keep it simple: the checkpoint already describes pass1/pass2 with FROZEN pins; the witness copy provenance is in hashes/README/claim. I'll leave checkpoint.json unchanged to keep the emitted hash valid. Actually, wait: I edited the outbox lines *after* emitting; the artifact events don't reference the outbox, so fine.

Let me update README's Evidence paragraph to mention the witness dir (README hash was already emitted in an artifact event: R['README.md']=... If I modify README, that event ref breaks. Hmm. The self-check passed because README is unchanged.

Options: leave README unchanged (it's complete enough), or modify and re-emit corrected artifact event. Not worth it. But the README says "Evidence: hashes.txt pins every deliverable" — the witness files aren't included there; that's a minor incompleteness. I could add a note in the README and re-emit one artifact event for README with the new hash. That's easy and keeps refs consistent (the old event's ref would break though!). The old event ref `README.md#<oldhash>` would no longer resolve. I'd have to edit that event line too. Let me weigh: is it needed? The witness dir has its own HASHES.txt and the claim event references it. The README references "pass1_witness"? No. It's fine — the README's claims are all supported; it doesn't claim to list witnesses. But a reader would benefit. I'll leave it; the outbox claim has the provenance note.

Hmm, actually, let me reconsider: consistency matters more than prose. The current state is fully consistent. Don't touch.

Next: should I run the controller's `validate_map.py` or `audit_evidence.py`? Those validate the map, not my outbox. The auto-cycle ingests. I could run `python3 research_map/comms.py ingest` to make my evidence part of the accepted stream, but PROTOCOL says the accepted stream writer is `research_map/comms.py ingest` only — any agent can run it? "accepted stream | research_map/events.jsonl | research_map/comms.py ingest only" — the writer is the script. Other workers didn't run ingest themselves presumably; the controller does. But run_cycle.py runs every 15 min and calls ingest. Since the instruction is "checkpoint, then exit", I should not run ingest (avoid stepping on controller cadence / it may also apply events and mutate the map). Let me check run_cycle.py quickly to be sure it ingests outbox automatically; if it does, my events will be picked up. Not strictly necessary, but good to confirm the handoff path.

Actually, let me check whether there's a concern: if the 15-min cycle ingests my claim with `status: active` on node F1,F2a,F2b... worker status events don't move node status (CF-25 fix ignores non-authority status on done nodes; F1 etc. aren't done anyway). Fine.

One more verification: did I violate "one canonical path, one owner / do not duplicate"? My task is independent verification, explicitly a different method and different artifacts. I cited worker-074/007/083. Good.

Also confirm I didn't write to any canonical path. My script writes only under artifacts/worker-053/... — but wait: does check_taxonomy_cases.py with `--report` write only to my dir? Yes, I passed the report path. check_class_schema.py read-only. verify_frozen.py read-only. Staged tools write into my stage dirs. Good.

Let me verify that canonical artifact hashes are unchanged from the repair report's "after" values and that I didn't modify anything canonical: compare the pins from pass2 to the FROZEN manifest. Already done by C3/C1. Also confirm no files outside my artifact dir changed due to my run: my run's C11 drift passed; but that only covers my PINNED_INPUTS. The checkers might write elsewhere: check_taxonomy_cases writes --report only; check_variant checkers were staged. check_class_schema read-only. OK.

Let me do a final check on the file listing of my artifact dir and print the final event count. Then done.

Also let me double check the runtime/state checkpoint exists and is the same content.

Then final answer summary to the user.
dsh: reasoning:
Everything is in place. One thing: the stage/ and consistency_stage/ and variant_stage/ directories contain copies (could be large-ish but fine). The stage dir has 20 entries.

Final state:
- Task: W053-REV29-BINDING-VERIFY-01, class-bound (F1/F2a/F2b; AF-WCC-VAC-GEN, AF-SCC-C2-VAC-GEN, AF-SCC-C0-VAC-GEN), gate G-FORM.
- Pass 1: FAIL C1 → finding W053-RV29-01 (major, closed by owner rebase).
- Pass 2: PASS 12/12 + 9/9 controls.
- Finding W053-RV29-02 (minor, open).
- 7 artifacts pinned by sha256; 9 JSONL events emitted (5 artifact, 1 claim, 1 review, 1 status... that's 8; plus readme artifact = 6 artifacts + claim + review + status = 9). Yes.
- Checkpoints: artifact-local + runtime/state.
- No canonical writes; canonical verify_frozen still exit 0.

Wait — one last consideration: the task said "emit valid JSON with IDs evidence hash falsifier, checkpoint, then exit". Done. Should I also ingest? I decided no. Let me quickly check run_cycle.py to confirm it ingests outbox automatically, so my events aren't stranded.
dsh: reasoning:
Confirmed: the auto-cycle ingests the outbox and applies events under a lock. My events will be picked up on the next cycle. Good — no need to run ingest myself.

I'm done. Bounded execution worker: read handoff/map and comms ✓, took one class-bound task ✓, emitted valid JSON with IDs/evidence/hash/falsifier ✓, checkpointed ✓, exiting.

Let me write the final summary. Include: what I read, the task, the key results, artifacts/hashes, events, checkpoints, and the two findings. Keep it concise but complete. Include the key hashes: FROZEN pass1 3d9e3d77 / pass2 815e0807; artifacts; evidence refs.
